node.exe : npm warn config optional Use `--omit=optional` to exclude 
optional dependencies, or
At line:1 char:1
+ & "C:\Program Files\nodejs/node.exe" "C:\Program Files\nodejs/node_mo ...
+ ~~~~~~~~~~~~~~~~~~~~~~~~~~~~~~~~~~~~~~~~~~~~~~~~~~~~~~~~~~~~~~~~~~~~~
    + CategoryInfo          : NotSpecified: (npm warn config...ependencies, 
    or:String) [], RemoteException
    + FullyQualifiedErrorId : NativeCommandError
 
npm warn config `--include=optional` to include them.
npm warn config
npm warn config       Default value does install optional deps unless 
otherwise omitted.

> frontend@0.0.0 test
> vitest run


[1m[46m RUN [49m[22m [36mv4.0.18 [39m[90mC:/Users/kreli/OneDrive/Documents/SE/virtual-career-fair/frontend[39m

[baseline-browser-mapping] The data in this module is over two months old.  
To ensure accurate Baseline data, please update: `npm i 
baseline-browser-mapping@latest -D`
[90mstderr[2m | src/pages/__tests__/BoothEditorFair.test.tsx[2m > 
[22m[2mBoothEditor ΓÇô fair-scoped[2m > [22m[2mfair-scoped 
handleSubmit[2m > [22m[2mPUTs to the fair booth API and navigates to 
/fairs on success
[22m[39mFailed to fetch logo URL: TypeError: 
__vite_ssr_import_4__.authUtils.getIdToken is not a function
    at fetchLogoUrl (C:/Users/kreli/OneDrive/Documents/SE/virtual-career-fai
r/frontend/src/pages/BoothEditor.tsx:173:41)
    at C:/Users/kreli/OneDrive/Documents/SE/virtual-career-fair/frontend/src
/pages/BoothEditor.tsx:193:10
    at Object.react_stack_bottom_frame [90m(C:\Users\kreli\OneDrive\Documen
ts\SE\virtual-career-fair\frontend\[39mnode_modules\[4mreact-dom[24m\cjs\
react-dom-client.development.js:23953:20[90m)[39m
    at runWithFiberInDEV [90m(C:\Users\kreli\OneDrive\Documents\SE\virtual-
career-fair\frontend\[39mnode_modules\[4mreact-dom[24m\cjs\react-dom-clie
nt.development.js:1522:13[90m)[39m
    at commitHookEffectListMount [90m(C:\Users\kreli\OneDrive\Documents\SE\
virtual-career-fair\frontend\[39mnode_modules\[4mreact-dom[24m\cjs\react-
dom-client.development.js:11905:29[90m)[39m
    at commitHookPassiveMountEffects [90m(C:\Users\kreli\OneDrive\Documents
\SE\virtual-career-fair\frontend\[39mnode_modules\[4mreact-dom[24m\cjs\re
act-dom-client.development.js:12028:11[90m)[39m
    at commitPassiveMountOnFiber [90m(C:\Users\kreli\OneDrive\Documents\SE\
virtual-career-fair\frontend\[39mnode_modules\[4mreact-dom[24m\cjs\react-
dom-client.development.js:13841:13[90m)[39m
    at recursivelyTraversePassiveMountEffects [90m(C:\Users\kreli\OneDrive\
Documents\SE\virtual-career-fair\frontend\[39mnode_modules\[4mreact-dom[2
4m\cjs\react-dom-client.development.js:13815:11[90m)[39m
    at commitPassiveMountOnFiber [90m(C:\Users\kreli\OneDrive\Documents\SE\
virtual-career-fair\frontend\[39mnode_modules\[4mreact-dom[24m\cjs\react-
dom-client.development.js:13957:11[90m)[39m
    at recursivelyTraversePassiveMountEffects [90m(C:\Users\kreli\OneDrive\
Documents\SE\virtual-career-fair\frontend\[39mnode_modules\[4mreact-dom[2
4m\cjs\react-dom-client.development.js:13815:11[90m)[39m

[90mstderr[2m | src/pages/__tests__/BoothEditorFair.test.tsx[2m > 
[22m[2mBoothEditor ΓÇô fair-scoped[2m > [22m[2mfair-scoped 
handleSubmit[2m > [22m[2mshows generic error when PUT request fails
[22m[39mFailed to fetch logo URL: TypeError: 
__vite_ssr_import_4__.authUtils.getIdToken is not a function
    at fetchLogoUrl (C:/Users/kreli/OneDrive/Documents/SE/virtual-career-fai
r/frontend/src/pages/BoothEditor.tsx:173:41)
    at C:/Users/kreli/OneDrive/Documents/SE/virtual-career-fair/frontend/src
/pages/BoothEditor.tsx:193:10
    at Object.react_stack_bottom_frame [90m(C:\Users\kreli\OneDrive\Documen
ts\SE\virtual-career-fair\frontend\[39mnode_modules\[4mreact-dom[24m\cjs\
react-dom-client.development.js:23953:20[90m)[39m
    at runWithFiberInDEV [90m(C:\Users\kreli\OneDrive\Documents\SE\virtual-
career-fair\frontend\[39mnode_modules\[4mreact-dom[24m\cjs\react-dom-clie
nt.development.js:1522:13[90m)[39m
    at commitHookEffectListMount [90m(C:\Users\kreli\OneDrive\Documents\SE\
virtual-career-fair\frontend\[39mnode_modules\[4mreact-dom[24m\cjs\react-
dom-client.development.js:11905:29[90m)[39m
    at commitHookPassiveMountEffects [90m(C:\Users\kreli\OneDrive\Documents
\SE\virtual-career-fair\frontend\[39mnode_modules\[4mreact-dom[24m\cjs\re
act-dom-client.development.js:12028:11[90m)[39m
    at commitPassiveMountOnFiber [90m(C:\Users\kreli\OneDrive\Documents\SE\
virtual-career-fair\frontend\[39mnode_modules\[4mreact-dom[24m\cjs\react-
dom-client.development.js:13841:13[90m)[39m
    at recursivelyTraversePassiveMountEffects [90m(C:\Users\kreli\OneDrive\
Documents\SE\virtual-career-fair\frontend\[39mnode_modules\[4mreact-dom[2
4m\cjs\react-dom-client.development.js:13815:11[90m)[39m
    at commitPassiveMountOnFiber [90m(C:\Users\kreli\OneDrive\Documents\SE\
virtual-career-fair\frontend\[39mnode_modules\[4mreact-dom[24m\cjs\react-
dom-client.development.js:13957:11[90m)[39m
    at recursivelyTraversePassiveMountEffects [90m(C:\Users\kreli\OneDrive\
Documents\SE\virtual-career-fair\frontend\[39mnode_modules\[4mreact-dom[2
4m\cjs\react-dom-client.development.js:13815:11[90m)[39m

Error: Not implemented: window.scrollTo
    at module.exports (C:\Users\kreli\OneDrive\Documents\SE\virtual-career-f
air\frontend\node_modules\jsdom\lib\jsdom\browser\not-implemented.js:9:17)
    at scrollTo (C:\Users\kreli\OneDrive\Documents\SE\virtual-career-fair\fr
ontend\node_modules\jsdom\lib\jsdom\browser\Window.js:960:7)
    at scrollToTop (C:/Users/kreli/OneDrive/Documents/SE/virtual-career-fair
/frontend/src/pages/BoothEditor.tsx:455:38)
    at handleSubmit (C:/Users/kreli/OneDrive/Documents/SE/virtual-career-fai
r/frontend/src/pages/BoothEditor.tsx:576:7) undefined
[90mstderr[2m | src/pages/__tests__/BoothEditorFair.test.tsx[2m > 
[22m[2mBoothEditor ΓÇô fair-scoped[2m > [22m[2mfair-scoped 
handleSubmit[2m > [22m[2mshows generic error when PUT request fails
[22m[39mError saving booth: Error: Update failed
    at handleSubmit (C:/Users/kreli/OneDrive/Documents/SE/virtual-career-fai
r/frontend/src/pages/BoothEditor.tsx:544:17)

[90mstderr[2m | src/pages/__tests__/BoothEditorFair.test.tsx[2m > 
[22m[2mBoothEditor ΓÇô fair-scoped[2m > [22m[2mfair-scoped 
handleSubmit[2m > [22m[2mshows error when fairBoothId is null (404 load) 
and user tries to save
[22m[39mFailed to fetch logo URL: TypeError: 
__vite_ssr_import_4__.authUtils.getIdToken is not a function
    at fetchLogoUrl (C:/Users/kreli/OneDrive/Documents/SE/virtual-career-fai
r/frontend/src/pages/BoothEditor.tsx:173:41)
    at C:/Users/kreli/OneDrive/Documents/SE/virtual-career-fair/frontend/src
/pages/BoothEditor.tsx:193:10
    at Object.react_stack_bottom_frame [90m(C:\Users\kreli\OneDrive\Documen
ts\SE\virtual-career-fair\frontend\[39mnode_modules\[4mreact-dom[24m\cjs\
react-dom-client.development.js:23953:20[90m)[39m
    at runWithFiberInDEV [90m(C:\Users\kreli\OneDrive\Documents\SE\virtual-
career-fair\frontend\[39mnode_modules\[4mreact-dom[24m\cjs\react-dom-clie
nt.development.js:1522:13[90m)[39m
    at commitHookEffectListMount [90m(C:\Users\kreli\OneDrive\Documents\SE\
virtual-career-fair\frontend\[39mnode_modules\[4mreact-dom[24m\cjs\react-
dom-client.development.js:11905:29[90m)[39m
    at commitHookPassiveMountEffects [90m(C:\Users\kreli\OneDrive\Documents
\SE\virtual-career-fair\frontend\[39mnode_modules\[4mreact-dom[24m\cjs\re
act-dom-client.development.js:12028:11[90m)[39m
    at commitPassiveMountOnFiber [90m(C:\Users\kreli\OneDrive\Documents\SE\
virtual-career-fair\frontend\[39mnode_modules\[4mreact-dom[24m\cjs\react-
dom-client.development.js:13841:13[90m)[39m
    at recursivelyTraversePassiveMountEffects [90m(C:\Users\kreli\OneDrive\
Documents\SE\virtual-career-fair\frontend\[39mnode_modules\[4mreact-dom[2
4m\cjs\react-dom-client.development.js:13815:11[90m)[39m
    at commitPassiveMountOnFiber [90m(C:\Users\kreli\OneDrive\Documents\SE\
virtual-career-fair\frontend\[39mnode_modules\[4mreact-dom[24m\cjs\react-
dom-client.development.js:13957:11[90m)[39m
    at recursivelyTraversePassiveMountEffects [90m(C:\Users\kreli\OneDrive\
Documents\SE\virtual-career-fair\frontend\[39mnode_modules\[4mreact-dom[2
4m\cjs\react-dom-client.development.js:13815:11[90m)[39m

 [32mΓ£ô[39m src/pages/__tests__/Login.test.tsx [2m([22m[2m23 tests[22m[2m)[22m[33m 18114[2mms[22m[39m
     [33m[2mΓ£ô[22m[39m renders sign in form [33m 876[2mms[22m[39m
     [33m[2mΓ£ô[22m[39m logs in successfully and navigates to dashboard [33m 3214[2mms[22m[39m
     [33m[2mΓ£ô[22m[39m shows error on login failure [33m 2048[2mms[22m[39m
     [33m[2mΓ£ô[22m[39m shows verification needed message [33m 2111[2mms[22m[39m
     [33m[2mΓ£ô[22m[39m handles Google login - no account exists [33m 337[2mms[22m[39m
     [33m[2mΓ£ô[22m[39m handles Google login with profile completion needed [33m 437[2mms[22m[39m
     [33m[2mΓ£ô[22m[39m shows profile completion dialog when needed [33m 351[2mms[22m[39m
     [33m[2mΓ£ô[22m[39m allows canceling profile completion dialog [33m 372[2mms[22m[39m
     [33m[2mΓ£ô[22m[39m handles Google login error [33m 318[2mms[22m[39m
     [33m[2mΓ£ô[22m[39m pre-fills Google profile dialog with displayName [33m 312[2mms[22m[39m
     [33m[2mΓ£ô[22m[39m handles Google profile dialog save [33m 2335[2mms[22m[39m
     [33m[2mΓ£ô[22m[39m handles Google profile dialog cancel button [33m 798[2mms[22m[39m
     [33m[2mΓ£ô[22m[39m handles Google login exception [33m 319[2mms[22m[39m
     [33m[2mΓ£ô[22m[39m does not save profile if no current user [33m 431[2mms[22m[39m
     [33m[2mΓ£ô[22m[39m handles login failure without error message [33m 1967[2mms[22m[39m
     [33m[2mΓ£ô[22m[39m handles Google profile with empty displayName parts [33m 401[2mms[22m[39m
     [33m[2mΓ£ô[22m[39m handles Google profile without displayName [33m 376[2mms[22m[39m
     [33m[2mΓ£ô[22m[39m validates empty fields when HTML5 validation is bypassed [33m 336[2mms[22m[39m
Error: Not implemented: window.scrollTo
    at module.exports (C:\Users\kreli\OneDrive\Documents\SE\virtual-career-f
air\frontend\node_modules\jsdom\lib\jsdom\browser\not-implemented.js:9:17)
    at scrollTo (C:\Users\kreli\OneDrive\Documents\SE\virtual-career-fair\fr
ontend\node_modules\jsdom\lib\jsdom\browser\Window.js:960:7)
    at scrollToTop (C:/Users/kreli/OneDrive/Documents/SE/virtual-career-fair
/frontend/src/pages/BoothEditor.tsx:455:38)
    at handleSubmit (C:/Users/kreli/OneDrive/Documents/SE/virtual-career-fai
r/frontend/src/pages/BoothEditor.tsx:533:11) undefined
[90mstderr[2m | src/pages/__tests__/BoothEditorFair.test.tsx[2m > 
[22m[2mBoothEditor ΓÇô fair-scoped[2m > [22m[2mhandleStartFresh[2m > 
[22m[2mshows Start Fresh banner when fairBoothHasData is true and resets 
form on click
[22m[39mFailed to fetch logo URL: TypeError: 
__vite_ssr_import_4__.authUtils.getIdToken is not a function
    at fetchLogoUrl (C:/Users/kreli/OneDrive/Documents/SE/virtual-career-fai
r/frontend/src/pages/BoothEditor.tsx:173:41)
    at C:/Users/kreli/OneDrive/Documents/SE/virtual-career-fair/frontend/src
/pages/BoothEditor.tsx:193:10
    at Object.react_stack_bottom_frame [90m(C:\Users\kreli\OneDrive\Documen
ts\SE\virtual-career-fair\frontend\[39mnode_modules\[4mreact-dom[24m\cjs\
react-dom-client.development.js:23953:20[90m)[39m
    at runWithFiberInDEV [90m(C:\Users\kreli\OneDrive\Documents\SE\virtual-
career-fair\frontend\[39mnode_modules\[4mreact-dom[24m\cjs\react-dom-clie
nt.development.js:1522:13[90m)[39m
    at commitHookEffectListMount [90m(C:\Users\kreli\OneDrive\Documents\SE\
virtual-career-fair\frontend\[39mnode_modules\[4mreact-dom[24m\cjs\react-
dom-client.development.js:11905:29[90m)[39m
    at commitHookPassiveMountEffects [90m(C:\Users\kreli\OneDrive\Documents
\SE\virtual-career-fair\frontend\[39mnode_modules\[4mreact-dom[24m\cjs\re
act-dom-client.development.js:12028:11[90m)[39m
    at commitPassiveMountOnFiber [90m(C:\Users\kreli\OneDrive\Documents\SE\
virtual-career-fair\frontend\[39mnode_modules\[4mreact-dom[24m\cjs\react-
dom-client.development.js:13841:13[90m)[39m
    at recursivelyTraversePassiveMountEffects [90m(C:\Users\kreli\OneDrive\
Documents\SE\virtual-career-fair\frontend\[39mnode_modules\[4mreact-dom[2
4m\cjs\react-dom-client.development.js:13815:11[90m)[39m
    at commitPassiveMountOnFiber [90m(C:\Users\kreli\OneDrive\Documents\SE\
virtual-career-fair\frontend\[39mnode_modules\[4mreact-dom[24m\cjs\react-
dom-client.development.js:13957:11[90m)[39m
    at recursivelyTraversePassiveMountEffects [90m(C:\Users\kreli\OneDrive\
Documents\SE\virtual-career-fair\frontend\[39mnode_modules\[4mreact-dom[2
4m\cjs\react-dom-client.development.js:13815:11[90m)[39m

[90mstderr[2m | src/pages/__tests__/BoothEditorFair.test.tsx[2m > 
[22m[2mBoothEditor ΓÇô fair-scoped[2m > [22m[2mnavigation with 
fairId[2m > [22m[2mback arrow navigates to /fairs
[22m[39mFailed to fetch logo URL: TypeError: 
__vite_ssr_import_4__.authUtils.getIdToken is not a function
    at fetchLogoUrl (C:/Users/kreli/OneDrive/Documents/SE/virtual-career-fai
r/frontend/src/pages/BoothEditor.tsx:173:41)
    at C:/Users/kreli/OneDrive/Documents/SE/virtual-career-fair/frontend/src
/pages/BoothEditor.tsx:193:10
    at Object.react_stack_bottom_frame [90m(C:\Users\kreli\OneDrive\Documen
ts\SE\virtual-career-fair\frontend\[39mnode_modules\[4mreact-dom[24m\cjs\
react-dom-client.development.js:23953:20[90m)[39m
    at runWithFiberInDEV [90m(C:\Users\kreli\OneDrive\Documents\SE\virtual-
career-fair\frontend\[39mnode_modules\[4mreact-dom[24m\cjs\react-dom-clie
nt.development.js:1522:13[90m)[39m
    at commitHookEffectListMount [90m(C:\Users\kreli\OneDrive\Documents\SE\
virtual-career-fair\frontend\[39mnode_modules\[4mreact-dom[24m\cjs\react-
dom-client.development.js:11905:29[90m)[39m
    at commitHookPassiveMountEffects [90m(C:\Users\kreli\OneDrive\Documents
\SE\virtual-career-fair\frontend\[39mnode_modules\[4mreact-dom[24m\cjs\re
act-dom-client.development.js:12028:11[90m)[39m
    at commitPassiveMountOnFiber [90m(C:\Users\kreli\OneDrive\Documents\SE\
virtual-career-fair\frontend\[39mnode_modules\[4mreact-dom[24m\cjs\react-
dom-client.development.js:13841:13[90m)[39m
    at recursivelyTraversePassiveMountEffects [90m(C:\Users\kreli\OneDrive\
Documents\SE\virtual-career-fair\frontend\[39mnode_modules\[4mreact-dom[2
4m\cjs\react-dom-client.development.js:13815:11[90m)[39m
    at commitPassiveMountOnFiber [90m(C:\Users\kreli\OneDrive\Documents\SE\
virtual-career-fair\frontend\[39mnode_modules\[4mreact-dom[24m\cjs\react-
dom-client.development.js:13957:11[90m)[39m
    at recursivelyTraversePassiveMountEffects [90m(C:\Users\kreli\OneDrive\
Documents\SE\virtual-career-fair\frontend\[39mnode_modules\[4mreact-dom[2
4m\cjs\react-dom-client.development.js:13815:11[90m)[39m

[90mstderr[2m | src/pages/__tests__/BoothEditorFair.test.tsx[2m > 
[22m[2mBoothEditor ΓÇô fair-scoped[2m > [22m[2mnavigation with 
fairId[2m > [22m[2mCancel button navigates to /fairs
[22m[39mFailed to fetch logo URL: TypeError: 
__vite_ssr_import_4__.authUtils.getIdToken is not a function
    at fetchLogoUrl (C:/Users/kreli/OneDrive/Documents/SE/virtual-career-fai
r/frontend/src/pages/BoothEditor.tsx:173:41)
    at C:/Users/kreli/OneDrive/Documents/SE/virtual-career-fair/frontend/src
/pages/BoothEditor.tsx:193:10
    at Object.react_stack_bottom_frame [90m(C:\Users\kreli\OneDrive\Documen
ts\SE\virtual-career-fair\frontend\[39mnode_modules\[4mreact-dom[24m\cjs\
react-dom-client.development.js:23953:20[90m)[39m
    at runWithFiberInDEV [90m(C:\Users\kreli\OneDrive\Documents\SE\virtual-
career-fair\frontend\[39mnode_modules\[4mreact-dom[24m\cjs\react-dom-clie
nt.development.js:1522:13[90m)[39m
    at commitHookEffectListMount [90m(C:\Users\kreli\OneDrive\Documents\SE\
virtual-career-fair\frontend\[39mnode_modules\[4mreact-dom[24m\cjs\react-
dom-client.development.js:11905:29[90m)[39m
    at commitHookPassiveMountEffects [90m(C:\Users\kreli\OneDrive\Documents
\SE\virtual-career-fair\frontend\[39mnode_modules\[4mreact-dom[24m\cjs\re
act-dom-client.development.js:12028:11[90m)[39m
    at commitPassiveMountOnFiber [90m(C:\Users\kreli\OneDrive\Documents\SE\
virtual-career-fair\frontend\[39mnode_modules\[4mreact-dom[24m\cjs\react-
dom-client.development.js:13841:13[90m)[39m
    at recursivelyTraversePassiveMountEffects [90m(C:\Users\kreli\OneDrive\
Documents\SE\virtual-career-fair\frontend\[39mnode_modules\[4mreact-dom[2
4m\cjs\react-dom-client.development.js:13815:11[90m)[39m
    at commitPassiveMountOnFiber [90m(C:\Users\kreli\OneDrive\Documents\SE\
virtual-career-fair\frontend\[39mnode_modules\[4mreact-dom[24m\cjs\react-
dom-client.development.js:13957:11[90m)[39m
    at recursivelyTraversePassiveMountEffects [90m(C:\Users\kreli\OneDrive\
Documents\SE\virtual-career-fair\frontend\[39mnode_modules\[4mreact-dom[2
4m\cjs\react-dom-client.development.js:13815:11[90m)[39m

 [32mΓ£ô[39m src/pages/__tests__/BoothEditorFair.test.tsx [2m([22m[2m12 tests[22m[2m)[22m[33m 23127[2mms[22m[39m
       [33m[2mΓ£ô[22m[39m prefills company name and shows Create Booth when API returns 404 [33m 1607[2mms[22m[39m
       [33m[2mΓ£ô[22m[39m loads booth data and shows Edit Booth on successful fetch [33m 704[2mms[22m[39m
       [33m[2mΓ£ô[22m[39m throws and shows error when fetch returns non-ok non-404 status without urlBoothId [33m 409[2mms[22m[39m
       [33m[2mΓ£ô[22m[39m uses urlBoothId fallback and prefills name when fetch throws and bid param is set [33m 693[2mms[22m[39m
       [33m[2mΓ£ô[22m[39m shows error when fetch throws and no urlBoothId is present [33m 432[2mms[22m[39m
       [33m[2mΓ£ô[22m[39m PUTs to the fair booth API and navigates to /fairs on success [33m 2482[2mms[22m[39m
       [33m[2mΓ£ô[22m[39m shows generic error when PUT request fails [33m 1095[2mms[22m[39m
       [33m[2mΓ£ô[22m[39m shows error when fairBoothId is null (404 load) and user tries to save [33m 13303[2mms[22m[39m
       [33m[2mΓ£ô[22m[39m shows Start Fresh banner when fairBoothHasData is true and resets form on click [33m 1254[2mms[22m[39m
       [33m[2mΓ£ô[22m[39m back arrow navigates to /fairs [33m 484[2mms[22m[39m
       [33m[2mΓ£ô[22m[39m Cancel button navigates to /fairs [33m 549[2mms[22m[39m
 [32mΓ£ô[39m src/components/__tests__/JobInviteDialog.test.tsx [2m([22m[2m32 tests[22m[2m)[22m[33m 23649[2mms[22m[39m
     [33m[2mΓ£ô[22m[39m renders dialog title and job title [33m 663[2mms[22m[39m
     [33m[2mΓ£ô[22m[39m renders message textarea and search field after loading [33m 467[2mms[22m[39m
     [33m[2mΓ£ô[22m[39m shows student list after loading [33m 331[2mms[22m[39m
     [33m[2mΓ£ô[22m[39m fetches students with userId param [33m 301[2mms[22m[39m
     [33m[2mΓ£ô[22m[39m shows error when fetch fails [33m 318[2mms[22m[39m
     [33m[2mΓ£ô[22m[39m resets state each time dialog opens [33m 353[2mms[22m[39m
     [33m[2mΓ£ô[22m[39m filters students by name [33m 1619[2mms[22m[39m
     [33m[2mΓ£ô[22m[39m filters students by email [33m 1945[2mms[22m[39m
     [33m[2mΓ£ô[22m[39m filters students by major [33m 2402[2mms[22m[39m
     [33m[2mΓ£ô[22m[39m shows 'No students match your search' when search yields nothing [33m 1743[2mms[22m[39m
     [33m[2mΓ£ô[22m[39m clears search when clear button is clicked [33m 1722[2mms[22m[39m
     [33m[2mΓ£ô[22m[39m toggles individual student selection [33m 632[2mms[22m[39m
     [33m[2mΓ£ô[22m[39m selects all students with Select All button [33m 571[2mms[22m[39m
     [33m[2mΓ£ô[22m[39m deselects all when Select All is clicked while all are selected [33m 886[2mms[22m[39m
     [33m[2mΓ£ô[22m[39m Send button is disabled when no students are selected [33m 342[2mms[22m[39m
     [33m[2mΓ£ô[22m[39m sends invitations when students are selected and Send is clicked [33m 729[2mms[22m[39m
     [33m[2mΓ£ô[22m[39m shows success state after sending [33m 690[2mms[22m[39m
     [33m[2mΓ£ô[22m[39m shows plural in success message for multiple invitations [33m 823[2mms[22m[39m
     [33m[2mΓ£ô[22m[39m shows error when send request fails [33m 973[2mms[22m[39m
     [33m[2mΓ£ô[22m[39m includes optional message in send payload when provided [33m 2400[2mms[22m[39m
     [33m[2mΓ£ô[22m[39m omits message field when message is blank [33m 679[2mms[22m[39m
     [33m[2mΓ£ô[22m[39m calls onClose when Cancel is clicked [33m 370[2mms[22m[39m
     [33m[2mΓ£ô[22m[39m Cancel button is disabled while sending [33m 828[2mms[22m[39m
     [33m[2mΓ£ô[22m[39m dismisses error alert when close icon is clicked [33m 344[2mms[22m[39m
 [32mΓ£ô[39m src/pages/__tests__/CompanyManagement.test.tsx [2m([22m[2m32 tests[22m[2m)[22m[33m 27082[2mms[22m[39m
       [33m[2mΓ£ô[22m[39m allows company owners to access the page [33m 489[2mms[22m[39m
       [33m[2mΓ£ô[22m[39m hides loading spinner after companies are loaded [33m 310[2mms[22m[39m
       [33m[2mΓ£ô[22m[39m opens create dialog when Create Company button is clicked [33m 791[2mms[22m[39m
       [33m[2mΓ£ô[22m[39m creates company successfully with valid name [33m 2829[2mms[22m[39m
       [33m[2mΓ£ô[22m[39m shows error when creating company with empty name [33m 632[2mms[22m[39m
       [33m[2mΓ£ô[22m[39m shows error when company creation fails [33m 3332[2mms[22m[39m
       [33m[2mΓ£ô[22m[39m closes dialog after successful creation [33m 2856[2mms[22m[39m
       [33m[2mΓ£ô[22m[39m copies invite code to clipboard [33m 659[2mms[22m[39m
       [33m[2mΓ£ô[22m[39m regenerates invite code successfully [33m 834[2mms[22m[39m
       [33m[2mΓ£ô[22m[39m enters edit mode for invite code [33m 919[2mms[22m[39m
       [33m[2mΓ£ô[22m[39m saves custom invite code [33m 2727[2mms[22m[39m
       [33m[2mΓ£ô[22m[39m cancels invite code edit [33m 1205[2mms[22m[39m
       [33m[2mΓ£ô[22m[39m validates invite code length (too short) [33m 1869[2mms[22m[39m
       [33m[2mΓ£ô[22m[39m opens delete confirmation dialog [33m 864[2mms[22m[39m
       [33m[2mΓ£ô[22m[39m deletes company successfully [33m 1284[2mms[22m[39m
       [33m[2mΓ£ô[22m[39m cancels company deletion [33m 1251[2mms[22m[39m
       [33m[2mΓ£ô[22m[39m handles company deletion error [33m 1177[2mms[22m[39m
       [33m[2mΓ£ô[22m[39m handles clipboard copy error gracefully [33m 515[2mms[22m[39m
Error: Not implemented: window.alert
    at module.exports (C:\Users\kreli\OneDrive\Documents\SE\virtual-career-f
air\frontend\node_modules\jsdom\lib\jsdom\browser\not-implemented.js:9:17)
    at alert (C:\Users\kreli\OneDrive\Documents\SE\virtual-career-fair\front
end\node_modules\jsdom\lib\jsdom\browser\Window.js:960:7)
    at handleSave (C:/Users/kreli/OneDrive/Documents/SE/virtual-career-fair/
frontend/src/pages/StudentProfilePage.tsx:201:7)
    at runNextTicks (node:internal/process/task_queues:65:5)
    at listOnTimeout (node:internal/timers:549:9)
    at processTimers (node:internal/timers:523:7) undefined
 [32mΓ£ô[39m src/pages/__tests__/Company.test.tsx [2m([22m[2m61 tests[22m[2m)[22m[33m 37426[2mms[22m[39m
     [33m[2mΓ£ô[22m[39m displays company name after loading [33m 1032[2mms[22m[39m
     [33m[2mΓ£ô[22m[39m displays invite code [33m 330[2mms[22m[39m
     [33m[2mΓ£ô[22m[39m copies invite code to clipboard [33m 1012[2mms[22m[39m
     [33m[2mΓ£ô[22m[39m shows error when clipboard copy fails [33m 802[2mms[22m[39m
     [33m[2mΓ£ô[22m[39m regenerates invite code [33m 870[2mms[22m[39m
     [33m[2mΓ£ô[22m[39m edits invite code [33m 2593[2mms[22m[39m
     [33m[2mΓ£ô[22m[39m cancels invite code edit [33m 986[2mms[22m[39m
     [33m[2mΓ£ô[22m[39m validates invite code length [33m 1897[2mms[22m[39m
     [33m[2mΓ£ô[22m[39m blocks invite code save when length is invalid [33m 1872[2mms[22m[39m
     [33m[2mΓ£ô[22m[39m deletes representative [33m 1164[2mms[22m[39m
     [33m[2mΓ£ô[22m[39m shows error when representative removal fails [33m 1316[2mms[22m[39m
     [33m[2mΓ£ô[22m[39m opens add job dialog [33m 483[2mms[22m[39m
     [33m[2mΓ£ô[22m[39m creates new job [33m 444[2mms[22m[39m
     [33m[2mΓ£ô[22m[39m validates job title required [33m 488[2mms[22m[39m
     [33m[2mΓ£ô[22m[39m validates application link URL [33m 510[2mms[22m[39m
     [33m[2mΓ£ô[22m[39m edits existing job [33m 774[2mms[22m[39m
     [33m[2mΓ£ô[22m[39m updates existing job and clears application link [33m 2048[2mms[22m[39m
     [33m[2mΓ£ô[22m[39m deletes job [33m 761[2mms[22m[39m
     [33m[2mΓ£ô[22m[39m shows error when job deletion fails [33m 1238[2mms[22m[39m
     [33m[2mΓ£ô[22m[39m navigates to booth when booth ID exists [33m 498[2mms[22m[39m
     [33m[2mΓ£ô[22m[39m navigates back on back button [33m 391[2mms[22m[39m
     [33m[2mΓ£ô[22m[39m opens delete company dialog [33m 587[2mms[22m[39m
     [33m[2mΓ£ô[22m[39m deletes company [33m 883[2mms[22m[39m
     [33m[2mΓ£ô[22m[39m handles company deletion error [33m 835[2mms[22m[39m
     [33m[2mΓ£ô[22m[39m allows empty application link in job [33m 432[2mms[22m[39m
     [33m[2mΓ£ô[22m[39m displays success message on job creation [33m 380[2mms[22m[39m
       [33m[2mΓ£ô[22m[39m fetches and displays job invitation stats [33m 320[2mms[22m[39m
       [33m[2mΓ£ô[22m[39m displays View Details button when invitations exist [33m 383[2mms[22m[39m
       [33m[2mΓ£ô[22m[39m opens JobInviteStatsDialog when View Details is clicked [33m 617[2mms[22m[39m
       [33m[2mΓ£ô[22m[39m closes JobInviteStatsDialog when Close is clicked [33m 1001[2mms[22m[39m
       [33m[2mΓ£ô[22m[39m does not display View Details button when no invitations [33m 312[2mms[22m[39m
       [33m[2mΓ£ô[22m[39m handles stats fetch error gracefully [33m 311[2mms[22m[39m
       [33m[2mΓ£ô[22m[39m displays invitation stats summary [33m 308[2mms[22m[39m
       [33m[2mΓ£ô[22m[39m shows published application form chip on job card [33m 301[2mms[22m[39m
       [33m[2mΓ£ô[22m[39m opens ApplicationFormBuilderDialog when manage form button is clicked [33m 1206[2mms[22m[39m
       [33m[2mΓ£ô[22m[39m opens delete form confirmation dialog when delete form button is clicked [33m 504[2mms[22m[39m
       [33m[2mΓ£ô[22m[39m cancels delete form dialog without calling API [33m 1177[2mms[22m[39m
       [33m[2mΓ£ô[22m[39m deletes application form and shows success message [33m 1411[2mms[22m[39m
       [33m[2mΓ£ô[22m[39m shows error when form deletion API call fails [33m 1363[2mms[22m[39m
       [33m[2mΓ£ô[22m[39m hides delete company button from representatives [33m 404[2mms[22m[39m
 [32mΓ£ô[39m src/pages/__tests__/StudentProfilePage.test.tsx [2m([22m[2m32 tests[22m[2m)[22m[33m 13739[2mms[22m[39m
     [33m[2mΓ£ô[22m[39m requires authentication and redirects to login when not authenticated [33m 407[2mms[22m[39m
     [33m[2mΓ£ô[22m[39m displays back button [33m 313[2mms[22m[39m
     [33m[2mΓ£ô[22m[39m allows user to type in major field [33m 1020[2mms[22m[39m
     [33m[2mΓ£ô[22m[39m allows user to type in graduation year field [33m 381[2mms[22m[39m
     [33m[2mΓ£ô[22m[39m allows user to type in skills field [33m 1515[2mms[22m[39m
     [33m[2mΓ£ô[22m[39m shows error when major is missing on save [33m 432[2mms[22m[39m
     [33m[2mΓ£ô[22m[39m shows error when graduation year is missing on save [33m 1126[2mms[22m[39m
     [33m[2mΓ£ô[22m[39m shows error for graduation year outside valid range [33m 1356[2mms[22m[39m
     [33m[2mΓ£ô[22m[39m displays loading state while saving [33m 1276[2mms[22m[39m
     [33m[2mΓ£ô[22m[39m shows error for oversized file upload [33m 947[2mms[22m[39m
       [33m[2mΓ£ô[22m[39m allows typing in form fields without values disappearing [33m 1127[2mms[22m[39m
       [33m[2mΓ£ô[22m[39m does not reset form when user object metadata changes [33m 929[2mms[22m[39m
 [32mΓ£ô[39m src/pages/__tests__/AdminDashboard.test.tsx [2m([22m[2m31 tests[22m[2m)[22m[33m 11018[2mms[22m[39m
       [33m[2mΓ£ô[22m[39m redirects unauthenticated users to login [33m 317[2mms[22m[39m
       [33m[2mΓ£ô[22m[39m displays fairs list when fairs exist [33m 326[2mms[22m[39m
       [33m[2mΓ£ô[22m[39m opens create dialog when New Fair button is clicked [33m 880[2mms[22m[39m
       [33m[2mΓ£ô[22m[39m displays form fields in create dialog [33m 398[2mms[22m[39m
       [33m[2mΓ£ô[22m[39m closes create dialog when Cancel is clicked [33m 776[2mms[22m[39m
       [33m[2mΓ£ô[22m[39m calls toggle-status API and updates fair isLive on success [33m 346[2mms[22m[39m
       [33m[2mΓ£ô[22m[39m creates fair successfully and reloads list [33m 1818[2mms[22m[39m
       [33m[2mΓ£ô[22m[39m sends startTime and endTime as ISO strings when provided [33m 2319[2mms[22m[39m
       [33m[2mΓ£ô[22m[39m shows API error message when create fails [33m 1715[2mms[22m[39m
 [32mΓ£ô[39m src/components/__tests__/ApplicationFormBuilderDialog.test.tsx [2m([22m[2m20 tests[22m[2m)[22m[33m 8490[2mms[22m[39m
       [33m[2mΓ£ô[22m[39m renders dialog with Application Form title [33m 1073[2mms[22m[39m
       [33m[2mΓ£ô[22m[39m renders Add field button [33m 340[2mms[22m[39m
       [33m[2mΓ£ô[22m[39m renders Save and Cancel buttons [32m 300[2mms[22m[39m
       [33m[2mΓ£ô[22m[39m adds a new field when Add field is clicked [33m 587[2mms[22m[39m
       [33m[2mΓ£ô[22m[39m shows error when trying to save with a field that has no label [33m 1008[2mms[22m[39m
       [33m[2mΓ£ô[22m[39m shows error when form title is empty [33m 512[2mms[22m[39m
       [33m[2mΓ£ô[22m[39m calls PUT /api/jobs/:id/form with Bearer token on successful save [33m 482[2mms[22m[39m
       [33m[2mΓ£ô[22m[39m calls onSaved callback with the form after successful save [33m 438[2mms[22m[39m
       [33m[2mΓ£ô[22m[39m shows error alert when API returns an error [33m 498[2mms[22m[39m
       [33m[2mΓ£ô[22m[39m shows error alert when network request fails [33m 566[2mms[22m[39m
       [33m[2mΓ£ô[22m[39m sends status=published when form is initialised as published [33m 470[2mms[22m[39m
       [33m[2mΓ£ô[22m[39m sends status=draft when toggle is off [33m 470[2mms[22m[39m
 [32mΓ£ô[39m src/pages/__tests__/FairAdminDashboard.test.tsx [2m([22m[2m28 tests[22m[2m)[22m[33m 12550[2mms[22m[39m
     [33m[2mΓ£ô[22m[39m redirects non-admin to /dashboard [33m 416[2mms[22m[39m
     [33m[2mΓ£ô[22m[39m Add Company button opens dialog [33m 723[2mms[22m[39m
     [33m[2mΓ£ô[22m[39m copies invite code to clipboard and shows Copied! feedback [33m 370[2mms[22m[39m
     [33m[2mΓ£ô[22m[39m calls refresh invite code endpoint and clears Copied state [33m 434[2mms[22m[39m
     [33m[2mΓ£ô[22m[39m shows error alert when refresh invite code fails with JSON error [33m 354[2mms[22m[39m
     [33m[2mΓ£ô[22m[39m shows API error when refresh invite code fails without JSON body [33m 314[2mms[22m[39m
     [33m[2mΓ£ô[22m[39m shows error in add company dialog on API failure [33m 1380[2mms[22m[39m
     [33m[2mΓ£ô[22m[39m closes add company dialog and reloads enrollments on success [33m 1133[2mms[22m[39m
     [33m[2mΓ£ô[22m[39m canceling add dialog clears the company ID field [33m 1907[2mms[22m[39m
     [33m[2mΓ£ô[22m[39m removes company when delete is confirmed [33m 407[2mms[22m[39m
     [33m[2mΓ£ô[22m[39m shows error alert when remove company API fails [33m 391[2mms[22m[39m
     [33m[2mΓ£ô[22m[39m opens edit dialog with pre-filled fair details [33m 553[2mms[22m[39m
     [33m[2mΓ£ô[22m[39m shows error when save fair API fails [33m 874[2mms[22m[39m
     [33m[2mΓ£ô[22m[39m dismisses error alert when close is clicked [33m 692[2mms[22m[39m
[90mstdout[2m | src/pages/__tests__/TailorResumeSimplePage.test.tsx[2m > [22m[2mTailorResumeSimplePage[2m > [22m[2mshows changes list after generating
[22m[39m[GENERATE CHANGES] Backend response: {
  originalText: [32m'My original resume text.'[39m,
  changes: [
    {
      type: [32m'edit'[39m,
      section: [32m'experience'[39m,
      original: [32m'Old bullet'[39m,
      replacement: [32m'New bullet'[39m,
      reason: [32m'More relevant'[39m
    },
    {
      type: [32m'add'[39m,
      section: [32m'skills'[39m,
      original: [1mnull[22m,
      replacement: [32m'TypeScript'[39m,
      reason: [32m'Required skill'[39m
    },
    {
      type: [32m'remove'[39m,
      section: [32m'experience'[39m,
      original: [32m'Unrelated bullet'[39m,
      replacement: [1mnull[22m,
      reason: [32m'Not relevant'[39m
    }
  ]
}
[GENERATE CHANGES] Changes array: [
  {
    type: [32m'edit'[39m,
    section: [32m'experience'[39m,
    original: [32m'Old bullet'[39m,
    replacement: [32m'New bullet'[39m,
    reason: [32m'More relevant'[39m
  },
  {
    type: [32m'add'[39m,
    section: [32m'skills'[39m,
    original: [1mnull[22m,
    replacement: [32m'TypeScript'[39m,
    reason: [32m'Required skill'[39m
  },
  {
    type: [32m'remove'[39m,
    section: [32m'experience'[39m,
    original: [32m'Unrelated bullet'[39m,
    replacement: [1mnull[22m,
    reason: [32m'Not relevant'[39m
  }
]

[90mstdout[2m | src/pages/__tests__/TailorResumeSimplePage.test.tsx[2m > [22m[2mTailorResumeSimplePage[2m > [22m[2mshows changes summary with counts
[22m[39m[GENERATE CHANGES] Backend response: {
  originalText: [32m'My original resume text.'[39m,
  changes: [
    {
      type: [32m'edit'[39m,
      section: [32m'experience'[39m,
      original: [32m'Old bullet'[39m,
      replacement: [32m'New bullet'[39m,
      reason: [32m'More relevant'[39m
    },
    {
      type: [32m'add'[39m,
      section: [32m'skills'[39m,
      original: [1mnull[22m,
      replacement: [32m'TypeScript'[39m,
      reason: [32m'Required skill'[39m
    },
    {
      type: [32m'remove'[39m,
      section: [32m'experience'[39m,
      original: [32m'Unrelated bullet'[39m,
      replacement: [1mnull[22m,
      reason: [32m'Not relevant'[39m
    }
  ]
}
[GENERATE CHANGES] Changes array: [
  {
    type: [32m'edit'[39m,
    section: [32m'experience'[39m,
    original: [32m'Old bullet'[39m,
    replacement: [32m'New bullet'[39m,
    reason: [32m'More relevant'[39m
  },
  {
    type: [32m'add'[39m,
    section: [32m'skills'[39m,
    original: [1mnull[22m,
    replacement: [32m'TypeScript'[39m,
    reason: [32m'Required skill'[39m
  },
  {
    type: [32m'remove'[39m,
    section: [32m'experience'[39m,
    original: [32m'Unrelated bullet'[39m,
    replacement: [1mnull[22m,
    reason: [32m'Not relevant'[39m
  }
]

[90mstdout[2m | src/pages/__tests__/TailorResumeSimplePage.test.tsx[2m > [22m[2mTailorResumeSimplePage[2m > [22m[2mtoggles approval state of a change
[22m[39m[GENERATE CHANGES] Backend response: {
  originalText: [32m'My original resume text.'[39m,
  changes: [
    {
      type: [32m'edit'[39m,
      section: [32m'experience'[39m,
      original: [32m'Old bullet'[39m,
      replacement: [32m'New bullet'[39m,
      reason: [32m'More relevant'[39m
    },
    {
      type: [32m'add'[39m,
      section: [32m'skills'[39m,
      original: [1mnull[22m,
      replacement: [32m'TypeScript'[39m,
      reason: [32m'Required skill'[39m
    },
    {
      type: [32m'remove'[39m,
      section: [32m'experience'[39m,
      original: [32m'Unrelated bullet'[39m,
      replacement: [1mnull[22m,
      reason: [32m'Not relevant'[39m
    }
  ]
}
[GENERATE CHANGES] Changes array: [
  {
    type: [32m'edit'[39m,
    section: [32m'experience'[39m,
    original: [32m'Old bullet'[39m,
    replacement: [32m'New bullet'[39m,
    reason: [32m'More relevant'[39m
  },
  {
    type: [32m'add'[39m,
    section: [32m'skills'[39m,
    original: [1mnull[22m,
    replacement: [32m'TypeScript'[39m,
    reason: [32m'Required skill'[39m
  },
  {
    type: [32m'remove'[39m,
    section: [32m'experience'[39m,
    original: [32m'Unrelated bullet'[39m,
    replacement: [1mnull[22m,
    reason: [32m'Not relevant'[39m
  }
]

[90mstdout[2m | src/pages/__tests__/TailorResumeSimplePage.test.tsx[2m > [22m[2mTailorResumeSimplePage[2m > [22m[2mshows error when no changes approved on save attempt
[22m[39m[GENERATE CHANGES] Backend response: {
  originalText: [32m'text'[39m,
  changes: [
    {
      type: [32m'edit'[39m,
      section: [32m'exp'[39m,
      original: [32m'old'[39m,
      replacement: [32m'new'[39m,
      reason: [32m'r'[39m
    }
  ]
}
[GENERATE CHANGES] Changes array: [
  {
    type: [32m'edit'[39m,
    section: [32m'exp'[39m,
    original: [32m'old'[39m,
    replacement: [32m'new'[39m,
    reason: [32m'r'[39m
  }
]

[90mstdout[2m | src/pages/__tests__/TailorResumeSimplePage.test.tsx[2m > [22m[2mTailorResumeSimplePage[2m > [22m[2mopens confirmation dialog when save button clicked
[22m[39m[GENERATE CHANGES] Backend response: {
  originalText: [32m'My original resume text.'[39m,
  changes: [
    {
      type: [32m'edit'[39m,
      section: [32m'experience'[39m,
      original: [32m'Old bullet'[39m,
      replacement: [32m'New bullet'[39m,
      reason: [32m'More relevant'[39m
    },
    {
      type: [32m'add'[39m,
      section: [32m'skills'[39m,
      original: [1mnull[22m,
      replacement: [32m'TypeScript'[39m,
      reason: [32m'Required skill'[39m
    },
    {
      type: [32m'remove'[39m,
      section: [32m'experience'[39m,
      original: [32m'Unrelated bullet'[39m,
      replacement: [1mnull[22m,
      reason: [32m'Not relevant'[39m
    }
  ]
}
[GENERATE CHANGES] Changes array: [
  {
    type: [32m'edit'[39m,
    section: [32m'experience'[39m,
    original: [32m'Old bullet'[39m,
    replacement: [32m'New bullet'[39m,
    reason: [32m'More relevant'[39m
  },
  {
    type: [32m'add'[39m,
    section: [32m'skills'[39m,
    original: [1mnull[22m,
    replacement: [32m'TypeScript'[39m,
    reason: [32m'Required skill'[39m
  },
  {
    type: [32m'remove'[39m,
    section: [32m'experience'[39m,
    original: [32m'Unrelated bullet'[39m,
    replacement: [1mnull[22m,
    reason: [32m'Not relevant'[39m
  }
]

[90mstdout[2m | src/pages/__tests__/TailorResumeSimplePage.test.tsx[2m > [22m[2mTailorResumeSimplePage[2m > [22m[2mcloses confirmation dialog on cancel
[22m[39m[GENERATE CHANGES] Backend response: {
  originalText: [32m'My original resume text.'[39m,
  changes: [
    {
      type: [32m'edit'[39m,
      section: [32m'experience'[39m,
      original: [32m'Old bullet'[39m,
      replacement: [32m'New bullet'[39m,
      reason: [32m'More relevant'[39m
    },
    {
      type: [32m'add'[39m,
      section: [32m'skills'[39m,
      original: [1mnull[22m,
      replacement: [32m'TypeScript'[39m,
      reason: [32m'Required skill'[39m
    },
    {
      type: [32m'remove'[39m,
      section: [32m'experience'[39m,
      original: [32m'Unrelated bullet'[39m,
      replacement: [1mnull[22m,
      reason: [32m'Not relevant'[39m
    }
  ]
}
[GENERATE CHANGES] Changes array: [
  {
    type: [32m'edit'[39m,
    section: [32m'experience'[39m,
    original: [32m'Old bullet'[39m,
    replacement: [32m'New bullet'[39m,
    reason: [32m'More relevant'[39m
  },
  {
    type: [32m'add'[39m,
    section: [32m'skills'[39m,
    original: [1mnull[22m,
    replacement: [32m'TypeScript'[39m,
    reason: [32m'Required skill'[39m
  },
  {
    type: [32m'remove'[39m,
    section: [32m'experience'[39m,
    original: [32m'Unrelated bullet'[39m,
    replacement: [1mnull[22m,
    reason: [32m'Not relevant'[39m
  }
]

[90mstdout[2m | src/pages/__tests__/TailorResumeSimplePage.test.tsx[2m > [22m[2mTailorResumeSimplePage[2m > [22m[2msaves resume and navigates to new resume page
[22m[39m[GENERATE CHANGES] Backend response: {
  originalText: [32m'My original resume text.'[39m,
  changes: [
    {
      type: [32m'edit'[39m,
      section: [32m'experience'[39m,
      original: [32m'Old bullet'[39m,
      replacement: [32m'New bullet'[39m,
      reason: [32m'More relevant'[39m
    },
    {
      type: [32m'add'[39m,
      section: [32m'skills'[39m,
      original: [1mnull[22m,
      replacement: [32m'TypeScript'[39m,
      reason: [32m'Required skill'[39m
    },
    {
      type: [32m'remove'[39m,
      section: [32m'experience'[39m,
      original: [32m'Unrelated bullet'[39m,
      replacement: [1mnull[22m,
      reason: [32m'Not relevant'[39m
    }
  ]
}
[GENERATE CHANGES] Changes array: [
  {
    type: [32m'edit'[39m,
    section: [32m'experience'[39m,
    original: [32m'Old bullet'[39m,
    replacement: [32m'New bullet'[39m,
    reason: [32m'More relevant'[39m
  },
  {
    type: [32m'add'[39m,
    section: [32m'skills'[39m,
    original: [1mnull[22m,
    replacement: [32m'TypeScript'[39m,
    reason: [32m'Required skill'[39m
  },
  {
    type: [32m'remove'[39m,
    section: [32m'experience'[39m,
    original: [32m'Unrelated bullet'[39m,
    replacement: [1mnull[22m,
    reason: [32m'Not relevant'[39m
  }
]

 [32mΓ£ô[39m src/pages/__tests__/FairLanding.test.tsx [2m([22m[2m26 tests[22m[2m)[22m[33m 8657[2mms[22m[39m
     [33m[2mΓ£ô[22m[39m opens join dialog when Join This Fair is clicked [33m 595[2mms[22m[39m
     [33m[2mΓ£ô[22m[39m join dialog: Join Fair button is disabled when invite code input is empty [33m 335[2mms[22m[39m
     [33m[2mΓ£ô[22m[39m join dialog: invite code input converts text to uppercase [33m 732[2mms[22m[39m
     [33m[2mΓ£ô[22m[39m join dialog: cancel button closes the dialog [33m 731[2mms[22m[39m
     [33m[2mΓ£ô[22m[39m handleJoinFair: shows error when API returns an error [33m 955[2mms[22m[39m
     [33m[2mΓ£ô[22m[39m handleJoinFair: navigates to booth editor on success when boothId and companyId are present [33m 948[2mms[22m[39m
     [33m[2mΓ£ô[22m[39m handleJoinFair: shows success alert and does not navigate when boothId is absent [33m 931[2mms[22m[39m
     [33m[2mΓ£ô[22m[39m leave dialog: cancel button closes the dialog [33m 570[2mms[22m[39m
     [33m[2mΓ£ô[22m[39m handleLeaveFair: shows success message after successfully leaving fair [33m 399[2mms[22m[39m
     [33m[2mΓ£ô[22m[39m handleLeaveFair: shows error in dialog when API call fails [33m 378[2mms[22m[39m
[90mstdout[2m | src/pages/__tests__/TailorResumeSimplePage.test.tsx[2m > [22m[2mTailorResumeSimplePage[2m > [22m[2mshows error when save API call fails
[22m[39m[GENERATE CHANGES] Backend response: {
  originalText: [32m'My original resume text.'[39m,
  changes: [
    {
      type: [32m'edit'[39m,
      section: [32m'experience'[39m,
      original: [32m'Old bullet'[39m,
      replacement: [32m'New bullet'[39m,
      reason: [32m'More relevant'[39m
    },
    {
      type: [32m'add'[39m,
      section: [32m'skills'[39m,
      original: [1mnull[22m,
      replacement: [32m'TypeScript'[39m,
      reason: [32m'Required skill'[39m
    },
    {
      type: [32m'remove'[39m,
      section: [32m'experience'[39m,
      original: [32m'Unrelated bullet'[39m,
      replacement: [1mnull[22m,
      reason: [32m'Not relevant'[39m
    }
  ]
}
[GENERATE CHANGES] Changes array: [
  {
    type: [32m'edit'[39m,
    section: [32m'experience'[39m,
    original: [32m'Old bullet'[39m,
    replacement: [32m'New bullet'[39m,
    reason: [32m'More relevant'[39m
  },
  {
    type: [32m'add'[39m,
    section: [32m'skills'[39m,
    original: [1mnull[22m,
    replacement: [32m'TypeScript'[39m,
    reason: [32m'Required skill'[39m
  },
  {
    type: [32m'remove'[39m,
    section: [32m'experience'[39m,
    original: [32m'Unrelated bullet'[39m,
    replacement: [1mnull[22m,
    reason: [32m'Not relevant'[39m
  }
]

[90mstdout[2m | src/pages/__tests__/TailorResumeSimplePage.test.tsx[2m > [22m[2mTailorResumeSimplePage[2m > [22m[2mshows error when generate changes API returns no changes array
[22m[39m[GENERATE CHANGES] Backend response: { originalText: [32m'text'[39m }
[GENERATE CHANGES] Changes array: [90mundefined[39m

[90mstdout[2m | src/pages/__tests__/TailorResumeSimplePage.test.tsx[2m > [22m[2mTailorResumeSimplePage[2m > [22m[2mrenders each change with correct type chips
[22m[39m[GENERATE CHANGES] Backend response: {
  originalText: [32m'My original resume text.'[39m,
  changes: [
    {
      type: [32m'edit'[39m,
      section: [32m'experience'[39m,
      original: [32m'Old bullet'[39m,
      replacement: [32m'New bullet'[39m,
      reason: [32m'More relevant'[39m
    },
    {
      type: [32m'add'[39m,
      section: [32m'skills'[39m,
      original: [1mnull[22m,
      replacement: [32m'TypeScript'[39m,
      reason: [32m'Required skill'[39m
    },
    {
      type: [32m'remove'[39m,
      section: [32m'experience'[39m,
      original: [32m'Unrelated bullet'[39m,
      replacement: [1mnull[22m,
      reason: [32m'Not relevant'[39m
    }
  ]
}
[GENERATE CHANGES] Changes array: [
  {
    type: [32m'edit'[39m,
    section: [32m'experience'[39m,
    original: [32m'Old bullet'[39m,
    replacement: [32m'New bullet'[39m,
    reason: [32m'More relevant'[39m
  },
  {
    type: [32m'add'[39m,
    section: [32m'skills'[39m,
    original: [1mnull[22m,
    replacement: [32m'TypeScript'[39m,
    reason: [32m'Required skill'[39m
  },
  {
    type: [32m'remove'[39m,
    section: [32m'experience'[39m,
    original: [32m'Unrelated bullet'[39m,
    replacement: [1mnull[22m,
    reason: [32m'Not relevant'[39m
  }
]

[90mstdout[2m | src/pages/__tests__/TailorResumeSimplePage.test.tsx[2m > [22m[2mTailorResumeSimplePage[2m > [22m[2mshows original resume section after generating
[22m[39m[GENERATE CHANGES] Backend response: {
  originalText: [32m'My original resume text.'[39m,
  changes: [
    {
      type: [32m'edit'[39m,
      section: [32m'experience'[39m,
      original: [32m'Old bullet'[39m,
      replacement: [32m'New bullet'[39m,
      reason: [32m'More relevant'[39m
    },
    {
      type: [32m'add'[39m,
      section: [32m'skills'[39m,
      original: [1mnull[22m,
      replacement: [32m'TypeScript'[39m,
      reason: [32m'Required skill'[39m
    },
    {
      type: [32m'remove'[39m,
      section: [32m'experience'[39m,
      original: [32m'Unrelated bullet'[39m,
      replacement: [1mnull[22m,
      reason: [32m'Not relevant'[39m
    }
  ]
}
[GENERATE CHANGES] Changes array: [
  {
    type: [32m'edit'[39m,
    section: [32m'experience'[39m,
    original: [32m'Old bullet'[39m,
    replacement: [32m'New bullet'[39m,
    reason: [32m'More relevant'[39m
  },
  {
    type: [32m'add'[39m,
    section: [32m'skills'[39m,
    original: [1mnull[22m,
    replacement: [32m'TypeScript'[39m,
    reason: [32m'Required skill'[39m
  },
  {
    type: [32m'remove'[39m,
    section: [32m'experience'[39m,
    original: [32m'Unrelated bullet'[39m,
    replacement: [1mnull[22m,
    reason: [32m'Not relevant'[39m
  }
]

 [32mΓ£ô[39m src/pages/__tests__/TailorResumeSimplePage.test.tsx [2m([22m[2m19 tests[22m[2m)[22m[33m 5244[2mms[22m[39m
     [33m[2mΓ£ô[22m[39m shows changes list after generating [33m 451[2mms[22m[39m
     [33m[2mΓ£ô[22m[39m toggles approval state of a change [33m 437[2mms[22m[39m
     [33m[2mΓ£ô[22m[39m shows error when no changes approved on save attempt [33m 313[2mms[22m[39m
     [33m[2mΓ£ô[22m[39m opens confirmation dialog when save button clicked [33m 482[2mms[22m[39m
     [33m[2mΓ£ô[22m[39m closes confirmation dialog on cancel [33m 775[2mms[22m[39m
     [33m[2mΓ£ô[22m[39m saves resume and navigates to new resume page [33m 670[2mms[22m[39m
     [33m[2mΓ£ô[22m[39m shows error when save API call fails [33m 696[2mms[22m[39m
 [32mΓ£ô[39m src/components/__tests__/NewChatDialog.test.tsx [2m([22m[2m14 tests[22m[2m)[22m[33m 6130[2mms[22m[39m
     [33m[2mΓ£ô[22m[39m renders dialog when open is true [33m 448[2mms[22m[39m
     [33m[2mΓ£ô[22m[39m searches for users when typing in search field [33m 594[2mms[22m[39m
     [33m[2mΓ£ô[22m[39m displays search results [33m 567[2mms[22m[39m
     [33m[2mΓ£ô[22m[39m updates recipient email when user is selected [33m 735[2mms[22m[39m
     [33m[2mΓ£ô[22m[39m enables start chat button when user is selected [33m 630[2mms[22m[39m
     [33m[2mΓ£ô[22m[39m creates a chat when start chat is clicked [33m 803[2mms[22m[39m
     [33m[2mΓ£ô[22m[39m closes dialog after successful chat creation [33m 801[2mms[22m[39m
     [33m[2mΓ£ô[22m[39m handles existing channel scenario [33m 766[2mms[22m[39m
 [32mΓ£ô[39m src/pages/__tests__/Dashboard.test.tsx [2m([22m[2m23 tests[22m[2m)[22m[33m 8025[2mms[22m[39m
       [33m[2mΓ£ô[22m[39m renders student dashboard with correct sections [33m 772[2mms[22m[39m
       [33m[2mΓ£ô[22m[39m navigates to companies page when Manage Companies clicked [33m 385[2mms[22m[39m
       [33m[2mΓ£ô[22m[39m opens invite code dialog when button clicked [33m 579[2mms[22m[39m
       [33m[2mΓ£ô[22m[39m submits invite code and links representative to company [33m 1015[2mms[22m[39m
       [33m[2mΓ£ô[22m[39m shows error when invite code is invalid [33m 952[2mms[22m[39m
       [33m[2mΓ£ô[22m[39m closes invite code dialog when Cancel clicked [33m 746[2mms[22m[39m
       [33m[2mΓ£ô[22m[39m navigates to chat page when chat button clicked [33m 357[2mms[22m[39m
 [32mΓ£ô[39m src/pages/__tests__/FairList.test.tsx [2m([22m[2m25 tests[22m[2m)[22m[33m 8000[2mms[22m[39m
     [33m[2mΓ£ô[22m[39m opens join dialog when Join Fair is clicked [33m 527[2mms[22m[39m
     [33m[2mΓ£ô[22m[39m calls leave endpoint and removes fair from enrolled map on success [33m 677[2mms[22m[39m
     [33m[2mΓ£ô[22m[39m shows error in leave dialog when leave API fails [33m 402[2mms[22m[39m
     [33m[2mΓ£ô[22m[39m closes leave dialog when Cancel is clicked [33m 628[2mms[22m[39m
     [33m[2mΓ£ô[22m[39m shows join error when API returns error [33m 885[2mms[22m[39m
     [33m[2mΓ£ô[22m[39m closes join dialog and marks fair as enrolled on success [33m 1224[2mms[22m[39m
     [33m[2mΓ£ô[22m[39m cancels join dialog and clears invite code [33m 1313[2mms[22m[39m
Error: Not implemented: window.scrollTo
    at module.exports (C:\Users\kreli\OneDrive\Documents\SE\virtual-career-f
air\frontend\node_modules\jsdom\lib\jsdom\browser\not-implemented.js:9:17)
    at scrollTo (C:\Users\kreli\OneDrive\Documents\SE\virtual-career-fair\fr
ontend\node_modules\jsdom\lib\jsdom\browser\Window.js:960:7)
    at scrollToTop (C:/Users/kreli/OneDrive/Documents/SE/virtual-career-fair
/frontend/src/pages/BoothEditor.tsx:455:38)
    at handleSubmit (C:/Users/kreli/OneDrive/Documents/SE/virtual-career-fai
r/frontend/src/pages/BoothEditor.tsx:470:9) undefined
 [32mΓ£ô[39m src/pages/__tests__/Booths.test.tsx [2m([22m[2m45 tests[22m[2m)[22m[33m 5827[2mms[22m[39m
     [33m[2mΓ£ô[22m[39m renders the booths page [33m 313[2mms[22m[39m
     [33m[2mΓ£ô[22m[39m navigates to dashboard when dashboard button is clicked [33m 347[2mms[22m[39m
     [33m[2mΓ£ô[22m[39m handles job count batching for > 30 companies [33m 938[2mms[22m[39m
[90mstderr[2m | src/pages/__tests__/BoothView.test.tsx[2m > 
[22m[2mBoothView[2m > [22m[2mhandles chat error when representative 
not found
[22m[39mBooth leave tracking failed: TypeError: 
__vite_ssr_import_7__.authUtils.getIdToken is not a function
    at trackStudentBoothLeave (C:/Users/kreli/OneDrive/Documents/SE/virtual-
career-fair/frontend/src/pages/BoothView.tsx:242:39)
    at C:/Users/kreli/OneDrive/Documents/SE/virtual-career-fair/frontend/src
/pages/BoothView.tsx:153:7
    at Object.react_stack_bottom_frame [90m(C:\Users\kreli\OneDrive\Documen
ts\SE\virtual-career-fair\frontend\[39mnode_modules\[4mreact-dom[24m\cjs\
react-dom-client.development.js:23965:13[90m)[39m
    at runWithFiberInDEV [90m(C:\Users\kreli\OneDrive\Documents\SE\virtual-
career-fair\frontend\[39mnode_modules\[4mreact-dom[24m\cjs\react-dom-clie
nt.development.js:1522:13[90m)[39m
    at commitHookEffectListUnmount [90m(C:\Users\kreli\OneDrive\Documents\S
E\virtual-career-fair\frontend\[39mnode_modules\[4mreact-dom[24m\cjs\reac
t-dom-client.development.js:11996:17[90m)[39m
    at commitHookPassiveUnmountEffects [90m(C:\Users\kreli\OneDrive\Documen
ts\SE\virtual-career-fair\frontend\[39mnode_modules\[4mreact-dom[24m\cjs\
react-dom-client.development.js:12043:11[90m)[39m
    at commitPassiveUnmountEffectsInsideOfDeletedTree_begin [90m(C:\Users\k
reli\OneDrive\Documents\SE\virtual-career-fair\frontend\[39mnode_modules\[
4mreact-dom[24m\cjs\react-dom-client.development.js:14269:13[90m)[39m
    at recursivelyTraversePassiveUnmountEffects [90m(C:\Users\kreli\OneDriv
e\Documents\SE\virtual-career-fair\frontend\[39mnode_modules\[4mreact-dom
[24m\cjs\react-dom-client.development.js:14167:13[90m)[39m
    at commitPassiveUnmountOnFiber [90m(C:\Users\kreli\OneDrive\Documents\S
E\virtual-career-fair\frontend\[39mnode_modules\[4mreact-dom[24m\cjs\reac
t-dom-client.development.js:14194:11[90m)[39m
    at flushPassiveEffects [90m(C:\Users\kreli\OneDrive\Documents\SE\virtua
l-career-fair\frontend\[39mnode_modules\[4mreact-dom[24m\cjs\react-dom-cl
ient.development.js:15736:9[90m)[39m

[90mstderr[2m | src/pages/__tests__/BoothView.test.tsx[2m > 
[22m[2mBoothView[2m > [22m[2mhandles chat error exception
[22m[39mHistory tracking failed: Error: [vitest] No "setDoc" export is 
defined on the "firebase/firestore" mock. Did you forget to return it from 
"vi.mock"?
If you need to partially mock a module, you can use "importOriginal" helper 
inside:

    at VitestMocker.createError [90m(file:///C:/Users/kreli/OneDrive/Docume
nts/SE/virtual-career-fair/frontend/[39mnode_modules/[4mvitest[24m/dist/c
hunks/startModuleRunner.DEj0jb3e.js:311:17[90m)[39m
    at Object.setDoc [as get] [90m(file:///C:/Users/kreli/OneDrive/Document
s/SE/virtual-career-fair/frontend/[39mnode_modules/[4mvitest[24m/dist/chu
nks/startModuleRunner.DEj0jb3e.js:384:16[90m)[39m
    at trackBoothView (C:/Users/kreli/OneDrive/Documents/SE/virtual-career-f
air/frontend/src/utils/boothHistory.ts:28:9)
    at trackStudentBoothView (C:/Users/kreli/OneDrive/Documents/SE/virtual-c
areer-fair/frontend/src/pages/BoothView.tsx:202:15)
    at fetchBooth (C:/Users/kreli/OneDrive/Documents/SE/virtual-career-fair/
frontend/src/pages/BoothView.tsx:309:13) {
  codeFrame: [32m'vi.mock(import("firebase/firestore"), async 
(importOriginal) => {\n'[39m +
    [32m'  const actual = await importOriginal()\n'[39m +
    [32m'  return {\n'[39m +
    [32m'    ...actual,\n'[39m +
    [32m'    // your mocked methods\n'[39m +
    [32m'  }\n'[39m +
    [32m'})'[39m
}

[90mstderr[2m | src/pages/__tests__/BoothView.test.tsx[2m > 
[22m[2mBoothView[2m > [22m[2mhandles chat error exception
[22m[39mBooth leave tracking failed: TypeError: 
__vite_ssr_import_7__.authUtils.getIdToken is not a function
    at trackStudentBoothLeave (C:/Users/kreli/OneDrive/Documents/SE/virtual-
career-fair/frontend/src/pages/BoothView.tsx:242:39)
    at C:/Users/kreli/OneDrive/Documents/SE/virtual-career-fair/frontend/src
/pages/BoothView.tsx:153:7
    at Object.react_stack_bottom_frame [90m(C:\Users\kreli\OneDrive\Documen
ts\SE\virtual-career-fair\frontend\[39mnode_modules\[4mreact-dom[24m\cjs\
react-dom-client.development.js:23965:13[90m)[39m
    at runWithFiberInDEV [90m(C:\Users\kreli\OneDrive\Documents\SE\virtual-
career-fair\frontend\[39mnode_modules\[4mreact-dom[24m\cjs\react-dom-clie
nt.development.js:1522:13[90m)[39m
    at commitHookEffectListUnmount [90m(C:\Users\kreli\OneDrive\Documents\S
E\virtual-career-fair\frontend\[39mnode_modules\[4mreact-dom[24m\cjs\reac
t-dom-client.development.js:11996:17[90m)[39m
    at commitHookPassiveUnmountEffects [90m(C:\Users\kreli\OneDrive\Documen
ts\SE\virtual-career-fair\frontend\[39mnode_modules\[4mreact-dom[24m\cjs\
react-dom-client.development.js:12043:11[90m)[39m
    at commitPassiveUnmountEffectsInsideOfDeletedTree_begin [90m(C:\Users\k
reli\OneDrive\Documents\SE\virtual-career-fair\frontend\[39mnode_modules\[
4mreact-dom[24m\cjs\react-dom-client.development.js:14269:13[90m)[39m
    at recursivelyTraversePassiveUnmountEffects [90m(C:\Users\kreli\OneDriv
e\Documents\SE\virtual-career-fair\frontend\[39mnode_modules\[4mreact-dom
[24m\cjs\react-dom-client.development.js:14167:13[90m)[39m
    at commitPassiveUnmountOnFiber [90m(C:\Users\kreli\OneDrive\Documents\S
E\virtual-career-fair\frontend\[39mnode_modules\[4mreact-dom[24m\cjs\reac
t-dom-client.development.js:14194:11[90m)[39m
    at flushPassiveEffects [90m(C:\Users\kreli\OneDrive\Documents\SE\virtua
l-career-fair\frontend\[39mnode_modules\[4mreact-dom[24m\cjs\react-dom-cl
ient.development.js:15736:9[90m)[39m

[90mstderr[2m | src/pages/__tests__/BoothView.test.tsx[2m > 
[22m[2mBoothView[2m > [22m[2mdoes not display apply button for jobs 
without application link
[22m[39mHistory tracking failed: Error: [vitest] No "setDoc" export is 
defined on the "firebase/firestore" mock. Did you forget to return it from 
"vi.mock"?
If you need to partially mock a module, you can use "importOriginal" helper 
inside:

    at VitestMocker.createError [90m(file:///C:/Users/kreli/OneDrive/Docume
nts/SE/virtual-career-fair/frontend/[39mnode_modules/[4mvitest[24m/dist/c
hunks/startModuleRunner.DEj0jb3e.js:311:17[90m)[39m
    at Object.setDoc [as get] [90m(file:///C:/Users/kreli/OneDrive/Document
s/SE/virtual-career-fair/frontend/[39mnode_modules/[4mvitest[24m/dist/chu
nks/startModuleRunner.DEj0jb3e.js:384:16[90m)[39m
    at trackBoothView (C:/Users/kreli/OneDrive/Documents/SE/virtual-career-f
air/frontend/src/utils/boothHistory.ts:28:9)
    at trackStudentBoothView (C:/Users/kreli/OneDrive/Documents/SE/virtual-c
areer-fair/frontend/src/pages/BoothView.tsx:202:15)
    at fetchBooth (C:/Users/kreli/OneDrive/Documents/SE/virtual-career-fair/
frontend/src/pages/BoothView.tsx:309:13) {
  codeFrame: [32m'vi.mock(import("firebase/firestore"), async 
(importOriginal) => {\n'[39m +
    [32m'  const actual = await importOriginal()\n'[39m +
    [32m'  return {\n'[39m +
    [32m'    ...actual,\n'[39m +
    [32m'    // your mocked methods\n'[39m +
    [32m'  }\n'[39m +
    [32m'})'[39m
}

 [32mΓ£ô[39m src/__tests__/StudentProfilePage.integration.test.tsx [2m([22m[2m32 tests[22m[2m)[22m[33m 4355[2mms[22m[39m
       [33m[2mΓ£ô[22m[39m renders without crashing [33m 468[2mms[22m[39m
       [33m[2mΓ£ô[22m[39m supports button clicks [33m 426[2mms[22m[39m
[90mstderr[2m | src/pages/__tests__/BoothView.test.tsx[2m > 
[22m[2mBoothView[2m > [22m[2mdoes not display apply button for jobs 
without application link
[22m[39mBooth leave tracking failed: TypeError: 
__vite_ssr_import_7__.authUtils.getIdToken is not a function
    at trackStudentBoothLeave (C:/Users/kreli/OneDrive/Documents/SE/virtual-
career-fair/frontend/src/pages/BoothView.tsx:242:39)
    at C:/Users/kreli/OneDrive/Documents/SE/virtual-career-fair/frontend/src
/pages/BoothView.tsx:153:7
    at Object.react_stack_bottom_frame [90m(C:\Users\kreli\OneDrive\Documen
ts\SE\virtual-career-fair\frontend\[39mnode_modules\[4mreact-dom[24m\cjs\
react-dom-client.development.js:23965:13[90m)[39m
    at runWithFiberInDEV [90m(C:\Users\kreli\OneDrive\Documents\SE\virtual-
career-fair\frontend\[39mnode_modules\[4mreact-dom[24m\cjs\react-dom-clie
nt.development.js:1522:13[90m)[39m
    at commitHookEffectListUnmount [90m(C:\Users\kreli\OneDrive\Documents\S
E\virtual-career-fair\frontend\[39mnode_modules\[4mreact-dom[24m\cjs\reac
t-dom-client.development.js:11996:17[90m)[39m
    at commitHookPassiveUnmountEffects [90m(C:\Users\kreli\OneDrive\Documen
ts\SE\virtual-career-fair\frontend\[39mnode_modules\[4mreact-dom[24m\cjs\
react-dom-client.development.js:12043:11[90m)[39m
    at commitPassiveUnmountEffectsInsideOfDeletedTree_begin [90m(C:\Users\k
reli\OneDrive\Documents\SE\virtual-career-fair\frontend\[39mnode_modules\[
4mreact-dom[24m\cjs\react-dom-client.development.js:14269:13[90m)[39m
    at recursivelyTraversePassiveUnmountEffects [90m(C:\Users\kreli\OneDriv
e\Documents\SE\virtual-career-fair\frontend\[39mnode_modules\[4mreact-dom
[24m\cjs\react-dom-client.development.js:14167:13[90m)[39m
    at commitPassiveUnmountOnFiber [90m(C:\Users\kreli\OneDrive\Documents\S
E\virtual-career-fair\frontend\[39mnode_modules\[4mreact-dom[24m\cjs\reac
t-dom-client.development.js:14194:11[90m)[39m
    at flushPassiveEffects [90m(C:\Users\kreli\OneDrive\Documents\SE\virtua
l-career-fair\frontend\[39mnode_modules\[4mreact-dom[24m\cjs\react-dom-cl
ient.development.js:15736:9[90m)[39m

[90mstderr[2m | src/pages/__tests__/BoothView.test.tsx[2m > 
[22m[2mBoothView[2m > [22m[2mdoes not display phone when not provided
[22m[39mHistory tracking failed: Error: [vitest] No "setDoc" export is 
defined on the "firebase/firestore" mock. Did you forget to return it from 
"vi.mock"?
If you need to partially mock a module, you can use "importOriginal" helper 
inside:

    at VitestMocker.createError [90m(file:///C:/Users/kreli/OneDrive/Docume
nts/SE/virtual-career-fair/frontend/[39mnode_modules/[4mvitest[24m/dist/c
hunks/startModuleRunner.DEj0jb3e.js:311:17[90m)[39m
    at Object.setDoc [as get] [90m(file:///C:/Users/kreli/OneDrive/Document
s/SE/virtual-career-fair/frontend/[39mnode_modules/[4mvitest[24m/dist/chu
nks/startModuleRunner.DEj0jb3e.js:384:16[90m)[39m
    at trackBoothView (C:/Users/kreli/OneDrive/Documents/SE/virtual-career-f
air/frontend/src/utils/boothHistory.ts:28:9)
    at trackStudentBoothView (C:/Users/kreli/OneDrive/Documents/SE/virtual-c
areer-fair/frontend/src/pages/BoothView.tsx:202:15)
    at fetchBooth (C:/Users/kreli/OneDrive/Documents/SE/virtual-career-fair/
frontend/src/pages/BoothView.tsx:309:13)
[90m    at runNextTicks (node:internal/process/task_queues:65:5)[39m
[90m    at processTimers (node:internal/timers:520:9)[39m {
  codeFrame: [32m'vi.mock(import("firebase/firestore"), async 
(importOriginal) => {\n'[39m +
    [32m'  const actual = await importOriginal()\n'[39m +
    [32m'  return {\n'[39m +
    [32m'    ...actual,\n'[39m +
    [32m'    // your mocked methods\n'[39m +
    [32m'  }\n'[39m +
    [32m'})'[39m
}

[90mstderr[2m | src/pages/__tests__/BoothView.test.tsx[2m > 
[22m[2mBoothView[2m > [22m[2mdoes not display phone when not provided
[22m[39mBooth leave tracking failed: TypeError: 
__vite_ssr_import_7__.authUtils.getIdToken is not a function
    at trackStudentBoothLeave (C:/Users/kreli/OneDrive/Documents/SE/virtual-
career-fair/frontend/src/pages/BoothView.tsx:242:39)
    at C:/Users/kreli/OneDrive/Documents/SE/virtual-career-fair/frontend/src
/pages/BoothView.tsx:153:7
    at Object.react_stack_bottom_frame [90m(C:\Users\kreli\OneDrive\Documen
ts\SE\virtual-career-fair\frontend\[39mnode_modules\[4mreact-dom[24m\cjs\
react-dom-client.development.js:23965:13[90m)[39m
    at runWithFiberInDEV [90m(C:\Users\kreli\OneDrive\Documents\SE\virtual-
career-fair\frontend\[39mnode_modules\[4mreact-dom[24m\cjs\react-dom-clie
nt.development.js:1522:13[90m)[39m
    at commitHookEffectListUnmount [90m(C:\Users\kreli\OneDrive\Documents\S
E\virtual-career-fair\frontend\[39mnode_modules\[4mreact-dom[24m\cjs\reac
t-dom-client.development.js:11996:17[90m)[39m
    at commitHookPassiveUnmountEffects [90m(C:\Users\kreli\OneDrive\Documen
ts\SE\virtual-career-fair\frontend\[39mnode_modules\[4mreact-dom[24m\cjs\
react-dom-client.development.js:12043:11[90m)[39m
    at commitPassiveUnmountEffectsInsideOfDeletedTree_begin [90m(C:\Users\k
reli\OneDrive\Documents\SE\virtual-career-fair\frontend\[39mnode_modules\[
4mreact-dom[24m\cjs\react-dom-client.development.js:14269:13[90m)[39m
    at recursivelyTraversePassiveUnmountEffects [90m(C:\Users\kreli\OneDriv
e\Documents\SE\virtual-career-fair\frontend\[39mnode_modules\[4mreact-dom
[24m\cjs\react-dom-client.development.js:14167:13[90m)[39m
    at commitPassiveUnmountOnFiber [90m(C:\Users\kreli\OneDrive\Documents\S
E\virtual-career-fair\frontend\[39mnode_modules\[4mreact-dom[24m\cjs\reac
t-dom-client.development.js:14194:11[90m)[39m
    at flushPassiveEffects [90m(C:\Users\kreli\OneDrive\Documents\SE\virtua
l-career-fair\frontend\[39mnode_modules\[4mreact-dom[24m\cjs\react-dom-cl
ient.development.js:15736:9[90m)[39m

[90mstderr[2m | src/pages/__tests__/BoothView.test.tsx[2m > 
[22m[2mBoothView[2m > [22m[2mdoes not display Learn More section when 
no website or careers page
[22m[39mHistory tracking failed: Error: [vitest] No "setDoc" export is 
defined on the "firebase/firestore" mock. Did you forget to return it from 
"vi.mock"?
If you need to partially mock a module, you can use "importOriginal" helper 
inside:

    at VitestMocker.createError [90m(file:///C:/Users/kreli/OneDrive/Docume
nts/SE/virtual-career-fair/frontend/[39mnode_modules/[4mvitest[24m/dist/c
hunks/startModuleRunner.DEj0jb3e.js:311:17[90m)[39m
    at Object.setDoc [as get] [90m(file:///C:/Users/kreli/OneDrive/Document
s/SE/virtual-career-fair/frontend/[39mnode_modules/[4mvitest[24m/dist/chu
nks/startModuleRunner.DEj0jb3e.js:384:16[90m)[39m
    at trackBoothView (C:/Users/kreli/OneDrive/Documents/SE/virtual-career-f
air/frontend/src/utils/boothHistory.ts:28:9)
    at trackStudentBoothView (C:/Users/kreli/OneDrive/Documents/SE/virtual-c
areer-fair/frontend/src/pages/BoothView.tsx:202:15)
    at fetchBooth (C:/Users/kreli/OneDrive/Documents/SE/virtual-career-fair/
frontend/src/pages/BoothView.tsx:309:13) {
  codeFrame: [32m'vi.mock(import("firebase/firestore"), async 
(importOriginal) => {\n'[39m +
    [32m'  const actual = await importOriginal()\n'[39m +
    [32m'  return {\n'[39m +
    [32m'    ...actual,\n'[39m +
    [32m'    // your mocked methods\n'[39m +
    [32m'  }\n'[39m +
    [32m'})'[39m
}

[90mstderr[2m | src/pages/__tests__/BoothView.test.tsx[2m > 
[22m[2mBoothView[2m > [22m[2mdoes not display Learn More section when 
no website or careers page
[22m[39mBooth leave tracking failed: TypeError: 
__vite_ssr_import_7__.authUtils.getIdToken is not a function
    at trackStudentBoothLeave (C:/Users/kreli/OneDrive/Documents/SE/virtual-
career-fair/frontend/src/pages/BoothView.tsx:242:39)
    at C:/Users/kreli/OneDrive/Documents/SE/virtual-career-fair/frontend/src
/pages/BoothView.tsx:153:7
    at Object.react_stack_bottom_frame [90m(C:\Users\kreli\OneDrive\Documen
ts\SE\virtual-career-fair\frontend\[39mnode_modules\[4mreact-dom[24m\cjs\
react-dom-client.development.js:23965:13[90m)[39m
    at runWithFiberInDEV [90m(C:\Users\kreli\OneDrive\Documents\SE\virtual-
career-fair\frontend\[39mnode_modules\[4mreact-dom[24m\cjs\react-dom-clie
nt.development.js:1522:13[90m)[39m
    at commitHookEffectListUnmount [90m(C:\Users\kreli\OneDrive\Documents\S
E\virtual-career-fair\frontend\[39mnode_modules\[4mreact-dom[24m\cjs\reac
t-dom-client.development.js:11996:17[90m)[39m
    at commitHookPassiveUnmountEffects [90m(C:\Users\kreli\OneDrive\Documen
ts\SE\virtual-career-fair\frontend\[39mnode_modules\[4mreact-dom[24m\cjs\
react-dom-client.development.js:12043:11[90m)[39m
    at commitPassiveUnmountEffectsInsideOfDeletedTree_begin [90m(C:\Users\k
reli\OneDrive\Documents\SE\virtual-career-fair\frontend\[39mnode_modules\[
4mreact-dom[24m\cjs\react-dom-client.development.js:14269:13[90m)[39m
    at recursivelyTraversePassiveUnmountEffects [90m(C:\Users\kreli\OneDriv
e\Documents\SE\virtual-career-fair\frontend\[39mnode_modules\[4mreact-dom
[24m\cjs\react-dom-client.development.js:14167:13[90m)[39m
    at commitPassiveUnmountOnFiber [90m(C:\Users\kreli\OneDrive\Documents\S
E\virtual-career-fair\frontend\[39mnode_modules\[4mreact-dom[24m\cjs\reac
t-dom-client.development.js:14194:11[90m)[39m
    at flushPassiveEffects [90m(C:\Users\kreli\OneDrive\Documents\SE\virtua
l-career-fair\frontend\[39mnode_modules\[4mreact-dom[24m\cjs\react-dom-cl
ient.development.js:15736:9[90m)[39m

[90mstderr[2m | src/pages/__tests__/BoothView.test.tsx[2m > 
[22m[2mBoothView[2m > [22m[2mdisplays only website link when careers 
page not provided
[22m[39mHistory tracking failed: Error: [vitest] No "setDoc" export is 
defined on the "firebase/firestore" mock. Did you forget to return it from 
"vi.mock"?
If you need to partially mock a module, you can use "importOriginal" helper 
inside:

    at VitestMocker.createError [90m(file:///C:/Users/kreli/OneDrive/Docume
nts/SE/virtual-career-fair/frontend/[39mnode_modules/[4mvitest[24m/dist/c
hunks/startModuleRunner.DEj0jb3e.js:311:17[90m)[39m
    at Object.setDoc [as get] [90m(file:///C:/Users/kreli/OneDrive/Document
s/SE/virtual-career-fair/frontend/[39mnode_modules/[4mvitest[24m/dist/chu
nks/startModuleRunner.DEj0jb3e.js:384:16[90m)[39m
    at trackBoothView (C:/Users/kreli/OneDrive/Documents/SE/virtual-career-f
air/frontend/src/utils/boothHistory.ts:28:9)
    at trackStudentBoothView (C:/Users/kreli/OneDrive/Documents/SE/virtual-c
areer-fair/frontend/src/pages/BoothView.tsx:202:15)
    at fetchBooth (C:/Users/kreli/OneDrive/Documents/SE/virtual-career-fair/
frontend/src/pages/BoothView.tsx:309:13) {
  codeFrame: [32m'vi.mock(import("firebase/firestore"), async 
(importOriginal) => {\n'[39m +
    [32m'  const actual = await importOriginal()\n'[39m +
    [32m'  return {\n'[39m +
    [32m'    ...actual,\n'[39m +
    [32m'    // your mocked methods\n'[39m +
    [32m'  }\n'[39m +
    [32m'})'[39m
}

 [32mΓ£ô[39m src/components/__tests__/JobInviteStatsDialog.test.tsx [2m([22m[2m22 tests[22m[2m)[22m[33m 4117[2mms[22m[39m
     [33m[2mΓ£ô[22m[39m filters invitations when 'Sent' tab is clicked [33m 460[2mms[22m[39m
     [33m[2mΓ£ô[22m[39m filters invitations when 'Viewed' tab is clicked [33m 381[2mms[22m[39m
     [33m[2mΓ£ô[22m[39m filters invitations when 'Applied' tab is clicked [33m 344[2mms[22m[39m
[90mstderr[2m | src/pages/__tests__/BoothView.test.tsx[2m > 
[22m[2mBoothView[2m > [22m[2mdisplays only website link when careers 
page not provided
[22m[39mBooth leave tracking failed: TypeError: 
__vite_ssr_import_7__.authUtils.getIdToken is not a function
    at trackStudentBoothLeave (C:/Users/kreli/OneDrive/Documents/SE/virtual-
career-fair/frontend/src/pages/BoothView.tsx:242:39)
    at C:/Users/kreli/OneDrive/Documents/SE/virtual-career-fair/frontend/src
/pages/BoothView.tsx:153:7
    at Object.react_stack_bottom_frame [90m(C:\Users\kreli\OneDrive\Documen
ts\SE\virtual-career-fair\frontend\[39mnode_modules\[4mreact-dom[24m\cjs\
react-dom-client.development.js:23965:13[90m)[39m
    at runWithFiberInDEV [90m(C:\Users\kreli\OneDrive\Documents\SE\virtual-
career-fair\frontend\[39mnode_modules\[4mreact-dom[24m\cjs\react-dom-clie
nt.development.js:1522:13[90m)[39m
    at commitHookEffectListUnmount [90m(C:\Users\kreli\OneDrive\Documents\S
E\virtual-career-fair\frontend\[39mnode_modules\[4mreact-dom[24m\cjs\reac
t-dom-client.development.js:11996:17[90m)[39m
    at commitHookPassiveUnmountEffects [90m(C:\Users\kreli\OneDrive\Documen
ts\SE\virtual-career-fair\frontend\[39mnode_modules\[4mreact-dom[24m\cjs\
react-dom-client.development.js:12043:11[90m)[39m
    at commitPassiveUnmountEffectsInsideOfDeletedTree_begin [90m(C:\Users\k
reli\OneDrive\Documents\SE\virtual-career-fair\frontend\[39mnode_modules\[
4mreact-dom[24m\cjs\react-dom-client.development.js:14269:13[90m)[39m
    at recursivelyTraversePassiveUnmountEffects [90m(C:\Users\kreli\OneDriv
e\Documents\SE\virtual-career-fair\frontend\[39mnode_modules\[4mreact-dom
[24m\cjs\react-dom-client.development.js:14167:13[90m)[39m
    at commitPassiveUnmountOnFiber [90m(C:\Users\kreli\OneDrive\Documents\S
E\virtual-career-fair\frontend\[39mnode_modules\[4mreact-dom[24m\cjs\reac
t-dom-client.development.js:14194:11[90m)[39m
    at flushPassiveEffects [90m(C:\Users\kreli\OneDrive\Documents\SE\virtua
l-career-fair\frontend\[39mnode_modules\[4mreact-dom[24m\cjs\react-dom-cl
ient.development.js:15736:9[90m)[39m

[90mstderr[2m | src/pages/__tests__/BoothView.test.tsx[2m > 
[22m[2mBoothView[2m > [22m[2mdisplays only careers page link when 
website not provided
[22m[39mHistory tracking failed: Error: [vitest] No "setDoc" export is 
defined on the "firebase/firestore" mock. Did you forget to return it from 
"vi.mock"?
If you need to partially mock a module, you can use "importOriginal" helper 
inside:

    at VitestMocker.createError [90m(file:///C:/Users/kreli/OneDrive/Docume
nts/SE/virtual-career-fair/frontend/[39mnode_modules/[4mvitest[24m/dist/c
hunks/startModuleRunner.DEj0jb3e.js:311:17[90m)[39m
    at Object.setDoc [as get] [90m(file:///C:/Users/kreli/OneDrive/Document
s/SE/virtual-career-fair/frontend/[39mnode_modules/[4mvitest[24m/dist/chu
nks/startModuleRunner.DEj0jb3e.js:384:16[90m)[39m
    at trackBoothView (C:/Users/kreli/OneDrive/Documents/SE/virtual-career-f
air/frontend/src/utils/boothHistory.ts:28:9)
    at trackStudentBoothView (C:/Users/kreli/OneDrive/Documents/SE/virtual-c
areer-fair/frontend/src/pages/BoothView.tsx:202:15)
    at fetchBooth (C:/Users/kreli/OneDrive/Documents/SE/virtual-career-fair/
frontend/src/pages/BoothView.tsx:309:13) {
  codeFrame: [32m'vi.mock(import("firebase/firestore"), async 
(importOriginal) => {\n'[39m +
    [32m'  const actual = await importOriginal()\n'[39m +
    [32m'  return {\n'[39m +
    [32m'    ...actual,\n'[39m +
    [32m'    // your mocked methods\n'[39m +
    [32m'  }\n'[39m +
    [32m'})'[39m
}

[90mstderr[2m | src/pages/__tests__/BoothView.test.tsx[2m > 
[22m[2mBoothView[2m > [22m[2mdisplays only careers page link when 
website not provided
[22m[39mBooth leave tracking failed: TypeError: 
__vite_ssr_import_7__.authUtils.getIdToken is not a function
    at trackStudentBoothLeave (C:/Users/kreli/OneDrive/Documents/SE/virtual-
career-fair/frontend/src/pages/BoothView.tsx:242:39)
    at C:/Users/kreli/OneDrive/Documents/SE/virtual-career-fair/frontend/src
/pages/BoothView.tsx:153:7
    at Object.react_stack_bottom_frame [90m(C:\Users\kreli\OneDrive\Documen
ts\SE\virtual-career-fair\frontend\[39mnode_modules\[4mreact-dom[24m\cjs\
react-dom-client.development.js:23965:13[90m)[39m
    at runWithFiberInDEV [90m(C:\Users\kreli\OneDrive\Documents\SE\virtual-
career-fair\frontend\[39mnode_modules\[4mreact-dom[24m\cjs\react-dom-clie
nt.development.js:1522:13[90m)[39m
    at commitHookEffectListUnmount [90m(C:\Users\kreli\OneDrive\Documents\S
E\virtual-career-fair\frontend\[39mnode_modules\[4mreact-dom[24m\cjs\reac
t-dom-client.development.js:11996:17[90m)[39m
    at commitHookPassiveUnmountEffects [90m(C:\Users\kreli\OneDrive\Documen
ts\SE\virtual-career-fair\frontend\[39mnode_modules\[4mreact-dom[24m\cjs\
react-dom-client.development.js:12043:11[90m)[39m
    at commitPassiveUnmountEffectsInsideOfDeletedTree_begin [90m(C:\Users\k
reli\OneDrive\Documents\SE\virtual-career-fair\frontend\[39mnode_modules\[
4mreact-dom[24m\cjs\react-dom-client.development.js:14269:13[90m)[39m
    at recursivelyTraversePassiveUnmountEffects [90m(C:\Users\kreli\OneDriv
e\Documents\SE\virtual-career-fair\frontend\[39mnode_modules\[4mreact-dom
[24m\cjs\react-dom-client.development.js:14167:13[90m)[39m
    at commitPassiveUnmountOnFiber [90m(C:\Users\kreli\OneDrive\Documents\S
E\virtual-career-fair\frontend\[39mnode_modules\[4mreact-dom[24m\cjs\reac
t-dom-client.development.js:14194:11[90m)[39m
    at flushPassiveEffects [90m(C:\Users\kreli\OneDrive\Documents\SE\virtua
l-career-fair\frontend\[39mnode_modules\[4mreact-dom[24m\cjs\react-dom-cl
ient.development.js:15736:9[90m)[39m

[90mstderr[2m | src/pages/__tests__/BoothView.test.tsx[2m > 
[22m[2mBoothView[2m > [22m[2mhandles booth fetch error
[22m[39mBooth leave tracking failed: TypeError: 
__vite_ssr_import_7__.authUtils.getIdToken is not a function
    at trackStudentBoothLeave (C:/Users/kreli/OneDrive/Documents/SE/virtual-
career-fair/frontend/src/pages/BoothView.tsx:242:39)
    at C:/Users/kreli/OneDrive/Documents/SE/virtual-career-fair/frontend/src
/pages/BoothView.tsx:153:7
    at Object.react_stack_bottom_frame [90m(C:\Users\kreli\OneDrive\Documen
ts\SE\virtual-career-fair\frontend\[39mnode_modules\[4mreact-dom[24m\cjs\
react-dom-client.development.js:23965:13[90m)[39m
    at runWithFiberInDEV [90m(C:\Users\kreli\OneDrive\Documents\SE\virtual-
career-fair\frontend\[39mnode_modules\[4mreact-dom[24m\cjs\react-dom-clie
nt.development.js:1522:13[90m)[39m
    at commitHookEffectListUnmount [90m(C:\Users\kreli\OneDrive\Documents\S
E\virtual-career-fair\frontend\[39mnode_modules\[4mreact-dom[24m\cjs\reac
t-dom-client.development.js:11996:17[90m)[39m
    at commitHookPassiveUnmountEffects [90m(C:\Users\kreli\OneDrive\Documen
ts\SE\virtual-career-fair\frontend\[39mnode_modules\[4mreact-dom[24m\cjs\
react-dom-client.development.js:12043:11[90m)[39m
    at commitPassiveUnmountEffectsInsideOfDeletedTree_begin [90m(C:\Users\k
reli\OneDrive\Documents\SE\virtual-career-fair\frontend\[39mnode_modules\[
4mreact-dom[24m\cjs\react-dom-client.development.js:14269:13[90m)[39m
    at recursivelyTraversePassiveUnmountEffects [90m(C:\Users\kreli\OneDriv
e\Documents\SE\virtual-career-fair\frontend\[39mnode_modules\[4mreact-dom
[24m\cjs\react-dom-client.development.js:14167:13[90m)[39m
    at commitPassiveUnmountOnFiber [90m(C:\Users\kreli\OneDrive\Documents\S
E\virtual-career-fair\frontend\[39mnode_modules\[4mreact-dom[24m\cjs\reac
t-dom-client.development.js:14194:11[90m)[39m
    at flushPassiveEffects [90m(C:\Users\kreli\OneDrive\Documents\SE\virtua
l-career-fair\frontend\[39mnode_modules\[4mreact-dom[24m\cjs\react-dom-cl
ient.development.js:15736:9[90m)[39m

[90mstderr[2m | src/pages/__tests__/BoothView.test.tsx[2m > 
[22m[2mBoothView[2m > [22m[2mnavigates back to booths list when back 
button clicked
[22m[39mHistory tracking failed: Error: [vitest] No "setDoc" export is 
defined on the "firebase/firestore" mock. Did you forget to return it from 
"vi.mock"?
If you need to partially mock a module, you can use "importOriginal" helper 
inside:

    at VitestMocker.createError [90m(file:///C:/Users/kreli/OneDrive/Docume
nts/SE/virtual-career-fair/frontend/[39mnode_modules/[4mvitest[24m/dist/c
hunks/startModuleRunner.DEj0jb3e.js:311:17[90m)[39m
    at Object.setDoc [as get] [90m(file:///C:/Users/kreli/OneDrive/Document
s/SE/virtual-career-fair/frontend/[39mnode_modules/[4mvitest[24m/dist/chu
nks/startModuleRunner.DEj0jb3e.js:384:16[90m)[39m
    at trackBoothView (C:/Users/kreli/OneDrive/Documents/SE/virtual-career-f
air/frontend/src/utils/boothHistory.ts:28:9)
    at trackStudentBoothView (C:/Users/kreli/OneDrive/Documents/SE/virtual-c
areer-fair/frontend/src/pages/BoothView.tsx:202:15)
    at fetchBooth (C:/Users/kreli/OneDrive/Documents/SE/virtual-career-fair/
frontend/src/pages/BoothView.tsx:309:13) {
  codeFrame: [32m'vi.mock(import("firebase/firestore"), async 
(importOriginal) => {\n'[39m +
    [32m'  const actual = await importOriginal()\n'[39m +
    [32m'  return {\n'[39m +
    [32m'    ...actual,\n'[39m +
    [32m'    // your mocked methods\n'[39m +
    [32m'  }\n'[39m +
    [32m'})'[39m
}

[90mstderr[2m | src/pages/__tests__/BoothView.test.tsx[2m > 
[22m[2mBoothView[2m > [22m[2mnavigates back to booths list when back 
button clicked
[22m[39mBooth leave tracking failed: TypeError: 
__vite_ssr_import_7__.authUtils.getIdToken is not a function
    at trackStudentBoothLeave (C:/Users/kreli/OneDrive/Documents/SE/virtual-
career-fair/frontend/src/pages/BoothView.tsx:242:39)
    at C:/Users/kreli/OneDrive/Documents/SE/virtual-career-fair/frontend/src
/pages/BoothView.tsx:153:7
    at Object.react_stack_bottom_frame [90m(C:\Users\kreli\OneDrive\Documen
ts\SE\virtual-career-fair\frontend\[39mnode_modules\[4mreact-dom[24m\cjs\
react-dom-client.development.js:23965:13[90m)[39m
    at runWithFiberInDEV [90m(C:\Users\kreli\OneDrive\Documents\SE\virtual-
career-fair\frontend\[39mnode_modules\[4mreact-dom[24m\cjs\react-dom-clie
nt.development.js:1522:13[90m)[39m
    at commitHookEffectListUnmount [90m(C:\Users\kreli\OneDrive\Documents\S
E\virtual-career-fair\frontend\[39mnode_modules\[4mreact-dom[24m\cjs\reac
t-dom-client.development.js:11996:17[90m)[39m
    at commitHookPassiveUnmountEffects [90m(C:\Users\kreli\OneDrive\Documen
ts\SE\virtual-career-fair\frontend\[39mnode_modules\[4mreact-dom[24m\cjs\
react-dom-client.development.js:12043:11[90m)[39m
    at commitPassiveUnmountEffectsInsideOfDeletedTree_begin [90m(C:\Users\k
reli\OneDrive\Documents\SE\virtual-career-fair\frontend\[39mnode_modules\[
4mreact-dom[24m\cjs\react-dom-client.development.js:14269:13[90m)[39m
    at recursivelyTraversePassiveUnmountEffects [90m(C:\Users\kreli\OneDriv
e\Documents\SE\virtual-career-fair\frontend\[39mnode_modules\[4mreact-dom
[24m\cjs\react-dom-client.development.js:14167:13[90m)[39m
    at commitPassiveUnmountOnFiber [90m(C:\Users\kreli\OneDrive\Documents\S
E\virtual-career-fair\frontend\[39mnode_modules\[4mreact-dom[24m\cjs\reac
t-dom-client.development.js:14194:11[90m)[39m
    at flushPassiveEffects [90m(C:\Users\kreli\OneDrive\Documents\SE\virtua
l-career-fair\frontend\[39mnode_modules\[4mreact-dom[24m\cjs\react-dom-cl
ient.development.js:15736:9[90m)[39m

[90mstderr[2m | src/pages/__tests__/BoothView.test.tsx[2m > 
[22m[2mBoothView[2m > [22m[2mdisplays loading state while fetching jobs
[22m[39mHistory tracking failed: Error: [vitest] No "setDoc" export is 
defined on the "firebase/firestore" mock. Did you forget to return it from 
"vi.mock"?
If you need to partially mock a module, you can use "importOriginal" helper 
inside:

    at VitestMocker.createError [90m(file:///C:/Users/kreli/OneDrive/Docume
nts/SE/virtual-career-fair/frontend/[39mnode_modules/[4mvitest[24m/dist/c
hunks/startModuleRunner.DEj0jb3e.js:311:17[90m)[39m
    at Object.setDoc [as get] [90m(file:///C:/Users/kreli/OneDrive/Document
s/SE/virtual-career-fair/frontend/[39mnode_modules/[4mvitest[24m/dist/chu
nks/startModuleRunner.DEj0jb3e.js:384:16[90m)[39m
    at trackBoothView (C:/Users/kreli/OneDrive/Documents/SE/virtual-career-f
air/frontend/src/utils/boothHistory.ts:28:9)
    at trackStudentBoothView (C:/Users/kreli/OneDrive/Documents/SE/virtual-c
areer-fair/frontend/src/pages/BoothView.tsx:202:15)
    at fetchBooth (C:/Users/kreli/OneDrive/Documents/SE/virtual-career-fair/
frontend/src/pages/BoothView.tsx:309:13) {
  codeFrame: [32m'vi.mock(import("firebase/firestore"), async 
(importOriginal) => {\n'[39m +
    [32m'  const actual = await importOriginal()\n'[39m +
    [32m'  return {\n'[39m +
    [32m'    ...actual,\n'[39m +
    [32m'    // your mocked methods\n'[39m +
    [32m'  }\n'[39m +
    [32m'})'[39m
}

[90mstderr[2m | src/pages/__tests__/BoothView.test.tsx[2m > 
[22m[2mBoothView[2m > [22m[2mdisplays loading state while fetching jobs
[22m[39mAn update to BoothView inside a test was not wrapped in act(...).

When testing, code that causes React state updates should be wrapped into 
act(...):

act(() => {
  /* fire events that update state */
});
/* assert on the output */

This ensures that you're testing the behavior the user would see in the 
browser. Learn more at https://react.dev/link/wrap-tests-with-act
An update to BoothView inside a test was not wrapped in act(...).

When testing, code that causes React state updates should be wrapped into 
act(...):

act(() => {
  /* fire events that update state */
});
/* assert on the output */

This ensures that you're testing the behavior the user would see in the 
browser. Learn more at https://react.dev/link/wrap-tests-with-act
An update to NotificationBell inside a test was not wrapped in act(...).

When testing, code that causes React state updates should be wrapped into 
act(...):

act(() => {
  /* fire events that update state */
});
/* assert on the output */

This ensures that you're testing the behavior the user would see in the 
browser. Learn more at https://react.dev/link/wrap-tests-with-act
An update to NotificationBell inside a test was not wrapped in act(...).

When testing, code that causes React state updates should be wrapped into 
act(...):

act(() => {
  /* fire events that update state */
});
/* assert on the output */

This ensures that you're testing the behavior the user would see in the 
browser. Learn more at https://react.dev/link/wrap-tests-with-act

[90mstderr[2m | src/pages/__tests__/BoothView.test.tsx[2m > 
[22m[2mBoothView[2m > [22m[2mdisplays loading state while fetching jobs
[22m[39mBooth leave tracking failed: TypeError: 
__vite_ssr_import_7__.authUtils.getIdToken is not a function
    at trackStudentBoothLeave (C:/Users/kreli/OneDrive/Documents/SE/virtual-
career-fair/frontend/src/pages/BoothView.tsx:242:39)
    at C:/Users/kreli/OneDrive/Documents/SE/virtual-career-fair/frontend/src
/pages/BoothView.tsx:153:7
    at Object.react_stack_bottom_frame [90m(C:\Users\kreli\OneDrive\Documen
ts\SE\virtual-career-fair\frontend\[39mnode_modules\[4mreact-dom[24m\cjs\
react-dom-client.development.js:23965:13[90m)[39m
    at runWithFiberInDEV [90m(C:\Users\kreli\OneDrive\Documents\SE\virtual-
career-fair\frontend\[39mnode_modules\[4mreact-dom[24m\cjs\react-dom-clie
nt.development.js:1522:13[90m)[39m
    at commitHookEffectListUnmount [90m(C:\Users\kreli\OneDrive\Documents\S
E\virtual-career-fair\frontend\[39mnode_modules\[4mreact-dom[24m\cjs\reac
t-dom-client.development.js:11996:17[90m)[39m
    at commitHookPassiveUnmountEffects [90m(C:\Users\kreli\OneDrive\Documen
ts\SE\virtual-career-fair\frontend\[39mnode_modules\[4mreact-dom[24m\cjs\
react-dom-client.development.js:12043:11[90m)[39m
    at commitPassiveUnmountEffectsInsideOfDeletedTree_begin [90m(C:\Users\k
reli\OneDrive\Documents\SE\virtual-career-fair\frontend\[39mnode_modules\[
4mreact-dom[24m\cjs\react-dom-client.development.js:14269:13[90m)[39m
    at recursivelyTraversePassiveUnmountEffects [90m(C:\Users\kreli\OneDriv
e\Documents\SE\virtual-career-fair\frontend\[39mnode_modules\[4mreact-dom
[24m\cjs\react-dom-client.development.js:14167:13[90m)[39m
    at commitPassiveUnmountOnFiber [90m(C:\Users\kreli\OneDrive\Documents\S
E\virtual-career-fair\frontend\[39mnode_modules\[4mreact-dom[24m\cjs\reac
t-dom-client.development.js:14194:11[90m)[39m
    at flushPassiveEffects [90m(C:\Users\kreli\OneDrive\Documents\SE\virtua
l-career-fair\frontend\[39mnode_modules\[4mreact-dom[24m\cjs\react-dom-cl
ient.development.js:15736:9[90m)[39m

[90mstderr[2m | src/pages/__tests__/BoothView.test.tsx[2m > 
[22m[2mBoothView[2m > [22m[2mhandles non-ok response when fetching jobs
[22m[39mHistory tracking failed: Error: [vitest] No "setDoc" export is 
defined on the "firebase/firestore" mock. Did you forget to return it from 
"vi.mock"?
If you need to partially mock a module, you can use "importOriginal" helper 
inside:

    at VitestMocker.createError [90m(file:///C:/Users/kreli/OneDrive/Docume
nts/SE/virtual-career-fair/frontend/[39mnode_modules/[4mvitest[24m/dist/c
hunks/startModuleRunner.DEj0jb3e.js:311:17[90m)[39m
    at Object.setDoc [as get] [90m(file:///C:/Users/kreli/OneDrive/Document
s/SE/virtual-career-fair/frontend/[39mnode_modules/[4mvitest[24m/dist/chu
nks/startModuleRunner.DEj0jb3e.js:384:16[90m)[39m
    at trackBoothView (C:/Users/kreli/OneDrive/Documents/SE/virtual-career-f
air/frontend/src/utils/boothHistory.ts:28:9)
    at trackStudentBoothView (C:/Users/kreli/OneDrive/Documents/SE/virtual-c
areer-fair/frontend/src/pages/BoothView.tsx:202:15)
    at fetchBooth (C:/Users/kreli/OneDrive/Documents/SE/virtual-career-fair/
frontend/src/pages/BoothView.tsx:309:13) {
  codeFrame: [32m'vi.mock(import("firebase/firestore"), async 
(importOriginal) => {\n'[39m +
    [32m'  const actual = await importOriginal()\n'[39m +
    [32m'  return {\n'[39m +
    [32m'    ...actual,\n'[39m +
    [32m'    // your mocked methods\n'[39m +
    [32m'  }\n'[39m +
    [32m'})'[39m
}

[90mstderr[2m | src/pages/__tests__/BoothView.test.tsx[2m > 
[22m[2mBoothView[2m > [22m[2mhandles non-ok response when fetching jobs
[22m[39mBooth leave tracking failed: TypeError: 
__vite_ssr_import_7__.authUtils.getIdToken is not a function
    at trackStudentBoothLeave (C:/Users/kreli/OneDrive/Documents/SE/virtual-
career-fair/frontend/src/pages/BoothView.tsx:242:39)
    at C:/Users/kreli/OneDrive/Documents/SE/virtual-career-fair/frontend/src
/pages/BoothView.tsx:153:7
    at Object.react_stack_bottom_frame [90m(C:\Users\kreli\OneDrive\Documen
ts\SE\virtual-career-fair\frontend\[39mnode_modules\[4mreact-dom[24m\cjs\
react-dom-client.development.js:23965:13[90m)[39m
    at runWithFiberInDEV [90m(C:\Users\kreli\OneDrive\Documents\SE\virtual-
career-fair\frontend\[39mnode_modules\[4mreact-dom[24m\cjs\react-dom-clie
nt.development.js:1522:13[90m)[39m
    at commitHookEffectListUnmount [90m(C:\Users\kreli\OneDrive\Documents\S
E\virtual-career-fair\frontend\[39mnode_modules\[4mreact-dom[24m\cjs\reac
t-dom-client.development.js:11996:17[90m)[39m
    at commitHookPassiveUnmountEffects [90m(C:\Users\kreli\OneDrive\Documen
ts\SE\virtual-career-fair\frontend\[39mnode_modules\[4mreact-dom[24m\cjs\
react-dom-client.development.js:12043:11[90m)[39m
    at commitPassiveUnmountEffectsInsideOfDeletedTree_begin [90m(C:\Users\k
reli\OneDrive\Documents\SE\virtual-career-fair\frontend\[39mnode_modules\[
4mreact-dom[24m\cjs\react-dom-client.development.js:14269:13[90m)[39m
    at recursivelyTraversePassiveUnmountEffects [90m(C:\Users\kreli\OneDriv
e\Documents\SE\virtual-career-fair\frontend\[39mnode_modules\[4mreact-dom
[24m\cjs\react-dom-client.development.js:14167:13[90m)[39m
    at commitPassiveUnmountOnFiber [90m(C:\Users\kreli\OneDrive\Documents\S
E\virtual-career-fair\frontend\[39mnode_modules\[4mreact-dom[24m\cjs\reac
t-dom-client.development.js:14194:11[90m)[39m
    at flushPassiveEffects [90m(C:\Users\kreli\OneDrive\Documents\SE\virtua
l-career-fair\frontend\[39mnode_modules\[4mreact-dom[24m\cjs\react-dom-cl
ient.development.js:15736:9[90m)[39m

[90mstderr[2m | src/pages/__tests__/BoothView.test.tsx[2m > 
[22m[2mBoothView[2m > [22m[2mnavigates back when clicking back button 
in error state
[22m[39mBooth leave tracking failed: TypeError: 
__vite_ssr_import_7__.authUtils.getIdToken is not a function
    at trackStudentBoothLeave (C:/Users/kreli/OneDrive/Documents/SE/virtual-
career-fair/frontend/src/pages/BoothView.tsx:242:39)
    at C:/Users/kreli/OneDrive/Documents/SE/virtual-career-fair/frontend/src
/pages/BoothView.tsx:153:7
    at Object.react_stack_bottom_frame [90m(C:\Users\kreli\OneDrive\Documen
ts\SE\virtual-career-fair\frontend\[39mnode_modules\[4mreact-dom[24m\cjs\
react-dom-client.development.js:23965:13[90m)[39m
    at runWithFiberInDEV [90m(C:\Users\kreli\OneDrive\Documents\SE\virtual-
career-fair\frontend\[39mnode_modules\[4mreact-dom[24m\cjs\react-dom-clie
nt.development.js:1522:13[90m)[39m
    at commitHookEffectListUnmount [90m(C:\Users\kreli\OneDrive\Documents\S
E\virtual-career-fair\frontend\[39mnode_modules\[4mreact-dom[24m\cjs\reac
t-dom-client.development.js:11996:17[90m)[39m
    at commitHookPassiveUnmountEffects [90m(C:\Users\kreli\OneDrive\Documen
ts\SE\virtual-career-fair\frontend\[39mnode_modules\[4mreact-dom[24m\cjs\
react-dom-client.development.js:12043:11[90m)[39m
    at commitPassiveUnmountEffectsInsideOfDeletedTree_begin [90m(C:\Users\k
reli\OneDrive\Documents\SE\virtual-career-fair\frontend\[39mnode_modules\[
4mreact-dom[24m\cjs\react-dom-client.development.js:14269:13[90m)[39m
    at recursivelyTraversePassiveUnmountEffects [90m(C:\Users\kreli\OneDriv
e\Documents\SE\virtual-career-fair\frontend\[39mnode_modules\[4mreact-dom
[24m\cjs\react-dom-client.development.js:14167:13[90m)[39m
    at commitPassiveUnmountOnFiber [90m(C:\Users\kreli\OneDrive\Documents\S
E\virtual-career-fair\frontend\[39mnode_modules\[4mreact-dom[24m\cjs\reac
t-dom-client.development.js:14194:11[90m)[39m
    at flushPassiveEffects [90m(C:\Users\kreli\OneDrive\Documents\SE\virtua
l-career-fair\frontend\[39mnode_modules\[4mreact-dom[24m\cjs\react-dom-cl
ient.development.js:15736:9[90m)[39m

 [32mΓ£ô[39m src/pages/__tests__/BoothView.test.tsx [2m([22m[2m49 tests[22m[2m)[22m[33m 5783[2mms[22m[39m
     [33m[2mΓ£ô[22m[39m checks fair status on mount [33m 385[2mms[22m[39m
     [33m[2mΓ£ô[22m[39m handles starting chat with representative [33m 358[2mms[22m[39m
     [33m[2mΓ£ô[22m[39m handles chat error exception [33m 313[2mms[22m[39m
 [32mΓ£ô[39m src/pages/__tests__/JobInvitations.test.tsx [2m([22m[2m25 tests[22m[2m)[22m[33m 5950[2mms[22m[39m
     [33m[2mΓ£ô[22m[39m shows loading while fetching [33m 327[2mms[22m[39m
     [33m[2mΓ£ô[22m[39m renders invitations for student user [33m 374[2mms[22m[39m
     [33m[2mΓ£ô[22m[39m clicking View Full Details navigates to booth [33m 557[2mms[22m[39m
     [33m[2mΓ£ô[22m[39m calls status PATCH and opens applicationLink when Apply Now is clicked [33m 411[2mms[22m[39m
     [33m[2mΓ£ô[22m[39m updates status chip to Applied after Apply Now [33m 332[2mms[22m[39m
     [33m[2mΓ£ô[22m[39m filters to only viewed invitations when Viewed tab is clicked [33m 385[2mms[22m[39m
     [33m[2mΓ£ô[22m[39m filters to only applied invitations when Applied tab is clicked [33m 356[2mms[22m[39m
     [33m[2mΓ£ô[22m[39m shows all invitations when All tab is selected after filtering [33m 511[2mms[22m[39m
[90mstdout[2m | src/pages/__tests__/ChatPage.test.tsx[2m > [22m[2mChatPage[2m > [22m[2mAuthentication[2m > [22m[2mredirects to home if user is not authenticated
[22m[39mNo Firebase user, disconnecting Stream

[90mstderr[2m | src/pages/__tests__/TailoredResumeViewPage.test.tsx[2m > 
[22m[2mTailoredResumeViewPage[2m > [22m[2mshows error state when fetch 
fails
[22m[39mError loading resume: Error: Failed to load tailored resume
    at loadResume (C:/Users/kreli/OneDrive/Documents/SE/virtual-career-fair/
frontend/src/pages/TailoredResumeViewPage.tsx:61:15)

[90mstderr[2m | src/pages/__tests__/TailoredResumeViewPage.test.tsx[2m > 
[22m[2mTailoredResumeViewPage[2m > [22m[2mnavigates back from error 
state
[22m[39mError loading resume: Error: Failed to load tailored resume
    at loadResume (C:/Users/kreli/OneDrive/Documents/SE/virtual-career-fair/
frontend/src/pages/TailoredResumeViewPage.tsx:61:15)

[90mstdout[2m | src/pages/__tests__/TailoredResumeViewPage.test.tsx[2m > [22m[2mTailoredResumeViewPage[2m > [22m[2mrenders plain-text format resume
[22m[39m[TAILORED VIEW] Loaded resume data: {
  data: {
    id: [32m'resume123'[39m,
    jobContext: {
      jobTitle: [32m'Frontend Engineer'[39m,
      jobDescription: [32m'Build React apps at scale.'[39m,
      requiredSkills: [32m'React, TypeScript'[39m
    },
    tailoredText: [32m'My tailored resume text.'[39m,
    structured: [1mnull[22m,
    studentNotes: [32m'Some notes'[39m,
    createdAt: { toMillis: [36m[Function: toMillis][39m },
    status: [32m'active'[39m,
    acceptedPatches: [ [36m[Object][39m ],
    changesCount: [33m3[39m,
    method: [32m'change-approval'[39m
  }
}

[90mstdout[2m | src/pages/__tests__/TailoredResumeViewPage.test.tsx[2m > [22m[2mTailoredResumeViewPage[2m > [22m[2mshows change-approval banner with count
[22m[39m[TAILORED VIEW] Loaded resume data: {
  data: {
    id: [32m'resume123'[39m,
    jobContext: {
      jobTitle: [32m'Frontend Engineer'[39m,
      jobDescription: [32m'Build React apps at scale.'[39m,
      requiredSkills: [32m'React, TypeScript'[39m
    },
    tailoredText: [32m'My tailored resume text.'[39m,
    structured: [1mnull[22m,
    studentNotes: [32m'Some notes'[39m,
    createdAt: { toMillis: [36m[Function: toMillis][39m },
    status: [32m'active'[39m,
    acceptedPatches: [ [36m[Object][39m ],
    changesCount: [33m3[39m,
    method: [32m'change-approval'[39m
  }
}

[90mstderr[2m | src/components/__tests__/NotificationBell.test.tsx[2m > 
[22m[2mNotificationBell[2m > [22m[2mInvitation list[2m > 
[22m[2mrenders invitation job name and company
[22m[39mIn HTML, <div> cannot be a descendant of <p>.
This will cause a hydration error.

  ...
    <MuiList-root as="ul" className="MuiList-ro..." ref={function} 
ownerState={{role:"menu", ...}} role="menu" ...>
      <Insertion>
      <ul className="MuiList-ro..." role="menu" onKeyDown={function 
handleKeyDown} tabIndex={-1} ref={function}>
        <Box>
        <Divider>
        <MenuItem onClick={function handleInvitationClick} 
sx={{py:1.5,px:2, ...}}>
          <MuiMenuItem-root ref={function} role="menuitem" tabIndex={-1} 
component="li" focusVisibleClassName="" ...>
            <Insertion>
            <ButtonBase role="menuitem" tabIndex={-1} component="li" 
focusVisibleClassName="" className="MuiMenuIte..." ...>
              <MuiButtonBase-root as="li" className="MuiButtonB..." 
ownerState={{role:"menu...", ...}} onBlur={function} ...>
                <Insertion>
                <li className="MuiButtonB..." onBlur={function} 
onClick={function handleInvitationClick} ...>
                  <WorkIcon>
                  <ListItemText primary={<ForwardRef(Typography)>} 
secondary={<ForwardRef(Box)>}>
                    <MuiListItemText-root className="MuiListIte..." 
ref={null} ownerState={{primary:true, ...}}>
                      <Insertion>
                      <div className="MuiListIte...">
                        <Typography>
                        <Typography variant="body2" color="textSecondary" 
className="MuiListIte..." ref={null} ...>
                          <MuiTypography-root as="p" ref={null} 
className="MuiTypogra..." ...>
                            <Insertion>
>                           <p
>                             className="MuiTypography-root 
MuiTypography-body2 MuiListItemText-secondary css-1a1whku-..."
>                             style={{}}
>                           >
                              ...
                                <div className="MuiBox-roo...">
                                  <Typography variant="caption" 
color="text.secon..." component="div">
                                    <MuiTypography-root as="div" ref={null} 
className="MuiTypogra..." ...>
                                      <Insertion>
>                                     <div
>                                       className="MuiTypography-root 
MuiTypography-caption css-1374baf-MuiTypography-..."
>                                       style={{}}
>                                     >
                                  ...
                  ...
        ...

<p> cannot contain a nested <div>.
See this log for the ancestor stack trace.

[90mstdout[2m | src/pages/__tests__/TailoredResumeViewPage.test.tsx[2m > [22m[2mTailoredResumeViewPage[2m > [22m[2mrenders structured format resume
[22m[39m[TAILORED VIEW] Loaded resume data: {
  data: {
    id: [32m'resume123'[39m,
    jobContext: {
      jobTitle: [32m'Backend Engineer'[39m,
      jobDescription: [32m'Build Node APIs.'[39m
    },
    tailoredText: [1mnull[22m,
    structured: {
      summary: [36m[Object][39m,
      skills: [36m[Object][39m,
      experience: [],
      projects: []
    },
    studentNotes: [32m''[39m,
    createdAt: { toMillis: [36m[Function: toMillis][39m },
    status: [32m'active'[39m,
    acceptedPatches: [],
    method: [1mnull[22m
  }
}

[90mstdout[2m | src/pages/__tests__/TailoredResumeViewPage.test.tsx[2m > [22m[2mTailoredResumeViewPage[2m > [22m[2mshows job context section
[22m[39m[TAILORED VIEW] Loaded resume data: {
  data: {
    id: [32m'resume123'[39m,
    jobContext: {
      jobTitle: [32m'Frontend Engineer'[39m,
      jobDescription: [32m'Build React apps at scale.'[39m,
      requiredSkills: [32m'React, TypeScript'[39m
    },
    tailoredText: [32m'My tailored resume text.'[39m,
    structured: [1mnull[22m,
    studentNotes: [32m'Some notes'[39m,
    createdAt: { toMillis: [36m[Function: toMillis][39m },
    status: [32m'active'[39m,
    acceptedPatches: [ [36m[Object][39m ],
    changesCount: [33m3[39m,
    method: [32m'change-approval'[39m
  }
}

[90mstdout[2m | src/pages/__tests__/TailoredResumeViewPage.test.tsx[2m > [22m[2mTailoredResumeViewPage[2m > [22m[2mshows notes in non-editing mode (disabled)
[22m[39m[TAILORED VIEW] Loaded resume data: {
  data: {
    id: [32m'resume123'[39m,
    jobContext: {
      jobTitle: [32m'Frontend Engineer'[39m,
      jobDescription: [32m'Build React apps at scale.'[39m,
      requiredSkills: [32m'React, TypeScript'[39m
    },
    tailoredText: [32m'My tailored resume text.'[39m,
    structured: [1mnull[22m,
    studentNotes: [32m'Some notes'[39m,
    createdAt: { toMillis: [36m[Function: toMillis][39m },
    status: [32m'active'[39m,
    acceptedPatches: [ [36m[Object][39m ],
    changesCount: [33m3[39m,
    method: [32m'change-approval'[39m
  }
}

[90mstdout[2m | src/pages/__tests__/TailoredResumeViewPage.test.tsx[2m > [22m[2mTailoredResumeViewPage[2m > [22m[2menables editing when Edit button clicked (plain text)
[22m[39m[TAILORED VIEW] Loaded resume data: {
  data: {
    id: [32m'resume123'[39m,
    jobContext: {
      jobTitle: [32m'Frontend Engineer'[39m,
      jobDescription: [32m'Build React apps at scale.'[39m,
      requiredSkills: [32m'React, TypeScript'[39m
    },
    tailoredText: [32m'My tailored resume text.'[39m,
    structured: [1mnull[22m,
    studentNotes: [32m'Some notes'[39m,
    createdAt: { toMillis: [36m[Function: toMillis][39m },
    status: [32m'active'[39m,
    acceptedPatches: [ [36m[Object][39m ],
    changesCount: [33m3[39m,
    method: [32m'change-approval'[39m
  }
}

[90mstdout[2m | src/pages/__tests__/TailoredResumeViewPage.test.tsx[2m > [22m[2mTailoredResumeViewPage[2m > [22m[2mcancels editing and returns to view mode
[22m[39m[TAILORED VIEW] Loaded resume data: {
  data: {
    id: [32m'resume123'[39m,
    jobContext: {
      jobTitle: [32m'Frontend Engineer'[39m,
      jobDescription: [32m'Build React apps at scale.'[39m,
      requiredSkills: [32m'React, TypeScript'[39m
    },
    tailoredText: [32m'My tailored resume text.'[39m,
    structured: [1mnull[22m,
    studentNotes: [32m'Some notes'[39m,
    createdAt: { toMillis: [36m[Function: toMillis][39m },
    status: [32m'active'[39m,
    acceptedPatches: [ [36m[Object][39m ],
    changesCount: [33m3[39m,
    method: [32m'change-approval'[39m
  }
}

[90mstdout[2m | src/pages/__tests__/TailoredResumeViewPage.test.tsx[2m > [22m[2mTailoredResumeViewPage[2m > [22m[2msaves edits successfully and shows success message
[22m[39m[TAILORED VIEW] Loaded resume data: {
  data: {
    id: [32m'resume123'[39m,
    jobContext: {
      jobTitle: [32m'Frontend Engineer'[39m,
      jobDescription: [32m'Build React apps at scale.'[39m,
      requiredSkills: [32m'React, TypeScript'[39m
    },
    tailoredText: [32m'My tailored resume text.'[39m,
    structured: [1mnull[22m,
    studentNotes: [32m'Some notes'[39m,
    createdAt: { toMillis: [36m[Function: toMillis][39m },
    status: [32m'active'[39m,
    acceptedPatches: [ [36m[Object][39m ],
    changesCount: [33m3[39m,
    method: [32m'change-approval'[39m
  }
}

 [32mΓ£ô[39m src/pages/__tests__/InviteCodeManager.test.tsx [2m([22m[2m19 tests[22m[2m)[22m[33m 3501[2mms[22m[39m
     [33m[2mΓ£ô[22m[39m redirects to dashboard when user is not a company [33m 325[2mms[22m[39m
     [33m[2mΓ£ô[22m[39m displays back button that navigates to dashboard [33m 509[2mms[22m[39m
[90mstdout[2m | src/pages/__tests__/TailoredResumeViewPage.test.tsx[2m > [22m[2mTailoredResumeViewPage[2m > [22m[2mshows error when save fails
[22m[39m[TAILORED VIEW] Loaded resume data: {
  data: {
    id: [32m'resume123'[39m,
    jobContext: {
      jobTitle: [32m'Frontend Engineer'[39m,
      jobDescription: [32m'Build React apps at scale.'[39m,
      requiredSkills: [32m'React, TypeScript'[39m
    },
    tailoredText: [32m'My tailored resume text.'[39m,
    structured: [1mnull[22m,
    studentNotes: [32m'Some notes'[39m,
    createdAt: { toMillis: [36m[Function: toMillis][39m },
    status: [32m'active'[39m,
    acceptedPatches: [ [36m[Object][39m ],
    changesCount: [33m3[39m,
    method: [32m'change-approval'[39m
  }
}

 [32mΓ£ô[39m src/components/__tests__/JobApplicationFormDialog.test.tsx [2m([22m[2m23 tests[22m[2m)[22m[33m 3111[2mms[22m[39m
       [33m[2mΓ£ô[22m[39m renders the form title in dialog header [33m 338[2mms[22m[39m
       [33m[2mΓ£ô[22m[39m updates shortText field value on input [33m 306[2mms[22m[39m
       [33m[2mΓ£ô[22m[39m updates longText field value on input [33m 629[2mms[22m[39m
       [33m[2mΓ£ô[22m[39m enables Submit button when all required fields are filled [33m 322[2mms[22m[39m
[90mstderr[2m | src/pages/__tests__/TailoredResumeViewPage.test.tsx[2m > 
[22m[2mTailoredResumeViewPage[2m > [22m[2mshows error when save fails
[22m[39mError saving edits: Error: Failed to save edits
    at handleSaveEdits (C:/Users/kreli/OneDrive/Documents/SE/virtual-career-
fair/frontend/src/pages/TailoredResumeViewPage.tsx:152:15)

[90mstdout[2m | src/pages/__tests__/TailoredResumeViewPage.test.tsx[2m > [22m[2mTailoredResumeViewPage[2m > [22m[2mtriggers download when Download button clicked
[22m[39m[TAILORED VIEW] Loaded resume data: {
  data: {
    id: [32m'resume123'[39m,
    jobContext: {
      jobTitle: [32m'Frontend Engineer'[39m,
      jobDescription: [32m'Build React apps at scale.'[39m,
      requiredSkills: [32m'React, TypeScript'[39m
    },
    tailoredText: [32m'My tailored resume text.'[39m,
    structured: [1mnull[22m,
    studentNotes: [32m'Some notes'[39m,
    createdAt: { toMillis: [36m[Function: toMillis][39m },
    status: [32m'active'[39m,
    acceptedPatches: [ [36m[Object][39m ],
    changesCount: [33m3[39m,
    method: [32m'change-approval'[39m
  }
}

[90mstdout[2m | src/pages/__tests__/TailoredResumeViewPage.test.tsx[2m > [22m[2mTailoredResumeViewPage[2m > [22m[2mnavigates back to resumes list from header back button
[22m[39m[TAILORED VIEW] Loaded resume data: {
  data: {
    id: [32m'resume123'[39m,
    jobContext: {
      jobTitle: [32m'Frontend Engineer'[39m,
      jobDescription: [32m'Build React apps at scale.'[39m,
      requiredSkills: [32m'React, TypeScript'[39m
    },
    tailoredText: [32m'My tailored resume text.'[39m,
    structured: [1mnull[22m,
    studentNotes: [32m'Some notes'[39m,
    createdAt: { toMillis: [36m[Function: toMillis][39m },
    status: [32m'active'[39m,
    acceptedPatches: [ [36m[Object][39m ],
    changesCount: [33m3[39m,
    method: [32m'change-approval'[39m
  }
}

 [32mΓ£ô[39m src/pages/__tests__/TailoredResumeViewPage.test.tsx [2m([22m[2m15 tests[22m[2m)[22m[33m 2386[2mms[22m[39m
     [33m[2mΓ£ô[22m[39m cancels editing and returns to view mode [33m 309[2mms[22m[39m
     [33m[2mΓ£ô[22m[39m saves edits successfully and shows success message [33m 392[2mms[22m[39m
 [32mΓ£ô[39m src/components/__tests__/NotificationBell.test.tsx [2m([22m[2m24 tests[22m[2m)[22m[33m 3004[2mms[22m[39m
       [33m[2mΓ£ô[22m[39m opens the menu when bell is clicked (handleClick) [33m 351[2mms[22m[39m
       [33m[2mΓ£ô[22m[39m navigates to job-invitations and closes menu when invitation is clicked (handleInvitationClick) [33m 318[2mms[22m[39m
 [32mΓ£ô[39m src/pages/__tests__/ChatPage.test.tsx [2m([22m[2m33 tests[22m[2m)[22m[33m 3432[2mms[22m[39m
       [33m[2mΓ£ô[22m[39m sends message when user types and presses Enter [33m 321[2mms[22m[39m
       [33m[2mΓ£ô[22m[39m adds newline when Alt+Enter is pressed [33m 320[2mms[22m[39m
       [33m[2mΓ£ô[22m[39m adjusts textarea height on input [33m 609[2mms[22m[39m
[90mstderr[2m | src/pages/__tests__/TailoredResumesPage.test.tsx[2m > 
[22m[2mTailoredResumesPage[2m > [22m[2mshows error alert when fetch 
fails
[22m[39mError loading resumes: Error: Failed to fetch tailored resumes
    at loadResumes (C:/Users/kreli/OneDrive/Documents/SE/virtual-career-fair
/frontend/src/pages/TailoredResumesPage.tsx:78:15)

[90mstderr[2m | src/pages/__tests__/TailoredResumesPage.test.tsx[2m > 
[22m[2mTailoredResumesPage[2m > [22m[2mshows error when delete fails
[22m[39mError deleting resume: Error: Failed to delete resume
    at handleDelete (C:/Users/kreli/OneDrive/Documents/SE/virtual-career-fai
r/frontend/src/pages/TailoredResumesPage.tsx:113:15)

 [32mΓ£ô[39m src/pages/__tests__/TailoredResumesPage.test.tsx [2m([22m[2m15 tests[22m[2m)[22m[33m 2527[2mms[22m[39m
     [33m[2mΓ£ô[22m[39m shows loading spinner initially [33m 310[2mms[22m[39m
     [33m[2mΓ£ô[22m[39m cancels delete dialog without deleting [33m 498[2mms[22m[39m
 [32mΓ£ô[39m src/components/__tests__/ChatHeader.test.tsx [2m([22m[2m23 tests[22m[2m)[22m[33m 1405[2mms[22m[39m
     [33m[2mΓ£ô[22m[39m renders the back button when onBack is provided [33m 319[2mms[22m[39m
 [32mΓ£ô[39m src/pages/__tests__/SubmissionsPage.test.tsx [2m([22m[2m16 tests[22m[2m)[22m[33m 3136[2mms[22m[39m
       [33m[2mΓ£ô[22m[39m renders the page title [33m 454[2mms[22m[39m
       [33m[2mΓ£ô[22m[39m back button navigates to company page [33m 550[2mms[22m[39m
 [32mΓ£ô[39m src/pages/__tests__/EmailVerificationPending.test.tsx [2m([22m[2m9 tests[22m[2m)[22m[33m 2185[2mms[22m[39m
     [33m[2mΓ£ô[22m[39m renders verification pending page [33m 308[2mms[22m[39m
     [33m[2mΓ£ô[22m[39m navigates to dashboard on successful verification [33m 467[2mms[22m[39m
 [32mΓ£ô[39m src/pages/__tests__/RoleSelection.test.tsx [2m([22m[2m24 tests[22m[2m)[22m[33m 2473[2mms[22m[39m
       [33m[2mΓ£ô[22m[39m navigates to /register when Register button is clicked [33m 419[2mms[22m[39m
 [32mΓ£ô[39m src/hooks/__tests__/useApi.test.tsx [2m([22m[2m17 tests[22m[2m)[22m[33m 1181[2mms[22m[39m
 [32mΓ£ô[39m src/contexts/__tests__/FairContext.test.tsx [2m([22m[2m9 tests[22m[2m)[22m[33m 646[2mms[22m[39m
 [32mΓ£ô[39m src/pages/__tests__/ProfileMenu.test.tsx [2m([22m[2m4 tests[22m[2m)[22m[33m 974[2mms[22m[39m
     [33m[2mΓ£ô[22m[39m opens menu on avatar click [33m 410[2mms[22m[39m
 [32mΓ£ô[39m src/components/__tests__/EventList.test.tsx [2m([22m[2m13 tests[22m[2m)[22m[33m 856[2mms[22m[39m
 [31mΓ¥»[39m src/pages/__tests__/Register.test.tsx [2m([22m[2m31 tests[22m[2m | [22m[31m6 failed[39m[2m)[22m[33m 93220[2mms[22m[39m
     [33m[2mΓ£ô[22m[39m renders the register form [33m 1241[2mms[22m[39m
     [32mΓ£ô[39m displays role selection dropdown[32m 248[2mms[22m[39m
     [32mΓ£ô[39m requires role selection before registration[32m 283[2mms[22m[39m
     [33m[2mΓ£ô[22m[39m renders student-specific fields when student role is selected [33m 1046[2mms[22m[39m
     [33m[2mΓ£ô[22m[39m renders representative-specific fields when representative role is selected [33m 1021[2mms[22m[39m
     [33m[2mΓ£ô[22m[39m renders company owner fields when company owner role is selected [33m 865[2mms[22m[39m
     [33m[2mΓ£ô[22m[39m validates password match [33m 8533[2mms[22m[39m
     [33m[2mΓ£ô[22m[39m validates password length [33m 6423[2mms[22m[39m
     [33m[2mΓ£ô[22m[39m requires first and last name for all roles [33m 849[2mms[22m[39m
     [32mΓ£ô[39m disables Google register button when no role is selected[32m 273[2mms[22m[39m
     [33m[2mΓ£ô[22m[39m shows an error when submitting without a role [33m 595[2mms[22m[39m
     [33m[2mΓ£ô[22m[39m shows an error when required fields are missing [33m 1176[2mms[22m[39m
     [33m[2mΓ£ô[22m[39m shows an error when first or last name is missing [33m 5983[2mms[22m[39m
     [33m[2mΓ£ô[22m[39m enables Google register button when role is selected [33m 618[2mms[22m[39m
     [33m[2mΓ£ô[22m[39m calls registerUser on form submission [33m 6074[2mms[22m[39m
     [32mΓ£ô[39m displays link to login page[32m 140[2mms[22m[39m
     [32mΓ£ô[39m displays link to home page[32m 160[2mms[22m[39m
     [33m[2mΓ£ô[22m[39m validates email is required [33m 591[2mms[22m[39m
     [33m[2mΓ£ô[22m[39m validates representative invite code is optional [33m 5856[2mms[22m[39m
     [33m[2mΓ£ô[22m[39m includes representative invite code when provided [33m 7630[2mms[22m[39m
     [33m[2mΓ£ô[22m[39m handles registration error [33m 5666[2mms[22m[39m
[31m     [31m├ù[31m redirects to verification-pending when needsVerification is true[39m[33m 5056[2mms[22m[39m
[31m     [31m├ù[31m includes student school when provided[39m[33m 10008[2mms[22m[39m
[31m     [31m├ù[31m registers company owner successfully[39m[33m 5066[2mms[22m[39m
     [32mΓ£ô[39m handles Google register click when no role is selected[32m 230[2mms[22m[39m
     [33m[2mΓ£ô[22m[39m calls loginWithGoogle when Google register is clicked [33m 683[2mms[22m[39m
[31m     [31m├ù[31m opens profile dialog and saves Google profile details[39m[33m 5030[2mms[22m[39m
     [33m[2mΓ£ô[22m[39m shows an error when Google registration fails [33m 786[2mms[22m[39m
     [33m[2mΓ£ô[22m[39m handles Google registration exceptions [33m 930[2mms[22m[39m
[31m     [31m├ù[31m syncs user to Stream Chat on successful registration[39m[33m 5118[2mms[22m[39m
[31m     [31m├ù[31m shows error for invalid role[39m[33m 5035[2mms[22m[39m
 [32mΓ£ô[39m src/pages/__tests__/FairBoothView.test.tsx [2m([22m[2m8 tests[22m[2m)[22m[33m 1040[2mms[22m[39m
 [32mΓ£ô[39m src/pages/__tests__/VerifyEmail.test.tsx [2m([22m[2m4 tests[22m[2m)[22m[33m 666[2mms[22m[39m
     [33m[2mΓ£ô[22m[39m renders email verification page [33m 338[2mms[22m[39m
 [32mΓ£ô[39m src/pages/__tests__/FairBooths.test.tsx [2m([22m[2m5 tests[22m[2m)[22m[33m 708[2mms[22m[39m
     [33m[2mΓ£ô[22m[39m shows loading spinner while fairLoading is true [33m 341[2mms[22m[39m
 [32mΓ£ô[39m src/contexts/__tests__/AuthContext.test.tsx [2m([22m[2m13 tests[22m[2m)[22m[33m 358[2mms[22m[39m
 [32mΓ£ô[39m src/__tests__/BoothView.integration.test.tsx [2m([22m[2m26 tests[22m[2m)[22m[33m 621[2mms[22m[39m
 [32mΓ£ô[39m src/__tests__/Company.integration.test.tsx [2m([22m[2m34 tests[22m[2m)[22m[33m 521[2mms[22m[39m
 [32mΓ£ô[39m src/__tests__/BoothVisitorsPage.test.tsx [2m([22m[2m30 tests[22m[2m)[22m[33m 1047[2mms[22m[39m
 [32mΓ£ô[39m src/providers/__tests__/QueryProvider.test.tsx [2m([22m[2m7 tests[22m[2m)[22m[33m 385[2mms[22m[39m
 [32mΓ£ô[39m src/components/__tests__/MessageList.test.tsx [2m([22m[2m9 tests[22m[2m)[22m[32m 244[2mms[22m[39m
 [32mΓ£ô[39m src/components/__tests__/ChatSidebar.test.tsx [2m([22m[2m9 tests[22m[2m)[22m[32m 233[2mms[22m[39m
 [32mΓ£ô[39m src/utils/__tests__/auth.test.ts [2m([22m[2m70 tests[22m[2m)[22m[32m 131[2mms[22m[39m
 [32mΓ£ô[39m src/__tests__/FairBoothView.integration.test.tsx [2m([22m[2m34 tests[22m[2m)[22m[33m 535[2mms[22m[39m
 [32mΓ£ô[39m src/utils/__tests__/boothHistory.test.ts [2m([22m[2m17 tests[22m[2m)[22m[32m 34[2mms[22m[39m
 [32mΓ£ô[39m src/utils/__tests__/resumeFormatter.test.ts [2m([22m[2m28 tests[22m[2m)[22m[32m 24[2mms[22m[39m
 [32mΓ£ô[39m src/utils/__tests__/streamAuth.test.ts [2m([22m[2m8 tests[22m[2m)[22m[32m 23[2mms[22m[39m
 [32mΓ£ô[39m src/components/__tests__/PageHeader.test.tsx [2m([22m[2m3 tests[22m[2m)[22m[32m 152[2mms[22m[39m
 [32mΓ£ô[39m src/utils/__tests__/fairStatus.test.ts [2m([22m[2m7 tests[22m[2m)[22m[32m 17[2mms[22m[39m
 [32mΓ£ô[39m src/__tests__/App.test.tsx [2m([22m[2m6 tests[22m[2m)[22m[32m 143[2mms[22m[39m
 [32mΓ£ô[39m src/__tests__/StudentProfilePage.simple.test.tsx [2m([22m[2m10 tests[22m[2m)[22m[32m 16[2mms[22m[39m
 [32mΓ£ô[39m src/__tests__/firebase.test.ts [2m([22m[2m9 tests[22m[2m)[22m[32m 13[2mms[22m[39m
 [32mΓ£ô[39m src/utils/__tests__/chat.test.ts [2m([22m[2m2 tests[22m[2m)[22m[32m 13[2mms[22m[39m
 [32mΓ£ô[39m src/__tests__/FairBoothView.simple.test.tsx [2m([22m[2m11 tests[22m[2m)[22m[32m 13[2mms[22m[39m
 [32mΓ£ô[39m src/utils/__tests__/streamClient.test.ts [2m([22m[2m4 tests[22m[2m)[22m[32m 8[2mms[22m[39m
 [32mΓ£ô[39m src/__tests__/BoothView.simple.test.tsx [2m([22m[2m10 tests[22m[2m)[22m[32m 9[2mms[22m[39m
 [32mΓ£ô[39m src/__tests__/Company.simple.test.tsx [2m([22m[2m10 tests[22m[2m)[22m[32m 9[2mms[22m[39m
 [32mΓ£ô[39m src/__tests__/config.test.ts [2m([22m[2m3 tests[22m[2m)[22m[32m 5[2mms[22m[39m
