node.exe : npm warn config optional Use `--omit=optional` to exclude 
optional dependencies, or
At line:1 char:1
+ & "C:\Program Files\nodejs/node.exe" "C:\Program Files\nodejs/node_mo ...
+ ~~~~~~~~~~~~~~~~~~~~~~~~~~~~~~~~~~~~~~~~~~~~~~~~~~~~~~~~~~~~~~~~~~~~~
    + CategoryInfo          : NotSpecified: (npm warn config...ependencies, 
    or:String) [], RemoteException
    + FullyQualifiedErrorId : NativeCommandError
 
npm warn config `--include=optional` to include them.
npm warn config
npm warn config       Default value does install optional deps unless 
otherwise omitted.

> frontend@0.0.0 test
> vitest run BoothVisitorsPage.test.tsx --run


[1m[46m RUN [49m[22m [36mv4.0.18 [39m[90mC:/Users/kreli/OneDrive/Documents/SE/virtual-career-fair/frontend[39m

[baseline-browser-mapping] The data in this module is over two months old.  
To ensure accurate Baseline data, please update: `npm i 
baseline-browser-mapping@latest -D`
 [31mΓ¥»[39m src/__tests__/BoothVisitorsPage.test.tsx [2m([22m[2m33 tests[22m[2m | [22m[31m2 failed[39m[2m)[22m[33m 3638[2mms[22m[39m
       [32mΓ£ô[39m redirects to /company when boothId is missing[32m 6[2mms[22m[39m
       [32mΓ£ô[39m shows loading state on initial load[32m 150[2mms[22m[39m
       [32mΓ£ô[39m shows error when booth fetch fails[32m 77[2mms[22m[39m
       [32mΓ£ô[39m shows booth not found error when booth doesn't exist in Firestore[32m 15[2mms[22m[39m
       [32mΓ£ô[39m fetches booth data on component mount[32m 217[2mms[22m[39m
       [32mΓ£ô[39m displays booth header with company name and location[32m 219[2mms[22m[39m
       [32mΓ£ô[39m displays visitor list with correct columns[32m 1[2mms[22m[39m
       [32mΓ£ô[39m shows 'Currently Viewing' indicator for active visitors[32m 0[2mms[22m[39m
       [32mΓ£ô[39m displays empty state when no visitors[32m 118[2mms[22m[39m
       [32mΓ£ô[39m applies filter=current parameter when 'Currently Viewing' is selected[32m 0[2mms[22m[39m
       [32mΓ£ô[39m applies major filter when major dropdown is selected[32m 3[2mms[22m[39m
       [32mΓ£ô[39m searches by student name[32m 3[2mms[22m[39m
       [32mΓ£ô[39m sorts by recent (default)[32m 9[2mms[22m[39m
       [32mΓ£ô[39m sorts by name[32m 0[2mms[22m[39m
       [32mΓ£ô[39m sorts by view count[32m 0[2mms[22m[39m
[31m       [31m├ù[31m formats Firestore Timestamp with toMillis function[39m[33m 1032[2mms[22m[39m
       [32mΓ£ô[39m handles timestamp with _seconds and _nanoseconds format[32m 120[2mms[22m[39m
       [32mΓ£ô[39m handles timestamp with seconds and nanoseconds format[32m 110[2mms[22m[39m
       [32mΓ£ô[39m handles ISO string timestamps[32m 79[2mms[22m[39m
       [32mΓ£ô[39m handles numeric millisecond timestamps[32m 114[2mms[22m[39m
       [32mΓ£ô[39m returns N/A for invalid timestamps[32m 77[2mms[22m[39m
       [32mΓ£ô[39m opens profile dialog when 'View Profile' button is clicked[32m 6[2mms[22m[39m
       [32mΓ£ô[39m displays StudentProfileCard in dialog[32m 0[2mms[22m[39m
       [32mΓ£ô[39m refetches visitor list every 5 seconds[32m 11[2mms[22m[39m
       [32mΓ£ô[39m clears interval on component unmount[32m 2[2mms[22m[39m
[31m       [31m├ù[31m handles fetch error gracefully[39m[33m 1027[2mms[22m[39m
       [32mΓ£ô[39m displays back button in error state[32m 13[2mms[22m[39m
       [32mΓ£ô[39m navigates back to companies page when back button is clicked[32m 14[2mms[22m[39m
       [32mΓ£ô[39m constructs API URL with all filter parameters[32m 93[2mms[22m[39m
       [32mΓ£ô[39m includes Authorization header in API request[32m 79[2mms[22m[39m
       [32mΓ£ô[39m handles missing token gracefully[32m 12[2mms[22m[39m
       [32mΓ£ô[39m handles fetch error when loading visitors[32m 12[2mms[22m[39m
       [32mΓ£ô[39m handles bad response status when fetching visitors[32m 11[2mms[22m[39m

[31mΓÄ»ΓÄ»ΓÄ»ΓÄ»ΓÄ»ΓÄ»ΓÄ»[39m[1m[41m Failed Tests 2 
[49m[22m[31mΓÄ»ΓÄ»ΓÄ»ΓÄ»ΓÄ»ΓÄ»ΓÄ»[39m

[41m[1m FAIL [22m[49m src/__tests__/BoothVisitorsPage.test.tsx[2m > 
[22mBoothVisitorsPage[2m > [22mTimestamp Formatting[2m > [22mformats 
Firestore Timestamp with toMillis function
[31m[1mError[22m: 
[2mexpect([22m[31mreceived[31m[2m).toBeInTheDocument()[22m

[31mreceived[31m value must be an HTMLElement or an SVGElement.
Received has type:  Null
Received has value: [31mnull[31m

Ignored nodes: comments, script, style
[36m<html>[31m
  [36m<head>[31m
    [36m<meta[31m
      [33mcontent[31m=[32m""[31m
      [33mname[31m=[32m"emotion-insertion-point"[31m
    [36m/>[31m
  [36m</head>[31m
  [36m<body>[31m
    [36m<div>[31m
      [36m<div[31m
        [33mclass[31m=[32m"MuiBox-root css-3ox5"[31m
      [36m>[31m
        [36m<div[31m
          [33mclass[31m=[32m"MuiPaper-root MuiPaper-elevation 
MuiPaper-rounded MuiPaper-elevation1 MuiCard-root 
css-19ikof8-MuiPaper-root-MuiCard-root"[31m
          [33mstyle[31m=[32m"--Paper-shadow: 0px 2px 1px -1px 
rgba(0,0,0,0.2),0px 1px 1px 0px rgba(0,0,0,0.14),0px 1px 3px 0px 
rgba(0,0,0,0.12);"[31m
        [36m>[31m
          [36m<div[31m
            [33mclass[31m=[32m"MuiPaper-root MuiPaper-elevation 
MuiPaper-rounded MuiPaper-elevation0 MuiAlert-root MuiAlert-colorError 
MuiAlert-standardError MuiAlert-standard 
css-6js25r-MuiPaper-root-MuiAlert-root"[31m
            [33mrole[31m=[32m"alert"[31m
            [33mstyle[31m=[32m"--Paper-shadow: none;"[31m
          [36m>[31m
            [36m<div[31m
              [33mclass[31m=[32m"MuiAlert-icon 
css-vab54s-MuiAlert-icon"[31m
            [36m>[31m
              [36m<svg[31m
                [33maria-hidden[31m=[32m"true"[31m
                [33mclass[31m=[32m"MuiSvgIcon-root 
MuiSvgIcon-fontSizeInherit css-1ckov0h-MuiSvgIcon-root"[31m
                [33mdata-testid[31m=[32m"ErrorOutlineIcon"[31m
                [33mfocusable[31m=[32m"false"[31m
                [33mviewBox[31m=[32m"0 0 24 24"[31m
              [36m>[31m
                [36m<path[31m
                  [33md[31m=[32m"M11 15h2v2h-2zm0-8h2v6h-2zm.99-5C6.47 2 
2 6.48 2 12s4.47 10 9.99 10C17.52 22 22 17.52 22 12S17.52 2 11.99 2zM12 
20c-4.42 0-8-3.58-8-8s3.58-8 8-8 8 3.58 8 8-3.58 8-8 8z"[31m
                [36m/>[31m
              [36m</svg>[31m
            [36m</div>[31m
            [36m<div[31m
              [33mclass[31m=[32m"MuiAlert-message 
css-zioonp-MuiAlert-message"[31m
            [36m>[31m
              [0mFailed to load booth visitors[0m
            [36m</div>[31m
          [36m</div>[31m
          [36m<button[31m
            [33mclass[31m=[32m"MuiButtonBase-root MuiButton-root 
MuiButton-contained MuiButton-containedPrimary MuiButton-sizeMedium 
MuiButton-containedSizeMedium MuiButton-colorPrimary MuiButton-fullWidth 
MuiButton-root MuiButton-contained MuiButton-containedPrimary 
MuiButton-sizeMedium MuiButton-containedSizeMedium MuiButton-colorPrimary 
MuiButton-fullWidth css-1k9hkw1-MuiButtonBase-root-MuiButton-root"[31m
            [33mtabindex[31m=[32m"0"[31m
            [33mtype[31m=[32m"button"[31m
          [36m>[31m
            [0mBack to Companies[0m
          [36m</button>[31m
        [36m</div>[31m
      [36m</div>[31m
    [36m</div>[31m
  [36m</body>[31m
[36m</html>[31m...[39m
[36m [2mΓ¥»[22m 
src/__tests__/BoothVisitorsPage.test.tsx:[2m383:67[22m[39m
    [90m381| [39m      [35mawait[39m [34mwaitFor[39m(() [33m=>[39m {
    [90m382| [39m        [90m// The date should be formatted as a 
readable string[39m
    [90m383| [39m        expect(screen.queryByText(/1\/1\/2021|January|1, 
2021/i)).toBeΓÇª
    [90m   | [39m                                                         
         [31m^[39m
    [90m384| [39m      })
    [90m385| [39m    })
[90m [2mΓ¥»[22m runWithExpensiveErrorDiagnosticsDisabled 
node_modules/@testing-library/dom/dist/config.js:[2m47:12[22m[39m
[90m [2mΓ¥»[22m checkCallback 
node_modules/@testing-library/dom/dist/wait-for.js:[2m124:77[22m[39m
[90m [2mΓ¥»[22m Timeout.checkRealTimersCallback 
node_modules/@testing-library/dom/dist/wait-for.js:[2m118:16[22m[39m

[31m[2mΓÄ»ΓÄ»ΓÄ»ΓÄ»ΓÄ»ΓÄ»ΓÄ»ΓÄ»ΓÄ»ΓÄ»ΓÄ»ΓÄ»ΓÄ»ΓÄ»ΓÄ»ΓÄ»ΓÄ»ΓÄ»ΓÄ»ΓÄ»ΓÄ»ΓÄ»Γ
Ä»ΓÄ»[1/2]ΓÄ»[22m[39m

[41m[1m FAIL [22m[49m src/__tests__/BoothVisitorsPage.test.tsx[2m > 
[22mBoothVisitorsPage[2m > [22mError Handling[2m > [22mhandles fetch 
error gracefully
[31m[1mTestingLibraryElementError[22m[39m: Unable to find an element 
with the text: /Failed to load booth data/i. This could be because the text 
is broken up by multiple elements. In this case, you can provide a function 
for your text matcher to make your matcher more flexible.

Ignored nodes: comments, script, style
[36m<body>[39m
  [36m<div>[39m
    [36m<div[39m
      [33mclass[39m=[32m"MuiBox-root css-3ox5"[39m
    [36m>[39m
      [36m<div[39m
        [33mclass[39m=[32m"MuiPaper-root MuiPaper-elevation 
MuiPaper-rounded MuiPaper-elevation1 MuiCard-root 
css-19ikof8-MuiPaper-root-MuiCard-root"[39m
        [33mstyle[39m=[32m"--Paper-shadow: 0px 2px 1px -1px 
rgba(0,0,0,0.2),0px 1px 1px 0px rgba(0,0,0,0.14),0px 1px 3px 0px 
rgba(0,0,0,0.12);"[39m
      [36m>[39m
        [36m<div[39m
          [33mclass[39m=[32m"MuiPaper-root MuiPaper-elevation 
MuiPaper-rounded MuiPaper-elevation0 MuiAlert-root MuiAlert-colorError 
MuiAlert-standardError MuiAlert-standard 
css-6js25r-MuiPaper-root-MuiAlert-root"[39m
          [33mrole[39m=[32m"alert"[39m
          [33mstyle[39m=[32m"--Paper-shadow: none;"[39m
        [36m>[39m
          [36m<div[39m
            [33mclass[39m=[32m"MuiAlert-icon 
css-vab54s-MuiAlert-icon"[39m
          [36m>[39m
            [36m<svg[39m
              [33maria-hidden[39m=[32m"true"[39m
              [33mclass[39m=[32m"MuiSvgIcon-root 
MuiSvgIcon-fontSizeInherit css-1ckov0h-MuiSvgIcon-root"[39m
              [33mdata-testid[39m=[32m"ErrorOutlineIcon"[39m
              [33mfocusable[39m=[32m"false"[39m
              [33mviewBox[39m=[32m"0 0 24 24"[39m
            [36m>[39m
              [36m<path[39m
                [33md[39m=[32m"M11 15h2v2h-2zm0-8h2v6h-2zm.99-5C6.47 2 2 
6.48 2 12s4.47 10 9.99 10C17.52 22 22 17.52 22 12S17.52 2 11.99 2zM12 
20c-4.42 0-8-3.58-8-8s3.58-8 8-8 8 3.58 8 8-3.58 8-8 8z"[39m
              [36m/>[39m
            [36m</svg>[39m
          [36m</div>[39m
          [36m<div[39m
            [33mclass[39m=[32m"MuiAlert-message 
css-zioonp-MuiAlert-message"[39m
          [36m>[39m
            [0mFailed to load booth visitors[0m
          [36m</div>[39m
        [36m</div>[39m
        [36m<button[39m
          [33mclass[39m=[32m"MuiButtonBase-root MuiButton-root 
MuiButton-contained MuiButton-containedPrimary MuiButton-sizeMedium 
MuiButton-containedSizeMedium MuiButton-colorPrimary MuiButton-fullWidth 
MuiButton-root MuiButton-contained MuiButton-containedPrimary 
MuiButton-sizeMedium MuiButton-containedSizeMedium MuiButton-colorPrimary 
MuiButton-fullWidth css-1k9hkw1-MuiButtonBase-root-MuiButton-root"[39m
          [33mtabindex[39m=[32m"0"[39m
          [33mtype[39m=[32m"button"[39m
        [36m>[39m
          [0mBack to Companies[0m
        [36m</button>[39m
      [36m</div>[39m
    [36m</div>[39m
  [36m</div>[39m
[36m</body>[39m

Ignored nodes: comments, script, style
[36m<html>[39m
  [36m<head>[39m
    [36m<meta[39m
      [33mcontent[39m=[32m""[39m
      [33mname[39m=[32m"emotion-insertion-point"[39m
    [36m/>[39m
  [36m</head>[39m
  [36m<body>[39m
    [36m<div>[39m
      [36m<div[39m
        [33mclass[39m=[32m"MuiBox-root css-3ox5"[39m
      [36m>[39m
        [36m<div[39m
          [33mclass[39m=[32m"MuiPaper-root MuiPaper-elevation 
MuiPaper-rounded MuiPaper-elevation1 MuiCard-root 
css-19ikof8-MuiPaper-root-MuiCard-root"[39m
          [33mstyle[39m=[32m"--Paper-shadow: 0px 2px 1px -1px 
rgba(0,0,0,0.2),0px 1px 1px 0px rgba(0,0,0,0.14),0px 1px 3px 0px 
rgba(0,0,0,0.12);"[39m
        [36m>[39m
          [36m<div[39m
            [33mclass[39m=[32m"MuiPaper-root MuiPaper-elevation 
MuiPaper-rounded MuiPaper-elevation0 MuiAlert-root MuiAlert-colorError 
MuiAlert-standardError MuiAlert-standard 
css-6js25r-MuiPaper-root-MuiAlert-root"[39m
            [33mrole[39m=[32m"alert"[39m
            [33mstyle[39m=[32m"--Paper-shadow: none;"[39m
          [36m>[39m
            [36m<div[39m
              [33mclass[39m=[32m"MuiAlert-icon 
css-vab54s-MuiAlert-icon"[39m
            [36m>[39m
              [36m<svg[39m
                [33maria-hidden[39m=[32m"true"[39m
                [33mclass[39m=[32m"MuiSvgIcon-root 
MuiSvgIcon-fontSizeInherit css-1ckov0h-MuiSvgIcon-root"[39m
                [33mdata-testid[39m=[32m"ErrorOutlineIcon"[39m
                [33mfocusable[39m=[32m"false"[39m
                [33mviewBox[39m=[32m"0 0 24 24"[39m
              [36m>[39m
                [36m<path[39m
                  [33md[39m=[32m"M11 15h2v2h-2zm0-8h2v6h-2zm.99-5C6.47 2 
2 6.48 2 12s4.47 10 9.99 10C17.52 22 22 17.52 22 12S17.52 2 11.99 2zM12 
20c-4.42 0-8-3.58-8-8s3.58-8 8-8 8 3.58 8 8-3.58 8-8 8z"[39m
                [36m/>[39m
              [36m</svg>[39m
            [36m</div>[39m
            [36m<div[39m
              [33mclass[39m=[32m"MuiAlert-message 
css-zioonp-MuiAlert-message"[39m
            [36m>[39m
              [0mFailed to load booth visitors[0m
            [36m</div>[39m
          [36m</div>[39m
          [36m<button[39m
            [33mclass[39m=[32m"MuiButtonBase-root MuiButton-root 
MuiButton-contained MuiButton-containedPrimary MuiButton-sizeMedium 
MuiButton-containedSizeMedium MuiButton-colorPrimary MuiButton-fullWidth 
MuiButton-root MuiButton-contained MuiButton-containedPrimary 
MuiButton-sizeMedium MuiButton-containedSizeMedium MuiButton-colorPrimary 
MuiButton-fullWidth css-1k9hkw1-MuiButtonBase-root-MuiButton-root"[39m
            [33mtabindex[39m=[32m"0"[39m
            [33mtype[39m=[32m"button"[39m
          [36m>[39m
            [0mBack to Companies[0m
          [36m</button>[39m
        [36m</div>[39m
      [36m</div>[39m
    [36m</div>[39m
  [36m</body>[39m
[36m</html>[39m...
[90m [2mΓ¥»[22m Proxy.waitFor 
node_modules/@testing-library/dom/dist/wait-for.js:[2m163:27[22m[39m
[36m [2mΓ¥»[22m 
src/__tests__/BoothVisitorsPage.test.tsx:[2m622:13[22m[39m
    [90m620| [39m      
[34mrenderWithRouter[39m([33m<[39m[33mBoothVisitorsPage[39m 
[33m/[39m[33m>[39m)
    [90m621| [39m
    [90m622| [39m      [35mawait[39m [34mwaitFor[39m(() [33m=>[39m {
    [90m   | [39m            [31m^[39m
    [90m623| [39m        expect(screen.getByText(/Failed to load booth 
data/i)).toBeInTΓÇª
    [90m624| [39m      })

[31m[2mΓÄ»ΓÄ»ΓÄ»ΓÄ»ΓÄ»ΓÄ»ΓÄ»ΓÄ»ΓÄ»ΓÄ»ΓÄ»ΓÄ»ΓÄ»ΓÄ»ΓÄ»ΓÄ»ΓÄ»ΓÄ»ΓÄ»ΓÄ»ΓÄ»ΓÄ»Γ
Ä»ΓÄ»[2/2]ΓÄ»[22m[39m


[2m Test Files [22m [1m[31m1 failed[39m[22m[90m (1)[39m
[2m      Tests [22m [1m[31m2 failed[39m[22m[2m | [22m[1m[32m31 passed[39m[22m[90m (33)[39m
[2m   Start at [22m 22:30:43
[2m   Duration [22m 7.07s[2m (transform 1.41s, setup 679ms, import 1.96s, tests 3.64s, environment 579ms)[22m

