npm warn config optional Use `--omit=optional` to exclude optional dependencies, or
npm warn config `--include=optional` to include them.
npm warn config
npm warn config       Default value does install optional deps unless otherwise omitted.

> frontend@0.0.0 test
> vitest run


[1m[46m RUN [49m[22m [36mv4.0.18 [39m[90m/Users/austinmoser/Documents/virtual-career-fair/frontend[39m

[baseline-browser-mapping] The data in this module is over two months old.  To ensure accurate Baseline data, please update: `npm i baseline-browser-mapping@latest -D`
[90mstdout[2m | src/pages/__tests__/Company.test.tsx[2m > [22m[2mCompany[2m > [22m[2mdisplays company name after loading
[22m[39mFetching jobs for company: company-1

[90mstdout[2m | src/pages/__tests__/Company.test.tsx[2m > [22m[2mCompany[2m > [22m[2mdisplays company name after loading
[22m[39mFetched jobs: [33m1[39m jobs

[90mstdout[2m | src/pages/__tests__/Company.test.tsx[2m > [22m[2mCompany[2m > [22m[2mdisplays invite code
[22m[39mFetching jobs for company: company-1

[90mstdout[2m | src/pages/__tests__/Company.test.tsx[2m > [22m[2mCompany[2m > [22m[2mdisplays invite code
[22m[39mFetched jobs: [33m1[39m jobs

[90mstdout[2m | src/pages/__tests__/Company.test.tsx[2m > [22m[2mCompany[2m > [22m[2mcopies invite code to clipboard
[22m[39mFetching jobs for company: company-1

[90mstdout[2m | src/pages/__tests__/Company.test.tsx[2m > [22m[2mCompany[2m > [22m[2mcopies invite code to clipboard
[22m[39mFetched jobs: [33m1[39m jobs

[90mstdout[2m | src/pages/__tests__/Company.test.tsx[2m > [22m[2mCompany[2m > [22m[2mregenerates invite code
[22m[39mFetching jobs for company: company-1

[90mstdout[2m | src/pages/__tests__/Company.test.tsx[2m > [22m[2mCompany[2m > [22m[2mregenerates invite code
[22m[39mFetched jobs: [33m1[39m jobs

[90mstdout[2m | src/pages/__tests__/Company.test.tsx[2m > [22m[2mCompany[2m > [22m[2mregenerates invite code
[22m[39mFetching jobs for company: company-1

[90mstdout[2m | src/pages/__tests__/Company.test.tsx[2m > [22m[2mCompany[2m > [22m[2mregenerates invite code
[22m[39mFetched jobs: [33m1[39m jobs

 [32m✓[39m src/components/__tests__/NewChatDialog.test.tsx [2m([22m[2m14 tests[22m[2m)[22m[33m 5744[2mms[22m[39m
     [33m[2m✓[22m[39m renders dialog when open is true [33m 554[2mms[22m[39m
     [33m[2m✓[22m[39m calls onClose when cancel button is clicked [33m 391[2mms[22m[39m
     [33m[2m✓[22m[39m searches for users when typing in search field [33m 598[2mms[22m[39m
     [33m[2m✓[22m[39m displays search results [33m 468[2mms[22m[39m
     [33m[2m✓[22m[39m updates recipient email when user is selected [33m 598[2mms[22m[39m
     [33m[2m✓[22m[39m enables start chat button when user is selected [33m 548[2mms[22m[39m
     [33m[2m✓[22m[39m creates a chat when start chat is clicked [33m 572[2mms[22m[39m
     [33m[2m✓[22m[39m closes dialog after successful chat creation [33m 863[2mms[22m[39m
     [33m[2m✓[22m[39m does not call queryUsers when clientReady is false [33m 350[2mms[22m[39m
     [33m[2m✓[22m[39m handles existing channel scenario [33m 555[2mms[22m[39m
[90mstdout[2m | src/pages/__tests__/Company.test.tsx[2m > [22m[2mCompany[2m > [22m[2medits invite code
[22m[39mFetching jobs for company: company-1

[90mstdout[2m | src/pages/__tests__/Company.test.tsx[2m > [22m[2mCompany[2m > [22m[2medits invite code
[22m[39mFetched jobs: [33m1[39m jobs

 [32m✓[39m src/pages/__tests__/Login.test.tsx [2m([22m[2m13 tests[22m[2m)[22m[33m 5631[2mms[22m[39m
     [33m[2m✓[22m[39m renders sign in form [33m 968[2mms[22m[39m
     [33m[2m✓[22m[39m logs in successfully and navigates to dashboard [33m 1401[2mms[22m[39m
     [33m[2m✓[22m[39m shows error on login failure [33m 757[2mms[22m[39m
     [33m[2m✓[22m[39m shows verification needed message [33m 976[2mms[22m[39m
     [33m[2m✓[22m[39m handles Google login with profile completion needed [33m 445[2mms[22m[39m
Not implemented: Window's alert() method
 [32m✓[39m src/pages/__tests__/StudentProfilePage.test.tsx [2m([22m[2m26 tests[22m[2m)[22m[33m 6372[2mms[22m[39m
     [33m[2m✓[22m[39m requires authentication and redirects to login when not authenticated [33m 320[2mms[22m[39m
     [33m[2m✓[22m[39m displays back button [33m 508[2mms[22m[39m
     [33m[2m✓[22m[39m allows user to type in major field [33m 668[2mms[22m[39m
     [33m[2m✓[22m[39m allows user to type in skills field [33m 497[2mms[22m[39m
     [33m[2m✓[22m[39m shows error when major is missing on save [33m 319[2mms[22m[39m
     [33m[2m✓[22m[39m shows error when graduation year is missing on save [33m 572[2mms[22m[39m
     [33m[2m✓[22m[39m shows error for graduation year outside valid range [33m 985[2mms[22m[39m
     [33m[2m✓[22m[39m displays loading state while saving [33m 932[2mms[22m[39m
[90mstdout[2m | src/pages/__tests__/Company.test.tsx[2m > [22m[2mCompany[2m > [22m[2medits invite code
[22m[39mFetching jobs for company: company-1

[90mstdout[2m | src/pages/__tests__/Company.test.tsx[2m > [22m[2mCompany[2m > [22m[2medits invite code
[22m[39mFetched jobs: [33m1[39m jobs

[90mstdout[2m | src/pages/__tests__/Company.test.tsx[2m > [22m[2mCompany[2m > [22m[2mcancels invite code edit
[22m[39mFetching jobs for company: company-1

[90mstdout[2m | src/pages/__tests__/Company.test.tsx[2m > [22m[2mCompany[2m > [22m[2mcancels invite code edit
[22m[39mFetched jobs: [33m1[39m jobs

 [32m✓[39m src/pages/__tests__/Dashboard.test.tsx [2m([22m[2m23 tests[22m[2m)[22m[33m 8203[2mms[22m[39m
       [33m[2m✓[22m[39m renders student dashboard with correct sections [33m 784[2mms[22m[39m
       [33m[2m✓[22m[39m displays career fair not live alert for students [33m 395[2mms[22m[39m
       [33m[2m✓[22m[39m navigates to companies page when Manage Companies clicked [33m 448[2mms[22m[39m
       [33m[2m✓[22m[39m opens invite code dialog when button clicked [33m 626[2mms[22m[39m
       [33m[2m✓[22m[39m submits invite code and links representative to company [33m 1586[2mms[22m[39m
       [33m[2m✓[22m[39m shows error when invite code is invalid [33m 955[2mms[22m[39m
       [33m[2m✓[22m[39m closes invite code dialog when Cancel clicked [33m 845[2mms[22m[39m
       [33m[2m✓[22m[39m navigates to chat page when chat button clicked [33m 481[2mms[22m[39m
[90mstdout[2m | src/pages/__tests__/Company.test.tsx[2m > [22m[2mCompany[2m > [22m[2mvalidates invite code length
[22m[39mFetching jobs for company: company-1

[90mstdout[2m | src/pages/__tests__/Company.test.tsx[2m > [22m[2mCompany[2m > [22m[2mvalidates invite code length
[22m[39mFetched jobs: [33m1[39m jobs

[90mstdout[2m | src/pages/__tests__/ChatPage.test.tsx[2m > [22m[2mChatPage[2m > [22m[2mAuthentication[2m > [22m[2mredirects to home if user is not authenticated
[22m[39mNo Firebase user, disconnecting Stream

[90mstdout[2m | src/pages/__tests__/Company.test.tsx[2m > [22m[2mCompany[2m > [22m[2mdisplays representatives list
[22m[39mFetching jobs for company: company-1

[90mstdout[2m | src/pages/__tests__/Company.test.tsx[2m > [22m[2mCompany[2m > [22m[2mdisplays representatives list
[22m[39mFetched jobs: [33m1[39m jobs

[90mstdout[2m | src/pages/__tests__/Company.test.tsx[2m > [22m[2mCompany[2m > [22m[2mdeletes representative
[22m[39mFetching jobs for company: company-1

[90mstdout[2m | src/pages/__tests__/Company.test.tsx[2m > [22m[2mCompany[2m > [22m[2mdeletes representative
[22m[39mFetched jobs: [33m1[39m jobs

 [32m✓[39m src/pages/__tests__/ChatPage.test.tsx [2m([22m[2m23 tests[22m[2m)[22m[33m 1174[2mms[22m[39m
 [32m✓[39m src/pages/__tests__/BoothView.test.tsx [2m([22m[2m30 tests[22m[2m)[22m[33m 2627[2mms[22m[39m
     [33m[2m✓[22m[39m checks fair status on mount [33m 437[2mms[22m[39m
 [32m✓[39m src/pages/__tests__/InviteCodeManager.test.tsx [2m([22m[2m19 tests[22m[2m)[22m[33m 2516[2mms[22m[39m
     [33m[2m✓[22m[39m redirects to dashboard when user is not a company [33m 534[2mms[22m[39m
     [33m[2m✓[22m[39m displays back button that navigates to dashboard [33m 465[2mms[22m[39m
[90mstdout[2m | src/pages/__tests__/Company.test.tsx[2m > [22m[2mCompany[2m > [22m[2mdisplays job postings
[22m[39mFetching jobs for company: company-1

[90mstdout[2m | src/pages/__tests__/Company.test.tsx[2m > [22m[2mCompany[2m > [22m[2mdisplays job postings
[22m[39mFetched jobs: [33m1[39m jobs

[90mstdout[2m | src/pages/__tests__/Company.test.tsx[2m > [22m[2mCompany[2m > [22m[2mopens add job dialog
[22m[39mFetching jobs for company: company-1

[90mstdout[2m | src/pages/__tests__/Company.test.tsx[2m > [22m[2mCompany[2m > [22m[2mopens add job dialog
[22m[39mFetched jobs: [33m1[39m jobs

 [32m✓[39m src/pages/__tests__/EmailVerificationPending.test.tsx [2m([22m[2m9 tests[22m[2m)[22m[33m 923[2mms[22m[39m
     [33m[2m✓[22m[39m renders verification pending page [33m 306[2mms[22m[39m
 [32m✓[39m src/pages/__tests__/ProfileMenu.test.tsx [2m([22m[2m4 tests[22m[2m)[22m[33m 367[2mms[22m[39m
 [32m✓[39m src/components/__tests__/ChatHeader.test.tsx [2m([22m[2m8 tests[22m[2m)[22m[33m 366[2mms[22m[39m
 [32m✓[39m src/pages/__tests__/Booths.test.tsx [2m([22m[2m45 tests[22m[2m)[22m[33m 1462[2mms[22m[39m
 [32m✓[39m src/pages/__tests__/RoleSelection.test.tsx [2m([22m[2m4 tests[22m[2m)[22m[33m 396[2mms[22m[39m
 [32m✓[39m src/pages/__tests__/VerifyEmail.test.tsx [2m([22m[2m4 tests[22m[2m)[22m[32m 280[2mms[22m[39m
 [32m✓[39m src/components/__tests__/EventList.test.tsx [2m([22m[2m14 tests[22m[2m)[22m[33m 349[2mms[22m[39m
 [32m✓[39m src/components/__tests__/MessageList.test.tsx [2m([22m[2m9 tests[22m[2m)[22m[32m 42[2mms[22m[39m
[90mstdout[2m | src/pages/__tests__/Company.test.tsx[2m > [22m[2mCompany[2m > [22m[2mcreates new job
[22m[39mFetching jobs for company: company-1

[90mstdout[2m | src/pages/__tests__/Company.test.tsx[2m > [22m[2mCompany[2m > [22m[2mcreates new job
[22m[39mFetched jobs: [33m1[39m jobs

 [32m✓[39m src/components/__tests__/ChatSidebar.test.tsx [2m([22m[2m6 tests[22m[2m)[22m[32m 85[2mms[22m[39m
 [32m✓[39m src/utils/__tests__/auth.test.ts [2m([22m[2m44 tests[22m[2m)[22m[32m 7[2mms[22m[39m
 [32m✓[39m src/utils/__tests__/fairStatus.test.ts [2m([22m[2m7 tests[22m[2m)[22m[32m 6[2mms[22m[39m
 [32m✓[39m src/utils/__tests__/chat.test.ts [2m([22m[2m2 tests[22m[2m)[22m[32m 2[2mms[22m[39m
 [32m✓[39m src/utils/__tests__/streamClient.test.ts [2m([22m[2m4 tests[22m[2m)[22m[32m 2[2mms[22m[39m
 [32m✓[39m src/utils/__tests__/streamAuth.test.ts [2m([22m[2m4 tests[22m[2m)[22m[32m 4[2mms[22m[39m
 [32m✓[39m src/pages/__tests__/CompanyManagement.test.tsx [2m([22m[2m32 tests[22m[2m)[22m[33m 14654[2mms[22m[39m
       [33m[2m✓[22m[39m allows company owners to access the page [33m 413[2mms[22m[39m
       [33m[2m✓[22m[39m opens create dialog when Create Company button is clicked [33m 528[2mms[22m[39m
       [33m[2m✓[22m[39m creates company successfully with valid name [33m 1484[2mms[22m[39m
       [33m[2m✓[22m[39m shows error when creating company with empty name [33m 759[2mms[22m[39m
       [33m[2m✓[22m[39m shows error when company creation fails [33m 1712[2mms[22m[39m
       [33m[2m✓[22m[39m closes dialog after successful creation [33m 1374[2mms[22m[39m
       [33m[2m✓[22m[39m copies invite code to clipboard [33m 450[2mms[22m[39m
       [33m[2m✓[22m[39m regenerates invite code successfully [33m 880[2mms[22m[39m
       [33m[2m✓[22m[39m enters edit mode for invite code [33m 805[2mms[22m[39m
       [33m[2m✓[22m[39m saves custom invite code [33m 1583[2mms[22m[39m
       [33m[2m✓[22m[39m cancels invite code edit [33m 452[2mms[22m[39m
       [33m[2m✓[22m[39m validates invite code length (too short) [33m 862[2mms[22m[39m
       [33m[2m✓[22m[39m opens delete confirmation dialog [33m 309[2mms[22m[39m
       [33m[2m✓[22m[39m deletes company successfully [33m 481[2mms[22m[39m
       [33m[2m✓[22m[39m cancels company deletion [33m 693[2mms[22m[39m
       [33m[2m✓[22m[39m handles company deletion error [33m 396[2mms[22m[39m
 [31m❯[39m src/pages/__tests__/BoothEditor.test.tsx [2m([22m[2m30 tests[22m[2m | [22m[31m9 failed[39m[2m)[22m[33m 16712[2mms[22m[39m
       [32m✓[39m redirects to login when not authenticated[32m 56[2mms[22m[39m
       [33m[2m✓[22m[39m redirects to companies page when companyId is missing [33m 988[2mms[22m[39m
       [32m✓[39m shows error when company not found[32m 145[2mms[22m[39m
       [32m✓[39m redirects when non-owner tries to access another company's booth[32m 26[2mms[22m[39m
       [32m✓[39m redirects when representative is not linked to company[32m 71[2mms[22m[39m
       [32m✓[39m redirects students to dashboard[32m 30[2mms[22m[39m
       [32m✓[39m displays loading state initially[32m 8[2mms[22m[39m
       [33m[2m✓[22m[39m displays 'Create Booth' header when creating new booth [33m 593[2mms[22m[39m
       [33m[2m✓[22m[39m displays 'Edit Booth' header when editing existing booth [33m 421[2mms[22m[39m
       [32m✓[39m displays all required form sections[32m 227[2mms[22m[39m
[31m       [31m×[31m displays all form fields[39m[33m 2001[2mms[22m[39m
       [33m[2m✓[22m[39m displays action buttons [33m 567[2mms[22m[39m
       [33m[2m✓[22m[39m pre-fills company name when creating new booth [33m 481[2mms[22m[39m
       [33m[2m✓[22m[39m loads and displays existing booth data when editing [33m 419[2mms[22m[39m
       [33m[2m✓[22m[39m allows user to fill in company name [33m 3037[2mms[22m[39m
[31m       [31m×[31m allows user to select industry from dropdown[39m[33m 1012[2mms[22m[39m
[31m       [31m×[31m allows user to select company size[39m[33m 1008[2mms[22m[39m
       [33m[2m✓[22m[39m allows user to fill in location [33m 857[2mms[22m[39m
       [33m[2m✓[22m[39m allows user to fill in description [33m 1503[2mms[22m[39m
       [33m[2m✓[22m[39m allows user to fill in contact information [33m 1268[2mms[22m[39m
       [32m✓[39m navigates back when cancel button is clicked[32m 67[2mms[22m[39m
       [32m✓[39m navigates back when back arrow is clicked[32m 60[2mms[22m[39m
[31m       [31m×[31m submits form and creates new booth successfully[39m[32m 269[2mms[22m[39m
       [33m[2m✓[22m[39m submits form and updates existing booth successfully [33m 455[2mms[22m[39m
[31m       [31m×[31m shows error when contact email is not registered[39m[32m 266[2mms[22m[39m
[31m       [31m×[31m shows error when contact is not company owner or representative[39m[32m 278[2mms[22m[39m
[31m       [31m×[31m shows error when booth creation fails[39m[32m 283[2mms[22m[39m
[31m       [31m×[31m disables submit button while saving[39m[32m 295[2mms[22m[39m
       [32m✓[39m handles firestore errors gracefully[32m 4[2mms[22m[39m
[31m       [31m×[31m allows user to close error alerts[39m[32m 4[2mms[22m[39m
[90mstdout[2m | src/pages/__tests__/Company.test.tsx[2m > [22m[2mCompany[2m > [22m[2mvalidates job title required
[22m[39mFetching jobs for company: company-1

[90mstdout[2m | src/pages/__tests__/Company.test.tsx[2m > [22m[2mCompany[2m > [22m[2mvalidates job title required
[22m[39mFetched jobs: [33m1[39m jobs

 [31m❯[39m src/pages/__tests__/AdminDashboard.test.tsx [2m([22m[2m42 tests[22m[2m | [22m[31m9 failed[39m[2m)[22m[33m 17450[2mms[22m[39m
       [32m✓[39m redirects unauthenticated users to login[32m 42[2mms[22m[39m
       [32m✓[39m redirects non-admin users to dashboard[32m 3[2mms[22m[39m
       [32m✓[39m redirects users with missing role to dashboard[32m 1[2mms[22m[39m
       [33m[2m✓[22m[39m allows administrator users to access dashboard [33m 502[2mms[22m[39m
       [32m✓[39m displays loading spinner while fetching data[32m 167[2mms[22m[39m
       [32m✓[39m hides loading spinner after data loads[32m 141[2mms[22m[39m
       [32m✓[39m displays admin panel icon[32m 93[2mms[22m[39m
       [32m✓[39m displays Administrator Dashboard title[32m 13[2mms[22m[39m
       [32m✓[39m displays ProfileMenu component[32m 25[2mms[22m[39m
       [32m✓[39m displays Career Fair Status section[32m 36[2mms[22m[39m
       [32m✓[39m displays fair as offline when not live[32m 68[2mms[22m[39m
       [32m✓[39m displays fair as live when active[32m 73[2mms[22m[39m
       [32m✓[39m displays schedule name and description banner when fair is live[32m 31[2mms[22m[39m
       [33m[2m✓[22m[39m toggles fair status when switch is clicked [33m 464[2mms[22m[39m
       [32m✓[39m displays success message when toggling fair to live[32m 235[2mms[22m[39m
       [32m✓[39m displays success message when toggling fair to offline[32m 203[2mms[22m[39m
       [32m✓[39m displays Scheduled Career Fairs section[32m 37[2mms[22m[39m
       [32m✓[39m displays Schedule Career Fair button[32m 212[2mms[22m[39m
       [32m✓[39m displays empty state when no schedules exist[32m 65[2mms[22m[39m
       [32m✓[39m displays loading spinner while fetching schedules[32m 37[2mms[22m[39m
[31m       [31m×[31m displays schedule list when schedules exist[39m[33m 1033[2mms[22m[39m
[31m       [31m×[31m opens schedule dialog when Schedule Career Fair button is clicked[39m[33m 664[2mms[22m[39m
       [33m[2m✓[22m[39m displays schedule form fields in dialog [33m 510[2mms[22m[39m
       [33m[2m✓[22m[39m creates new schedule successfully [33m 3339[2mms[22m[39m
       [33m[2m✓[22m[39m validates that start and end times are required [33m 573[2mms[22m[39m
       [33m[2m✓[22m[39m validates that end time is after start time [33m 1087[2mms[22m[39m
[31m       [31m×[31m opens edit dialog when edit button is clicked[39m[33m 1006[2mms[22m[39m
[31m       [31m×[31m updates existing schedule successfully[39m[33m 1006[2mms[22m[39m
[31m       [31m×[31m deletes schedule after confirmation[39m[33m 1006[2mms[22m[39m
[31m       [31m×[31m cancels schedule deletion when user declines[39m[33m 1005[2mms[22m[39m
       [33m[2m✓[22m[39m closes dialog when Cancel button is clicked [33m 406[2mms[22m[39m
[31m       [31m×[31m displays schedule status as Upcoming[39m[33m 1007[2mms[22m[39m
[31m       [31m×[31m displays schedule status as Active[39m[33m 1004[2mms[22m[39m
[31m       [31m×[31m displays schedule status as Ended[39m[33m 1003[2mms[22m[39m
       [32m✓[39m displays Quick Actions section[32m 8[2mms[22m[39m
       [32m✓[39m navigates to booths when View All Booths is clicked[32m 37[2mms[22m[39m
       [32m✓[39m navigates to dashboard when Go to Dashboard is clicked[32m 35[2mms[22m[39m
       [32m✓[39m displays error when fair status fetch fails[32m 10[2mms[22m[39m
       [32m✓[39m handles schedule creation error gracefully[32m 238[2mms[22m[39m
       [32m✓[39m renders with Material-UI Container[32m 8[2mms[22m[39m
       [32m✓[39m displays descriptive text for fair status functionality[32m 7[2mms[22m[39m
       [32m✓[39m displays note about scheduled fairs[32m 7[2mms[22m[39m
 [32m✓[39m src/pages/__tests__/Register.test.tsx [2m([22m[2m25 tests[22m[2m)[22m[33m 17995[2mms[22m[39m
     [33m[2m✓[22m[39m renders the register form [33m 1178[2mms[22m[39m
     [33m[2m✓[22m[39m requires role selection before registration [33m 549[2mms[22m[39m
     [33m[2m✓[22m[39m renders student-specific fields when student role is selected [33m 721[2mms[22m[39m
     [33m[2m✓[22m[39m renders company owner fields when company owner role is selected [33m 696[2mms[22m[39m
     [33m[2m✓[22m[39m validates password match [33m 3661[2mms[22m[39m
     [33m[2m✓[22m[39m validates password length [33m 2805[2mms[22m[39m
     [33m[2m✓[22m[39m requires first and last name for all roles [33m 574[2mms[22m[39m
     [33m[2m✓[22m[39m calls registerUser on form submission [33m 1202[2mms[22m[39m
     [33m[2m✓[22m[39m validates representative invite code is optional [33m 1209[2mms[22m[39m
     [33m[2m✓[22m[39m includes representative invite code when provided [33m 1116[2mms[22m[39m
     [33m[2m✓[22m[39m handles registration error [33m 466[2mms[22m[39m
     [33m[2m✓[22m[39m redirects to verification-pending when needsVerification is true [33m 539[2mms[22m[39m
     [33m[2m✓[22m[39m includes student school when provided [33m 651[2mms[22m[39m
     [33m[2m✓[22m[39m registers company owner successfully [33m 515[2mms[22m[39m
     [33m[2m✓[22m[39m syncs user to Stream Chat on successful registration [33m 464[2mms[22m[39m
     [33m[2m✓[22m[39m shows error for invalid role [33m 424[2mms[22m[39m
[90mstdout[2m | src/pages/__tests__/Company.test.tsx[2m > [22m[2mCompany[2m > [22m[2mvalidates application link URL
[22m[39mFetching jobs for company: company-1

[90mstdout[2m | src/pages/__tests__/Company.test.tsx[2m > [22m[2mCompany[2m > [22m[2mvalidates application link URL
[22m[39mFetched jobs: [33m1[39m jobs

[90mstdout[2m | src/pages/__tests__/Company.test.tsx[2m > [22m[2mCompany[2m > [22m[2medits existing job
[22m[39mFetching jobs for company: company-1

[90mstdout[2m | src/pages/__tests__/Company.test.tsx[2m > [22m[2mCompany[2m > [22m[2medits existing job
[22m[39mFetched jobs: [33m1[39m jobs

[90mstdout[2m | src/pages/__tests__/Company.test.tsx[2m > [22m[2mCompany[2m > [22m[2mdeletes job
[22m[39mFetching jobs for company: company-1

[90mstdout[2m | src/pages/__tests__/Company.test.tsx[2m > [22m[2mCompany[2m > [22m[2mdeletes job
[22m[39mFetched jobs: [33m1[39m jobs

[90mstdout[2m | src/pages/__tests__/Company.test.tsx[2m > [22m[2mCompany[2m > [22m[2mnavigates to booth when booth ID exists
[22m[39mFetching jobs for company: company-1

[90mstdout[2m | src/pages/__tests__/Company.test.tsx[2m > [22m[2mCompany[2m > [22m[2mnavigates to booth when booth ID exists
[22m[39mFetched jobs: [33m1[39m jobs

[90mstdout[2m | src/pages/__tests__/Company.test.tsx[2m > [22m[2mCompany[2m > [22m[2mnavigates back on back button
[22m[39mFetching jobs for company: company-1

[90mstdout[2m | src/pages/__tests__/Company.test.tsx[2m > [22m[2mCompany[2m > [22m[2mnavigates back on back button
[22m[39mFetched jobs: [33m1[39m jobs

[90mstdout[2m | src/pages/__tests__/Company.test.tsx[2m > [22m[2mCompany[2m > [22m[2mopens delete company dialog
[22m[39mFetching jobs for company: company-1

[90mstdout[2m | src/pages/__tests__/Company.test.tsx[2m > [22m[2mCompany[2m > [22m[2mopens delete company dialog
[22m[39mFetched jobs: [33m1[39m jobs

[90mstdout[2m | src/pages/__tests__/Company.test.tsx[2m > [22m[2mCompany[2m > [22m[2mdeletes company
[22m[39mFetching jobs for company: company-1

[90mstdout[2m | src/pages/__tests__/Company.test.tsx[2m > [22m[2mCompany[2m > [22m[2mdeletes company
[22m[39mFetched jobs: [33m1[39m jobs

[90mstdout[2m | src/pages/__tests__/Company.test.tsx[2m > [22m[2mCompany[2m > [22m[2mhandles company deletion error
[22m[39mFetching jobs for company: company-1

[90mstdout[2m | src/pages/__tests__/Company.test.tsx[2m > [22m[2mCompany[2m > [22m[2mhandles company deletion error
[22m[39mFetched jobs: [33m1[39m jobs

[90mstdout[2m | src/pages/__tests__/Company.test.tsx[2m > [22m[2mCompany[2m > [22m[2mhandles job fetch errors
[22m[39mFetching jobs for company: company-1

[90mstdout[2m | src/pages/__tests__/Company.test.tsx[2m > [22m[2mCompany[2m > [22m[2mallows representatives to view company
[22m[39mFetching jobs for company: company-1

[90mstdout[2m | src/pages/__tests__/Company.test.tsx[2m > [22m[2mCompany[2m > [22m[2mallows representatives to view company
[22m[39mFetched jobs: [33m1[39m jobs

[90mstdout[2m | src/pages/__tests__/Company.test.tsx[2m > [22m[2mCompany[2m > [22m[2mallows empty application link in job
[22m[39mFetching jobs for company: company-1

[90mstdout[2m | src/pages/__tests__/Company.test.tsx[2m > [22m[2mCompany[2m > [22m[2mallows empty application link in job
[22m[39mFetched jobs: [33m1[39m jobs

[90mstdout[2m | src/pages/__tests__/Company.test.tsx[2m > [22m[2mCompany[2m > [22m[2msorts jobs by creation date
[22m[39mFetching jobs for company: company-1

[90mstdout[2m | src/pages/__tests__/Company.test.tsx[2m > [22m[2mCompany[2m > [22m[2msorts jobs by creation date
[22m[39mFetched jobs: [33m2[39m jobs

[90mstdout[2m | src/pages/__tests__/Company.test.tsx[2m > [22m[2mCompany[2m > [22m[2mhandles jobs with no creation date
[22m[39mFetching jobs for company: company-1

[90mstdout[2m | src/pages/__tests__/Company.test.tsx[2m > [22m[2mCompany[2m > [22m[2mhandles jobs with no creation date
[22m[39mFetched jobs: [33m1[39m jobs

[90mstdout[2m | src/pages/__tests__/Company.test.tsx[2m > [22m[2mCompany[2m > [22m[2mdisplays success message on job creation
[22m[39mFetching jobs for company: company-1

[90mstdout[2m | src/pages/__tests__/Company.test.tsx[2m > [22m[2mCompany[2m > [22m[2mdisplays success message on job creation
[22m[39mFetched jobs: [33m1[39m jobs

 [31m❯[39m src/pages/__tests__/Company.test.tsx [2m([22m[2m35 tests[22m[2m | [22m[31m15 failed[39m[2m)[22m[33m 53169[2mms[22m[39m
     [32m✓[39m redirects unauthenticated users to login[32m 111[2mms[22m[39m
     [32m✓[39m navigates to /companies when no id param[32m 4[2mms[22m[39m
     [32m✓[39m shows error when company not found[32m 171[2mms[22m[39m
     [32m✓[39m denies access to non-owner company owners[32m 25[2mms[22m[39m
     [32m✓[39m denies access to unassigned representatives[32m 17[2mms[22m[39m
     [32m✓[39m redirects non-company users to dashboard[32m 9[2mms[22m[39m
[31m     [31m×[31m displays company name after loading[39m[33m 3038[2mms[22m[39m
     [32m✓[39m displays invite code[32m 76[2mms[22m[39m
     [33m[2m✓[22m[39m copies invite code to clipboard [33m 1004[2mms[22m[39m
     [33m[2m✓[22m[39m regenerates invite code [33m 974[2mms[22m[39m
     [33m[2m✓[22m[39m edits invite code [33m 2170[2mms[22m[39m
     [33m[2m✓[22m[39m cancels invite code edit [33m 959[2mms[22m[39m
     [33m[2m✓[22m[39m validates invite code length [33m 1395[2mms[22m[39m
     [32m✓[39m displays representatives list[32m 71[2mms[22m[39m
     [33m[2m✓[22m[39m deletes representative [33m 751[2mms[22m[39m
     [32m✓[39m displays job postings[32m 50[2mms[22m[39m
[31m     [31m×[31m opens add job dialog[39m[33m 3009[2mms[22m[39m
[31m     [31m×[31m creates new job[39m[33m 3003[2mms[22m[39m
[31m     [31m×[31m validates job title required[39m[33m 3008[2mms[22m[39m
[31m     [31m×[31m validates application link URL[39m[33m 3007[2mms[22m[39m
     [32m✓[39m edits existing job[32m 87[2mms[22m[39m
     [32m✓[39m deletes job[32m 109[2mms[22m[39m
[31m     [31m×[31m navigates to booth when booth ID exists[39m[33m 3005[2mms[22m[39m
[31m     [31m×[31m navigates back on back button[39m[33m 3005[2mms[22m[39m
[31m     [31m×[31m opens delete company dialog[39m[33m 3009[2mms[22m[39m
[31m     [31m×[31m deletes company[39m[33m 3008[2mms[22m[39m
[31m     [31m×[31m handles company deletion error[39m[33m 3006[2mms[22m[39m
     [32m✓[39m handles API errors gracefully[32m 6[2mms[22m[39m
[31m     [31m×[31m handles job fetch errors[39m[33m 3007[2mms[22m[39m
[31m     [31m×[31m allows representatives to view company[39m[33m 3007[2mms[22m[39m
[31m     [31m×[31m allows empty application link in job[39m[33m 3010[2mms[22m[39m
[31m     [31m×[31m sorts jobs by creation date[39m[33m 3011[2mms[22m[39m
     [32m✓[39m handles jobs with no creation date[32m 36[2mms[22m[39m
     [32m✓[39m clears error on successful operation[32m 4[2mms[22m[39m
[31m     [31m×[31m displays success message on job creation[39m[33m 3003[2mms[22m[39m

[31m⎯⎯⎯⎯⎯⎯[39m[1m[41m Failed Tests 33 [49m[22m[31m⎯⎯⎯⎯⎯⎯⎯[39m

[41m[1m FAIL [22m[49m src/pages/__tests__/AdminDashboard.test.tsx[2m > [22mAdminDashboard[2m > [22mSchedule Management[2m > [22mdisplays schedule list when schedules exist
[31m[1mTestingLibraryElementError[22m[39m: Unable to find an element with the text: Spring Career Fair 2024. This could be because the text is broken up by multiple elements. In this case, you can provide a function for your text matcher to make your matcher more flexible.

Ignored nodes: comments, script, style
[36m<body>[39m
  [36m<div>[39m
    [36m<div[39m
      [33mclass[39m=[32m"MuiBox-root css-95pn59"[39m
    [36m>[39m
      [36m<div[39m
        [33mclass[39m=[32m"MuiBox-root css-kpkptg"[39m
      [36m>[39m
        [36m<div[39m
          [33mclass[39m=[32m"MuiContainer-root MuiContainer-maxWidthLg css-5c1adp-MuiContainer-root"[39m
        [36m>[39m
          [36m<div[39m
            [33mclass[39m=[32m"MuiBox-root css-69i1ev"[39m
          [36m>[39m
            [36m<div[39m
              [33mclass[39m=[32m"MuiBox-root css-j0ozid"[39m
            [36m>[39m
              [36m<svg[39m
                [33maria-hidden[39m=[32m"true"[39m
                [33mclass[39m=[32m"MuiSvgIcon-root MuiSvgIcon-fontSizeMedium css-19qoenp-MuiSvgIcon-root"[39m
                [33mdata-testid[39m=[32m"AdminPanelSettingsIcon"[39m
                [33mfocusable[39m=[32m"false"[39m
                [33mviewBox[39m=[32m"0 0 24 24"[39m
              [36m>[39m
                [36m<path[39m
                  [33md[39m=[32m"M17 11c.34 0 .67.04 1 .09V6.27L10.5 3 3 6.27v4.91c0 4.54 3.2 8.79 7.5 9.82.55-.13 1.08-.32 1.6-.55-.69-.98-1.1-2.17-1.1-3.45 0-3.31 2.69-6 6-6"[39m
                [36m/>[39m
                [36m<path[39m
                  [33md[39m=[32m"M17 13c-2.21 0-4 1.79-4 4s1.79 4 4 4 4-1.79 4-4-1.79-4-4-4m0 1.38c.62 0 1.12.51 1.12 1.12s-.51 1.12-1.12 1.12-1.12-.51-1.12-1.12.5-1.12 1.12-1.12m0 5.37c-.93 0-1.74-.46-2.24-1.17.05-.72 1.51-1.08 2.24-1.08s2.19.36 2.24 1.08c-.5.71-1.31 1.17-2.24 1.17"[39m
                [36m/>[39m
              [36m</svg>[39m
              [36m<h5[39m
                [33mclass[39m=[32m"MuiTypography-root MuiTypography-h5 css-2h07vh-MuiTypography-root"[39m
              [36m>[39m
                [0mAdministrator Dashboard[0m
              [36m</h5>[39m
            [36m</div>[39m
            [36m<div[39m
              [33mdata-testid[39m=[32m"profile-menu"[39m
            [36m>[39m
              [0mProfile Menu[0m
            [36m</div>[39m
          [36m</div>[39m
        [36m</div>[39m
      [36m</div>[39m
      [36m<div[39m
        [33mclass[39m=[32m"MuiContainer-root MuiContainer-maxWidthLg css-xsov46-MuiContainer-root"[39m
      [36m>[39m
        [36m<div[39m
          [33mclass[39m=[32m"MuiPaper-root MuiPaper-elevation MuiPaper-rounded MuiPaper-elevation1 MuiCard-root css-15zjgi1-MuiPaper-root-MuiCard-root"[39m
          [33mstyle[39m=[32m"--Paper-shadow: 0px 2px 1px -1px rgba(0,0,0,0.2),0px 1px 1px 0px rgba(0,0,0,0.14),0px 1px 3px 0px rgba(0,0,0,0.12);"[39m
        [36m>[39m
          [36m<div[39m
            [33mclass[39m=[32m"MuiCardContent-root css-21mhzp-MuiCardContent-root"[39m
          [36m>[39m
            [36m<div[39m
              [33mclass[39m=[32m"MuiBox-root css-rvh7fc"[39m
            [36m>[39m
              [36m<svg[39m
                [33maria-hidden[39m=[32m"true"[39m
                [33mclass[39m=[32m"MuiSvgIcon-root MuiSvgIcon-fontSizeMedium css-l2hh3m-MuiSvgIcon-root"[39m
                [33mdata-testid[39m=[32m"EventIcon"[39m
                [33mfocusable[39m=[32m"false"[39m
                [33mviewBox[39m=[32m"0 0 24 24"[39m
              [36m>[39m
                [36m<path[39m
                  [33md[39m=[32m"M17 12h-5v5h5zM16 1v2H8V1H6v2H5c-1.11 0-1.99.9-1.99 2L3 19c0 1.1.89 2 2 2h14c1.1 0 2-.9 2-2V5c0-1.1-.9-2-2-2h-1V1zm3 18H5V8h14z"[39m
                [36m/>[39m
              [36m</svg>[39m
              [36m<div[39m
                [33mclass[39m=[32m"MuiBox-root css-0"[39m
              [36m>[39m
                [36m<h5[39m
                  [33mclass[39m=[32m"MuiTypography-root MuiTypography-h5 css-13tg29a-MuiTypography-root"[39m
                [36m>[39m
                  [0mCareer Fair Status[0m
                [36m</h5>[39m
                [36m<p[39m
                  [33mclass[39m=[32m"MuiTypography-root MuiTypography-body2 css-1wle3ir-MuiTypography-root"[39m
                [36m>[39m
                  [0mControl when the career fair is live and visible to all users[0m
                [36m</p>[39m
              [36m</div>[39m
            [36m</div>[39m
            [36m<div[39m
              [33mclass[39m=[32m"MuiBox-root css-dp69vb"[39m
            [36m>[39m
              [36m<label[39m
                [33mclass[39m=[32m"MuiFormControlLabel-root MuiFormControlLabel-labelPlacementEnd css-19opgx6-MuiFormControlLabel-root"[39m
              [36m>[39m
                [36m<span[39m
                  [33mclass[39m=[32m"MuiSwitch-root MuiSwitch-sizeMedium css-13ih6ji-MuiSwitch-root"[39m
                [36m>[39m
                  [36m<span[39m
                    [33mclass[39m=[32m"MuiButtonBase-root MuiSwitch-switchBase MuiSwitch-colorPrimary PrivateSwitchBase-root MuiSwitch-switchBase MuiSwitch-colorPrimary css-aqlqb4-MuiButtonBase-root-MuiSwitchBase-root-MuiSwitch-switchBase"[39m
                  [36m>[39m
                    [36m<input[39m
                      [33mclass[39m=[32m"PrivateSwitchBase-input MuiSwitch-input css-12xagqm-MuiSwitchBase-root"[39m
                      [33mrole[39m=[32m"switch"[39m
                      [33mtype[39m=[32m"checkbox"[39m
                    [36m/>[39m
                    [36m<span[39m
                      [33mclass[39m=[32m"MuiSwitch-thumb css-17jyosd-MuiSwitch-thumb"[39m
                    [36m/>[39m
                  [36m</span>[39m
                  [36m<span[39m
                    [33mclass[39m=[32m"MuiSwitch-track css-tj8d99-MuiSwitch-track"[39m
                  [36m/>[39m
                [36m</span>[39m
                [36m<span[39m
                  [33mclass[39m=[32m"MuiTypography-root MuiTypography-body1 MuiFormControlLabel-label css-rizt0-MuiTypography-root"[39m
                [36m>[39m
                  [36m<div[39m
                    [33mclass[39m=[32m"MuiBox-root css-0"[39m
                  [36m>[39m
                    [36m<h6[39m
                      [33mclass[39m=[32m"MuiTypography-root MuiTypography-h6 css-re5jyh-MuiTypography-root"[39m
                    [36m>[39m
                      [0mCareer Fair is OFFLINE[0m
                    [36m</h6>[39m
                    [36m<p[39m
                      [33mclass[39m=[32m"MuiTypography-root MuiTypography-body2 css-1sa4kq8-MuiTypography-root"[39m
                    [36m>[39m
                      [0mOnly company owners and representatives can see and edit their own booths.[0m
                    [36m</p>[39m
                  [36m</div>[39m
                [36m</span>[39m
              [36m</label>[39m
            [36m</div>[39m
            [36m<div[39m
              [33mclass[39m=[32m"MuiBox-root css-178yklu"[39m
            [36m>[39m
              [36m<p[39m
                ...

Ignored nodes: comments, script, style
[36m<html>[39m
  [36m<head>[39m
    [36m<meta[39m
      [33mcontent[39m=[32m""[39m
      [33mname[39m=[32m"emotion-insertion-point"[39m
    [36m/>[39m
  [36m</head>[39m
  [36m<body>[39m
    [36m<div>[39m
      [36m<div[39m
        [33mclass[39m=[32m"MuiBox-root css-95pn59"[39m
      [36m>[39m
        [36m<div[39m
          [33mclass[39m=[32m"MuiBox-root css-kpkptg"[39m
        [36m>[39m
          [36m<div[39m
            [33mclass[39m=[32m"MuiContainer-root MuiContainer-maxWidthLg css-5c1adp-MuiContainer-root"[39m
          [36m>[39m
            [36m<div[39m
              [33mclass[39m=[32m"MuiBox-root css-69i1ev"[39m
            [36m>[39m
              [36m<div[39m
                [33mclass[39m=[32m"MuiBox-root css-j0ozid"[39m
              [36m>[39m
                [36m<svg[39m
                  [33maria-hidden[39m=[32m"true"[39m
                  [33mclass[39m=[32m"MuiSvgIcon-root MuiSvgIcon-fontSizeMedium css-19qoenp-MuiSvgIcon-root"[39m
                  [33mdata-testid[39m=[32m"AdminPanelSettingsIcon"[39m
                  [33mfocusable[39m=[32m"false"[39m
                  [33mviewBox[39m=[32m"0 0 24 24"[39m
                [36m>[39m
                  [36m<path[39m
                    [33md[39m=[32m"M17 11c.34 0 .67.04 1 .09V6.27L10.5 3 3 6.27v4.91c0 4.54 3.2 8.79 7.5 9.82.55-.13 1.08-.32 1.6-.55-.69-.98-1.1-2.17-1.1-3.45 0-3.31 2.69-6 6-6"[39m
                  [36m/>[39m
                  [36m<path[39m
                    [33md[39m=[32m"M17 13c-2.21 0-4 1.79-4 4s1.79 4 4 4 4-1.79 4-4-1.79-4-4-4m0 1.38c.62 0 1.12.51 1.12 1.12s-.51 1.12-1.12 1.12-1.12-.51-1.12-1.12.5-1.12 1.12-1.12m0 5.37c-.93 0-1.74-.46-2.24-1.17.05-.72 1.51-1.08 2.24-1.08s2.19.36 2.24 1.08c-.5.71-1.31 1.17-2.24 1.17"[39m
                  [36m/>[39m
                [36m</svg>[39m
                [36m<h5[39m
                  [33mclass[39m=[32m"MuiTypography-root MuiTypography-h5 css-2h07vh-MuiTypography-root"[39m
                [36m>[39m
                  [0mAdministrator Dashboard[0m
                [36m</h5>[39m
              [36m</div>[39m
              [36m<div[39m
                [33mdata-testid[39m=[32m"profile-menu"[39m
              [36m>[39m
                [0mProfile Menu[0m
              [36m</div>[39m
            [36m</div>[39m
          [36m</div>[39m
        [36m</div>[39m
        [36m<div[39m
          [33mclass[39m=[32m"MuiContainer-root MuiContainer-maxWidthLg css-xsov46-MuiContainer-root"[39m
        [36m>[39m
          [36m<div[39m
            [33mclass[39m=[32m"MuiPaper-root MuiPaper-elevation MuiPaper-rounded MuiPaper-elevation1 MuiCard-root css-15zjgi1-MuiPaper-root-MuiCard-root"[39m
            [33mstyle[39m=[32m"--Paper-shadow: 0px 2px 1px -1px rgba(0,0,0,0.2),0px 1px 1px 0px rgba(0,0,0,0.14),0px 1px 3px 0px rgba(0,0,0,0.12);"[39m
          [36m>[39m
            [36m<div[39m
              [33mclass[39m=[32m"MuiCardContent-root css-21mhzp-MuiCardContent-root"[39m
            [36m>[39m
              [36m<div[39m
                [33mclass[39m=[32m"MuiBox-root css-rvh7fc"[39m
              [36m>[39m
                [36m<svg[39m
                  [33maria-hidden[39m=[32m"true"[39m
                  [33mclass[39m=[32m"MuiSvgIcon-root MuiSvgIcon-fontSizeMedium css-l2hh3m-MuiSvgIcon-root"[39m
                  [33mdata-testid[39m=[32m"EventIcon"[39m
                  [33mfocusable[39m=[32m"false"[39m
                  [33mviewBox[39m=[32m"0 0 24 24"[39m
                [36m>[39m
                  [36m<path[39m
                    [33md[39m=[32m"M17 12h-5v5h5zM16 1v2H8V1H6v2H5c-1.11 0-1.99.9-1.99 2L3 19c0 1.1.89 2 2 2h14c1.1 0 2-.9 2-2V5c0-1.1-.9-2-2-2h-1V1zm3 18H5V8h14z"[39m
                  [36m/>[39m
                [36m</svg>[39m
                [36m<div[39m
                  [33mclass[39m=[32m"MuiBox-root css-0"[39m
                [36m>[39m
                  [36m<h5[39m
                    [33mclass[39m=[32m"MuiTypography-root MuiTypography-h5 css-13tg29a-MuiTypography-root"[39m
                  [36m>[39m
                    [0mCareer Fair Status[0m
                  [36m</h5>[39m
                  [36m<p[39m
                    [33mclass[39m=[32m"MuiTypography-root MuiTypography-body2 css-1wle3ir-MuiTypography-root"[39m
                  [36m>[39m
                    [0mControl when the career fair is live and visible to all users[0m
                  [36m</p>[39m
                [36m</div>[39m
              [36m</div>[39m
              [36m<div[39m
                [33mclass[39m=[32m"MuiBox-root css-dp69vb"[39m
              [36m>[39m
                [36m<label[39m
                  [33mclass[39m=[32m"MuiFormControlLabel-root MuiFormControlLabel-labelPlacementEnd css-19opgx6-MuiFormControlLabel-root"[39m
                [36m>[39m
                  [36m<span[39m
                    [33mclass[39m=[32m"MuiSwitch-root MuiSwitch-sizeMedium css-13ih6ji-MuiSwitch-root"[39m
                  [36m>[39m
                    [36m<span[39m
                      [33mclass[39m=[32m"MuiButtonBase-root MuiSwitch-switchBase MuiSwitch-colorPrimary PrivateSwitchBase-root MuiSwitch-switchBase MuiSwitch-colorPrimary css-aqlqb4-MuiButtonBase-root-MuiSwitchBase-root-MuiSwitch-switchBase"[39m
                    [36m>[39m
                      [36m<input[39m
                        [33mclass[39m=[32m"PrivateSwitchBase-input MuiSwitch-input css-12xagqm-MuiSwitchBase-root"[39m
                        [33mrole[39m=[32m"switch"[39m
                        [33mtype[39m=[32m"checkbox"[39m
                      [36m/>[39m
                      [36m<span[39m
                        [33mclass[39m=[32m"MuiSwitch-thumb css-17jyosd-MuiSwitch-thumb"[39m
                      [36m/>[39m
                    [36m</span>[39m
                    [36m<span[39m
                      [33mclass[39m=[32m"MuiSwitch-track css-tj8d99-MuiSwitch-track"[39m
                    [36m/>[39m
                  [36m</span>[39m
                  [36m<span[39m
                    [33mclass[39m=[32m"MuiTypography-root MuiTypography-body1 MuiFormControlLabel-label css-rizt0-MuiTypography-root"[39m
                  [36m>[39m
                    [36m<div[39m
                      [33mclass[39m=[32m"MuiBox-root css-0"[39m
                    [36m>[39m
                      [36m<h6[39m
                        [33mclass[39m=[32m"MuiTypography-root MuiTypography-h6 css-re5jyh-MuiTypography-root"[39m
                      [36m>[39m
                        [0mCareer Fair is OFFLINE[0m
                      [36m</h6>[39m
                      [36m<p[39m
                        [33mclass[39m=[32m"MuiTypography-root MuiTypography-body2 css-1sa4kq8-MuiTypography-root"[39m
                      [36m>[39...
[90m [2m❯[22m Proxy.waitFor node_modules/@testing-library/dom/dist/wait-for.js:[2m163:27[22m[39m
[36m [2m❯[22m src/pages/__tests__/AdminDashboard.test.tsx:[2m352:13[22m[39m
    [90m350| [39m      [34mrenderAdminDashboard[39m()[33m;[39m
    [90m351| [39m
    [90m352| [39m      [35mawait[39m [34mwaitFor[39m(() [33m=>[39m {
    [90m   | [39m            [31m^[39m
    [90m353| [39m        expect(screen.getByText("Spring Career Fair 2024")).toBeInTheD…
    [90m354| [39m      })[33m;[39m

[31m[2m⎯⎯⎯⎯⎯⎯⎯⎯⎯⎯⎯⎯⎯⎯⎯⎯⎯⎯⎯⎯⎯⎯⎯[1/33]⎯[22m[39m

[41m[1m FAIL [22m[49m src/pages/__tests__/AdminDashboard.test.tsx[2m > [22mAdminDashboard[2m > [22mSchedule Management[2m > [22mopens schedule dialog when Schedule Career Fair button is clicked
[31m[1mTestingLibraryElementError[22m[39m: Found multiple elements with the text: Schedule Career Fair

Here are the matching elements:

Ignored nodes: comments, script, style
[36m<button[39m
  [33mclass[39m=[32m"MuiButtonBase-root MuiButton-root MuiButton-contained MuiButton-containedPrimary MuiButton-sizeMedium MuiButton-containedSizeMedium MuiButton-colorPrimary MuiButton-root MuiButton-contained MuiButton-containedPrimary MuiButton-sizeMedium MuiButton-containedSizeMedium MuiButton-colorPrimary css-gp6try-MuiButtonBase-root-MuiButton-root"[39m
  [33mtabindex[39m=[32m"0"[39m
  [33mtype[39m=[32m"button"[39m
[36m>[39m
  [36m<span[39m
    [33mclass[39m=[32m"MuiButton-icon MuiButton-startIcon MuiButton-iconSizeMedium css-1sh91j5-MuiButton-startIcon"[39m
  [36m>[39m
    [36m<svg[39m
      [33maria-hidden[39m=[32m"true"[39m
      [33mclass[39m=[32m"MuiSvgIcon-root MuiSvgIcon-fontSizeMedium css-1umw9bq-MuiSvgIcon-root"[39m
      [33mdata-testid[39m=[32m"AddIcon"[39m
      [33mfocusable[39m=[32m"false"[39m
      [33mviewBox[39m=[32m"0 0 24 24"[39m
    [36m>[39m
      [36m<path[39m
        [33md[39m=[32m"M19 13h-6v6h-2v-6H5v-2h6V5h2v6h6z"[39m
      [36m/>[39m
    [36m</svg>[39m
  [36m</span>[39m
  [0mSchedule Career Fair[0m
  [36m<span[39m
    [33mclass[39m=[32m"MuiTouchRipple-root css-r3djoj-MuiTouchRipple-root"[39m
  [36m>[39m
    [36m<span[39m
      [33mclass[39m=[32m"css-y4cjyz-MuiTouchRipple-ripple MuiTouchRipple-ripple MuiTouchRipple-rippleVisible"[39m
      [33mstyle[39m=[32m"width: 2.8284271247461903px; height: 2.8284271247461903px; top: -1.4142135623730951px; left: -1.4142135623730951px;"[39m
    [36m>[39m
      [36m<span[39m
        [33mclass[39m=[32m"MuiTouchRipple-child MuiTouchRipple-childLeaving"[39m
      [36m/>[39m
    [36m</span>[39m
  [36m</span>[39m
[36m</button>[39m

Ignored nodes: comments, script, style
[36m<button[39m
  [33mclass[39m=[32m"MuiButtonBase-root MuiButton-root MuiButton-outlined MuiButton-outlinedPrimary MuiButton-sizeMedium MuiButton-outlinedSizeMedium MuiButton-colorPrimary MuiButton-root MuiButton-outlined MuiButton-outlinedPrimary MuiButton-sizeMedium MuiButton-outlinedSizeMedium MuiButton-colorPrimary css-1cz2wy4-MuiButtonBase-root-MuiButton-root"[39m
  [33mtabindex[39m=[32m"0"[39m
  [33mtype[39m=[32m"button"[39m
[36m>[39m
  [36m<span[39m
    [33mclass[39m=[32m"MuiButton-icon MuiButton-startIcon MuiButton-iconSizeMedium css-1sh91j5-MuiButton-startIcon"[39m
  [36m>[39m
    [36m<svg[39m
      [33maria-hidden[39m=[32m"true"[39m
      [33mclass[39m=[32m"MuiSvgIcon-root MuiSvgIcon-fontSizeMedium css-1umw9bq-MuiSvgIcon-root"[39m
      [33mdata-testid[39m=[32m"AddIcon"[39m
      [33mfocusable[39m=[32m"false"[39m
      [33mviewBox[39m=[32m"0 0 24 24"[39m
    [36m>[39m
      [36m<path[39m
        [33md[39m=[32m"M19 13h-6v6h-2v-6H5v-2h6V5h2v6h6z"[39m
      [36m/>[39m
    [36m</svg>[39m
  [36m</span>[39m
  [0mSchedule Career Fair[0m
[36m</button>[39m

Ignored nodes: comments, script, style
[36m<h2[39m
  [33mclass[39m=[32m"MuiTypography-root MuiTypography-h6 MuiDialogTitle-root css-rvoa5x-MuiTypography-root-MuiDialogTitle-root"[39m
  [33mid[39m=[32m"«r2i»"[39m
[36m>[39m
  [0mSchedule Career Fair[0m
[36m</h2>[39m

Ignored nodes: comments, script, style
[36m<button[39m
  [33mclass[39m=[32m"MuiButtonBase-root MuiButton-root MuiButton-contained MuiButton-containedPrimary MuiButton-sizeMedium MuiButton-containedSizeMedium MuiButton-colorPrimary Mui-disabled MuiButton-root MuiButton-contained MuiButton-containedPrimary MuiButton-sizeMedium MuiButton-containedSizeMedium MuiButton-colorPrimary css-gp6try-MuiButtonBase-root-MuiButton-root"[39m
  [33mdisabled[39m=[32m""[39m
  [33mtabindex[39m=[32m"-1"[39m
  [33mtype[39m=[32m"button"[39m
[36m>[39m
  [0mSchedule Career Fair[0m
[36m</button>[39m

(If this is intentional, then use the `*AllBy*` variant of the query (like `queryAllByText`, `getAllByText`, or `findAllByText`)).

Ignored nodes: comments, script, style
[36m<body[39m
  [33mstyle[39m=[32m"padding-right: 1024px; overflow: hidden;"[39m
[36m>[39m
  [36m<div[39m
    [33maria-hidden[39m=[32m"true"[39m
  [36m>[39m
    [36m<div[39m
      [33mclass[39m=[32m"MuiBox-root css-95pn59"[39m
    [36m>[39m
      [36m<div[39m
        [33mclass[39m=[32m"MuiBox-root css-kpkptg"[39m
      [36m>[39m
        [36m<div[39m
          [33mclass[39m=[32m"MuiContainer-root MuiContainer-maxWidthLg css-5c1adp-MuiContainer-root"[39m
        [36m>[39m
          [36m<div[39m
            [33mclass[39m=[32m"MuiBox-root css-69i1ev"[39m
          [36m>[39m
            [36m<div[39m
              [33mclass[39m=[32m"MuiBox-root css-j0ozid"[39m
            [36m>[39m
              [36m<svg[39m
                [33maria-hidden[39m=[32m"true"[39m
                [33mclass[39m=[32m"MuiSvgIcon-root MuiSvgIcon-fontSizeMedium css-19qoenp-MuiSvgIcon-root"[39m
                [33mdata-testid[39m=[32m"AdminPanelSettingsIcon"[39m
                [33mfocusable[39m=[32m"false"[39m
                [33mviewBox[39m=[32m"0 0 24 24"[39m
              [36m>[39m
                [36m<path[39m
                  [33md[39m=[32m"M17 11c.34 0 .67.04 1 .09V6.27L10.5 3 3 6.27v4.91c0 4.54 3.2 8.79 7.5 9.82.55-.13 1.08-.32 1.6-.55-.69-.98-1.1-2.17-1.1-3.45 0-3.31 2.69-6 6-6"[39m
                [36m/>[39m
                [36m<path[39m
                  [33md[39m=[32m"M17 13c-2.21 0-4 1.79-4 4s1.79 4 4 4 4-1.79 4-4-1.79-4-4-4m0 1.38c.62 0 1.12.51 1.12 1.12s-.51 1.12-1.12 1.12-1.12-.51-1.12-1.12.5-1.12 1.12-1.12m0 5.37c-.93 0-1.74-.46-2.24-1.17.05-.72 1.51-1.08 2.24-1.08s2.19.36 2.24 1.08c-.5.71-1.31 1.17-2.24 1.17"[39m
                [36m/>[39m
              [36m</svg>[39m
              [36m<h5[39m
                [33mclass[39m=[32m"MuiTypography-root MuiTypography-h5 css-2h07vh-MuiTypography-root"[39m
              [36m>[39m
                [0mAdministrator Dashboard[0m
              [36m</h5>[39m
            [36m</div>[39m
            [36m<div[39m
              [33mdata-testid[39m=[32m"profile-menu"[39m
            [36m>[39m
              [0mProfile Menu[0m
            [36m</div>[39m
          [36m</div>[39m
        [36m</div>[39m
      [36m</div>[39m
      [36m<div[39m
        [33mclass[39m=[32m"MuiContainer-root MuiContainer-maxWidthLg css-xsov46-MuiContainer-root"[39m
      [36m>[39m
        [36m<div[39m
          [33mclass[39m=[32m"MuiPaper-root MuiPaper-elevation MuiPaper-rounded MuiPaper-elevation1 MuiCard-root css-15zjgi1-MuiPaper-root-MuiCard-root"[39m
          [33mstyle[39m=[32m"--Paper-shadow: 0px 2px 1px -1px rgba(0,0,0,0.2),0px 1px 1px 0px rgba(0,0,0,0.14),0px 1px 3px 0px rgba(0,0,0,0.12);"[39m
        [36m>[39m
          [36m<div[39m
            [33mclass[39m=[32m"MuiCardContent-root css-21mhzp-MuiCardContent-root"[39m
          [36m>[39m
            [36m<div[39m
              [33mclass[39m=[32m"MuiBox-root css-rvh7fc"[39m
            [36m>[39m
              [36m<svg[39m
                [33maria-hidden[39m=[32m"true"[39m
                [33mclass[39m=[32m"MuiSvgIcon-root MuiSvgIcon-fontSizeMedium css-l2hh3m-MuiSvgIcon-root"[39m
                [33mdata-testid[39m=[32m"EventIcon"[39m
                [33mfocusable[39m=[32m"false"[39m
                [33mviewBox[39m=[32m"0 0 24 24"[39m
              [36m>[39m
                [36m<path[39m
                  [33md[39m=[32m"M17 12h-5v5h5zM16 1v2H8V1H6v2H5c-1.11 0-1.99.9-1.99 2L3 19c0 1.1.89 2 2 2h14c1.1 0 2-.9 2-2V5c0-1.1-.9-2-2-2h-1V1zm3 18H5V8h14z"[39m
                [36m/>[39m
              [36m</svg>[39m
              [36m<div[39m
                [33mclass[39m=[32m"MuiBox-root css-0"[39m
              [36m>[39m
                [36m<h5[39m
                  [33mclass[39m=[32m"MuiTypography-root MuiTypography-h5 css-13tg29a-MuiTypography-root"[39m
                [36m>[39m
                  [0mCareer Fair Status[0m
                [36m</h5>[39m
                [36m<p[39m
                  [33mclass[39m=[32m"MuiTypography-root MuiTypography-body2 css-1wle3ir-MuiTypography-root"[39m
                [36m>[39m
                  [0mControl when the career fair is live and visible to all users[0m
                [36m</p>[39m
              [36m</div>[39m
            [36m</div>[39m
            [36m<div[39m
              [33mclass[39m=[32m"MuiBox-root css-dp69vb"[39m
            [36m>[39m
              [36m<label[39m
                [33mclass[39m=[32m"MuiFormControlLabel-root MuiFormControlLabel-labelPlacementEnd css-19opgx6-MuiFormControlLabel-root"[39m
              [36m>[39m
                [36m<span[39m
                  [33mclass[39m=[32m"MuiSwitch-root MuiSwitch-sizeMedium css-13ih6ji-MuiSwitch-root"[39m
                [36m>[39m
                  [36m<span[39m
                    [33mclass[39m=[32m"MuiButtonBase-root MuiSwitch-switchBase MuiSwitch-colorPrimary PrivateSwitchBase-root MuiSwitch-switchBase MuiSwitch-colorPrimary css-aqlqb4-MuiButtonBase-root-MuiSwitchBase-root-MuiSwitch-switchBase"[39m
                  [36m>[39m
                    [36m<input[39m
                      [33mclass[39m=[32m"PrivateSwitchBase-input MuiSwitch-input css-12xagqm-MuiSwitchBase-root"[39m
                      [33mrole[39m=[32m"switch"[39m
                      [33mtype[39m=[32m"checkbox"[39m
                    [36m/>[39m
                    [36m<span[39m
                      [33mclass[39m=[32m"MuiSwitch-thumb css-17jyosd-MuiSwitch-thumb"[39m
                    [36m/>[39m
                  [36m</span>[39m
                  [36m<span[39m
                    [33mclass[39m=[32m"MuiSwitch-track css-tj8d99-MuiSwitch-track"[39m
                  [36m/>[39m
                [36m</span>[39m
                [36m<span[39m
                  [33mclass[39m=[32m"MuiTypography-root MuiTypography-body1 MuiFormControlLabel-label css-rizt0-MuiTypography-root"[39m
                [36m>[39m
                  [36m<div[39m
                    [33mclass[39m=[32m"MuiBox-root css-0"[39m
                  [36m>[39m
                    [36m<h6[39m
                      [33mclass[39m=[32m"MuiTypography-root MuiTypography-h6 css-re5jyh-MuiTypography-root"[39m
                    [36m>[39m
                      [0mCareer Fair is OFFLINE[0m
                    [36m</h6>[39m
                    [36m<p[39m
                      [33mclass[39m=[32m"MuiTypography-root MuiTypography-body2 css-1sa4kq8-MuiTypography-root"[39m
                    [36m>[39m
                      [0mOnly company owners and representatives can see and edit their own booths.[0m
                    [36m</p>[39m
                  [36m</div>[39m
                [36m</span>[39m
              [36m</label>[39m
            [36m</div>[39m
            [36m<div...
[90m [2m❯[22m Object.getElementError node_modules/@testing-library/dom/dist/config.js:[2m37:19[22m[39m
[90m [2m❯[22m getElementError node_modules/@testing-library/dom/dist/query-helpers.js:[2m20:35[22m[39m
[90m [2m❯[22m getMultipleElementsFoundError node_modules/@testing-library/dom/dist/query-helpers.js:[2m23:10[22m[39m
[90m [2m❯[22m node_modules/@testing-library/dom/dist/query-helpers.js:[2m55:13[22m[39m
[90m [2m❯[22m getByText node_modules/@testing-library/dom/dist/query-helpers.js:[2m95:19[22m[39m
[36m [2m❯[22m src/pages/__tests__/AdminDashboard.test.tsx:[2m372:21[22m[39m
    [90m370| [39m
    [90m371| [39m      [34mexpect[39m(screen[33m.[39m[34mgetByRole[39m([32m"dialog"[39m))[33m.[39m[34mtoBeInTheDocument[39m()[33m;[39m
    [90m372| [39m      expect(screen.getByText("Schedule Career Fair")).toBeInTheDocume…
    [90m   | [39m                    [31m^[39m
    [90m373| [39m    })[33m;[39m
    [90m374| [39m

[31m[2m⎯⎯⎯⎯⎯⎯⎯⎯⎯⎯⎯⎯⎯⎯⎯⎯⎯⎯⎯⎯⎯⎯⎯[2/33]⎯[22m[39m

[41m[1m FAIL [22m[49m src/pages/__tests__/AdminDashboard.test.tsx[2m > [22mAdminDashboard[2m > [22mSchedule Management[2m > [22mopens edit dialog when edit button is clicked
[31m[1mTestingLibraryElementError[22m[39m: Unable to find an element by: [data-testid="EditIcon"]

Ignored nodes: comments, script, style
[36m<body[39m
  [33mstyle[39m=[32m""[39m
[36m>[39m
  [36m<div>[39m
    [36m<div[39m
      [33mclass[39m=[32m"MuiBox-root css-95pn59"[39m
    [36m>[39m
      [36m<div[39m
        [33mclass[39m=[32m"MuiBox-root css-kpkptg"[39m
      [36m>[39m
        [36m<div[39m
          [33mclass[39m=[32m"MuiContainer-root MuiContainer-maxWidthLg css-5c1adp-MuiContainer-root"[39m
        [36m>[39m
          [36m<div[39m
            [33mclass[39m=[32m"MuiBox-root css-69i1ev"[39m
          [36m>[39m
            [36m<div[39m
              [33mclass[39m=[32m"MuiBox-root css-j0ozid"[39m
            [36m>[39m
              [36m<svg[39m
                [33maria-hidden[39m=[32m"true"[39m
                [33mclass[39m=[32m"MuiSvgIcon-root MuiSvgIcon-fontSizeMedium css-19qoenp-MuiSvgIcon-root"[39m
                [33mdata-testid[39m=[32m"AdminPanelSettingsIcon"[39m
                [33mfocusable[39m=[32m"false"[39m
                [33mviewBox[39m=[32m"0 0 24 24"[39m
              [36m>[39m
                [36m<path[39m
                  [33md[39m=[32m"M17 11c.34 0 .67.04 1 .09V6.27L10.5 3 3 6.27v4.91c0 4.54 3.2 8.79 7.5 9.82.55-.13 1.08-.32 1.6-.55-.69-.98-1.1-2.17-1.1-3.45 0-3.31 2.69-6 6-6"[39m
                [36m/>[39m
                [36m<path[39m
                  [33md[39m=[32m"M17 13c-2.21 0-4 1.79-4 4s1.79 4 4 4 4-1.79 4-4-1.79-4-4-4m0 1.38c.62 0 1.12.51 1.12 1.12s-.51 1.12-1.12 1.12-1.12-.51-1.12-1.12.5-1.12 1.12-1.12m0 5.37c-.93 0-1.74-.46-2.24-1.17.05-.72 1.51-1.08 2.24-1.08s2.19.36 2.24 1.08c-.5.71-1.31 1.17-2.24 1.17"[39m
                [36m/>[39m
              [36m</svg>[39m
              [36m<h5[39m
                [33mclass[39m=[32m"MuiTypography-root MuiTypography-h5 css-2h07vh-MuiTypography-root"[39m
              [36m>[39m
                [0mAdministrator Dashboard[0m
              [36m</h5>[39m
            [36m</div>[39m
            [36m<div[39m
              [33mdata-testid[39m=[32m"profile-menu"[39m
            [36m>[39m
              [0mProfile Menu[0m
            [36m</div>[39m
          [36m</div>[39m
        [36m</div>[39m
      [36m</div>[39m
      [36m<div[39m
        [33mclass[39m=[32m"MuiContainer-root MuiContainer-maxWidthLg css-xsov46-MuiContainer-root"[39m
      [36m>[39m
        [36m<div[39m
          [33mclass[39m=[32m"MuiPaper-root MuiPaper-elevation MuiPaper-rounded MuiPaper-elevation1 MuiCard-root css-15zjgi1-MuiPaper-root-MuiCard-root"[39m
          [33mstyle[39m=[32m"--Paper-shadow: 0px 2px 1px -1px rgba(0,0,0,0.2),0px 1px 1px 0px rgba(0,0,0,0.14),0px 1px 3px 0px rgba(0,0,0,0.12);"[39m
        [36m>[39m
          [36m<div[39m
            [33mclass[39m=[32m"MuiCardContent-root css-21mhzp-MuiCardContent-root"[39m
          [36m>[39m
            [36m<div[39m
              [33mclass[39m=[32m"MuiBox-root css-rvh7fc"[39m
            [36m>[39m
              [36m<svg[39m
                [33maria-hidden[39m=[32m"true"[39m
                [33mclass[39m=[32m"MuiSvgIcon-root MuiSvgIcon-fontSizeMedium css-l2hh3m-MuiSvgIcon-root"[39m
                [33mdata-testid[39m=[32m"EventIcon"[39m
                [33mfocusable[39m=[32m"false"[39m
                [33mviewBox[39m=[32m"0 0 24 24"[39m
              [36m>[39m
                [36m<path[39m
                  [33md[39m=[32m"M17 12h-5v5h5zM16 1v2H8V1H6v2H5c-1.11 0-1.99.9-1.99 2L3 19c0 1.1.89 2 2 2h14c1.1 0 2-.9 2-2V5c0-1.1-.9-2-2-2h-1V1zm3 18H5V8h14z"[39m
                [36m/>[39m
              [36m</svg>[39m
              [36m<div[39m
                [33mclass[39m=[32m"MuiBox-root css-0"[39m
              [36m>[39m
                [36m<h5[39m
                  [33mclass[39m=[32m"MuiTypography-root MuiTypography-h5 css-13tg29a-MuiTypography-root"[39m
                [36m>[39m
                  [0mCareer Fair Status[0m
                [36m</h5>[39m
                [36m<p[39m
                  [33mclass[39m=[32m"MuiTypography-root MuiTypography-body2 css-1wle3ir-MuiTypography-root"[39m
                [36m>[39m
                  [0mControl when the career fair is live and visible to all users[0m
                [36m</p>[39m
              [36m</div>[39m
            [36m</div>[39m
            [36m<div[39m
              [33mclass[39m=[32m"MuiBox-root css-dp69vb"[39m
            [36m>[39m
              [36m<label[39m
                [33mclass[39m=[32m"MuiFormControlLabel-root MuiFormControlLabel-labelPlacementEnd css-19opgx6-MuiFormControlLabel-root"[39m
              [36m>[39m
                [36m<span[39m
                  [33mclass[39m=[32m"MuiSwitch-root MuiSwitch-sizeMedium css-13ih6ji-MuiSwitch-root"[39m
                [36m>[39m
                  [36m<span[39m
                    [33mclass[39m=[32m"MuiButtonBase-root MuiSwitch-switchBase MuiSwitch-colorPrimary PrivateSwitchBase-root MuiSwitch-switchBase MuiSwitch-colorPrimary css-aqlqb4-MuiButtonBase-root-MuiSwitchBase-root-MuiSwitch-switchBase"[39m
                  [36m>[39m
                    [36m<input[39m
                      [33mclass[39m=[32m"PrivateSwitchBase-input MuiSwitch-input css-12xagqm-MuiSwitchBase-root"[39m
                      [33mrole[39m=[32m"switch"[39m
                      [33mtype[39m=[32m"checkbox"[39m
                    [36m/>[39m
                    [36m<span[39m
                      [33mclass[39m=[32m"MuiSwitch-thumb css-17jyosd-MuiSwitch-thumb"[39m
                    [36m/>[39m
                  [36m</span>[39m
                  [36m<span[39m
                    [33mclass[39m=[32m"MuiSwitch-track css-tj8d99-MuiSwitch-track"[39m
                  [36m/>[39m
                [36m</span>[39m
                [36m<span[39m
                  [33mclass[39m=[32m"MuiTypography-root MuiTypography-body1 MuiFormControlLabel-label css-rizt0-MuiTypography-root"[39m
                [36m>[39m
                  [36m<div[39m
                    [33mclass[39m=[32m"MuiBox-root css-0"[39m
                  [36m>[39m
                    [36m<h6[39m
                      [33mclass[39m=[32m"MuiTypography-root MuiTypography-h6 css-re5jyh-MuiTypography-root"[39m
                    [36m>[39m
                      [0mCareer Fair is OFFLINE[0m
                    [36m</h6>[39m
                    [36m<p[39m
                      [33mclass[39m=[32m"MuiTypography-root MuiTypography-body2 css-1sa4kq8-MuiTypography-root"[39m
                    [36m>[39m
                      [0mOnly company owners and representatives can see and edit their own booths.[0m
                    [36m</p>[39m
                  [36m</div>[39m
                [36m</span>[39m
              [36m</label>[39m
            [36m</div>[39m
            [36m<div[39m
              [33mclass[39m=[32m"MuiBox-root css-178yklu"[39m
            [36m>[39m
 ...

Ignored nodes: comments, script, style
[36m<html>[39m
  [36m<head>[39m
    [36m<meta[39m
      [33mcontent[39m=[32m""[39m
      [33mname[39m=[32m"emotion-insertion-point"[39m
    [36m/>[39m
  [36m</head>[39m
  [36m<body[39m
    [33mstyle[39m=[32m""[39m
  [36m>[39m
    [36m<div>[39m
      [36m<div[39m
        [33mclass[39m=[32m"MuiBox-root css-95pn59"[39m
      [36m>[39m
        [36m<div[39m
          [33mclass[39m=[32m"MuiBox-root css-kpkptg"[39m
        [36m>[39m
          [36m<div[39m
            [33mclass[39m=[32m"MuiContainer-root MuiContainer-maxWidthLg css-5c1adp-MuiContainer-root"[39m
          [36m>[39m
            [36m<div[39m
              [33mclass[39m=[32m"MuiBox-root css-69i1ev"[39m
            [36m>[39m
              [36m<div[39m
                [33mclass[39m=[32m"MuiBox-root css-j0ozid"[39m
              [36m>[39m
                [36m<svg[39m
                  [33maria-hidden[39m=[32m"true"[39m
                  [33mclass[39m=[32m"MuiSvgIcon-root MuiSvgIcon-fontSizeMedium css-19qoenp-MuiSvgIcon-root"[39m
                  [33mdata-testid[39m=[32m"AdminPanelSettingsIcon"[39m
                  [33mfocusable[39m=[32m"false"[39m
                  [33mviewBox[39m=[32m"0 0 24 24"[39m
                [36m>[39m
                  [36m<path[39m
                    [33md[39m=[32m"M17 11c.34 0 .67.04 1 .09V6.27L10.5 3 3 6.27v4.91c0 4.54 3.2 8.79 7.5 9.82.55-.13 1.08-.32 1.6-.55-.69-.98-1.1-2.17-1.1-3.45 0-3.31 2.69-6 6-6"[39m
                  [36m/>[39m
                  [36m<path[39m
                    [33md[39m=[32m"M17 13c-2.21 0-4 1.79-4 4s1.79 4 4 4 4-1.79 4-4-1.79-4-4-4m0 1.38c.62 0 1.12.51 1.12 1.12s-.51 1.12-1.12 1.12-1.12-.51-1.12-1.12.5-1.12 1.12-1.12m0 5.37c-.93 0-1.74-.46-2.24-1.17.05-.72 1.51-1.08 2.24-1.08s2.19.36 2.24 1.08c-.5.71-1.31 1.17-2.24 1.17"[39m
                  [36m/>[39m
                [36m</svg>[39m
                [36m<h5[39m
                  [33mclass[39m=[32m"MuiTypography-root MuiTypography-h5 css-2h07vh-MuiTypography-root"[39m
                [36m>[39m
                  [0mAdministrator Dashboard[0m
                [36m</h5>[39m
              [36m</div>[39m
              [36m<div[39m
                [33mdata-testid[39m=[32m"profile-menu"[39m
              [36m>[39m
                [0mProfile Menu[0m
              [36m</div>[39m
            [36m</div>[39m
          [36m</div>[39m
        [36m</div>[39m
        [36m<div[39m
          [33mclass[39m=[32m"MuiContainer-root MuiContainer-maxWidthLg css-xsov46-MuiContainer-root"[39m
        [36m>[39m
          [36m<div[39m
            [33mclass[39m=[32m"MuiPaper-root MuiPaper-elevation MuiPaper-rounded MuiPaper-elevation1 MuiCard-root css-15zjgi1-MuiPaper-root-MuiCard-root"[39m
            [33mstyle[39m=[32m"--Paper-shadow: 0px 2px 1px -1px rgba(0,0,0,0.2),0px 1px 1px 0px rgba(0,0,0,0.14),0px 1px 3px 0px rgba(0,0,0,0.12);"[39m
          [36m>[39m
            [36m<div[39m
              [33mclass[39m=[32m"MuiCardContent-root css-21mhzp-MuiCardContent-root"[39m
            [36m>[39m
              [36m<div[39m
                [33mclass[39m=[32m"MuiBox-root css-rvh7fc"[39m
              [36m>[39m
                [36m<svg[39m
                  [33maria-hidden[39m=[32m"true"[39m
                  [33mclass[39m=[32m"MuiSvgIcon-root MuiSvgIcon-fontSizeMedium css-l2hh3m-MuiSvgIcon-root"[39m
                  [33mdata-testid[39m=[32m"EventIcon"[39m
                  [33mfocusable[39m=[32m"false"[39m
                  [33mviewBox[39m=[32m"0 0 24 24"[39m
                [36m>[39m
                  [36m<path[39m
                    [33md[39m=[32m"M17 12h-5v5h5zM16 1v2H8V1H6v2H5c-1.11 0-1.99.9-1.99 2L3 19c0 1.1.89 2 2 2h14c1.1 0 2-.9 2-2V5c0-1.1-.9-2-2-2h-1V1zm3 18H5V8h14z"[39m
                  [36m/>[39m
                [36m</svg>[39m
                [36m<div[39m
                  [33mclass[39m=[32m"MuiBox-root css-0"[39m
                [36m>[39m
                  [36m<h5[39m
                    [33mclass[39m=[32m"MuiTypography-root MuiTypography-h5 css-13tg29a-MuiTypography-root"[39m
                  [36m>[39m
                    [0mCareer Fair Status[0m
                  [36m</h5>[39m
                  [36m<p[39m
                    [33mclass[39m=[32m"MuiTypography-root MuiTypography-body2 css-1wle3ir-MuiTypography-root"[39m
                  [36m>[39m
                    [0mControl when the career fair is live and visible to all users[0m
                  [36m</p>[39m
                [36m</div>[39m
              [36m</div>[39m
              [36m<div[39m
                [33mclass[39m=[32m"MuiBox-root css-dp69vb"[39m
              [36m>[39m
                [36m<label[39m
                  [33mclass[39m=[32m"MuiFormControlLabel-root MuiFormControlLabel-labelPlacementEnd css-19opgx6-MuiFormControlLabel-root"[39m
                [36m>[39m
                  [36m<span[39m
                    [33mclass[39m=[32m"MuiSwitch-root MuiSwitch-sizeMedium css-13ih6ji-MuiSwitch-root"[39m
                  [36m>[39m
                    [36m<span[39m
                      [33mclass[39m=[32m"MuiButtonBase-root MuiSwitch-switchBase MuiSwitch-colorPrimary PrivateSwitchBase-root MuiSwitch-switchBase MuiSwitch-colorPrimary css-aqlqb4-MuiButtonBase-root-MuiSwitchBase-root-MuiSwitch-switchBase"[39m
                    [36m>[39m
                      [36m<input[39m
                        [33mclass[39m=[32m"PrivateSwitchBase-input MuiSwitch-input css-12xagqm-MuiSwitchBase-root"[39m
                        [33mrole[39m=[32m"switch"[39m
                        [33mtype[39m=[32m"checkbox"[39m
                      [36m/>[39m
                      [36m<span[39m
                        [33mclass[39m=[32m"MuiSwitch-thumb css-17jyosd-MuiSwitch-thumb"[39m
                      [36m/>[39m
                    [36m</span>[39m
                    [36m<span[39m
                      [33mclass[39m=[32m"MuiSwitch-track css-tj8d99-MuiSwitch-track"[39m
                    [36m/>[39m
                  [36m</span>[39m
                  [36m<span[39m
                    [33mclass[39m=[32m"MuiTypography-root MuiTypography-body1 MuiFormControlLabel-label css-rizt0-MuiTypography-root"[39m
                  [36m>[39m
                    [36m<div[39m
                      [33mclass[39m=[32m"MuiBox-root css-0"[39m
                    [36m>[39m
                      [36m<h6[39m
                        [33mclass[39m=[32m"MuiTypography-root MuiTypography-h6 css-re5jyh-MuiTypography-root"[39m
                      [36m>[39m
                        [0mCareer Fair is OFFLINE[0m
                      [36m</h6>[39m
                      [36m<p[39m
                        [33mclass[39m=[32m"MuiTypography-root MuiTypography-body2 css-1sa4kq8-MuiTypograp...
[90m [2m❯[22m Proxy.waitFor node_modules/@testing-library/dom/dist/wait-for.js:[2m163:27[22m[39m
[36m [2m❯[22m src/pages/__tests__/AdminDashboard.test.tsx:[2m485:13[22m[39m
    [90m483| [39m      [34mrenderAdminDashboard[39m()[33m;[39m
    [90m484| [39m
    [90m485| [39m      [35mawait[39m [34mwaitFor[39m(() [33m=>[39m {
    [90m   | [39m            [31m^[39m
    [90m486| [39m        [34mexpect[39m(screen[33m.[39m[34mgetByTestId[39m([32m"EditIcon"[39m))[33m.[39m[34mtoBeInTheDocument[39m()[33m;[39m
    [90m487| [39m      })[33m;[39m

[31m[2m⎯⎯⎯⎯⎯⎯⎯⎯⎯⎯⎯⎯⎯⎯⎯⎯⎯⎯⎯⎯⎯⎯⎯[3/33]⎯[22m[39m

[41m[1m FAIL [22m[49m src/pages/__tests__/AdminDashboard.test.tsx[2m > [22mAdminDashboard[2m > [22mSchedule Management[2m > [22mupdates existing schedule successfully
[31m[1mTestingLibraryElementError[22m[39m: Unable to find an element by: [data-testid="EditIcon"]

Ignored nodes: comments, script, style
[36m<body[39m
  [33mstyle[39m=[32m""[39m
[36m>[39m
  [36m<div>[39m
    [36m<div[39m
      [33mclass[39m=[32m"MuiBox-root css-95pn59"[39m
    [36m>[39m
      [36m<div[39m
        [33mclass[39m=[32m"MuiBox-root css-kpkptg"[39m
      [36m>[39m
        [36m<div[39m
          [33mclass[39m=[32m"MuiContainer-root MuiContainer-maxWidthLg css-5c1adp-MuiContainer-root"[39m
        [36m>[39m
          [36m<div[39m
            [33mclass[39m=[32m"MuiBox-root css-69i1ev"[39m
          [36m>[39m
            [36m<div[39m
              [33mclass[39m=[32m"MuiBox-root css-j0ozid"[39m
            [36m>[39m
              [36m<svg[39m
                [33maria-hidden[39m=[32m"true"[39m
                [33mclass[39m=[32m"MuiSvgIcon-root MuiSvgIcon-fontSizeMedium css-19qoenp-MuiSvgIcon-root"[39m
                [33mdata-testid[39m=[32m"AdminPanelSettingsIcon"[39m
                [33mfocusable[39m=[32m"false"[39m
                [33mviewBox[39m=[32m"0 0 24 24"[39m
              [36m>[39m
                [36m<path[39m
                  [33md[39m=[32m"M17 11c.34 0 .67.04 1 .09V6.27L10.5 3 3 6.27v4.91c0 4.54 3.2 8.79 7.5 9.82.55-.13 1.08-.32 1.6-.55-.69-.98-1.1-2.17-1.1-3.45 0-3.31 2.69-6 6-6"[39m
                [36m/>[39m
                [36m<path[39m
                  [33md[39m=[32m"M17 13c-2.21 0-4 1.79-4 4s1.79 4 4 4 4-1.79 4-4-1.79-4-4-4m0 1.38c.62 0 1.12.51 1.12 1.12s-.51 1.12-1.12 1.12-1.12-.51-1.12-1.12.5-1.12 1.12-1.12m0 5.37c-.93 0-1.74-.46-2.24-1.17.05-.72 1.51-1.08 2.24-1.08s2.19.36 2.24 1.08c-.5.71-1.31 1.17-2.24 1.17"[39m
                [36m/>[39m
              [36m</svg>[39m
              [36m<h5[39m
                [33mclass[39m=[32m"MuiTypography-root MuiTypography-h5 css-2h07vh-MuiTypography-root"[39m
              [36m>[39m
                [0mAdministrator Dashboard[0m
              [36m</h5>[39m
            [36m</div>[39m
            [36m<div[39m
              [33mdata-testid[39m=[32m"profile-menu"[39m
            [36m>[39m
              [0mProfile Menu[0m
            [36m</div>[39m
          [36m</div>[39m
        [36m</div>[39m
      [36m</div>[39m
      [36m<div[39m
        [33mclass[39m=[32m"MuiContainer-root MuiContainer-maxWidthLg css-xsov46-MuiContainer-root"[39m
      [36m>[39m
        [36m<div[39m
          [33mclass[39m=[32m"MuiPaper-root MuiPaper-elevation MuiPaper-rounded MuiPaper-elevation1 MuiCard-root css-15zjgi1-MuiPaper-root-MuiCard-root"[39m
          [33mstyle[39m=[32m"--Paper-shadow: 0px 2px 1px -1px rgba(0,0,0,0.2),0px 1px 1px 0px rgba(0,0,0,0.14),0px 1px 3px 0px rgba(0,0,0,0.12);"[39m
        [36m>[39m
          [36m<div[39m
            [33mclass[39m=[32m"MuiCardContent-root css-21mhzp-MuiCardContent-root"[39m
          [36m>[39m
            [36m<div[39m
              [33mclass[39m=[32m"MuiBox-root css-rvh7fc"[39m
            [36m>[39m
              [36m<svg[39m
                [33maria-hidden[39m=[32m"true"[39m
                [33mclass[39m=[32m"MuiSvgIcon-root MuiSvgIcon-fontSizeMedium css-l2hh3m-MuiSvgIcon-root"[39m
                [33mdata-testid[39m=[32m"EventIcon"[39m
                [33mfocusable[39m=[32m"false"[39m
                [33mviewBox[39m=[32m"0 0 24 24"[39m
              [36m>[39m
                [36m<path[39m
                  [33md[39m=[32m"M17 12h-5v5h5zM16 1v2H8V1H6v2H5c-1.11 0-1.99.9-1.99 2L3 19c0 1.1.89 2 2 2h14c1.1 0 2-.9 2-2V5c0-1.1-.9-2-2-2h-1V1zm3 18H5V8h14z"[39m
                [36m/>[39m
              [36m</svg>[39m
              [36m<div[39m
                [33mclass[39m=[32m"MuiBox-root css-0"[39m
              [36m>[39m
                [36m<h5[39m
                  [33mclass[39m=[32m"MuiTypography-root MuiTypography-h5 css-13tg29a-MuiTypography-root"[39m
                [36m>[39m
                  [0mCareer Fair Status[0m
                [36m</h5>[39m
                [36m<p[39m
                  [33mclass[39m=[32m"MuiTypography-root MuiTypography-body2 css-1wle3ir-MuiTypography-root"[39m
                [36m>[39m
                  [0mControl when the career fair is live and visible to all users[0m
                [36m</p>[39m
              [36m</div>[39m
            [36m</div>[39m
            [36m<div[39m
              [33mclass[39m=[32m"MuiBox-root css-dp69vb"[39m
            [36m>[39m
              [36m<label[39m
                [33mclass[39m=[32m"MuiFormControlLabel-root MuiFormControlLabel-labelPlacementEnd css-19opgx6-MuiFormControlLabel-root"[39m
              [36m>[39m
                [36m<span[39m
                  [33mclass[39m=[32m"MuiSwitch-root MuiSwitch-sizeMedium css-13ih6ji-MuiSwitch-root"[39m
                [36m>[39m
                  [36m<span[39m
                    [33mclass[39m=[32m"MuiButtonBase-root MuiSwitch-switchBase MuiSwitch-colorPrimary PrivateSwitchBase-root MuiSwitch-switchBase MuiSwitch-colorPrimary css-aqlqb4-MuiButtonBase-root-MuiSwitchBase-root-MuiSwitch-switchBase"[39m
                  [36m>[39m
                    [36m<input[39m
                      [33mclass[39m=[32m"PrivateSwitchBase-input MuiSwitch-input css-12xagqm-MuiSwitchBase-root"[39m
                      [33mrole[39m=[32m"switch"[39m
                      [33mtype[39m=[32m"checkbox"[39m
                    [36m/>[39m
                    [36m<span[39m
                      [33mclass[39m=[32m"MuiSwitch-thumb css-17jyosd-MuiSwitch-thumb"[39m
                    [36m/>[39m
                  [36m</span>[39m
                  [36m<span[39m
                    [33mclass[39m=[32m"MuiSwitch-track css-tj8d99-MuiSwitch-track"[39m
                  [36m/>[39m
                [36m</span>[39m
                [36m<span[39m
                  [33mclass[39m=[32m"MuiTypography-root MuiTypography-body1 MuiFormControlLabel-label css-rizt0-MuiTypography-root"[39m
                [36m>[39m
                  [36m<div[39m
                    [33mclass[39m=[32m"MuiBox-root css-0"[39m
                  [36m>[39m
                    [36m<h6[39m
                      [33mclass[39m=[32m"MuiTypography-root MuiTypography-h6 css-re5jyh-MuiTypography-root"[39m
                    [36m>[39m
                      [0mCareer Fair is OFFLINE[0m
                    [36m</h6>[39m
                    [36m<p[39m
                      [33mclass[39m=[32m"MuiTypography-root MuiTypography-body2 css-1sa4kq8-MuiTypography-root"[39m
                    [36m>[39m
                      [0mOnly company owners and representatives can see and edit their own booths.[0m
                    [36m</p>[39m
                  [36m</div>[39m
                [36m</span>[39m
              [36m</label>[39m
            [36m</div>[39m
            [36m<div[39m
              [33mclass[39m=[32m"MuiBox-root css-178yklu"[39m
            [36m>[39m
 ...

Ignored nodes: comments, script, style
[36m<html>[39m
  [36m<head>[39m
    [36m<meta[39m
      [33mcontent[39m=[32m""[39m
      [33mname[39m=[32m"emotion-insertion-point"[39m
    [36m/>[39m
  [36m</head>[39m
  [36m<body[39m
    [33mstyle[39m=[32m""[39m
  [36m>[39m
    [36m<div>[39m
      [36m<div[39m
        [33mclass[39m=[32m"MuiBox-root css-95pn59"[39m
      [36m>[39m
        [36m<div[39m
          [33mclass[39m=[32m"MuiBox-root css-kpkptg"[39m
        [36m>[39m
          [36m<div[39m
            [33mclass[39m=[32m"MuiContainer-root MuiContainer-maxWidthLg css-5c1adp-MuiContainer-root"[39m
          [36m>[39m
            [36m<div[39m
              [33mclass[39m=[32m"MuiBox-root css-69i1ev"[39m
            [36m>[39m
              [36m<div[39m
                [33mclass[39m=[32m"MuiBox-root css-j0ozid"[39m
              [36m>[39m
                [36m<svg[39m
                  [33maria-hidden[39m=[32m"true"[39m
                  [33mclass[39m=[32m"MuiSvgIcon-root MuiSvgIcon-fontSizeMedium css-19qoenp-MuiSvgIcon-root"[39m
                  [33mdata-testid[39m=[32m"AdminPanelSettingsIcon"[39m
                  [33mfocusable[39m=[32m"false"[39m
                  [33mviewBox[39m=[32m"0 0 24 24"[39m
                [36m>[39m
                  [36m<path[39m
                    [33md[39m=[32m"M17 11c.34 0 .67.04 1 .09V6.27L10.5 3 3 6.27v4.91c0 4.54 3.2 8.79 7.5 9.82.55-.13 1.08-.32 1.6-.55-.69-.98-1.1-2.17-1.1-3.45 0-3.31 2.69-6 6-6"[39m
                  [36m/>[39m
                  [36m<path[39m
                    [33md[39m=[32m"M17 13c-2.21 0-4 1.79-4 4s1.79 4 4 4 4-1.79 4-4-1.79-4-4-4m0 1.38c.62 0 1.12.51 1.12 1.12s-.51 1.12-1.12 1.12-1.12-.51-1.12-1.12.5-1.12 1.12-1.12m0 5.37c-.93 0-1.74-.46-2.24-1.17.05-.72 1.51-1.08 2.24-1.08s2.19.36 2.24 1.08c-.5.71-1.31 1.17-2.24 1.17"[39m
                  [36m/>[39m
                [36m</svg>[39m
                [36m<h5[39m
                  [33mclass[39m=[32m"MuiTypography-root MuiTypography-h5 css-2h07vh-MuiTypography-root"[39m
                [36m>[39m
                  [0mAdministrator Dashboard[0m
                [36m</h5>[39m
              [36m</div>[39m
              [36m<div[39m
                [33mdata-testid[39m=[32m"profile-menu"[39m
              [36m>[39m
                [0mProfile Menu[0m
              [36m</div>[39m
            [36m</div>[39m
          [36m</div>[39m
        [36m</div>[39m
        [36m<div[39m
          [33mclass[39m=[32m"MuiContainer-root MuiContainer-maxWidthLg css-xsov46-MuiContainer-root"[39m
        [36m>[39m
          [36m<div[39m
            [33mclass[39m=[32m"MuiPaper-root MuiPaper-elevation MuiPaper-rounded MuiPaper-elevation1 MuiCard-root css-15zjgi1-MuiPaper-root-MuiCard-root"[39m
            [33mstyle[39m=[32m"--Paper-shadow: 0px 2px 1px -1px rgba(0,0,0,0.2),0px 1px 1px 0px rgba(0,0,0,0.14),0px 1px 3px 0px rgba(0,0,0,0.12);"[39m
          [36m>[39m
            [36m<div[39m
              [33mclass[39m=[32m"MuiCardContent-root css-21mhzp-MuiCardContent-root"[39m
            [36m>[39m
              [36m<div[39m
                [33mclass[39m=[32m"MuiBox-root css-rvh7fc"[39m
              [36m>[39m
                [36m<svg[39m
                  [33maria-hidden[39m=[32m"true"[39m
                  [33mclass[39m=[32m"MuiSvgIcon-root MuiSvgIcon-fontSizeMedium css-l2hh3m-MuiSvgIcon-root"[39m
                  [33mdata-testid[39m=[32m"EventIcon"[39m
                  [33mfocusable[39m=[32m"false"[39m
                  [33mviewBox[39m=[32m"0 0 24 24"[39m
                [36m>[39m
                  [36m<path[39m
                    [33md[39m=[32m"M17 12h-5v5h5zM16 1v2H8V1H6v2H5c-1.11 0-1.99.9-1.99 2L3 19c0 1.1.89 2 2 2h14c1.1 0 2-.9 2-2V5c0-1.1-.9-2-2-2h-1V1zm3 18H5V8h14z"[39m
                  [36m/>[39m
                [36m</svg>[39m
                [36m<div[39m
                  [33mclass[39m=[32m"MuiBox-root css-0"[39m
                [36m>[39m
                  [36m<h5[39m
                    [33mclass[39m=[32m"MuiTypography-root MuiTypography-h5 css-13tg29a-MuiTypography-root"[39m
                  [36m>[39m
                    [0mCareer Fair Status[0m
                  [36m</h5>[39m
                  [36m<p[39m
                    [33mclass[39m=[32m"MuiTypography-root MuiTypography-body2 css-1wle3ir-MuiTypography-root"[39m
                  [36m>[39m
                    [0mControl when the career fair is live and visible to all users[0m
                  [36m</p>[39m
                [36m</div>[39m
              [36m</div>[39m
              [36m<div[39m
                [33mclass[39m=[32m"MuiBox-root css-dp69vb"[39m
              [36m>[39m
                [36m<label[39m
                  [33mclass[39m=[32m"MuiFormControlLabel-root MuiFormControlLabel-labelPlacementEnd css-19opgx6-MuiFormControlLabel-root"[39m
                [36m>[39m
                  [36m<span[39m
                    [33mclass[39m=[32m"MuiSwitch-root MuiSwitch-sizeMedium css-13ih6ji-MuiSwitch-root"[39m
                  [36m>[39m
                    [36m<span[39m
                      [33mclass[39m=[32m"MuiButtonBase-root MuiSwitch-switchBase MuiSwitch-colorPrimary PrivateSwitchBase-root MuiSwitch-switchBase MuiSwitch-colorPrimary css-aqlqb4-MuiButtonBase-root-MuiSwitchBase-root-MuiSwitch-switchBase"[39m
                    [36m>[39m
                      [36m<input[39m
                        [33mclass[39m=[32m"PrivateSwitchBase-input MuiSwitch-input css-12xagqm-MuiSwitchBase-root"[39m
                        [33mrole[39m=[32m"switch"[39m
                        [33mtype[39m=[32m"checkbox"[39m
                      [36m/>[39m
                      [36m<span[39m
                        [33mclass[39m=[32m"MuiSwitch-thumb css-17jyosd-MuiSwitch-thumb"[39m
                      [36m/>[39m
                    [36m</span>[39m
                    [36m<span[39m
                      [33mclass[39m=[32m"MuiSwitch-track css-tj8d99-MuiSwitch-track"[39m
                    [36m/>[39m
                  [36m</span>[39m
                  [36m<span[39m
                    [33mclass[39m=[32m"MuiTypography-root MuiTypography-body1 MuiFormControlLabel-label css-rizt0-MuiTypography-root"[39m
                  [36m>[39m
                    [36m<div[39m
                      [33mclass[39m=[32m"MuiBox-root css-0"[39m
                    [36m>[39m
                      [36m<h6[39m
                        [33mclass[39m=[32m"MuiTypography-root MuiTypography-h6 css-re5jyh-MuiTypography-root"[39m
                      [36m>[39m
                        [0mCareer Fair is OFFLINE[0m
                      [36m</h6>[39m
                      [36m<p[39m
                        [33mclass[39m=[32m"MuiTypography-root MuiTypography-body2 css-1sa4kq8-MuiTypograp...
[90m [2m❯[22m Proxy.waitFor node_modules/@testing-library/dom/dist/wait-for.js:[2m163:27[22m[39m
[36m [2m❯[22m src/pages/__tests__/AdminDashboard.test.tsx:[2m505:13[22m[39m
    [90m503| [39m      [34mrenderAdminDashboard[39m()[33m;[39m
    [90m504| [39m
    [90m505| [39m      [35mawait[39m [34mwaitFor[39m(() [33m=>[39m {
    [90m   | [39m            [31m^[39m
    [90m506| [39m        [34mexpect[39m(screen[33m.[39m[34mgetByTestId[39m([32m"EditIcon"[39m))[33m.[39m[34mtoBeInTheDocument[39m()[33m;[39m
    [90m507| [39m      })[33m;[39m

[31m[2m⎯⎯⎯⎯⎯⎯⎯⎯⎯⎯⎯⎯⎯⎯⎯⎯⎯⎯⎯⎯⎯⎯⎯[4/33]⎯[22m[39m

[41m[1m FAIL [22m[49m src/pages/__tests__/AdminDashboard.test.tsx[2m > [22mAdminDashboard[2m > [22mSchedule Management[2m > [22mdeletes schedule after confirmation
[31m[1mTestingLibraryElementError[22m[39m: Unable to find an element by: [data-testid="DeleteIcon"]

Ignored nodes: comments, script, style
[36m<body[39m
  [33mstyle[39m=[32m""[39m
[36m>[39m
  [36m<div>[39m
    [36m<div[39m
      [33mclass[39m=[32m"MuiBox-root css-95pn59"[39m
    [36m>[39m
      [36m<div[39m
        [33mclass[39m=[32m"MuiBox-root css-kpkptg"[39m
      [36m>[39m
        [36m<div[39m
          [33mclass[39m=[32m"MuiContainer-root MuiContainer-maxWidthLg css-5c1adp-MuiContainer-root"[39m
        [36m>[39m
          [36m<div[39m
            [33mclass[39m=[32m"MuiBox-root css-69i1ev"[39m
          [36m>[39m
            [36m<div[39m
              [33mclass[39m=[32m"MuiBox-root css-j0ozid"[39m
            [36m>[39m
              [36m<svg[39m
                [33maria-hidden[39m=[32m"true"[39m
                [33mclass[39m=[32m"MuiSvgIcon-root MuiSvgIcon-fontSizeMedium css-19qoenp-MuiSvgIcon-root"[39m
                [33mdata-testid[39m=[32m"AdminPanelSettingsIcon"[39m
                [33mfocusable[39m=[32m"false"[39m
                [33mviewBox[39m=[32m"0 0 24 24"[39m
              [36m>[39m
                [36m<path[39m
                  [33md[39m=[32m"M17 11c.34 0 .67.04 1 .09V6.27L10.5 3 3 6.27v4.91c0 4.54 3.2 8.79 7.5 9.82.55-.13 1.08-.32 1.6-.55-.69-.98-1.1-2.17-1.1-3.45 0-3.31 2.69-6 6-6"[39m
                [36m/>[39m
                [36m<path[39m
                  [33md[39m=[32m"M17 13c-2.21 0-4 1.79-4 4s1.79 4 4 4 4-1.79 4-4-1.79-4-4-4m0 1.38c.62 0 1.12.51 1.12 1.12s-.51 1.12-1.12 1.12-1.12-.51-1.12-1.12.5-1.12 1.12-1.12m0 5.37c-.93 0-1.74-.46-2.24-1.17.05-.72 1.51-1.08 2.24-1.08s2.19.36 2.24 1.08c-.5.71-1.31 1.17-2.24 1.17"[39m
                [36m/>[39m
              [36m</svg>[39m
              [36m<h5[39m
                [33mclass[39m=[32m"MuiTypography-root MuiTypography-h5 css-2h07vh-MuiTypography-root"[39m
              [36m>[39m
                [0mAdministrator Dashboard[0m
              [36m</h5>[39m
            [36m</div>[39m
            [36m<div[39m
              [33mdata-testid[39m=[32m"profile-menu"[39m
            [36m>[39m
              [0mProfile Menu[0m
            [36m</div>[39m
          [36m</div>[39m
        [36m</div>[39m
      [36m</div>[39m
      [36m<div[39m
        [33mclass[39m=[32m"MuiContainer-root MuiContainer-maxWidthLg css-xsov46-MuiContainer-root"[39m
      [36m>[39m
        [36m<div[39m
          [33mclass[39m=[32m"MuiPaper-root MuiPaper-elevation MuiPaper-rounded MuiPaper-elevation1 MuiCard-root css-15zjgi1-MuiPaper-root-MuiCard-root"[39m
          [33mstyle[39m=[32m"--Paper-shadow: 0px 2px 1px -1px rgba(0,0,0,0.2),0px 1px 1px 0px rgba(0,0,0,0.14),0px 1px 3px 0px rgba(0,0,0,0.12);"[39m
        [36m>[39m
          [36m<div[39m
            [33mclass[39m=[32m"MuiCardContent-root css-21mhzp-MuiCardContent-root"[39m
          [36m>[39m
            [36m<div[39m
              [33mclass[39m=[32m"MuiBox-root css-rvh7fc"[39m
            [36m>[39m
              [36m<svg[39m
                [33maria-hidden[39m=[32m"true"[39m
                [33mclass[39m=[32m"MuiSvgIcon-root MuiSvgIcon-fontSizeMedium css-l2hh3m-MuiSvgIcon-root"[39m
                [33mdata-testid[39m=[32m"EventIcon"[39m
                [33mfocusable[39m=[32m"false"[39m
                [33mviewBox[39m=[32m"0 0 24 24"[39m
              [36m>[39m
                [36m<path[39m
                  [33md[39m=[32m"M17 12h-5v5h5zM16 1v2H8V1H6v2H5c-1.11 0-1.99.9-1.99 2L3 19c0 1.1.89 2 2 2h14c1.1 0 2-.9 2-2V5c0-1.1-.9-2-2-2h-1V1zm3 18H5V8h14z"[39m
                [36m/>[39m
              [36m</svg>[39m
              [36m<div[39m
                [33mclass[39m=[32m"MuiBox-root css-0"[39m
              [36m>[39m
                [36m<h5[39m
                  [33mclass[39m=[32m"MuiTypography-root MuiTypography-h5 css-13tg29a-MuiTypography-root"[39m
                [36m>[39m
                  [0mCareer Fair Status[0m
                [36m</h5>[39m
                [36m<p[39m
                  [33mclass[39m=[32m"MuiTypography-root MuiTypography-body2 css-1wle3ir-MuiTypography-root"[39m
                [36m>[39m
                  [0mControl when the career fair is live and visible to all users[0m
                [36m</p>[39m
              [36m</div>[39m
            [36m</div>[39m
            [36m<div[39m
              [33mclass[39m=[32m"MuiBox-root css-dp69vb"[39m
            [36m>[39m
              [36m<label[39m
                [33mclass[39m=[32m"MuiFormControlLabel-root MuiFormControlLabel-labelPlacementEnd css-19opgx6-MuiFormControlLabel-root"[39m
              [36m>[39m
                [36m<span[39m
                  [33mclass[39m=[32m"MuiSwitch-root MuiSwitch-sizeMedium css-13ih6ji-MuiSwitch-root"[39m
                [36m>[39m
                  [36m<span[39m
                    [33mclass[39m=[32m"MuiButtonBase-root MuiSwitch-switchBase MuiSwitch-colorPrimary PrivateSwitchBase-root MuiSwitch-switchBase MuiSwitch-colorPrimary css-aqlqb4-MuiButtonBase-root-MuiSwitchBase-root-MuiSwitch-switchBase"[39m
                  [36m>[39m
                    [36m<input[39m
                      [33mclass[39m=[32m"PrivateSwitchBase-input MuiSwitch-input css-12xagqm-MuiSwitchBase-root"[39m
                      [33mrole[39m=[32m"switch"[39m
                      [33mtype[39m=[32m"checkbox"[39m
                    [36m/>[39m
                    [36m<span[39m
                      [33mclass[39m=[32m"MuiSwitch-thumb css-17jyosd-MuiSwitch-thumb"[39m
                    [36m/>[39m
                  [36m</span>[39m
                  [36m<span[39m
                    [33mclass[39m=[32m"MuiSwitch-track css-tj8d99-MuiSwitch-track"[39m
                  [36m/>[39m
                [36m</span>[39m
                [36m<span[39m
                  [33mclass[39m=[32m"MuiTypography-root MuiTypography-body1 MuiFormControlLabel-label css-rizt0-MuiTypography-root"[39m
                [36m>[39m
                  [36m<div[39m
                    [33mclass[39m=[32m"MuiBox-root css-0"[39m
                  [36m>[39m
                    [36m<h6[39m
                      [33mclass[39m=[32m"MuiTypography-root MuiTypography-h6 css-re5jyh-MuiTypography-root"[39m
                    [36m>[39m
                      [0mCareer Fair is OFFLINE[0m
                    [36m</h6>[39m
                    [36m<p[39m
                      [33mclass[39m=[32m"MuiTypography-root MuiTypography-body2 css-1sa4kq8-MuiTypography-root"[39m
                    [36m>[39m
                      [0mOnly company owners and representatives can see and edit their own booths.[0m
                    [36m</p>[39m
                  [36m</div>[39m
                [36m</span>[39m
              [36m</label>[39m
            [36m</div>[39m
            [36m<div[39m
              [33mclass[39m=[32m"MuiBox-root css-178yklu"[39m
            [36m>[39m
 ...

Ignored nodes: comments, script, style
[36m<html>[39m
  [36m<head>[39m
    [36m<meta[39m
      [33mcontent[39m=[32m""[39m
      [33mname[39m=[32m"emotion-insertion-point"[39m
    [36m/>[39m
  [36m</head>[39m
  [36m<body[39m
    [33mstyle[39m=[32m""[39m
  [36m>[39m
    [36m<div>[39m
      [36m<div[39m
        [33mclass[39m=[32m"MuiBox-root css-95pn59"[39m
      [36m>[39m
        [36m<div[39m
          [33mclass[39m=[32m"MuiBox-root css-kpkptg"[39m
        [36m>[39m
          [36m<div[39m
            [33mclass[39m=[32m"MuiContainer-root MuiContainer-maxWidthLg css-5c1adp-MuiContainer-root"[39m
          [36m>[39m
            [36m<div[39m
              [33mclass[39m=[32m"MuiBox-root css-69i1ev"[39m
            [36m>[39m
              [36m<div[39m
                [33mclass[39m=[32m"MuiBox-root css-j0ozid"[39m
              [36m>[39m
                [36m<svg[39m
                  [33maria-hidden[39m=[32m"true"[39m
                  [33mclass[39m=[32m"MuiSvgIcon-root MuiSvgIcon-fontSizeMedium css-19qoenp-MuiSvgIcon-root"[39m
                  [33mdata-testid[39m=[32m"AdminPanelSettingsIcon"[39m
                  [33mfocusable[39m=[32m"false"[39m
                  [33mviewBox[39m=[32m"0 0 24 24"[39m
                [36m>[39m
                  [36m<path[39m
                    [33md[39m=[32m"M17 11c.34 0 .67.04 1 .09V6.27L10.5 3 3 6.27v4.91c0 4.54 3.2 8.79 7.5 9.82.55-.13 1.08-.32 1.6-.55-.69-.98-1.1-2.17-1.1-3.45 0-3.31 2.69-6 6-6"[39m
                  [36m/>[39m
                  [36m<path[39m
                    [33md[39m=[32m"M17 13c-2.21 0-4 1.79-4 4s1.79 4 4 4 4-1.79 4-4-1.79-4-4-4m0 1.38c.62 0 1.12.51 1.12 1.12s-.51 1.12-1.12 1.12-1.12-.51-1.12-1.12.5-1.12 1.12-1.12m0 5.37c-.93 0-1.74-.46-2.24-1.17.05-.72 1.51-1.08 2.24-1.08s2.19.36 2.24 1.08c-.5.71-1.31 1.17-2.24 1.17"[39m
                  [36m/>[39m
                [36m</svg>[39m
                [36m<h5[39m
                  [33mclass[39m=[32m"MuiTypography-root MuiTypography-h5 css-2h07vh-MuiTypography-root"[39m
                [36m>[39m
                  [0mAdministrator Dashboard[0m
                [36m</h5>[39m
              [36m</div>[39m
              [36m<div[39m
                [33mdata-testid[39m=[32m"profile-menu"[39m
              [36m>[39m
                [0mProfile Menu[0m
              [36m</div>[39m
            [36m</div>[39m
          [36m</div>[39m
        [36m</div>[39m
        [36m<div[39m
          [33mclass[39m=[32m"MuiContainer-root MuiContainer-maxWidthLg css-xsov46-MuiContainer-root"[39m
        [36m>[39m
          [36m<div[39m
            [33mclass[39m=[32m"MuiPaper-root MuiPaper-elevation MuiPaper-rounded MuiPaper-elevation1 MuiCard-root css-15zjgi1-MuiPaper-root-MuiCard-root"[39m
            [33mstyle[39m=[32m"--Paper-shadow: 0px 2px 1px -1px rgba(0,0,0,0.2),0px 1px 1px 0px rgba(0,0,0,0.14),0px 1px 3px 0px rgba(0,0,0,0.12);"[39m
          [36m>[39m
            [36m<div[39m
              [33mclass[39m=[32m"MuiCardContent-root css-21mhzp-MuiCardContent-root"[39m
            [36m>[39m
              [36m<div[39m
                [33mclass[39m=[32m"MuiBox-root css-rvh7fc"[39m
              [36m>[39m
                [36m<svg[39m
                  [33maria-hidden[39m=[32m"true"[39m
                  [33mclass[39m=[32m"MuiSvgIcon-root MuiSvgIcon-fontSizeMedium css-l2hh3m-MuiSvgIcon-root"[39m
                  [33mdata-testid[39m=[32m"EventIcon"[39m
                  [33mfocusable[39m=[32m"false"[39m
                  [33mviewBox[39m=[32m"0 0 24 24"[39m
                [36m>[39m
                  [36m<path[39m
                    [33md[39m=[32m"M17 12h-5v5h5zM16 1v2H8V1H6v2H5c-1.11 0-1.99.9-1.99 2L3 19c0 1.1.89 2 2 2h14c1.1 0 2-.9 2-2V5c0-1.1-.9-2-2-2h-1V1zm3 18H5V8h14z"[39m
                  [36m/>[39m
                [36m</svg>[39m
                [36m<div[39m
                  [33mclass[39m=[32m"MuiBox-root css-0"[39m
                [36m>[39m
                  [36m<h5[39m
                    [33mclass[39m=[32m"MuiTypography-root MuiTypography-h5 css-13tg29a-MuiTypography-root"[39m
                  [36m>[39m
                    [0mCareer Fair Status[0m
                  [36m</h5>[39m
                  [36m<p[39m
                    [33mclass[39m=[32m"MuiTypography-root MuiTypography-body2 css-1wle3ir-MuiTypography-root"[39m
                  [36m>[39m
                    [0mControl when the career fair is live and visible to all users[0m
                  [36m</p>[39m
                [36m</div>[39m
              [36m</div>[39m
              [36m<div[39m
                [33mclass[39m=[32m"MuiBox-root css-dp69vb"[39m
              [36m>[39m
                [36m<label[39m
                  [33mclass[39m=[32m"MuiFormControlLabel-root MuiFormControlLabel-labelPlacementEnd css-19opgx6-MuiFormControlLabel-root"[39m
                [36m>[39m
                  [36m<span[39m
                    [33mclass[39m=[32m"MuiSwitch-root MuiSwitch-sizeMedium css-13ih6ji-MuiSwitch-root"[39m
                  [36m>[39m
                    [36m<span[39m
                      [33mclass[39m=[32m"MuiButtonBase-root MuiSwitch-switchBase MuiSwitch-colorPrimary PrivateSwitchBase-root MuiSwitch-switchBase MuiSwitch-colorPrimary css-aqlqb4-MuiButtonBase-root-MuiSwitchBase-root-MuiSwitch-switchBase"[39m
                    [36m>[39m
                      [36m<input[39m
                        [33mclass[39m=[32m"PrivateSwitchBase-input MuiSwitch-input css-12xagqm-MuiSwitchBase-root"[39m
                        [33mrole[39m=[32m"switch"[39m
                        [33mtype[39m=[32m"checkbox"[39m
                      [36m/>[39m
                      [36m<span[39m
                        [33mclass[39m=[32m"MuiSwitch-thumb css-17jyosd-MuiSwitch-thumb"[39m
                      [36m/>[39m
                    [36m</span>[39m
                    [36m<span[39m
                      [33mclass[39m=[32m"MuiSwitch-track css-tj8d99-MuiSwitch-track"[39m
                    [36m/>[39m
                  [36m</span>[39m
                  [36m<span[39m
                    [33mclass[39m=[32m"MuiTypography-root MuiTypography-body1 MuiFormControlLabel-label css-rizt0-MuiTypography-root"[39m
                  [36m>[39m
                    [36m<div[39m
                      [33mclass[39m=[32m"MuiBox-root css-0"[39m
                    [36m>[39m
                      [36m<h6[39m
                        [33mclass[39m=[32m"MuiTypography-root MuiTypography-h6 css-re5jyh-MuiTypography-root"[39m
                      [36m>[39m
                        [0mCareer Fair is OFFLINE[0m
                      [36m</h6>[39m
                      [36m<p[39m
                        [33mclass[39m=[32m"MuiTypography-root MuiTypography-body2 css-1sa4kq8-MuiTypograp...
[90m [2m❯[22m Proxy.waitFor node_modules/@testing-library/dom/dist/wait-for.js:[2m163:27[22m[39m
[36m [2m❯[22m src/pages/__tests__/AdminDashboard.test.tsx:[2m536:13[22m[39m
    [90m534| [39m      [34mrenderAdminDashboard[39m()[33m;[39m
    [90m535| [39m
    [90m536| [39m      [35mawait[39m [34mwaitFor[39m(() [33m=>[39m {
    [90m   | [39m            [31m^[39m
    [90m537| [39m        [34mexpect[39m(screen[33m.[39m[34mgetByTestId[39m([32m"DeleteIcon"[39m))[33m.[39m[34mtoBeInTheDocument[39m()[33m;[39m
    [90m538| [39m      })[33m;[39m

[31m[2m⎯⎯⎯⎯⎯⎯⎯⎯⎯⎯⎯⎯⎯⎯⎯⎯⎯⎯⎯⎯⎯⎯⎯[5/33]⎯[22m[39m

[41m[1m FAIL [22m[49m src/pages/__tests__/AdminDashboard.test.tsx[2m > [22mAdminDashboard[2m > [22mSchedule Management[2m > [22mcancels schedule deletion when user declines
[31m[1mTestingLibraryElementError[22m[39m: Unable to find an element by: [data-testid="DeleteIcon"]

Ignored nodes: comments, script, style
[36m<body[39m
  [33mstyle[39m=[32m""[39m
[36m>[39m
  [36m<div>[39m
    [36m<div[39m
      [33mclass[39m=[32m"MuiBox-root css-95pn59"[39m
    [36m>[39m
      [36m<div[39m
        [33mclass[39m=[32m"MuiBox-root css-kpkptg"[39m
      [36m>[39m
        [36m<div[39m
          [33mclass[39m=[32m"MuiContainer-root MuiContainer-maxWidthLg css-5c1adp-MuiContainer-root"[39m
        [36m>[39m
          [36m<div[39m
            [33mclass[39m=[32m"MuiBox-root css-69i1ev"[39m
          [36m>[39m
            [36m<div[39m
              [33mclass[39m=[32m"MuiBox-root css-j0ozid"[39m
            [36m>[39m
              [36m<svg[39m
                [33maria-hidden[39m=[32m"true"[39m
                [33mclass[39m=[32m"MuiSvgIcon-root MuiSvgIcon-fontSizeMedium css-19qoenp-MuiSvgIcon-root"[39m
                [33mdata-testid[39m=[32m"AdminPanelSettingsIcon"[39m
                [33mfocusable[39m=[32m"false"[39m
                [33mviewBox[39m=[32m"0 0 24 24"[39m
              [36m>[39m
                [36m<path[39m
                  [33md[39m=[32m"M17 11c.34 0 .67.04 1 .09V6.27L10.5 3 3 6.27v4.91c0 4.54 3.2 8.79 7.5 9.82.55-.13 1.08-.32 1.6-.55-.69-.98-1.1-2.17-1.1-3.45 0-3.31 2.69-6 6-6"[39m
                [36m/>[39m
                [36m<path[39m
                  [33md[39m=[32m"M17 13c-2.21 0-4 1.79-4 4s1.79 4 4 4 4-1.79 4-4-1.79-4-4-4m0 1.38c.62 0 1.12.51 1.12 1.12s-.51 1.12-1.12 1.12-1.12-.51-1.12-1.12.5-1.12 1.12-1.12m0 5.37c-.93 0-1.74-.46-2.24-1.17.05-.72 1.51-1.08 2.24-1.08s2.19.36 2.24 1.08c-.5.71-1.31 1.17-2.24 1.17"[39m
                [36m/>[39m
              [36m</svg>[39m
              [36m<h5[39m
                [33mclass[39m=[32m"MuiTypography-root MuiTypography-h5 css-2h07vh-MuiTypography-root"[39m
              [36m>[39m
                [0mAdministrator Dashboard[0m
              [36m</h5>[39m
            [36m</div>[39m
            [36m<div[39m
              [33mdata-testid[39m=[32m"profile-menu"[39m
            [36m>[39m
              [0mProfile Menu[0m
            [36m</div>[39m
          [36m</div>[39m
        [36m</div>[39m
      [36m</div>[39m
      [36m<div[39m
        [33mclass[39m=[32m"MuiContainer-root MuiContainer-maxWidthLg css-xsov46-MuiContainer-root"[39m
      [36m>[39m
        [36m<div[39m
          [33mclass[39m=[32m"MuiPaper-root MuiPaper-elevation MuiPaper-rounded MuiPaper-elevation1 MuiCard-root css-15zjgi1-MuiPaper-root-MuiCard-root"[39m
          [33mstyle[39m=[32m"--Paper-shadow: 0px 2px 1px -1px rgba(0,0,0,0.2),0px 1px 1px 0px rgba(0,0,0,0.14),0px 1px 3px 0px rgba(0,0,0,0.12);"[39m
        [36m>[39m
          [36m<div[39m
            [33mclass[39m=[32m"MuiCardContent-root css-21mhzp-MuiCardContent-root"[39m
          [36m>[39m
            [36m<div[39m
              [33mclass[39m=[32m"MuiBox-root css-rvh7fc"[39m
            [36m>[39m
              [36m<svg[39m
                [33maria-hidden[39m=[32m"true"[39m
                [33mclass[39m=[32m"MuiSvgIcon-root MuiSvgIcon-fontSizeMedium css-l2hh3m-MuiSvgIcon-root"[39m
                [33mdata-testid[39m=[32m"EventIcon"[39m
                [33mfocusable[39m=[32m"false"[39m
                [33mviewBox[39m=[32m"0 0 24 24"[39m
              [36m>[39m
                [36m<path[39m
                  [33md[39m=[32m"M17 12h-5v5h5zM16 1v2H8V1H6v2H5c-1.11 0-1.99.9-1.99 2L3 19c0 1.1.89 2 2 2h14c1.1 0 2-.9 2-2V5c0-1.1-.9-2-2-2h-1V1zm3 18H5V8h14z"[39m
                [36m/>[39m
              [36m</svg>[39m
              [36m<div[39m
                [33mclass[39m=[32m"MuiBox-root css-0"[39m
              [36m>[39m
                [36m<h5[39m
                  [33mclass[39m=[32m"MuiTypography-root MuiTypography-h5 css-13tg29a-MuiTypography-root"[39m
                [36m>[39m
                  [0mCareer Fair Status[0m
                [36m</h5>[39m
                [36m<p[39m
                  [33mclass[39m=[32m"MuiTypography-root MuiTypography-body2 css-1wle3ir-MuiTypography-root"[39m
                [36m>[39m
                  [0mControl when the career fair is live and visible to all users[0m
                [36m</p>[39m
              [36m</div>[39m
            [36m</div>[39m
            [36m<div[39m
              [33mclass[39m=[32m"MuiBox-root css-dp69vb"[39m
            [36m>[39m
              [36m<label[39m
                [33mclass[39m=[32m"MuiFormControlLabel-root MuiFormControlLabel-labelPlacementEnd css-19opgx6-MuiFormControlLabel-root"[39m
              [36m>[39m
                [36m<span[39m
                  [33mclass[39m=[32m"MuiSwitch-root MuiSwitch-sizeMedium css-13ih6ji-MuiSwitch-root"[39m
                [36m>[39m
                  [36m<span[39m
                    [33mclass[39m=[32m"MuiButtonBase-root MuiSwitch-switchBase MuiSwitch-colorPrimary PrivateSwitchBase-root MuiSwitch-switchBase MuiSwitch-colorPrimary css-aqlqb4-MuiButtonBase-root-MuiSwitchBase-root-MuiSwitch-switchBase"[39m
                  [36m>[39m
                    [36m<input[39m
                      [33mclass[39m=[32m"PrivateSwitchBase-input MuiSwitch-input css-12xagqm-MuiSwitchBase-root"[39m
                      [33mrole[39m=[32m"switch"[39m
                      [33mtype[39m=[32m"checkbox"[39m
                    [36m/>[39m
                    [36m<span[39m
                      [33mclass[39m=[32m"MuiSwitch-thumb css-17jyosd-MuiSwitch-thumb"[39m
                    [36m/>[39m
                  [36m</span>[39m
                  [36m<span[39m
                    [33mclass[39m=[32m"MuiSwitch-track css-tj8d99-MuiSwitch-track"[39m
                  [36m/>[39m
                [36m</span>[39m
                [36m<span[39m
                  [33mclass[39m=[32m"MuiTypography-root MuiTypography-body1 MuiFormControlLabel-label css-rizt0-MuiTypography-root"[39m
                [36m>[39m
                  [36m<div[39m
                    [33mclass[39m=[32m"MuiBox-root css-0"[39m
                  [36m>[39m
                    [36m<h6[39m
                      [33mclass[39m=[32m"MuiTypography-root MuiTypography-h6 css-re5jyh-MuiTypography-root"[39m
                    [36m>[39m
                      [0mCareer Fair is OFFLINE[0m
                    [36m</h6>[39m
                    [36m<p[39m
                      [33mclass[39m=[32m"MuiTypography-root MuiTypography-body2 css-1sa4kq8-MuiTypography-root"[39m
                    [36m>[39m
                      [0mOnly company owners and representatives can see and edit their own booths.[0m
                    [36m</p>[39m
                  [36m</div>[39m
                [36m</span>[39m
              [36m</label>[39m
            [36m</div>[39m
            [36m<div[39m
              [33mclass[39m=[32m"MuiBox-root css-178yklu"[39m
            [36m>[39m
 ...

Ignored nodes: comments, script, style
[36m<html>[39m
  [36m<head>[39m
    [36m<meta[39m
      [33mcontent[39m=[32m""[39m
      [33mname[39m=[32m"emotion-insertion-point"[39m
    [36m/>[39m
  [36m</head>[39m
  [36m<body[39m
    [33mstyle[39m=[32m""[39m
  [36m>[39m
    [36m<div>[39m
      [36m<div[39m
        [33mclass[39m=[32m"MuiBox-root css-95pn59"[39m
      [36m>[39m
        [36m<div[39m
          [33mclass[39m=[32m"MuiBox-root css-kpkptg"[39m
        [36m>[39m
          [36m<div[39m
            [33mclass[39m=[32m"MuiContainer-root MuiContainer-maxWidthLg css-5c1adp-MuiContainer-root"[39m
          [36m>[39m
            [36m<div[39m
              [33mclass[39m=[32m"MuiBox-root css-69i1ev"[39m
            [36m>[39m
              [36m<div[39m
                [33mclass[39m=[32m"MuiBox-root css-j0ozid"[39m
              [36m>[39m
                [36m<svg[39m
                  [33maria-hidden[39m=[32m"true"[39m
                  [33mclass[39m=[32m"MuiSvgIcon-root MuiSvgIcon-fontSizeMedium css-19qoenp-MuiSvgIcon-root"[39m
                  [33mdata-testid[39m=[32m"AdminPanelSettingsIcon"[39m
                  [33mfocusable[39m=[32m"false"[39m
                  [33mviewBox[39m=[32m"0 0 24 24"[39m
                [36m>[39m
                  [36m<path[39m
                    [33md[39m=[32m"M17 11c.34 0 .67.04 1 .09V6.27L10.5 3 3 6.27v4.91c0 4.54 3.2 8.79 7.5 9.82.55-.13 1.08-.32 1.6-.55-.69-.98-1.1-2.17-1.1-3.45 0-3.31 2.69-6 6-6"[39m
                  [36m/>[39m
                  [36m<path[39m
                    [33md[39m=[32m"M17 13c-2.21 0-4 1.79-4 4s1.79 4 4 4 4-1.79 4-4-1.79-4-4-4m0 1.38c.62 0 1.12.51 1.12 1.12s-.51 1.12-1.12 1.12-1.12-.51-1.12-1.12.5-1.12 1.12-1.12m0 5.37c-.93 0-1.74-.46-2.24-1.17.05-.72 1.51-1.08 2.24-1.08s2.19.36 2.24 1.08c-.5.71-1.31 1.17-2.24 1.17"[39m
                  [36m/>[39m
                [36m</svg>[39m
                [36m<h5[39m
                  [33mclass[39m=[32m"MuiTypography-root MuiTypography-h5 css-2h07vh-MuiTypography-root"[39m
                [36m>[39m
                  [0mAdministrator Dashboard[0m
                [36m</h5>[39m
              [36m</div>[39m
              [36m<div[39m
                [33mdata-testid[39m=[32m"profile-menu"[39m
              [36m>[39m
                [0mProfile Menu[0m
              [36m</div>[39m
            [36m</div>[39m
          [36m</div>[39m
        [36m</div>[39m
        [36m<div[39m
          [33mclass[39m=[32m"MuiContainer-root MuiContainer-maxWidthLg css-xsov46-MuiContainer-root"[39m
        [36m>[39m
          [36m<div[39m
            [33mclass[39m=[32m"MuiPaper-root MuiPaper-elevation MuiPaper-rounded MuiPaper-elevation1 MuiCard-root css-15zjgi1-MuiPaper-root-MuiCard-root"[39m
            [33mstyle[39m=[32m"--Paper-shadow: 0px 2px 1px -1px rgba(0,0,0,0.2),0px 1px 1px 0px rgba(0,0,0,0.14),0px 1px 3px 0px rgba(0,0,0,0.12);"[39m
          [36m>[39m
            [36m<div[39m
              [33mclass[39m=[32m"MuiCardContent-root css-21mhzp-MuiCardContent-root"[39m
            [36m>[39m
              [36m<div[39m
                [33mclass[39m=[32m"MuiBox-root css-rvh7fc"[39m
              [36m>[39m
                [36m<svg[39m
                  [33maria-hidden[39m=[32m"true"[39m
                  [33mclass[39m=[32m"MuiSvgIcon-root MuiSvgIcon-fontSizeMedium css-l2hh3m-MuiSvgIcon-root"[39m
                  [33mdata-testid[39m=[32m"EventIcon"[39m
                  [33mfocusable[39m=[32m"false"[39m
                  [33mviewBox[39m=[32m"0 0 24 24"[39m
                [36m>[39m
                  [36m<path[39m
                    [33md[39m=[32m"M17 12h-5v5h5zM16 1v2H8V1H6v2H5c-1.11 0-1.99.9-1.99 2L3 19c0 1.1.89 2 2 2h14c1.1 0 2-.9 2-2V5c0-1.1-.9-2-2-2h-1V1zm3 18H5V8h14z"[39m
                  [36m/>[39m
                [36m</svg>[39m
                [36m<div[39m
                  [33mclass[39m=[32m"MuiBox-root css-0"[39m
                [36m>[39m
                  [36m<h5[39m
                    [33mclass[39m=[32m"MuiTypography-root MuiTypography-h5 css-13tg29a-MuiTypography-root"[39m
                  [36m>[39m
                    [0mCareer Fair Status[0m
                  [36m</h5>[39m
                  [36m<p[39m
                    [33mclass[39m=[32m"MuiTypography-root MuiTypography-body2 css-1wle3ir-MuiTypography-root"[39m
                  [36m>[39m
                    [0mControl when the career fair is live and visible to all users[0m
                  [36m</p>[39m
                [36m</div>[39m
              [36m</div>[39m
              [36m<div[39m
                [33mclass[39m=[32m"MuiBox-root css-dp69vb"[39m
              [36m>[39m
                [36m<label[39m
                  [33mclass[39m=[32m"MuiFormControlLabel-root MuiFormControlLabel-labelPlacementEnd css-19opgx6-MuiFormControlLabel-root"[39m
                [36m>[39m
                  [36m<span[39m
                    [33mclass[39m=[32m"MuiSwitch-root MuiSwitch-sizeMedium css-13ih6ji-MuiSwitch-root"[39m
                  [36m>[39m
                    [36m<span[39m
                      [33mclass[39m=[32m"MuiButtonBase-root MuiSwitch-switchBase MuiSwitch-colorPrimary PrivateSwitchBase-root MuiSwitch-switchBase MuiSwitch-colorPrimary css-aqlqb4-MuiButtonBase-root-MuiSwitchBase-root-MuiSwitch-switchBase"[39m
                    [36m>[39m
                      [36m<input[39m
                        [33mclass[39m=[32m"PrivateSwitchBase-input MuiSwitch-input css-12xagqm-MuiSwitchBase-root"[39m
                        [33mrole[39m=[32m"switch"[39m
                        [33mtype[39m=[32m"checkbox"[39m
                      [36m/>[39m
                      [36m<span[39m
                        [33mclass[39m=[32m"MuiSwitch-thumb css-17jyosd-MuiSwitch-thumb"[39m
                      [36m/>[39m
                    [36m</span>[39m
                    [36m<span[39m
                      [33mclass[39m=[32m"MuiSwitch-track css-tj8d99-MuiSwitch-track"[39m
                    [36m/>[39m
                  [36m</span>[39m
                  [36m<span[39m
                    [33mclass[39m=[32m"MuiTypography-root MuiTypography-body1 MuiFormControlLabel-label css-rizt0-MuiTypography-root"[39m
                  [36m>[39m
                    [36m<div[39m
                      [33mclass[39m=[32m"MuiBox-root css-0"[39m
                    [36m>[39m
                      [36m<h6[39m
                        [33mclass[39m=[32m"MuiTypography-root MuiTypography-h6 css-re5jyh-MuiTypography-root"[39m
                      [36m>[39m
                        [0mCareer Fair is OFFLINE[0m
                      [36m</h6>[39m
                      [36m<p[39m
                        [33mclass[39m=[32m"MuiTypography-root MuiTypography-body2 css-1sa4kq8-MuiTypograp...
[90m [2m❯[22m Proxy.waitFor node_modules/@testing-library/dom/dist/wait-for.js:[2m163:27[22m[39m
[36m [2m❯[22m src/pages/__tests__/AdminDashboard.test.tsx:[2m561:13[22m[39m
    [90m559| [39m      [34mrenderAdminDashboard[39m()[33m;[39m
    [90m560| [39m
    [90m561| [39m      [35mawait[39m [34mwaitFor[39m(() [33m=>[39m {
    [90m   | [39m            [31m^[39m
    [90m562| [39m        [34mexpect[39m(screen[33m.[39m[34mgetByTestId[39m([32m"DeleteIcon"[39m))[33m.[39m[34mtoBeInTheDocument[39m()[33m;[39m
    [90m563| [39m      })[33m;[39m

[31m[2m⎯⎯⎯⎯⎯⎯⎯⎯⎯⎯⎯⎯⎯⎯⎯⎯⎯⎯⎯⎯⎯⎯⎯[6/33]⎯[22m[39m

[41m[1m FAIL [22m[49m src/pages/__tests__/AdminDashboard.test.tsx[2m > [22mAdminDashboard[2m > [22mSchedule Management[2m > [22mdisplays schedule status as Upcoming
[31m[1mTestingLibraryElementError[22m[39m: Unable to find an element with the text: Upcoming. This could be because the text is broken up by multiple elements. In this case, you can provide a function for your text matcher to make your matcher more flexible.

Ignored nodes: comments, script, style
[36m<body[39m
  [33mstyle[39m=[32m""[39m
[36m>[39m
  [36m<div>[39m
    [36m<div[39m
      [33mclass[39m=[32m"MuiBox-root css-95pn59"[39m
    [36m>[39m
      [36m<div[39m
        [33mclass[39m=[32m"MuiBox-root css-kpkptg"[39m
      [36m>[39m
        [36m<div[39m
          [33mclass[39m=[32m"MuiContainer-root MuiContainer-maxWidthLg css-5c1adp-MuiContainer-root"[39m
        [36m>[39m
          [36m<div[39m
            [33mclass[39m=[32m"MuiBox-root css-69i1ev"[39m
          [36m>[39m
            [36m<div[39m
              [33mclass[39m=[32m"MuiBox-root css-j0ozid"[39m
            [36m>[39m
              [36m<svg[39m
                [33maria-hidden[39m=[32m"true"[39m
                [33mclass[39m=[32m"MuiSvgIcon-root MuiSvgIcon-fontSizeMedium css-19qoenp-MuiSvgIcon-root"[39m
                [33mdata-testid[39m=[32m"AdminPanelSettingsIcon"[39m
                [33mfocusable[39m=[32m"false"[39m
                [33mviewBox[39m=[32m"0 0 24 24"[39m
              [36m>[39m
                [36m<path[39m
                  [33md[39m=[32m"M17 11c.34 0 .67.04 1 .09V6.27L10.5 3 3 6.27v4.91c0 4.54 3.2 8.79 7.5 9.82.55-.13 1.08-.32 1.6-.55-.69-.98-1.1-2.17-1.1-3.45 0-3.31 2.69-6 6-6"[39m
                [36m/>[39m
                [36m<path[39m
                  [33md[39m=[32m"M17 13c-2.21 0-4 1.79-4 4s1.79 4 4 4 4-1.79 4-4-1.79-4-4-4m0 1.38c.62 0 1.12.51 1.12 1.12s-.51 1.12-1.12 1.12-1.12-.51-1.12-1.12.5-1.12 1.12-1.12m0 5.37c-.93 0-1.74-.46-2.24-1.17.05-.72 1.51-1.08 2.24-1.08s2.19.36 2.24 1.08c-.5.71-1.31 1.17-2.24 1.17"[39m
                [36m/>[39m
              [36m</svg>[39m
              [36m<h5[39m
                [33mclass[39m=[32m"MuiTypography-root MuiTypography-h5 css-2h07vh-MuiTypography-root"[39m
              [36m>[39m
                [0mAdministrator Dashboard[0m
              [36m</h5>[39m
            [36m</div>[39m
            [36m<div[39m
              [33mdata-testid[39m=[32m"profile-menu"[39m
            [36m>[39m
              [0mProfile Menu[0m
            [36m</div>[39m
          [36m</div>[39m
        [36m</div>[39m
      [36m</div>[39m
      [36m<div[39m
        [33mclass[39m=[32m"MuiContainer-root MuiContainer-maxWidthLg css-xsov46-MuiContainer-root"[39m
      [36m>[39m
        [36m<div[39m
          [33mclass[39m=[32m"MuiPaper-root MuiPaper-elevation MuiPaper-rounded MuiPaper-elevation1 MuiCard-root css-15zjgi1-MuiPaper-root-MuiCard-root"[39m
          [33mstyle[39m=[32m"--Paper-shadow: 0px 2px 1px -1px rgba(0,0,0,0.2),0px 1px 1px 0px rgba(0,0,0,0.14),0px 1px 3px 0px rgba(0,0,0,0.12);"[39m
        [36m>[39m
          [36m<div[39m
            [33mclass[39m=[32m"MuiCardContent-root css-21mhzp-MuiCardContent-root"[39m
          [36m>[39m
            [36m<div[39m
              [33mclass[39m=[32m"MuiBox-root css-rvh7fc"[39m
            [36m>[39m
              [36m<svg[39m
                [33maria-hidden[39m=[32m"true"[39m
                [33mclass[39m=[32m"MuiSvgIcon-root MuiSvgIcon-fontSizeMedium css-l2hh3m-MuiSvgIcon-root"[39m
                [33mdata-testid[39m=[32m"EventIcon"[39m
                [33mfocusable[39m=[32m"false"[39m
                [33mviewBox[39m=[32m"0 0 24 24"[39m
              [36m>[39m
                [36m<path[39m
                  [33md[39m=[32m"M17 12h-5v5h5zM16 1v2H8V1H6v2H5c-1.11 0-1.99.9-1.99 2L3 19c0 1.1.89 2 2 2h14c1.1 0 2-.9 2-2V5c0-1.1-.9-2-2-2h-1V1zm3 18H5V8h14z"[39m
                [36m/>[39m
              [36m</svg>[39m
              [36m<div[39m
                [33mclass[39m=[32m"MuiBox-root css-0"[39m
              [36m>[39m
                [36m<h5[39m
                  [33mclass[39m=[32m"MuiTypography-root MuiTypography-h5 css-13tg29a-MuiTypography-root"[39m
                [36m>[39m
                  [0mCareer Fair Status[0m
                [36m</h5>[39m
                [36m<p[39m
                  [33mclass[39m=[32m"MuiTypography-root MuiTypography-body2 css-1wle3ir-MuiTypography-root"[39m
                [36m>[39m
                  [0mControl when the career fair is live and visible to all users[0m
                [36m</p>[39m
              [36m</div>[39m
            [36m</div>[39m
            [36m<div[39m
              [33mclass[39m=[32m"MuiBox-root css-dp69vb"[39m
            [36m>[39m
              [36m<label[39m
                [33mclass[39m=[32m"MuiFormControlLabel-root MuiFormControlLabel-labelPlacementEnd css-19opgx6-MuiFormControlLabel-root"[39m
              [36m>[39m
                [36m<span[39m
                  [33mclass[39m=[32m"MuiSwitch-root MuiSwitch-sizeMedium css-13ih6ji-MuiSwitch-root"[39m
                [36m>[39m
                  [36m<span[39m
                    [33mclass[39m=[32m"MuiButtonBase-root MuiSwitch-switchBase MuiSwitch-colorPrimary PrivateSwitchBase-root MuiSwitch-switchBase MuiSwitch-colorPrimary css-aqlqb4-MuiButtonBase-root-MuiSwitchBase-root-MuiSwitch-switchBase"[39m
                  [36m>[39m
                    [36m<input[39m
                      [33mclass[39m=[32m"PrivateSwitchBase-input MuiSwitch-input css-12xagqm-MuiSwitchBase-root"[39m
                      [33mrole[39m=[32m"switch"[39m
                      [33mtype[39m=[32m"checkbox"[39m
                    [36m/>[39m
                    [36m<span[39m
                      [33mclass[39m=[32m"MuiSwitch-thumb css-17jyosd-MuiSwitch-thumb"[39m
                    [36m/>[39m
                  [36m</span>[39m
                  [36m<span[39m
                    [33mclass[39m=[32m"MuiSwitch-track css-tj8d99-MuiSwitch-track"[39m
                  [36m/>[39m
                [36m</span>[39m
                [36m<span[39m
                  [33mclass[39m=[32m"MuiTypography-root MuiTypography-body1 MuiFormControlLabel-label css-rizt0-MuiTypography-root"[39m
                [36m>[39m
                  [36m<div[39m
                    [33mclass[39m=[32m"MuiBox-root css-0"[39m
                  [36m>[39m
                    [36m<h6[39m
                      [33mclass[39m=[32m"MuiTypography-root MuiTypography-h6 css-re5jyh-MuiTypography-root"[39m
                    [36m>[39m
                      [0mCareer Fair is OFFLINE[0m
                    [36m</h6>[39m
                    [36m<p[39m
                      [33mclass[39m=[32m"MuiTypography-root MuiTypography-body2 css-1sa4kq8-MuiTypography-root"[39m
                    [36m>[39m
                      [0mOnly company owners and representatives can see and edit their own booths.[0m
                    [36m</p>[39m
                  [36m</div>[39m
                [36m</span>[39m
              [36m</label>[39m
            [36m</div>[39m
            [36m<div[39m
              [33mclass[39m=[32m"MuiBox-root css-178yklu"[39m
            [36m>[39m
 ...

Ignored nodes: comments, script, style
[36m<html>[39m
  [36m<head>[39m
    [36m<meta[39m
      [33mcontent[39m=[32m""[39m
      [33mname[39m=[32m"emotion-insertion-point"[39m
    [36m/>[39m
  [36m</head>[39m
  [36m<body[39m
    [33mstyle[39m=[32m""[39m
  [36m>[39m
    [36m<div>[39m
      [36m<div[39m
        [33mclass[39m=[32m"MuiBox-root css-95pn59"[39m
      [36m>[39m
        [36m<div[39m
          [33mclass[39m=[32m"MuiBox-root css-kpkptg"[39m
        [36m>[39m
          [36m<div[39m
            [33mclass[39m=[32m"MuiContainer-root MuiContainer-maxWidthLg css-5c1adp-MuiContainer-root"[39m
          [36m>[39m
            [36m<div[39m
              [33mclass[39m=[32m"MuiBox-root css-69i1ev"[39m
            [36m>[39m
              [36m<div[39m
                [33mclass[39m=[32m"MuiBox-root css-j0ozid"[39m
              [36m>[39m
                [36m<svg[39m
                  [33maria-hidden[39m=[32m"true"[39m
                  [33mclass[39m=[32m"MuiSvgIcon-root MuiSvgIcon-fontSizeMedium css-19qoenp-MuiSvgIcon-root"[39m
                  [33mdata-testid[39m=[32m"AdminPanelSettingsIcon"[39m
                  [33mfocusable[39m=[32m"false"[39m
                  [33mviewBox[39m=[32m"0 0 24 24"[39m
                [36m>[39m
                  [36m<path[39m
                    [33md[39m=[32m"M17 11c.34 0 .67.04 1 .09V6.27L10.5 3 3 6.27v4.91c0 4.54 3.2 8.79 7.5 9.82.55-.13 1.08-.32 1.6-.55-.69-.98-1.1-2.17-1.1-3.45 0-3.31 2.69-6 6-6"[39m
                  [36m/>[39m
                  [36m<path[39m
                    [33md[39m=[32m"M17 13c-2.21 0-4 1.79-4 4s1.79 4 4 4 4-1.79 4-4-1.79-4-4-4m0 1.38c.62 0 1.12.51 1.12 1.12s-.51 1.12-1.12 1.12-1.12-.51-1.12-1.12.5-1.12 1.12-1.12m0 5.37c-.93 0-1.74-.46-2.24-1.17.05-.72 1.51-1.08 2.24-1.08s2.19.36 2.24 1.08c-.5.71-1.31 1.17-2.24 1.17"[39m
                  [36m/>[39m
                [36m</svg>[39m
                [36m<h5[39m
                  [33mclass[39m=[32m"MuiTypography-root MuiTypography-h5 css-2h07vh-MuiTypography-root"[39m
                [36m>[39m
                  [0mAdministrator Dashboard[0m
                [36m</h5>[39m
              [36m</div>[39m
              [36m<div[39m
                [33mdata-testid[39m=[32m"profile-menu"[39m
              [36m>[39m
                [0mProfile Menu[0m
              [36m</div>[39m
            [36m</div>[39m
          [36m</div>[39m
        [36m</div>[39m
        [36m<div[39m
          [33mclass[39m=[32m"MuiContainer-root MuiContainer-maxWidthLg css-xsov46-MuiContainer-root"[39m
        [36m>[39m
          [36m<div[39m
            [33mclass[39m=[32m"MuiPaper-root MuiPaper-elevation MuiPaper-rounded MuiPaper-elevation1 MuiCard-root css-15zjgi1-MuiPaper-root-MuiCard-root"[39m
            [33mstyle[39m=[32m"--Paper-shadow: 0px 2px 1px -1px rgba(0,0,0,0.2),0px 1px 1px 0px rgba(0,0,0,0.14),0px 1px 3px 0px rgba(0,0,0,0.12);"[39m
          [36m>[39m
            [36m<div[39m
              [33mclass[39m=[32m"MuiCardContent-root css-21mhzp-MuiCardContent-root"[39m
            [36m>[39m
              [36m<div[39m
                [33mclass[39m=[32m"MuiBox-root css-rvh7fc"[39m
              [36m>[39m
                [36m<svg[39m
                  [33maria-hidden[39m=[32m"true"[39m
                  [33mclass[39m=[32m"MuiSvgIcon-root MuiSvgIcon-fontSizeMedium css-l2hh3m-MuiSvgIcon-root"[39m
                  [33mdata-testid[39m=[32m"EventIcon"[39m
                  [33mfocusable[39m=[32m"false"[39m
                  [33mviewBox[39m=[32m"0 0 24 24"[39m
                [36m>[39m
                  [36m<path[39m
                    [33md[39m=[32m"M17 12h-5v5h5zM16 1v2H8V1H6v2H5c-1.11 0-1.99.9-1.99 2L3 19c0 1.1.89 2 2 2h14c1.1 0 2-.9 2-2V5c0-1.1-.9-2-2-2h-1V1zm3 18H5V8h14z"[39m
                  [36m/>[39m
                [36m</svg>[39m
                [36m<div[39m
                  [33mclass[39m=[32m"MuiBox-root css-0"[39m
                [36m>[39m
                  [36m<h5[39m
                    [33mclass[39m=[32m"MuiTypography-root MuiTypography-h5 css-13tg29a-MuiTypography-root"[39m
                  [36m>[39m
                    [0mCareer Fair Status[0m
                  [36m</h5>[39m
                  [36m<p[39m
                    [33mclass[39m=[32m"MuiTypography-root MuiTypography-body2 css-1wle3ir-MuiTypography-root"[39m
                  [36m>[39m
                    [0mControl when the career fair is live and visible to all users[0m
                  [36m</p>[39m
                [36m</div>[39m
              [36m</div>[39m
              [36m<div[39m
                [33mclass[39m=[32m"MuiBox-root css-dp69vb"[39m
              [36m>[39m
                [36m<label[39m
                  [33mclass[39m=[32m"MuiFormControlLabel-root MuiFormControlLabel-labelPlacementEnd css-19opgx6-MuiFormControlLabel-root"[39m
                [36m>[39m
                  [36m<span[39m
                    [33mclass[39m=[32m"MuiSwitch-root MuiSwitch-sizeMedium css-13ih6ji-MuiSwitch-root"[39m
                  [36m>[39m
                    [36m<span[39m
                      [33mclass[39m=[32m"MuiButtonBase-root MuiSwitch-switchBase MuiSwitch-colorPrimary PrivateSwitchBase-root MuiSwitch-switchBase MuiSwitch-colorPrimary css-aqlqb4-MuiButtonBase-root-MuiSwitchBase-root-MuiSwitch-switchBase"[39m
                    [36m>[39m
                      [36m<input[39m
                        [33mclass[39m=[32m"PrivateSwitchBase-input MuiSwitch-input css-12xagqm-MuiSwitchBase-root"[39m
                        [33mrole[39m=[32m"switch"[39m
                        [33mtype[39m=[32m"checkbox"[39m
                      [36m/>[39m
                      [36m<span[39m
                        [33mclass[39m=[32m"MuiSwitch-thumb css-17jyosd-MuiSwitch-thumb"[39m
                      [36m/>[39m
                    [36m</span>[39m
                    [36m<span[39m
                      [33mclass[39m=[32m"MuiSwitch-track css-tj8d99-MuiSwitch-track"[39m
                    [36m/>[39m
                  [36m</span>[39m
                  [36m<span[39m
                    [33mclass[39m=[32m"MuiTypography-root MuiTypography-body1 MuiFormControlLabel-label css-rizt0-MuiTypography-root"[39m
                  [36m>[39m
                    [36m<div[39m
                      [33mclass[39m=[32m"MuiBox-root css-0"[39m
                    [36m>[39m
                      [36m<h6[39m
                        [33mclass[39m=[32m"MuiTypography-root MuiTypography-h6 css-re5jyh-MuiTypography-root"[39m
                      [36m>[39m
                        [0mCareer Fair is OFFLINE[0m
                      [36m</h6>[39m
                      [36m<p[39m
                        [33mclass[39m=[32m"MuiTypography-root MuiTypography-body2 css-1sa4kq8-MuiTypograp...
[90m [2m❯[22m Proxy.waitFor node_modules/@testing-library/dom/dist/wait-for.js:[2m163:27[22m[39m
[36m [2m❯[22m src/pages/__tests__/AdminDashboard.test.tsx:[2m616:13[22m[39m
    [90m614| [39m      [34mrenderAdminDashboard[39m()[33m;[39m
    [90m615| [39m
    [90m616| [39m      [35mawait[39m [34mwaitFor[39m(() [33m=>[39m {
    [90m   | [39m            [31m^[39m
    [90m617| [39m        [34mexpect[39m(screen[33m.[39m[34mgetByText[39m([32m"Upcoming"[39m))[33m.[39m[34mtoBeInTheDocument[39m()[33m;[39m
    [90m618| [39m      })[33m;[39m

[31m[2m⎯⎯⎯⎯⎯⎯⎯⎯⎯⎯⎯⎯⎯⎯⎯⎯⎯⎯⎯⎯⎯⎯⎯[7/33]⎯[22m[39m

[41m[1m FAIL [22m[49m src/pages/__tests__/AdminDashboard.test.tsx[2m > [22mAdminDashboard[2m > [22mSchedule Management[2m > [22mdisplays schedule status as Active
[31m[1mTestingLibraryElementError[22m[39m: Unable to find an element with the text: Active. This could be because the text is broken up by multiple elements. In this case, you can provide a function for your text matcher to make your matcher more flexible.

Ignored nodes: comments, script, style
[36m<body[39m
  [33mstyle[39m=[32m""[39m
[36m>[39m
  [36m<div>[39m
    [36m<div[39m
      [33mclass[39m=[32m"MuiBox-root css-95pn59"[39m
    [36m>[39m
      [36m<div[39m
        [33mclass[39m=[32m"MuiBox-root css-kpkptg"[39m
      [36m>[39m
        [36m<div[39m
          [33mclass[39m=[32m"MuiContainer-root MuiContainer-maxWidthLg css-5c1adp-MuiContainer-root"[39m
        [36m>[39m
          [36m<div[39m
            [33mclass[39m=[32m"MuiBox-root css-69i1ev"[39m
          [36m>[39m
            [36m<div[39m
              [33mclass[39m=[32m"MuiBox-root css-j0ozid"[39m
            [36m>[39m
              [36m<svg[39m
                [33maria-hidden[39m=[32m"true"[39m
                [33mclass[39m=[32m"MuiSvgIcon-root MuiSvgIcon-fontSizeMedium css-19qoenp-MuiSvgIcon-root"[39m
                [33mdata-testid[39m=[32m"AdminPanelSettingsIcon"[39m
                [33mfocusable[39m=[32m"false"[39m
                [33mviewBox[39m=[32m"0 0 24 24"[39m
              [36m>[39m
                [36m<path[39m
                  [33md[39m=[32m"M17 11c.34 0 .67.04 1 .09V6.27L10.5 3 3 6.27v4.91c0 4.54 3.2 8.79 7.5 9.82.55-.13 1.08-.32 1.6-.55-.69-.98-1.1-2.17-1.1-3.45 0-3.31 2.69-6 6-6"[39m
                [36m/>[39m
                [36m<path[39m
                  [33md[39m=[32m"M17 13c-2.21 0-4 1.79-4 4s1.79 4 4 4 4-1.79 4-4-1.79-4-4-4m0 1.38c.62 0 1.12.51 1.12 1.12s-.51 1.12-1.12 1.12-1.12-.51-1.12-1.12.5-1.12 1.12-1.12m0 5.37c-.93 0-1.74-.46-2.24-1.17.05-.72 1.51-1.08 2.24-1.08s2.19.36 2.24 1.08c-.5.71-1.31 1.17-2.24 1.17"[39m
                [36m/>[39m
              [36m</svg>[39m
              [36m<h5[39m
                [33mclass[39m=[32m"MuiTypography-root MuiTypography-h5 css-2h07vh-MuiTypography-root"[39m
              [36m>[39m
                [0mAdministrator Dashboard[0m
              [36m</h5>[39m
            [36m</div>[39m
            [36m<div[39m
              [33mdata-testid[39m=[32m"profile-menu"[39m
            [36m>[39m
              [0mProfile Menu[0m
            [36m</div>[39m
          [36m</div>[39m
        [36m</div>[39m
      [36m</div>[39m
      [36m<div[39m
        [33mclass[39m=[32m"MuiContainer-root MuiContainer-maxWidthLg css-xsov46-MuiContainer-root"[39m
      [36m>[39m
        [36m<div[39m
          [33mclass[39m=[32m"MuiPaper-root MuiPaper-elevation MuiPaper-rounded MuiPaper-elevation1 MuiCard-root css-15zjgi1-MuiPaper-root-MuiCard-root"[39m
          [33mstyle[39m=[32m"--Paper-shadow: 0px 2px 1px -1px rgba(0,0,0,0.2),0px 1px 1px 0px rgba(0,0,0,0.14),0px 1px 3px 0px rgba(0,0,0,0.12);"[39m
        [36m>[39m
          [36m<div[39m
            [33mclass[39m=[32m"MuiCardContent-root css-21mhzp-MuiCardContent-root"[39m
          [36m>[39m
            [36m<div[39m
              [33mclass[39m=[32m"MuiBox-root css-rvh7fc"[39m
            [36m>[39m
              [36m<svg[39m
                [33maria-hidden[39m=[32m"true"[39m
                [33mclass[39m=[32m"MuiSvgIcon-root MuiSvgIcon-fontSizeMedium css-l2hh3m-MuiSvgIcon-root"[39m
                [33mdata-testid[39m=[32m"EventIcon"[39m
                [33mfocusable[39m=[32m"false"[39m
                [33mviewBox[39m=[32m"0 0 24 24"[39m
              [36m>[39m
                [36m<path[39m
                  [33md[39m=[32m"M17 12h-5v5h5zM16 1v2H8V1H6v2H5c-1.11 0-1.99.9-1.99 2L3 19c0 1.1.89 2 2 2h14c1.1 0 2-.9 2-2V5c0-1.1-.9-2-2-2h-1V1zm3 18H5V8h14z"[39m
                [36m/>[39m
              [36m</svg>[39m
              [36m<div[39m
                [33mclass[39m=[32m"MuiBox-root css-0"[39m
              [36m>[39m
                [36m<h5[39m
                  [33mclass[39m=[32m"MuiTypography-root MuiTypography-h5 css-13tg29a-MuiTypography-root"[39m
                [36m>[39m
                  [0mCareer Fair Status[0m
                [36m</h5>[39m
                [36m<p[39m
                  [33mclass[39m=[32m"MuiTypography-root MuiTypography-body2 css-1wle3ir-MuiTypography-root"[39m
                [36m>[39m
                  [0mControl when the career fair is live and visible to all users[0m
                [36m</p>[39m
              [36m</div>[39m
            [36m</div>[39m
            [36m<div[39m
              [33mclass[39m=[32m"MuiBox-root css-dp69vb"[39m
            [36m>[39m
              [36m<label[39m
                [33mclass[39m=[32m"MuiFormControlLabel-root MuiFormControlLabel-labelPlacementEnd css-19opgx6-MuiFormControlLabel-root"[39m
              [36m>[39m
                [36m<span[39m
                  [33mclass[39m=[32m"MuiSwitch-root MuiSwitch-sizeMedium css-13ih6ji-MuiSwitch-root"[39m
                [36m>[39m
                  [36m<span[39m
                    [33mclass[39m=[32m"MuiButtonBase-root MuiSwitch-switchBase MuiSwitch-colorPrimary PrivateSwitchBase-root MuiSwitch-switchBase MuiSwitch-colorPrimary css-aqlqb4-MuiButtonBase-root-MuiSwitchBase-root-MuiSwitch-switchBase"[39m
                  [36m>[39m
                    [36m<input[39m
                      [33mclass[39m=[32m"PrivateSwitchBase-input MuiSwitch-input css-12xagqm-MuiSwitchBase-root"[39m
                      [33mrole[39m=[32m"switch"[39m
                      [33mtype[39m=[32m"checkbox"[39m
                    [36m/>[39m
                    [36m<span[39m
                      [33mclass[39m=[32m"MuiSwitch-thumb css-17jyosd-MuiSwitch-thumb"[39m
                    [36m/>[39m
                  [36m</span>[39m
                  [36m<span[39m
                    [33mclass[39m=[32m"MuiSwitch-track css-tj8d99-MuiSwitch-track"[39m
                  [36m/>[39m
                [36m</span>[39m
                [36m<span[39m
                  [33mclass[39m=[32m"MuiTypography-root MuiTypography-body1 MuiFormControlLabel-label css-rizt0-MuiTypography-root"[39m
                [36m>[39m
                  [36m<div[39m
                    [33mclass[39m=[32m"MuiBox-root css-0"[39m
                  [36m>[39m
                    [36m<h6[39m
                      [33mclass[39m=[32m"MuiTypography-root MuiTypography-h6 css-re5jyh-MuiTypography-root"[39m
                    [36m>[39m
                      [0mCareer Fair is OFFLINE[0m
                    [36m</h6>[39m
                    [36m<p[39m
                      [33mclass[39m=[32m"MuiTypography-root MuiTypography-body2 css-1sa4kq8-MuiTypography-root"[39m
                    [36m>[39m
                      [0mOnly company owners and representatives can see and edit their own booths.[0m
                    [36m</p>[39m
                  [36m</div>[39m
                [36m</span>[39m
              [36m</label>[39m
            [36m</div>[39m
            [36m<div[39m
              [33mclass[39m=[32m"MuiBox-root css-178yklu"[39m
            [36m>[39m
 ...

Ignored nodes: comments, script, style
[36m<html>[39m
  [36m<head>[39m
    [36m<meta[39m
      [33mcontent[39m=[32m""[39m
      [33mname[39m=[32m"emotion-insertion-point"[39m
    [36m/>[39m
  [36m</head>[39m
  [36m<body[39m
    [33mstyle[39m=[32m""[39m
  [36m>[39m
    [36m<div>[39m
      [36m<div[39m
        [33mclass[39m=[32m"MuiBox-root css-95pn59"[39m
      [36m>[39m
        [36m<div[39m
          [33mclass[39m=[32m"MuiBox-root css-kpkptg"[39m
        [36m>[39m
          [36m<div[39m
            [33mclass[39m=[32m"MuiContainer-root MuiContainer-maxWidthLg css-5c1adp-MuiContainer-root"[39m
          [36m>[39m
            [36m<div[39m
              [33mclass[39m=[32m"MuiBox-root css-69i1ev"[39m
            [36m>[39m
              [36m<div[39m
                [33mclass[39m=[32m"MuiBox-root css-j0ozid"[39m
              [36m>[39m
                [36m<svg[39m
                  [33maria-hidden[39m=[32m"true"[39m
                  [33mclass[39m=[32m"MuiSvgIcon-root MuiSvgIcon-fontSizeMedium css-19qoenp-MuiSvgIcon-root"[39m
                  [33mdata-testid[39m=[32m"AdminPanelSettingsIcon"[39m
                  [33mfocusable[39m=[32m"false"[39m
                  [33mviewBox[39m=[32m"0 0 24 24"[39m
                [36m>[39m
                  [36m<path[39m
                    [33md[39m=[32m"M17 11c.34 0 .67.04 1 .09V6.27L10.5 3 3 6.27v4.91c0 4.54 3.2 8.79 7.5 9.82.55-.13 1.08-.32 1.6-.55-.69-.98-1.1-2.17-1.1-3.45 0-3.31 2.69-6 6-6"[39m
                  [36m/>[39m
                  [36m<path[39m
                    [33md[39m=[32m"M17 13c-2.21 0-4 1.79-4 4s1.79 4 4 4 4-1.79 4-4-1.79-4-4-4m0 1.38c.62 0 1.12.51 1.12 1.12s-.51 1.12-1.12 1.12-1.12-.51-1.12-1.12.5-1.12 1.12-1.12m0 5.37c-.93 0-1.74-.46-2.24-1.17.05-.72 1.51-1.08 2.24-1.08s2.19.36 2.24 1.08c-.5.71-1.31 1.17-2.24 1.17"[39m
                  [36m/>[39m
                [36m</svg>[39m
                [36m<h5[39m
                  [33mclass[39m=[32m"MuiTypography-root MuiTypography-h5 css-2h07vh-MuiTypography-root"[39m
                [36m>[39m
                  [0mAdministrator Dashboard[0m
                [36m</h5>[39m
              [36m</div>[39m
              [36m<div[39m
                [33mdata-testid[39m=[32m"profile-menu"[39m
              [36m>[39m
                [0mProfile Menu[0m
              [36m</div>[39m
            [36m</div>[39m
          [36m</div>[39m
        [36m</div>[39m
        [36m<div[39m
          [33mclass[39m=[32m"MuiContainer-root MuiContainer-maxWidthLg css-xsov46-MuiContainer-root"[39m
        [36m>[39m
          [36m<div[39m
            [33mclass[39m=[32m"MuiPaper-root MuiPaper-elevation MuiPaper-rounded MuiPaper-elevation1 MuiCard-root css-15zjgi1-MuiPaper-root-MuiCard-root"[39m
            [33mstyle[39m=[32m"--Paper-shadow: 0px 2px 1px -1px rgba(0,0,0,0.2),0px 1px 1px 0px rgba(0,0,0,0.14),0px 1px 3px 0px rgba(0,0,0,0.12);"[39m
          [36m>[39m
            [36m<div[39m
              [33mclass[39m=[32m"MuiCardContent-root css-21mhzp-MuiCardContent-root"[39m
            [36m>[39m
              [36m<div[39m
                [33mclass[39m=[32m"MuiBox-root css-rvh7fc"[39m
              [36m>[39m
                [36m<svg[39m
                  [33maria-hidden[39m=[32m"true"[39m
                  [33mclass[39m=[32m"MuiSvgIcon-root MuiSvgIcon-fontSizeMedium css-l2hh3m-MuiSvgIcon-root"[39m
                  [33mdata-testid[39m=[32m"EventIcon"[39m
                  [33mfocusable[39m=[32m"false"[39m
                  [33mviewBox[39m=[32m"0 0 24 24"[39m
                [36m>[39m
                  [36m<path[39m
                    [33md[39m=[32m"M17 12h-5v5h5zM16 1v2H8V1H6v2H5c-1.11 0-1.99.9-1.99 2L3 19c0 1.1.89 2 2 2h14c1.1 0 2-.9 2-2V5c0-1.1-.9-2-2-2h-1V1zm3 18H5V8h14z"[39m
                  [36m/>[39m
                [36m</svg>[39m
                [36m<div[39m
                  [33mclass[39m=[32m"MuiBox-root css-0"[39m
                [36m>[39m
                  [36m<h5[39m
                    [33mclass[39m=[32m"MuiTypography-root MuiTypography-h5 css-13tg29a-MuiTypography-root"[39m
                  [36m>[39m
                    [0mCareer Fair Status[0m
                  [36m</h5>[39m
                  [36m<p[39m
                    [33mclass[39m=[32m"MuiTypography-root MuiTypography-body2 css-1wle3ir-MuiTypography-root"[39m
                  [36m>[39m
                    [0mControl when the career fair is live and visible to all users[0m
                  [36m</p>[39m
                [36m</div>[39m
              [36m</div>[39m
              [36m<div[39m
                [33mclass[39m=[32m"MuiBox-root css-dp69vb"[39m
              [36m>[39m
                [36m<label[39m
                  [33mclass[39m=[32m"MuiFormControlLabel-root MuiFormControlLabel-labelPlacementEnd css-19opgx6-MuiFormControlLabel-root"[39m
                [36m>[39m
                  [36m<span[39m
                    [33mclass[39m=[32m"MuiSwitch-root MuiSwitch-sizeMedium css-13ih6ji-MuiSwitch-root"[39m
                  [36m>[39m
                    [36m<span[39m
                      [33mclass[39m=[32m"MuiButtonBase-root MuiSwitch-switchBase MuiSwitch-colorPrimary PrivateSwitchBase-root MuiSwitch-switchBase MuiSwitch-colorPrimary css-aqlqb4-MuiButtonBase-root-MuiSwitchBase-root-MuiSwitch-switchBase"[39m
                    [36m>[39m
                      [36m<input[39m
                        [33mclass[39m=[32m"PrivateSwitchBase-input MuiSwitch-input css-12xagqm-MuiSwitchBase-root"[39m
                        [33mrole[39m=[32m"switch"[39m
                        [33mtype[39m=[32m"checkbox"[39m
                      [36m/>[39m
                      [36m<span[39m
                        [33mclass[39m=[32m"MuiSwitch-thumb css-17jyosd-MuiSwitch-thumb"[39m
                      [36m/>[39m
                    [36m</span>[39m
                    [36m<span[39m
                      [33mclass[39m=[32m"MuiSwitch-track css-tj8d99-MuiSwitch-track"[39m
                    [36m/>[39m
                  [36m</span>[39m
                  [36m<span[39m
                    [33mclass[39m=[32m"MuiTypography-root MuiTypography-body1 MuiFormControlLabel-label css-rizt0-MuiTypography-root"[39m
                  [36m>[39m
                    [36m<div[39m
                      [33mclass[39m=[32m"MuiBox-root css-0"[39m
                    [36m>[39m
                      [36m<h6[39m
                        [33mclass[39m=[32m"MuiTypography-root MuiTypography-h6 css-re5jyh-MuiTypography-root"[39m
                      [36m>[39m
                        [0mCareer Fair is OFFLINE[0m
                      [36m</h6>[39m
                      [36m<p[39m
                        [33mclass[39m=[32m"MuiTypography-root MuiTypography-body2 css-1sa4kq8-MuiTypograp...
[90m [2m❯[22m Proxy.waitFor node_modules/@testing-library/dom/dist/wait-for.js:[2m163:27[22m[39m
[36m [2m❯[22m src/pages/__tests__/AdminDashboard.test.tsx:[2m643:13[22m[39m
    [90m641| [39m      [34mrenderAdminDashboard[39m()[33m;[39m
    [90m642| [39m
    [90m643| [39m      [35mawait[39m [34mwaitFor[39m(() [33m=>[39m {
    [90m   | [39m            [31m^[39m
    [90m644| [39m        [34mexpect[39m(screen[33m.[39m[34mgetByText[39m([32m"Active"[39m))[33m.[39m[34mtoBeInTheDocument[39m()[33m;[39m
    [90m645| [39m      })[33m;[39m

[31m[2m⎯⎯⎯⎯⎯⎯⎯⎯⎯⎯⎯⎯⎯⎯⎯⎯⎯⎯⎯⎯⎯⎯⎯[8/33]⎯[22m[39m

[41m[1m FAIL [22m[49m src/pages/__tests__/AdminDashboard.test.tsx[2m > [22mAdminDashboard[2m > [22mSchedule Management[2m > [22mdisplays schedule status as Ended
[31m[1mTestingLibraryElementError[22m[39m: Unable to find an element with the text: Ended. This could be because the text is broken up by multiple elements. In this case, you can provide a function for your text matcher to make your matcher more flexible.

Ignored nodes: comments, script, style
[36m<body[39m
  [33mstyle[39m=[32m""[39m
[36m>[39m
  [36m<div>[39m
    [36m<div[39m
      [33mclass[39m=[32m"MuiBox-root css-95pn59"[39m
    [36m>[39m
      [36m<div[39m
        [33mclass[39m=[32m"MuiBox-root css-kpkptg"[39m
      [36m>[39m
        [36m<div[39m
          [33mclass[39m=[32m"MuiContainer-root MuiContainer-maxWidthLg css-5c1adp-MuiContainer-root"[39m
        [36m>[39m
          [36m<div[39m
            [33mclass[39m=[32m"MuiBox-root css-69i1ev"[39m
          [36m>[39m
            [36m<div[39m
              [33mclass[39m=[32m"MuiBox-root css-j0ozid"[39m
            [36m>[39m
              [36m<svg[39m
                [33maria-hidden[39m=[32m"true"[39m
                [33mclass[39m=[32m"MuiSvgIcon-root MuiSvgIcon-fontSizeMedium css-19qoenp-MuiSvgIcon-root"[39m
                [33mdata-testid[39m=[32m"AdminPanelSettingsIcon"[39m
                [33mfocusable[39m=[32m"false"[39m
                [33mviewBox[39m=[32m"0 0 24 24"[39m
              [36m>[39m
                [36m<path[39m
                  [33md[39m=[32m"M17 11c.34 0 .67.04 1 .09V6.27L10.5 3 3 6.27v4.91c0 4.54 3.2 8.79 7.5 9.82.55-.13 1.08-.32 1.6-.55-.69-.98-1.1-2.17-1.1-3.45 0-3.31 2.69-6 6-6"[39m
                [36m/>[39m
                [36m<path[39m
                  [33md[39m=[32m"M17 13c-2.21 0-4 1.79-4 4s1.79 4 4 4 4-1.79 4-4-1.79-4-4-4m0 1.38c.62 0 1.12.51 1.12 1.12s-.51 1.12-1.12 1.12-1.12-.51-1.12-1.12.5-1.12 1.12-1.12m0 5.37c-.93 0-1.74-.46-2.24-1.17.05-.72 1.51-1.08 2.24-1.08s2.19.36 2.24 1.08c-.5.71-1.31 1.17-2.24 1.17"[39m
                [36m/>[39m
              [36m</svg>[39m
              [36m<h5[39m
                [33mclass[39m=[32m"MuiTypography-root MuiTypography-h5 css-2h07vh-MuiTypography-root"[39m
              [36m>[39m
                [0mAdministrator Dashboard[0m
              [36m</h5>[39m
            [36m</div>[39m
            [36m<div[39m
              [33mdata-testid[39m=[32m"profile-menu"[39m
            [36m>[39m
              [0mProfile Menu[0m
            [36m</div>[39m
          [36m</div>[39m
        [36m</div>[39m
      [36m</div>[39m
      [36m<div[39m
        [33mclass[39m=[32m"MuiContainer-root MuiContainer-maxWidthLg css-xsov46-MuiContainer-root"[39m
      [36m>[39m
        [36m<div[39m
          [33mclass[39m=[32m"MuiPaper-root MuiPaper-elevation MuiPaper-rounded MuiPaper-elevation1 MuiCard-root css-15zjgi1-MuiPaper-root-MuiCard-root"[39m
          [33mstyle[39m=[32m"--Paper-shadow: 0px 2px 1px -1px rgba(0,0,0,0.2),0px 1px 1px 0px rgba(0,0,0,0.14),0px 1px 3px 0px rgba(0,0,0,0.12);"[39m
        [36m>[39m
          [36m<div[39m
            [33mclass[39m=[32m"MuiCardContent-root css-21mhzp-MuiCardContent-root"[39m
          [36m>[39m
            [36m<div[39m
              [33mclass[39m=[32m"MuiBox-root css-rvh7fc"[39m
            [36m>[39m
              [36m<svg[39m
                [33maria-hidden[39m=[32m"true"[39m
                [33mclass[39m=[32m"MuiSvgIcon-root MuiSvgIcon-fontSizeMedium css-l2hh3m-MuiSvgIcon-root"[39m
                [33mdata-testid[39m=[32m"EventIcon"[39m
                [33mfocusable[39m=[32m"false"[39m
                [33mviewBox[39m=[32m"0 0 24 24"[39m
              [36m>[39m
                [36m<path[39m
                  [33md[39m=[32m"M17 12h-5v5h5zM16 1v2H8V1H6v2H5c-1.11 0-1.99.9-1.99 2L3 19c0 1.1.89 2 2 2h14c1.1 0 2-.9 2-2V5c0-1.1-.9-2-2-2h-1V1zm3 18H5V8h14z"[39m
                [36m/>[39m
              [36m</svg>[39m
              [36m<div[39m
                [33mclass[39m=[32m"MuiBox-root css-0"[39m
              [36m>[39m
                [36m<h5[39m
                  [33mclass[39m=[32m"MuiTypography-root MuiTypography-h5 css-13tg29a-MuiTypography-root"[39m
                [36m>[39m
                  [0mCareer Fair Status[0m
                [36m</h5>[39m
                [36m<p[39m
                  [33mclass[39m=[32m"MuiTypography-root MuiTypography-body2 css-1wle3ir-MuiTypography-root"[39m
                [36m>[39m
                  [0mControl when the career fair is live and visible to all users[0m
                [36m</p>[39m
              [36m</div>[39m
            [36m</div>[39m
            [36m<div[39m
              [33mclass[39m=[32m"MuiBox-root css-dp69vb"[39m
            [36m>[39m
              [36m<label[39m
                [33mclass[39m=[32m"MuiFormControlLabel-root MuiFormControlLabel-labelPlacementEnd css-19opgx6-MuiFormControlLabel-root"[39m
              [36m>[39m
                [36m<span[39m
                  [33mclass[39m=[32m"MuiSwitch-root MuiSwitch-sizeMedium css-13ih6ji-MuiSwitch-root"[39m
                [36m>[39m
                  [36m<span[39m
                    [33mclass[39m=[32m"MuiButtonBase-root MuiSwitch-switchBase MuiSwitch-colorPrimary PrivateSwitchBase-root MuiSwitch-switchBase MuiSwitch-colorPrimary css-aqlqb4-MuiButtonBase-root-MuiSwitchBase-root-MuiSwitch-switchBase"[39m
                  [36m>[39m
                    [36m<input[39m
                      [33mclass[39m=[32m"PrivateSwitchBase-input MuiSwitch-input css-12xagqm-MuiSwitchBase-root"[39m
                      [33mrole[39m=[32m"switch"[39m
                      [33mtype[39m=[32m"checkbox"[39m
                    [36m/>[39m
                    [36m<span[39m
                      [33mclass[39m=[32m"MuiSwitch-thumb css-17jyosd-MuiSwitch-thumb"[39m
                    [36m/>[39m
                  [36m</span>[39m
                  [36m<span[39m
                    [33mclass[39m=[32m"MuiSwitch-track css-tj8d99-MuiSwitch-track"[39m
                  [36m/>[39m
                [36m</span>[39m
                [36m<span[39m
                  [33mclass[39m=[32m"MuiTypography-root MuiTypography-body1 MuiFormControlLabel-label css-rizt0-MuiTypography-root"[39m
                [36m>[39m
                  [36m<div[39m
                    [33mclass[39m=[32m"MuiBox-root css-0"[39m
                  [36m>[39m
                    [36m<h6[39m
                      [33mclass[39m=[32m"MuiTypography-root MuiTypography-h6 css-re5jyh-MuiTypography-root"[39m
                    [36m>[39m
                      [0mCareer Fair is OFFLINE[0m
                    [36m</h6>[39m
                    [36m<p[39m
                      [33mclass[39m=[32m"MuiTypography-root MuiTypography-body2 css-1sa4kq8-MuiTypography-root"[39m
                    [36m>[39m
                      [0mOnly company owners and representatives can see and edit their own booths.[0m
                    [36m</p>[39m
                  [36m</div>[39m
                [36m</span>[39m
              [36m</label>[39m
            [36m</div>[39m
            [36m<div[39m
              [33mclass[39m=[32m"MuiBox-root css-178yklu"[39m
            [36m>[39m
 ...

Ignored nodes: comments, script, style
[36m<html>[39m
  [36m<head>[39m
    [36m<meta[39m
      [33mcontent[39m=[32m""[39m
      [33mname[39m=[32m"emotion-insertion-point"[39m
    [36m/>[39m
  [36m</head>[39m
  [36m<body[39m
    [33mstyle[39m=[32m""[39m
  [36m>[39m
    [36m<div>[39m
      [36m<div[39m
        [33mclass[39m=[32m"MuiBox-root css-95pn59"[39m
      [36m>[39m
        [36m<div[39m
          [33mclass[39m=[32m"MuiBox-root css-kpkptg"[39m
        [36m>[39m
          [36m<div[39m
            [33mclass[39m=[32m"MuiContainer-root MuiContainer-maxWidthLg css-5c1adp-MuiContainer-root"[39m
          [36m>[39m
            [36m<div[39m
              [33mclass[39m=[32m"MuiBox-root css-69i1ev"[39m
            [36m>[39m
              [36m<div[39m
                [33mclass[39m=[32m"MuiBox-root css-j0ozid"[39m
              [36m>[39m
                [36m<svg[39m
                  [33maria-hidden[39m=[32m"true"[39m
                  [33mclass[39m=[32m"MuiSvgIcon-root MuiSvgIcon-fontSizeMedium css-19qoenp-MuiSvgIcon-root"[39m
                  [33mdata-testid[39m=[32m"AdminPanelSettingsIcon"[39m
                  [33mfocusable[39m=[32m"false"[39m
                  [33mviewBox[39m=[32m"0 0 24 24"[39m
                [36m>[39m
                  [36m<path[39m
                    [33md[39m=[32m"M17 11c.34 0 .67.04 1 .09V6.27L10.5 3 3 6.27v4.91c0 4.54 3.2 8.79 7.5 9.82.55-.13 1.08-.32 1.6-.55-.69-.98-1.1-2.17-1.1-3.45 0-3.31 2.69-6 6-6"[39m
                  [36m/>[39m
                  [36m<path[39m
                    [33md[39m=[32m"M17 13c-2.21 0-4 1.79-4 4s1.79 4 4 4 4-1.79 4-4-1.79-4-4-4m0 1.38c.62 0 1.12.51 1.12 1.12s-.51 1.12-1.12 1.12-1.12-.51-1.12-1.12.5-1.12 1.12-1.12m0 5.37c-.93 0-1.74-.46-2.24-1.17.05-.72 1.51-1.08 2.24-1.08s2.19.36 2.24 1.08c-.5.71-1.31 1.17-2.24 1.17"[39m
                  [36m/>[39m
                [36m</svg>[39m
                [36m<h5[39m
                  [33mclass[39m=[32m"MuiTypography-root MuiTypography-h5 css-2h07vh-MuiTypography-root"[39m
                [36m>[39m
                  [0mAdministrator Dashboard[0m
                [36m</h5>[39m
              [36m</div>[39m
              [36m<div[39m
                [33mdata-testid[39m=[32m"profile-menu"[39m
              [36m>[39m
                [0mProfile Menu[0m
              [36m</div>[39m
            [36m</div>[39m
          [36m</div>[39m
        [36m</div>[39m
        [36m<div[39m
          [33mclass[39m=[32m"MuiContainer-root MuiContainer-maxWidthLg css-xsov46-MuiContainer-root"[39m
        [36m>[39m
          [36m<div[39m
            [33mclass[39m=[32m"MuiPaper-root MuiPaper-elevation MuiPaper-rounded MuiPaper-elevation1 MuiCard-root css-15zjgi1-MuiPaper-root-MuiCard-root"[39m
            [33mstyle[39m=[32m"--Paper-shadow: 0px 2px 1px -1px rgba(0,0,0,0.2),0px 1px 1px 0px rgba(0,0,0,0.14),0px 1px 3px 0px rgba(0,0,0,0.12);"[39m
          [36m>[39m
            [36m<div[39m
              [33mclass[39m=[32m"MuiCardContent-root css-21mhzp-MuiCardContent-root"[39m
            [36m>[39m
              [36m<div[39m
                [33mclass[39m=[32m"MuiBox-root css-rvh7fc"[39m
              [36m>[39m
                [36m<svg[39m
                  [33maria-hidden[39m=[32m"true"[39m
                  [33mclass[39m=[32m"MuiSvgIcon-root MuiSvgIcon-fontSizeMedium css-l2hh3m-MuiSvgIcon-root"[39m
                  [33mdata-testid[39m=[32m"EventIcon"[39m
                  [33mfocusable[39m=[32m"false"[39m
                  [33mviewBox[39m=[32m"0 0 24 24"[39m
                [36m>[39m
                  [36m<path[39m
                    [33md[39m=[32m"M17 12h-5v5h5zM16 1v2H8V1H6v2H5c-1.11 0-1.99.9-1.99 2L3 19c0 1.1.89 2 2 2h14c1.1 0 2-.9 2-2V5c0-1.1-.9-2-2-2h-1V1zm3 18H5V8h14z"[39m
                  [36m/>[39m
                [36m</svg>[39m
                [36m<div[39m
                  [33mclass[39m=[32m"MuiBox-root css-0"[39m
                [36m>[39m
                  [36m<h5[39m
                    [33mclass[39m=[32m"MuiTypography-root MuiTypography-h5 css-13tg29a-MuiTypography-root"[39m
                  [36m>[39m
                    [0mCareer Fair Status[0m
                  [36m</h5>[39m
                  [36m<p[39m
                    [33mclass[39m=[32m"MuiTypography-root MuiTypography-body2 css-1wle3ir-MuiTypography-root"[39m
                  [36m>[39m
                    [0mControl when the career fair is live and visible to all users[0m
                  [36m</p>[39m
                [36m</div>[39m
              [36m</div>[39m
              [36m<div[39m
                [33mclass[39m=[32m"MuiBox-root css-dp69vb"[39m
              [36m>[39m
                [36m<label[39m
                  [33mclass[39m=[32m"MuiFormControlLabel-root MuiFormControlLabel-labelPlacementEnd css-19opgx6-MuiFormControlLabel-root"[39m
                [36m>[39m
                  [36m<span[39m
                    [33mclass[39m=[32m"MuiSwitch-root MuiSwitch-sizeMedium css-13ih6ji-MuiSwitch-root"[39m
                  [36m>[39m
                    [36m<span[39m
                      [33mclass[39m=[32m"MuiButtonBase-root MuiSwitch-switchBase MuiSwitch-colorPrimary PrivateSwitchBase-root MuiSwitch-switchBase MuiSwitch-colorPrimary css-aqlqb4-MuiButtonBase-root-MuiSwitchBase-root-MuiSwitch-switchBase"[39m
                    [36m>[39m
                      [36m<input[39m
                        [33mclass[39m=[32m"PrivateSwitchBase-input MuiSwitch-input css-12xagqm-MuiSwitchBase-root"[39m
                        [33mrole[39m=[32m"switch"[39m
                        [33mtype[39m=[32m"checkbox"[39m
                      [36m/>[39m
                      [36m<span[39m
                        [33mclass[39m=[32m"MuiSwitch-thumb css-17jyosd-MuiSwitch-thumb"[39m
                      [36m/>[39m
                    [36m</span>[39m
                    [36m<span[39m
                      [33mclass[39m=[32m"MuiSwitch-track css-tj8d99-MuiSwitch-track"[39m
                    [36m/>[39m
                  [36m</span>[39m
                  [36m<span[39m
                    [33mclass[39m=[32m"MuiTypography-root MuiTypography-body1 MuiFormControlLabel-label css-rizt0-MuiTypography-root"[39m
                  [36m>[39m
                    [36m<div[39m
                      [33mclass[39m=[32m"MuiBox-root css-0"[39m
                    [36m>[39m
                      [36m<h6[39m
                        [33mclass[39m=[32m"MuiTypography-root MuiTypography-h6 css-re5jyh-MuiTypography-root"[39m
                      [36m>[39m
                        [0mCareer Fair is OFFLINE[0m
                      [36m</h6>[39m
                      [36m<p[39m
                        [33mclass[39m=[32m"MuiTypography-root MuiTypography-body2 css-1sa4kq8-MuiTypograp...
[90m [2m❯[22m Proxy.waitFor node_modules/@testing-library/dom/dist/wait-for.js:[2m163:27[22m[39m
[36m [2m❯[22m src/pages/__tests__/AdminDashboard.test.tsx:[2m670:13[22m[39m
    [90m668| [39m      [34mrenderAdminDashboard[39m()[33m;[39m
    [90m669| [39m
    [90m670| [39m      [35mawait[39m [34mwaitFor[39m(() [33m=>[39m {
    [90m   | [39m            [31m^[39m
    [90m671| [39m        [34mexpect[39m(screen[33m.[39m[34mgetByText[39m([32m"Ended"[39m))[33m.[39m[34mtoBeInTheDocument[39m()[33m;[39m
    [90m672| [39m      })[33m;[39m

[31m[2m⎯⎯⎯⎯⎯⎯⎯⎯⎯⎯⎯⎯⎯⎯⎯⎯⎯⎯⎯⎯⎯⎯⎯[9/33]⎯[22m[39m

[41m[1m FAIL [22m[49m src/pages/__tests__/BoothEditor.test.tsx[2m > [22mBoothEditor[2m > [22mUI Rendering[2m > [22mdisplays all form fields
[31m[1mTestingLibraryElementError[22m[39m: Unable to find an accessible element with the role "combobox" and name `/industry/i`

Here are the accessible roles:

  button:

  Name "":
  [36m<button[39m
    [33mclass[39m=[32m"MuiButtonBase-root MuiIconButton-root MuiIconButton-sizeMedium css-j7dfm5-MuiButtonBase-root-MuiIconButton-root"[39m
    [33mtabindex[39m=[32m"0"[39m
    [33mtype[39m=[32m"button"[39m
  [36m/>[39m

  Name "Upload Logo":
  [36m<span[39m
    [33mclass[39m=[32m"MuiButtonBase-root MuiButton-root MuiButton-outlined MuiButton-outlinedPrimary MuiButton-sizeMedium MuiButton-outlinedSizeMedium MuiButton-colorPrimary MuiButton-root MuiButton-outlined MuiButton-outlinedPrimary MuiButton-sizeMedium MuiButton-outlinedSizeMedium MuiButton-colorPrimary css-x02tgp-MuiButtonBase-root-MuiButton-root"[39m
    [33mrole[39m=[32m"button"[39m
    [33mtabindex[39m=[32m"0"[39m
  [36m/>[39m

  Name "Cancel":
  [36m<button[39m
    [33mclass[39m=[32m"MuiButtonBase-root MuiButton-root MuiButton-outlined MuiButton-outlinedPrimary MuiButton-sizeMedium MuiButton-outlinedSizeMedium MuiButton-colorPrimary MuiButton-root MuiButton-outlined MuiButton-outlinedPrimary MuiButton-sizeMedium MuiButton-outlinedSizeMedium MuiButton-colorPrimary css-x02tgp-MuiButtonBase-root-MuiButton-root"[39m
    [33mtabindex[39m=[32m"0"[39m
    [33mtype[39m=[32m"button"[39m
  [36m/>[39m

  Name "Create Booth":
  [36m<button[39m
    [33mclass[39m=[32m"MuiButtonBase-root MuiButton-root MuiButton-contained MuiButton-containedPrimary MuiButton-sizeMedium MuiButton-containedSizeMedium MuiButton-colorPrimary MuiButton-root MuiButton-contained MuiButton-containedPrimary MuiButton-sizeMedium MuiButton-containedSizeMedium MuiButton-colorPrimary css-1ue27tm-MuiButtonBase-root-MuiButton-root"[39m
    [33mtabindex[39m=[32m"0"[39m
    [33mtype[39m=[32m"submit"[39m
  [36m/>[39m

  --------------------------------------------------
  heading:

  Name "Create Booth":
  [36m<h4[39m
    [33mclass[39m=[32m"MuiTypography-root MuiTypography-h4 css-g2oqeu-MuiTypography-root"[39m
  [36m/>[39m

  Name "Company Information":
  [36m<h6[39m
    [33mclass[39m=[32m"MuiTypography-root MuiTypography-h6 css-1azse-MuiTypography-root"[39m
  [36m/>[39m

  Name "Recruitment Information":
  [36m<h6[39m
    [33mclass[39m=[32m"MuiTypography-root MuiTypography-h6 css-1cwqm9s-MuiTypography-root"[39m
  [36m/>[39m

  Name "Contact Information":
  [36m<h6[39m
    [33mclass[39m=[32m"MuiTypography-root MuiTypography-h6 css-1cwqm9s-MuiTypography-root"[39m
  [36m/>[39m

  --------------------------------------------------
  paragraph:

  Name "":
  [36m<p[39m
    [33mclass[39m=[32m"MuiTypography-root MuiTypography-body2 css-ho2qrh-MuiTypography-root"[39m
  [36m/>[39m

  Name "":
  [36m<p[39m
    [33mclass[39m=[32m"MuiTypography-root MuiTypography-body2 css-1wle3ir-MuiTypography-root"[39m
  [36m/>[39m

  Name "":
  [36m<p[39m
    [33mclass[39m=[32m"MuiTypography-root MuiTypography-body2 css-1wle3ir-MuiTypography-root"[39m
  [36m/>[39m

  --------------------------------------------------
  textbox:

  Name "Company Name":
  [36m<input[39m
    [33maria-invalid[39m=[32m"false"[39m
    [33mclass[39m=[32m"MuiInputBase-input MuiOutlinedInput-input css-16wblaj-MuiInputBase-input-MuiOutlinedInput-input"[39m
    [33mid[39m=[32m"«r1s»"[39m
    [33mrequired[39m=[32m""[39m
    [33mtype[39m=[32m"text"[39m
    [33mvalue[39m=[32m"Tech Company"[39m
  [36m/>[39m

  Name "Location":
  [36m<input[39m
    [33maria-invalid[39m=[32m"false"[39m
    [33mclass[39m=[32m"MuiInputBase-input MuiOutlinedInput-input css-16wblaj-MuiInputBase-input-MuiOutlinedInput-input"[39m
    [33mid[39m=[32m"«r1v»"[39m
    [33mplaceholder[39m=[32m"City, State/Country"[39m
    [33mrequired[39m=[32m""[39m
    [33mtype[39m=[32m"text"[39m
    [33mvalue[39m=[32m""[39m
  [36m/>[39m

  Name "Company Description":
  [36m<textarea[39m
    [33maria-invalid[39m=[32m"false"[39m
    [33mclass[39m=[32m"MuiInputBase-input MuiOutlinedInput-input MuiInputBase-inputMultiline css-w4nesw-MuiInputBase-input-MuiOutlinedInput-input"[39m
    [33mid[39m=[32m"«r20»"[39m
    [33mplaceholder[39m=[32m"Tell us about your company, mission, and culture..."[39m
    [33mrequired[39m=[32m""[39m
    [33mrows[39m=[32m"4"[39m
    [33mstyle[39m=[32m"height: 0px; overflow: hidden;"[39m
  [36m/>[39m

  Name "Company Website":
  [36m<input[39m
    [33maria-invalid[39m=[32m"false"[39m
    [33mclass[39m=[32m"MuiInputBase-input MuiOutlinedInput-input css-16wblaj-MuiInputBase-input-MuiOutlinedInput-input"[39m
    [33mid[39m=[32m"«r22»"[39m
    [33mplaceholder[39m=[32m"https://www.example.com"[39m
    [33mtype[39m=[32m"url"[39m
    [33mvalue[39m=[32m""[39m
  [36m/>[39m

  Name "Careers Page URL":
  [36m<input[39m
    [33maria-invalid[39m=[32m"false"[39m
    [33mclass[39m=[32m"MuiInputBase-input MuiOutlinedInput-input css-16wblaj-MuiInputBase-input-MuiOutlinedInput-input"[39m
    [33mid[39m=[32m"«r23»"[39m
    [33mplaceholder[39m=[32m"https://www.example.com/careers"[39m
    [33mtype[39m=[32m"url"[39m
    [33mvalue[39m=[32m""[39m
  [36m/>[39m

  Name "Contact Person Name":
  [36m<input[39m
    [33maria-invalid[39m=[32m"false"[39m
    [33mclass[39m=[32m"MuiInputBase-input MuiOutlinedInput-input css-16wblaj-MuiInputBase-input-MuiOutlinedInput-input"[39m
    [33mid[39m=[32m"«r24»"[39m
    [33mplaceholder[39m=[32m"Full name"[39m
    [33mrequired[39m=[32m""[39m
    [33mtype[39m=[32m"text"[39m
    [33mvalue[39m=[32m""[39m
  [36m/>[39m

  Name "Contact Email":
  [36m<input[39m
    [33maria-invalid[39m=[32m"false"[39m
    [33mclass[39m=[32m"MuiInputBase-input MuiOutlinedInput-input css-16wblaj-MuiInputBase-input-MuiOutlinedInput-input"[39m
    [33mid[39m=[32m"«r25»"[39m
    [33mplaceholder[39m=[32m"contact@example.com"[39m
    [33mrequired[39m=[32m""[39m
    [33mtype[39m=[32m"email"[39m
    [33mvalue[39m=[32m""[39m
  [36m/>[39m

  Name "Contact Phone (Optional)":
  [36m<input[39m
    [33maria-invalid[39m=[32m"false"[39m
    [33mclass[39m=[32m"MuiInputBase-input MuiOutlinedInput-input css-16wblaj-MuiInputBase-input-MuiOutlinedInput-input"[39m
    [33mid[39m=[32m"«r26»"[39m
    [33mplaceholder[39m=[32m"+1 (555) 000-0000"[39m
    [33mtype[39m=[32m"tel"[39m
    [33mvalue[39m=[32m""[39m
  [36m/>[39m

  --------------------------------------------------
  combobox:

  Name "":
  [36m<div[39m
    [33maria-expanded[39m=[32m"false"[39m
    [33maria-haspopup[39m=[32m"listbox"[39m
    [33maria-required[39m=[32m"true"[39m
    [33mclass[39m=[32m"MuiSelect-select MuiSelect-outlined MuiInputBase-input MuiOutlinedInput-input css-18jp67o-MuiNativeSelect-root-MuiSelect-select-MuiInputBase-input-MuiOutlinedInput-input"[39m
    [33mrole[39m=[32m"combobox"[39m
    [33mtabindex[39m=[32m"0"[39m
  [36m/>[39m

  Name "":
  [36m<div[39m
    [33maria-expanded[39m=[32m"false"[39m
    [33maria-haspopup[39m=[32m"listbox"[39m
    [33maria-required[39m=[32m"true"[39m
    [33mclass[39m=[32m"MuiSelect-select MuiSelect-outlined MuiInputBase-input MuiOutlinedInput-input css-18jp67o-MuiNativeSelect-root-MuiSelect-select-MuiInputBase-input-MuiOutlinedInput-input"[39m
    [33mrole[39m=[32m"combobox"[39m
    [33mtabindex[39m=[32m"0"[39m
  [36m/>[39m

  --------------------------------------------------
  separator:

  Name "":
  [36m<hr[39m
    [33mclass[39m=[32m"MuiDivider-root MuiDivider-fullWidth css-ivpth7-MuiDivider-root"[39m
  [36m/>[39m

  Name "":
  [36m<hr[39m
    [33mclass[39m=[32m"MuiDivider-root MuiDivider-fullWidth css-ivpth7-MuiDivider-root"[39m
  [36m/>[39m

  --------------------------------------------------
  link:

  Name "support@careerfair.com":
  [36m<a[39m
    [33mclass[39m=[32m"MuiTypography-root MuiTypography-body1 css-11xk5su-MuiTypography-root"[39m
    [33mhref[39m=[32m"mailto:support@careerfair.com"[39m
  [36m/>[39m

  --------------------------------------------------

Ignored nodes: comments, script, style
[36m<body>[39m
  [36m<div>[39m
    [36m<div[39m
      [33mclass[39m=[32m"MuiBox-root css-95pn59"[39m
    [36m>[39m
      [36m<div[39m
        [33mclass[39m=[32m"MuiBox-root css-kpkptg"[39m
      [36m>[39m
        [36m<div[39m
          [33mclass[39m=[32m"MuiContainer-root MuiContainer-maxWidthLg css-5c1adp-MuiContainer-root"[39m
        [36m>[39m
          [36m<div[39m
            [33mclass[39m=[32m"MuiBox-root css-69i1ev"[39m
          [36m>[39m
            [36m<div[39m
              [33mclass[39m=[32m"MuiBox-root css-18mzyok"[39m
            [36m>[39m
              [36m<button[39m
                [33mclass[39m=[32m"MuiButtonBase-root MuiIconButton-root MuiIconButton-sizeMedium css-j7dfm5-MuiButtonBase-root-MuiIconButton-root"[39m
                [33mtabindex[39m=[32m"0"[39m
                [33mtype[39m=[32m"button"[39m
              [36m>[39m
                [36m<svg[39m
                  [33maria-hidden[39m=[32m"true"[39m
                  [33mclass[39m=[32m"MuiSvgIcon-root MuiSvgIcon-fontSizeMedium css-1umw9bq-MuiSvgIcon-root"[39m
                  [33mdata-testid[39m=[32m"ArrowBackIcon"[39m
                  [33mfocusable[39m=[32m"false"[39m
                  [33mviewBox[39m=[32m"0 0 24 24"[39m
                [36m>[39m
                  [36m<path[39m
                    [33md[39m=[32m"M20 11H7.83l5.59-5.59L12 4l-8 8 8 8 1.41-1.41L7.83 13H20z"[39m
                  [36m/>[39m
                [36m</svg>[39m
              [36m</button>[39m
              [36m<svg[39m
                [33maria-hidden[39m=[32m"true"[39m
                [33mclass[39m=[32m"MuiSvgIcon-root MuiSvgIcon-fontSizeMedium css-19qoenp-MuiSvgIcon-root"[39m
                [33mdata-testid[39m=[32m"BusinessIcon"[39m
                [33mfocusable[39m=[32m"false"[39m
                [33mviewBox[39m=[32m"0 0 24 24"[39m
              [36m>[39m
                [36m<path[39m
                  [33md[39m=[32m"M12 7V3H2v18h20V7zM6 19H4v-2h2zm0-4H4v-2h2zm0-4H4V9h2zm0-4H4V5h2zm4 12H8v-2h2zm0-4H8v-2h2zm0-4H8V9h2zm0-4H8V5h2zm10 12h-8v-2h2v-2h-2v-2h2v-2h-2V9h8zm-2-8h-2v2h2zm0 4h-2v2h2z"[39m
                [36m/>[39m
              [36m</svg>[39m
              [36m<div[39m
                [33mclass[39m=[32m"MuiBox-root css-0"[39m
              [36m>[39m
                [36m<h4[39m
                  [33mclass[39m=[32m"MuiTypography-root MuiTypography-h4 css-g2oqeu-MuiTypography-root"[39m
                [36m>[39m
                  [0mCreate Booth[0m
                [36m</h4>[39m
                [36m<p[39m
                  [33mclass[39m=[32m"MuiTypography-root MuiTypography-body2 css-ho2qrh-MuiTypography-root"[39m
                [36m>[39m
                  [0mSet up your company presence at the virtual career fair[0m
                [36m</p>[39m
              [36m</div>[39m
            [36m</div>[39m
            [36m<div[39m
              [33mclass[39m=[32m"MuiBox-root css-j0ozid"[39m
            [36m>[39m
              [36m<div[39m
                [33mdata-testid[39m=[32m"profile-menu"[39m
              [36m>[39m
                [0mProfile Menu[0m
              [36m</div>[39m
            [36m</div>[39m
          [36m</div>[39m
        [36m</div>[39m
      [36m</div>[39m
      [36m<div[39m
        [33mclass[39m=[32m"MuiContainer-root MuiContainer-maxWidthMd css-ds0qfq-MuiContainer-root"[39m
      [36m>[39m
        [36m<div[39m
          [33mclass[39m=[32m"MuiPaper-root MuiPaper-elevation MuiPaper-rounded MuiPaper-elevation1 MuiCard-root css-1o5c2aq-MuiPaper-root-MuiCard-root"[39m
          [33mstyle[39m=[32m"--Paper-shadow: 0px 2px 1px -1px rgba(0,0,0,0.2),0px 1px 1px 0px rgba(0,0,0,0.14),0px 1px 3px 0px rgba(0,0,0,0.12);"[39m
        [36m>[39m
          [36m<form>[39m
            [36m<div[39m
              [33mclass[39m=[32m"MuiBox-root css-1yjvs5a"[39m
            [36m>[39m
              [36m<h6[39m
                [33mclass[39m=[32m"MuiTypography-root MuiTypography-h6 css-1azse-MuiTypography-root"[39m
              [36m>[39m
                [36m<svg[39m
                  [33maria-hidden[39m=[32m"true"[39m
                  [33mclass[39m=[32m"MuiSvgIcon-root MuiSvgIcon-fontSizeMedium css-zbvgrk-MuiSvgIcon-root"[39m
                  [33mdata-testid[39m=[32m"BusinessIcon"[39m
                  [33mfocusable[39m=[32m"false"[39m
                  [33mviewBox[39m=[32m"0 0 24 24"[39m
                [36m>[39m
                  [36m<path[39m
                    [33md[39m=[32m"M12 7V3H2v18h20V7zM6 19H4v-2h2zm0-4H4v-2h2zm0-4H4V9h2zm0-4H4V5h2zm4 12H8v-2h2zm0-4H8v-2h2zm0-4H8V9h2zm0-4H8V5h2zm10 12h-8v-2h2v-2h-2v-2h2v-2h-2V9h8zm-2-8h-2v2h2zm0 4h-2v2h2z"[39m
                  [36m/>[39m
                [36m</svg>[39m
                [0mCompany Information[0m
              [36m</h6>[39m
              [36m<div[39m
                [33mclass[39m=[32m"MuiGrid-root MuiGrid-container MuiGrid-direction-xs-row MuiGrid-spacing-xs-3 css-1u8xl8z-MuiGrid-root"[39m
              [36m>[39m
                [36m<div[39m
                  [33mclass[39m=[32m"MuiGrid-root MuiGrid-direction-xs-row MuiGrid-grid-xs-12 css-yqiqnf-MuiGrid-root"[39m
                [36m>[39m
                  [36m<div[39m
                    [33mclass[39m=[32m"MuiFormControl-root MuiFormControl-fullWidth MuiTextField-root css-cmpglg-MuiFormControl-root-MuiTextField-root"[39m
                  [36m>[39m
                    [36m<label[39m
                      [33mclass[39m=[32m"MuiFormLabel-root MuiInputLabel-root MuiInputLabel-formControl MuiInputLabel-animated MuiInputLabel-shrink MuiInputLabel-outlined MuiFormLabel-colorPrimary MuiFormLabel-filled Mui-required MuiInputLabel-root MuiInputLabel-formControl MuiInputLabel-animated MuiInputLabel-shrink MuiInputLabel-outlined css-113d811-MuiFormLabel-root-MuiInputLabel-root"[39m
                      [33mdata-shrink[39m=[32m"true"[39m
                      [33mfor[39m=[32m"«r1s»"[39m
                      [33mid[39m=[32m"«r1s»-label"[39m
                    [36m>[39m
                      [0mCompany Name[0m
                      [36m<span[39m
                        [33maria-hidden[39m=[32m"true"[39m
                        [33mclass[39m=[32m"MuiFormLabel-asterisk MuiInputLabel-asterisk css-1ljffdk-MuiFormLabel-asterisk"[39m
                      [36m>[39m
                        [0m [0m
                        [0m*[0m
                      [36m</span>[39m
                    [36m</label>[39m
                    [36m<div[39m
                      [33mclass[39m=[32m"MuiInputBase-root MuiOutlinedInput-root MuiInputBase-colorPrimary MuiInputBase-fullWidth MuiInputBase-formControl css-1blp12k-MuiInputBase-root-MuiOutlinedInput-root"[39m
                    [36m>[39m
                     ...
[90m [2m❯[22m Object.getElementError node_modules/@testing-library/dom/dist/config.js:[2m37:19[22m[39m
[90m [2m❯[22m node_modules/@testing-library/dom/dist/query-helpers.js:[2m76:38[22m[39m
[90m [2m❯[22m node_modules/@testing-library/dom/dist/query-helpers.js:[2m52:17[22m[39m
[90m [2m❯[22m getByRole node_modules/@testing-library/dom/dist/query-helpers.js:[2m95:19[22m[39m
[36m [2m❯[22m src/pages/__tests__/BoothEditor.test.tsx:[2m228:21[22m[39m
    [90m226| [39m        expect(screen.getByRole("textbox", { name: /company name/i }))…
    [90m227| [39m      })[33m;[39m
    [90m228| [39m      expect(screen.getByRole("combobox", { name: /industry/i })).toBe…
    [90m   | [39m                    [31m^[39m
    [90m229| [39m      expect(screen.getByRole("combobox", { name: /company size/i })).…
    [90m230| [39m      expect(screen.getByRole("textbox", { name: /location/i })).toBeI…

[31m[2m⎯⎯⎯⎯⎯⎯⎯⎯⎯⎯⎯⎯⎯⎯⎯⎯⎯⎯⎯⎯⎯⎯[10/33]⎯[22m[39m

[41m[1m FAIL [22m[49m src/pages/__tests__/BoothEditor.test.tsx[2m > [22mBoothEditor[2m > [22mForm Interactions[2m > [22mallows user to select industry from dropdown
[31m[1mTestingLibraryElementError[22m[39m: Unable to find role="combobox" and name `/industry/i`

Ignored nodes: comments, script, style
[36m<body>[39m
  [36m<div>[39m
    [36m<div[39m
      [33mclass[39m=[32m"MuiBox-root css-95pn59"[39m
    [36m>[39m
      [36m<div[39m
        [33mclass[39m=[32m"MuiBox-root css-kpkptg"[39m
      [36m>[39m
        [36m<div[39m
          [33mclass[39m=[32m"MuiContainer-root MuiContainer-maxWidthLg css-5c1adp-MuiContainer-root"[39m
        [36m>[39m
          [36m<div[39m
            [33mclass[39m=[32m"MuiBox-root css-69i1ev"[39m
          [36m>[39m
            [36m<div[39m
              [33mclass[39m=[32m"MuiBox-root css-18mzyok"[39m
            [36m>[39m
              [36m<button[39m
                [33mclass[39m=[32m"MuiButtonBase-root MuiIconButton-root MuiIconButton-sizeMedium css-j7dfm5-MuiButtonBase-root-MuiIconButton-root"[39m
                [33mtabindex[39m=[32m"0"[39m
                [33mtype[39m=[32m"button"[39m
              [36m>[39m
                [36m<svg[39m
                  [33maria-hidden[39m=[32m"true"[39m
                  [33mclass[39m=[32m"MuiSvgIcon-root MuiSvgIcon-fontSizeMedium css-1umw9bq-MuiSvgIcon-root"[39m
                  [33mdata-testid[39m=[32m"ArrowBackIcon"[39m
                  [33mfocusable[39m=[32m"false"[39m
                  [33mviewBox[39m=[32m"0 0 24 24"[39m
                [36m>[39m
                  [36m<path[39m
                    [33md[39m=[32m"M20 11H7.83l5.59-5.59L12 4l-8 8 8 8 1.41-1.41L7.83 13H20z"[39m
                  [36m/>[39m
                [36m</svg>[39m
              [36m</button>[39m
              [36m<svg[39m
                [33maria-hidden[39m=[32m"true"[39m
                [33mclass[39m=[32m"MuiSvgIcon-root MuiSvgIcon-fontSizeMedium css-19qoenp-MuiSvgIcon-root"[39m
                [33mdata-testid[39m=[32m"BusinessIcon"[39m
                [33mfocusable[39m=[32m"false"[39m
                [33mviewBox[39m=[32m"0 0 24 24"[39m
              [36m>[39m
                [36m<path[39m
                  [33md[39m=[32m"M12 7V3H2v18h20V7zM6 19H4v-2h2zm0-4H4v-2h2zm0-4H4V9h2zm0-4H4V5h2zm4 12H8v-2h2zm0-4H8v-2h2zm0-4H8V9h2zm0-4H8V5h2zm10 12h-8v-2h2v-2h-2v-2h2v-2h-2V9h8zm-2-8h-2v2h2zm0 4h-2v2h2z"[39m
                [36m/>[39m
              [36m</svg>[39m
              [36m<div[39m
                [33mclass[39m=[32m"MuiBox-root css-0"[39m
              [36m>[39m
                [36m<h4[39m
                  [33mclass[39m=[32m"MuiTypography-root MuiTypography-h4 css-g2oqeu-MuiTypography-root"[39m
                [36m>[39m
                  [0mCreate Booth[0m
                [36m</h4>[39m
                [36m<p[39m
                  [33mclass[39m=[32m"MuiTypography-root MuiTypography-body2 css-ho2qrh-MuiTypography-root"[39m
                [36m>[39m
                  [0mSet up your company presence at the virtual career fair[0m
                [36m</p>[39m
              [36m</div>[39m
            [36m</div>[39m
            [36m<div[39m
              [33mclass[39m=[32m"MuiBox-root css-j0ozid"[39m
            [36m>[39m
              [36m<div[39m
                [33mdata-testid[39m=[32m"profile-menu"[39m
              [36m>[39m
                [0mProfile Menu[0m
              [36m</div>[39m
            [36m</div>[39m
          [36m</div>[39m
        [36m</div>[39m
      [36m</div>[39m
      [36m<div[39m
        [33mclass[39m=[32m"MuiContainer-root MuiContainer-maxWidthMd css-ds0qfq-MuiContainer-root"[39m
      [36m>[39m
        [36m<div[39m
          [33mclass[39m=[32m"MuiPaper-root MuiPaper-elevation MuiPaper-rounded MuiPaper-elevation1 MuiCard-root css-1o5c2aq-MuiPaper-root-MuiCard-root"[39m
          [33mstyle[39m=[32m"--Paper-shadow: 0px 2px 1px -1px rgba(0,0,0,0.2),0px 1px 1px 0px rgba(0,0,0,0.14),0px 1px 3px 0px rgba(0,0,0,0.12);"[39m
        [36m>[39m
          [36m<form>[39m
            [36m<div[39m
              [33mclass[39m=[32m"MuiBox-root css-1yjvs5a"[39m
            [36m>[39m
              [36m<h6[39m
                [33mclass[39m=[32m"MuiTypography-root MuiTypography-h6 css-1azse-MuiTypography-root"[39m
              [36m>[39m
                [36m<svg[39m
                  [33maria-hidden[39m=[32m"true"[39m
                  [33mclass[39m=[32m"MuiSvgIcon-root MuiSvgIcon-fontSizeMedium css-zbvgrk-MuiSvgIcon-root"[39m
                  [33mdata-testid[39m=[32m"BusinessIcon"[39m
                  [33mfocusable[39m=[32m"false"[39m
                  [33mviewBox[39m=[32m"0 0 24 24"[39m
                [36m>[39m
                  [36m<path[39m
                    [33md[39m=[32m"M12 7V3H2v18h20V7zM6 19H4v-2h2zm0-4H4v-2h2zm0-4H4V9h2zm0-4H4V5h2zm4 12H8v-2h2zm0-4H8v-2h2zm0-4H8V9h2zm0-4H8V5h2zm10 12h-8v-2h2v-2h-2v-2h2v-2h-2V9h8zm-2-8h-2v2h2zm0 4h-2v2h2z"[39m
                  [36m/>[39m
                [36m</svg>[39m
                [0mCompany Information[0m
              [36m</h6>[39m
              [36m<div[39m
                [33mclass[39m=[32m"MuiGrid-root MuiGrid-container MuiGrid-direction-xs-row MuiGrid-spacing-xs-3 css-1u8xl8z-MuiGrid-root"[39m
              [36m>[39m
                [36m<div[39m
                  [33mclass[39m=[32m"MuiGrid-root MuiGrid-direction-xs-row MuiGrid-grid-xs-12 css-yqiqnf-MuiGrid-root"[39m
                [36m>[39m
                  [36m<div[39m
                    [33mclass[39m=[32m"MuiFormControl-root MuiFormControl-fullWidth MuiTextField-root css-cmpglg-MuiFormControl-root-MuiTextField-root"[39m
                  [36m>[39m
                    [36m<label[39m
                      [33mclass[39m=[32m"MuiFormLabel-root MuiInputLabel-root MuiInputLabel-formControl MuiInputLabel-animated MuiInputLabel-shrink MuiInputLabel-outlined MuiFormLabel-colorPrimary MuiFormLabel-filled Mui-required MuiInputLabel-root MuiInputLabel-formControl MuiInputLabel-animated MuiInputLabel-shrink MuiInputLabel-outlined css-113d811-MuiFormLabel-root-MuiInputLabel-root"[39m
                      [33mdata-shrink[39m=[32m"true"[39m
                      [33mfor[39m=[32m"«r42»"[39m
                      [33mid[39m=[32m"«r42»-label"[39m
                    [36m>[39m
                      [0mCompany Name[0m
                      [36m<span[39m
                        [33maria-hidden[39m=[32m"true"[39m
                        [33mclass[39m=[32m"MuiFormLabel-asterisk MuiInputLabel-asterisk css-1ljffdk-MuiFormLabel-asterisk"[39m
                      [36m>[39m
                        [0m [0m
                        [0m*[0m
                      [36m</span>[39m
                    [36m</label>[39m
                    [36m<div[39m
                      [33mclass[39m=[32m"MuiInputBase-root MuiOutlinedInput-root MuiInputBase-colorPrimary MuiInputBase-fullWidth MuiInputBase-formControl css-1blp12k-MuiInputBase-root-MuiOutlinedInput-root"[39m
                    [36m>[39m
                     ...

Ignored nodes: comments, script, style
[36m<html>[39m
  [36m<head>[39m
    [36m<meta[39m
      [33mcontent[39m=[32m""[39m
      [33mname[39m=[32m"emotion-insertion-point"[39m
    [36m/>[39m
  [36m</head>[39m
  [36m<body>[39m
    [36m<div>[39m
      [36m<div[39m
        [33mclass[39m=[32m"MuiBox-root css-95pn59"[39m
      [36m>[39m
        [36m<div[39m
          [33mclass[39m=[32m"MuiBox-root css-kpkptg"[39m
        [36m>[39m
          [36m<div[39m
            [33mclass[39m=[32m"MuiContainer-root MuiContainer-maxWidthLg css-5c1adp-MuiContainer-root"[39m
          [36m>[39m
            [36m<div[39m
              [33mclass[39m=[32m"MuiBox-root css-69i1ev"[39m
            [36m>[39m
              [36m<div[39m
                [33mclass[39m=[32m"MuiBox-root css-18mzyok"[39m
              [36m>[39m
                [36m<button[39m
                  [33mclass[39m=[32m"MuiButtonBase-root MuiIconButton-root MuiIconButton-sizeMedium css-j7dfm5-MuiButtonBase-root-MuiIconButton-root"[39m
                  [33mtabindex[39m=[32m"0"[39m
                  [33mtype[39m=[32m"button"[39m
                [36m>[39m
                  [36m<svg[39m
                    [33maria-hidden[39m=[32m"true"[39m
                    [33mclass[39m=[32m"MuiSvgIcon-root MuiSvgIcon-fontSizeMedium css-1umw9bq-MuiSvgIcon-root"[39m
                    [33mdata-testid[39m=[32m"ArrowBackIcon"[39m
                    [33mfocusable[39m=[32m"false"[39m
                    [33mviewBox[39m=[32m"0 0 24 24"[39m
                  [36m>[39m
                    [36m<path[39m
                      [33md[39m=[32m"M20 11H7.83l5.59-5.59L12 4l-8 8 8 8 1.41-1.41L7.83 13H20z"[39m
                    [36m/>[39m
                  [36m</svg>[39m
                [36m</button>[39m
                [36m<svg[39m
                  [33maria-hidden[39m=[32m"true"[39m
                  [33mclass[39m=[32m"MuiSvgIcon-root MuiSvgIcon-fontSizeMedium css-19qoenp-MuiSvgIcon-root"[39m
                  [33mdata-testid[39m=[32m"BusinessIcon"[39m
                  [33mfocusable[39m=[32m"false"[39m
                  [33mviewBox[39m=[32m"0 0 24 24"[39m
                [36m>[39m
                  [36m<path[39m
                    [33md[39m=[32m"M12 7V3H2v18h20V7zM6 19H4v-2h2zm0-4H4v-2h2zm0-4H4V9h2zm0-4H4V5h2zm4 12H8v-2h2zm0-4H8v-2h2zm0-4H8V9h2zm0-4H8V5h2zm10 12h-8v-2h2v-2h-2v-2h2v-2h-2V9h8zm-2-8h-2v2h2zm0 4h-2v2h2z"[39m
                  [36m/>[39m
                [36m</svg>[39m
                [36m<div[39m
                  [33mclass[39m=[32m"MuiBox-root css-0"[39m
                [36m>[39m
                  [36m<h4[39m
                    [33mclass[39m=[32m"MuiTypography-root MuiTypography-h4 css-g2oqeu-MuiTypography-root"[39m
                  [36m>[39m
                    [0mCreate Booth[0m
                  [36m</h4>[39m
                  [36m<p[39m
                    [33mclass[39m=[32m"MuiTypography-root MuiTypography-body2 css-ho2qrh-MuiTypography-root"[39m
                  [36m>[39m
                    [0mSet up your company presence at the virtual career fair[0m
                  [36m</p>[39m
                [36m</div>[39m
              [36m</div>[39m
              [36m<div[39m
                [33mclass[39m=[32m"MuiBox-root css-j0ozid"[39m
              [36m>[39m
                [36m<div[39m
                  [33mdata-testid[39m=[32m"profile-menu"[39m
                [36m>[39m
                  [0mProfile Menu[0m
                [36m</div>[39m
              [36m</div>[39m
            [36m</div>[39m
          [36m</div>[39m
        [36m</div>[39m
        [36m<div[39m
          [33mclass[39m=[32m"MuiContainer-root MuiContainer-maxWidthMd css-ds0qfq-MuiContainer-root"[39m
        [36m>[39m
          [36m<div[39m
            [33mclass[39m=[32m"MuiPaper-root MuiPaper-elevation MuiPaper-rounded MuiPaper-elevation1 MuiCard-root css-1o5c2aq-MuiPaper-root-MuiCard-root"[39m
            [33mstyle[39m=[32m"--Paper-shadow: 0px 2px 1px -1px rgba(0,0,0,0.2),0px 1px 1px 0px rgba(0,0,0,0.14),0px 1px 3px 0px rgba(0,0,0,0.12);"[39m
          [36m>[39m
            [36m<form>[39m
              [36m<div[39m
                [33mclass[39m=[32m"MuiBox-root css-1yjvs5a"[39m
              [36m>[39m
                [36m<h6[39m
                  [33mclass[39m=[32m"MuiTypography-root MuiTypography-h6 css-1azse-MuiTypography-root"[39m
                [36m>[39m
                  [36m<svg[39m
                    [33maria-hidden[39m=[32m"true"[39m
                    [33mclass[39m=[32m"MuiSvgIcon-root MuiSvgIcon-fontSizeMedium css-zbvgrk-MuiSvgIcon-root"[39m
                    [33mdata-testid[39m=[32m"BusinessIcon"[39m
                    [33mfocusable[39m=[32m"false"[39m
                    [33mviewBox[39m=[32m"0 0 24 24"[39m
                  [36m>[39m
                    [36m<path[39m
                      [33md[39m=[32m"M12 7V3H2v18h20V7zM6 19H4v-2h2zm0-4H4v-2h2zm0-4H4V9h2zm0-4H4V5h2zm4 12H8v-2h2zm0-4H8v-2h2zm0-4H8V9h2zm0-4H8V5h2zm10 12h-8v-2h2v-2h-2v-2h2v-2h-2V9h8zm-2-8h-2v2h2zm0 4h-2v2h2z"[39m
                    [36m/>[39m
                  [36m</svg>[39m
                  [0mCompany Information[0m
                [36m</h6>[39m
                [36m<div[39m
                  [33mclass[39m=[32m"MuiGrid-root MuiGrid-container MuiGrid-direction-xs-row MuiGrid-spacing-xs-3 css-1u8xl8z-MuiGrid-root"[39m
                [36m>[39m
                  [36m<div[39m
                    [33mclass[39m=[32m"MuiGrid-root MuiGrid-direction-xs-row MuiGrid-grid-xs-12 css-yqiqnf-MuiGrid-root"[39m
                  [36m>[39m
                    [36m<div[39m
                      [33mclass[39m=[32m"MuiFormControl-root MuiFormControl-fullWidth MuiTextField-root css-cmpglg-MuiFormControl-root-MuiTextField-root"[39m
                    [36m>[39m
                      [36m<label[39m
                        [33mclass[39m=[32m"MuiFormLabel-root MuiInputLabel-root MuiInputLabel-formControl MuiInputLabel-animated MuiInputLabel-shrink MuiInputLabel-outlined MuiFormLabel-colorPrimary MuiFormLabel-filled Mui-required MuiInputLabel-root MuiInputLabel-formControl MuiInputLabel-animated MuiInputLabel-shrink MuiInputLabel-outlined css-113d811-MuiFormLabel-root-MuiInputLabel-root"[39m
                        [33mdata-shrink[39m=[32m"true"[39m
                        [33mfor[39m=[32m"«r42»"[39m
                        [33mid[39m=[32m"«r42»-label"[39m
                      [36m>[39m
                        [0mCompany Name[0m
                        [36m<span[39m
                          [33maria-hidden[39m=[32m"true"[39m
                          [33mclass[39m=[32m"MuiFormLabel-asterisk MuiInputLabel-asterisk css-1ljffdk-MuiFormLabel-asterisk"[39m
                        [36m>[39m
                          ...
[90m [2m❯[22m Proxy.waitFor node_modules/@testing-library/dom/dist/wait-for.js:[2m163:27[22m[39m
[36m [2m❯[22m src/pages/__tests__/BoothEditor.test.tsx:[2m300:13[22m[39m
    [90m298| [39m      [34mrenderBoothEditor[39m()[33m;[39m
    [90m299| [39m
    [90m300| [39m      [35mawait[39m [34mwaitFor[39m(() [33m=>[39m {
    [90m   | [39m            [31m^[39m
    [90m301| [39m        expect(screen.getByRole("combobox", { name: /industry/i })).to…
    [90m302| [39m      })[33m;[39m

[31m[2m⎯⎯⎯⎯⎯⎯⎯⎯⎯⎯⎯⎯⎯⎯⎯⎯⎯⎯⎯⎯⎯⎯[11/33]⎯[22m[39m

[41m[1m FAIL [22m[49m src/pages/__tests__/BoothEditor.test.tsx[2m > [22mBoothEditor[2m > [22mForm Interactions[2m > [22mallows user to select company size
[31m[1mTestingLibraryElementError[22m[39m: Unable to find role="combobox" and name `/company size/i`

Ignored nodes: comments, script, style
[36m<body>[39m
  [36m<div>[39m
    [36m<div[39m
      [33mclass[39m=[32m"MuiBox-root css-95pn59"[39m
    [36m>[39m
      [36m<div[39m
        [33mclass[39m=[32m"MuiBox-root css-kpkptg"[39m
      [36m>[39m
        [36m<div[39m
          [33mclass[39m=[32m"MuiContainer-root MuiContainer-maxWidthLg css-5c1adp-MuiContainer-root"[39m
        [36m>[39m
          [36m<div[39m
            [33mclass[39m=[32m"MuiBox-root css-69i1ev"[39m
          [36m>[39m
            [36m<div[39m
              [33mclass[39m=[32m"MuiBox-root css-18mzyok"[39m
            [36m>[39m
              [36m<button[39m
                [33mclass[39m=[32m"MuiButtonBase-root MuiIconButton-root MuiIconButton-sizeMedium css-j7dfm5-MuiButtonBase-root-MuiIconButton-root"[39m
                [33mtabindex[39m=[32m"0"[39m
                [33mtype[39m=[32m"button"[39m
              [36m>[39m
                [36m<svg[39m
                  [33maria-hidden[39m=[32m"true"[39m
                  [33mclass[39m=[32m"MuiSvgIcon-root MuiSvgIcon-fontSizeMedium css-1umw9bq-MuiSvgIcon-root"[39m
                  [33mdata-testid[39m=[32m"ArrowBackIcon"[39m
                  [33mfocusable[39m=[32m"false"[39m
                  [33mviewBox[39m=[32m"0 0 24 24"[39m
                [36m>[39m
                  [36m<path[39m
                    [33md[39m=[32m"M20 11H7.83l5.59-5.59L12 4l-8 8 8 8 1.41-1.41L7.83 13H20z"[39m
                  [36m/>[39m
                [36m</svg>[39m
              [36m</button>[39m
              [36m<svg[39m
                [33maria-hidden[39m=[32m"true"[39m
                [33mclass[39m=[32m"MuiSvgIcon-root MuiSvgIcon-fontSizeMedium css-19qoenp-MuiSvgIcon-root"[39m
                [33mdata-testid[39m=[32m"BusinessIcon"[39m
                [33mfocusable[39m=[32m"false"[39m
                [33mviewBox[39m=[32m"0 0 24 24"[39m
              [36m>[39m
                [36m<path[39m
                  [33md[39m=[32m"M12 7V3H2v18h20V7zM6 19H4v-2h2zm0-4H4v-2h2zm0-4H4V9h2zm0-4H4V5h2zm4 12H8v-2h2zm0-4H8v-2h2zm0-4H8V9h2zm0-4H8V5h2zm10 12h-8v-2h2v-2h-2v-2h2v-2h-2V9h8zm-2-8h-2v2h2zm0 4h-2v2h2z"[39m
                [36m/>[39m
              [36m</svg>[39m
              [36m<div[39m
                [33mclass[39m=[32m"MuiBox-root css-0"[39m
              [36m>[39m
                [36m<h4[39m
                  [33mclass[39m=[32m"MuiTypography-root MuiTypography-h4 css-g2oqeu-MuiTypography-root"[39m
                [36m>[39m
                  [0mCreate Booth[0m
                [36m</h4>[39m
                [36m<p[39m
                  [33mclass[39m=[32m"MuiTypography-root MuiTypography-body2 css-ho2qrh-MuiTypography-root"[39m
                [36m>[39m
                  [0mSet up your company presence at the virtual career fair[0m
                [36m</p>[39m
              [36m</div>[39m
            [36m</div>[39m
            [36m<div[39m
              [33mclass[39m=[32m"MuiBox-root css-j0ozid"[39m
            [36m>[39m
              [36m<div[39m
                [33mdata-testid[39m=[32m"profile-menu"[39m
              [36m>[39m
                [0mProfile Menu[0m
              [36m</div>[39m
            [36m</div>[39m
          [36m</div>[39m
        [36m</div>[39m
      [36m</div>[39m
      [36m<div[39m
        [33mclass[39m=[32m"MuiContainer-root MuiContainer-maxWidthMd css-ds0qfq-MuiContainer-root"[39m
      [36m>[39m
        [36m<div[39m
          [33mclass[39m=[32m"MuiPaper-root MuiPaper-elevation MuiPaper-rounded MuiPaper-elevation1 MuiCard-root css-1o5c2aq-MuiPaper-root-MuiCard-root"[39m
          [33mstyle[39m=[32m"--Paper-shadow: 0px 2px 1px -1px rgba(0,0,0,0.2),0px 1px 1px 0px rgba(0,0,0,0.14),0px 1px 3px 0px rgba(0,0,0,0.12);"[39m
        [36m>[39m
          [36m<form>[39m
            [36m<div[39m
              [33mclass[39m=[32m"MuiBox-root css-1yjvs5a"[39m
            [36m>[39m
              [36m<h6[39m
                [33mclass[39m=[32m"MuiTypography-root MuiTypography-h6 css-1azse-MuiTypography-root"[39m
              [36m>[39m
                [36m<svg[39m
                  [33maria-hidden[39m=[32m"true"[39m
                  [33mclass[39m=[32m"MuiSvgIcon-root MuiSvgIcon-fontSizeMedium css-zbvgrk-MuiSvgIcon-root"[39m
                  [33mdata-testid[39m=[32m"BusinessIcon"[39m
                  [33mfocusable[39m=[32m"false"[39m
                  [33mviewBox[39m=[32m"0 0 24 24"[39m
                [36m>[39m
                  [36m<path[39m
                    [33md[39m=[32m"M12 7V3H2v18h20V7zM6 19H4v-2h2zm0-4H4v-2h2zm0-4H4V9h2zm0-4H4V5h2zm4 12H8v-2h2zm0-4H8v-2h2zm0-4H8V9h2zm0-4H8V5h2zm10 12h-8v-2h2v-2h-2v-2h2v-2h-2V9h8zm-2-8h-2v2h2zm0 4h-2v2h2z"[39m
                  [36m/>[39m
                [36m</svg>[39m
                [0mCompany Information[0m
              [36m</h6>[39m
              [36m<div[39m
                [33mclass[39m=[32m"MuiGrid-root MuiGrid-container MuiGrid-direction-xs-row MuiGrid-spacing-xs-3 css-1u8xl8z-MuiGrid-root"[39m
              [36m>[39m
                [36m<div[39m
                  [33mclass[39m=[32m"MuiGrid-root MuiGrid-direction-xs-row MuiGrid-grid-xs-12 css-yqiqnf-MuiGrid-root"[39m
                [36m>[39m
                  [36m<div[39m
                    [33mclass[39m=[32m"MuiFormControl-root MuiFormControl-fullWidth MuiTextField-root css-cmpglg-MuiFormControl-root-MuiTextField-root"[39m
                  [36m>[39m
                    [36m<label[39m
                      [33mclass[39m=[32m"MuiFormLabel-root MuiInputLabel-root MuiInputLabel-formControl MuiInputLabel-animated MuiInputLabel-shrink MuiInputLabel-outlined MuiFormLabel-colorPrimary MuiFormLabel-filled Mui-required MuiInputLabel-root MuiInputLabel-formControl MuiInputLabel-animated MuiInputLabel-shrink MuiInputLabel-outlined css-113d811-MuiFormLabel-root-MuiInputLabel-root"[39m
                      [33mdata-shrink[39m=[32m"true"[39m
                      [33mfor[39m=[32m"«r4g»"[39m
                      [33mid[39m=[32m"«r4g»-label"[39m
                    [36m>[39m
                      [0mCompany Name[0m
                      [36m<span[39m
                        [33maria-hidden[39m=[32m"true"[39m
                        [33mclass[39m=[32m"MuiFormLabel-asterisk MuiInputLabel-asterisk css-1ljffdk-MuiFormLabel-asterisk"[39m
                      [36m>[39m
                        [0m [0m
                        [0m*[0m
                      [36m</span>[39m
                    [36m</label>[39m
                    [36m<div[39m
                      [33mclass[39m=[32m"MuiInputBase-root MuiOutlinedInput-root MuiInputBase-colorPrimary MuiInputBase-fullWidth MuiInputBase-formControl css-1blp12k-MuiInputBase-root-MuiOutlinedInput-root"[39m
                    [36m>[39m
                     ...

Ignored nodes: comments, script, style
[36m<html>[39m
  [36m<head>[39m
    [36m<meta[39m
      [33mcontent[39m=[32m""[39m
      [33mname[39m=[32m"emotion-insertion-point"[39m
    [36m/>[39m
  [36m</head>[39m
  [36m<body>[39m
    [36m<div>[39m
      [36m<div[39m
        [33mclass[39m=[32m"MuiBox-root css-95pn59"[39m
      [36m>[39m
        [36m<div[39m
          [33mclass[39m=[32m"MuiBox-root css-kpkptg"[39m
        [36m>[39m
          [36m<div[39m
            [33mclass[39m=[32m"MuiContainer-root MuiContainer-maxWidthLg css-5c1adp-MuiContainer-root"[39m
          [36m>[39m
            [36m<div[39m
              [33mclass[39m=[32m"MuiBox-root css-69i1ev"[39m
            [36m>[39m
              [36m<div[39m
                [33mclass[39m=[32m"MuiBox-root css-18mzyok"[39m
              [36m>[39m
                [36m<button[39m
                  [33mclass[39m=[32m"MuiButtonBase-root MuiIconButton-root MuiIconButton-sizeMedium css-j7dfm5-MuiButtonBase-root-MuiIconButton-root"[39m
                  [33mtabindex[39m=[32m"0"[39m
                  [33mtype[39m=[32m"button"[39m
                [36m>[39m
                  [36m<svg[39m
                    [33maria-hidden[39m=[32m"true"[39m
                    [33mclass[39m=[32m"MuiSvgIcon-root MuiSvgIcon-fontSizeMedium css-1umw9bq-MuiSvgIcon-root"[39m
                    [33mdata-testid[39m=[32m"ArrowBackIcon"[39m
                    [33mfocusable[39m=[32m"false"[39m
                    [33mviewBox[39m=[32m"0 0 24 24"[39m
                  [36m>[39m
                    [36m<path[39m
                      [33md[39m=[32m"M20 11H7.83l5.59-5.59L12 4l-8 8 8 8 1.41-1.41L7.83 13H20z"[39m
                    [36m/>[39m
                  [36m</svg>[39m
                [36m</button>[39m
                [36m<svg[39m
                  [33maria-hidden[39m=[32m"true"[39m
                  [33mclass[39m=[32m"MuiSvgIcon-root MuiSvgIcon-fontSizeMedium css-19qoenp-MuiSvgIcon-root"[39m
                  [33mdata-testid[39m=[32m"BusinessIcon"[39m
                  [33mfocusable[39m=[32m"false"[39m
                  [33mviewBox[39m=[32m"0 0 24 24"[39m
                [36m>[39m
                  [36m<path[39m
                    [33md[39m=[32m"M12 7V3H2v18h20V7zM6 19H4v-2h2zm0-4H4v-2h2zm0-4H4V9h2zm0-4H4V5h2zm4 12H8v-2h2zm0-4H8v-2h2zm0-4H8V9h2zm0-4H8V5h2zm10 12h-8v-2h2v-2h-2v-2h2v-2h-2V9h8zm-2-8h-2v2h2zm0 4h-2v2h2z"[39m
                  [36m/>[39m
                [36m</svg>[39m
                [36m<div[39m
                  [33mclass[39m=[32m"MuiBox-root css-0"[39m
                [36m>[39m
                  [36m<h4[39m
                    [33mclass[39m=[32m"MuiTypography-root MuiTypography-h4 css-g2oqeu-MuiTypography-root"[39m
                  [36m>[39m
                    [0mCreate Booth[0m
                  [36m</h4>[39m
                  [36m<p[39m
                    [33mclass[39m=[32m"MuiTypography-root MuiTypography-body2 css-ho2qrh-MuiTypography-root"[39m
                  [36m>[39m
                    [0mSet up your company presence at the virtual career fair[0m
                  [36m</p>[39m
                [36m</div>[39m
              [36m</div>[39m
              [36m<div[39m
                [33mclass[39m=[32m"MuiBox-root css-j0ozid"[39m
              [36m>[39m
                [36m<div[39m
                  [33mdata-testid[39m=[32m"profile-menu"[39m
                [36m>[39m
                  [0mProfile Menu[0m
                [36m</div>[39m
              [36m</div>[39m
            [36m</div>[39m
          [36m</div>[39m
        [36m</div>[39m
        [36m<div[39m
          [33mclass[39m=[32m"MuiContainer-root MuiContainer-maxWidthMd css-ds0qfq-MuiContainer-root"[39m
        [36m>[39m
          [36m<div[39m
            [33mclass[39m=[32m"MuiPaper-root MuiPaper-elevation MuiPaper-rounded MuiPaper-elevation1 MuiCard-root css-1o5c2aq-MuiPaper-root-MuiCard-root"[39m
            [33mstyle[39m=[32m"--Paper-shadow: 0px 2px 1px -1px rgba(0,0,0,0.2),0px 1px 1px 0px rgba(0,0,0,0.14),0px 1px 3px 0px rgba(0,0,0,0.12);"[39m
          [36m>[39m
            [36m<form>[39m
              [36m<div[39m
                [33mclass[39m=[32m"MuiBox-root css-1yjvs5a"[39m
              [36m>[39m
                [36m<h6[39m
                  [33mclass[39m=[32m"MuiTypography-root MuiTypography-h6 css-1azse-MuiTypography-root"[39m
                [36m>[39m
                  [36m<svg[39m
                    [33maria-hidden[39m=[32m"true"[39m
                    [33mclass[39m=[32m"MuiSvgIcon-root MuiSvgIcon-fontSizeMedium css-zbvgrk-MuiSvgIcon-root"[39m
                    [33mdata-testid[39m=[32m"BusinessIcon"[39m
                    [33mfocusable[39m=[32m"false"[39m
                    [33mviewBox[39m=[32m"0 0 24 24"[39m
                  [36m>[39m
                    [36m<path[39m
                      [33md[39m=[32m"M12 7V3H2v18h20V7zM6 19H4v-2h2zm0-4H4v-2h2zm0-4H4V9h2zm0-4H4V5h2zm4 12H8v-2h2zm0-4H8v-2h2zm0-4H8V9h2zm0-4H8V5h2zm10 12h-8v-2h2v-2h-2v-2h2v-2h-2V9h8zm-2-8h-2v2h2zm0 4h-2v2h2z"[39m
                    [36m/>[39m
                  [36m</svg>[39m
                  [0mCompany Information[0m
                [36m</h6>[39m
                [36m<div[39m
                  [33mclass[39m=[32m"MuiGrid-root MuiGrid-container MuiGrid-direction-xs-row MuiGrid-spacing-xs-3 css-1u8xl8z-MuiGrid-root"[39m
                [36m>[39m
                  [36m<div[39m
                    [33mclass[39m=[32m"MuiGrid-root MuiGrid-direction-xs-row MuiGrid-grid-xs-12 css-yqiqnf-MuiGrid-root"[39m
                  [36m>[39m
                    [36m<div[39m
                      [33mclass[39m=[32m"MuiFormControl-root MuiFormControl-fullWidth MuiTextField-root css-cmpglg-MuiFormControl-root-MuiTextField-root"[39m
                    [36m>[39m
                      [36m<label[39m
                        [33mclass[39m=[32m"MuiFormLabel-root MuiInputLabel-root MuiInputLabel-formControl MuiInputLabel-animated MuiInputLabel-shrink MuiInputLabel-outlined MuiFormLabel-colorPrimary MuiFormLabel-filled Mui-required MuiInputLabel-root MuiInputLabel-formControl MuiInputLabel-animated MuiInputLabel-shrink MuiInputLabel-outlined css-113d811-MuiFormLabel-root-MuiInputLabel-root"[39m
                        [33mdata-shrink[39m=[32m"true"[39m
                        [33mfor[39m=[32m"«r4g»"[39m
                        [33mid[39m=[32m"«r4g»-label"[39m
                      [36m>[39m
                        [0mCompany Name[0m
                        [36m<span[39m
                          [33maria-hidden[39m=[32m"true"[39m
                          [33mclass[39m=[32m"MuiFormLabel-asterisk MuiInputLabel-asterisk css-1ljffdk-MuiFormLabel-asterisk"[39m
                        [36m>[39m
                          ...
[90m [2m❯[22m Proxy.waitFor node_modules/@testing-library/dom/dist/wait-for.js:[2m163:27[22m[39m
[36m [2m❯[22m src/pages/__tests__/BoothEditor.test.tsx:[2m316:13[22m[39m
    [90m314| [39m      [34mrenderBoothEditor[39m()[33m;[39m
    [90m315| [39m
    [90m316| [39m      [35mawait[39m [34mwaitFor[39m(() [33m=>[39m {
    [90m   | [39m            [31m^[39m
    [90m317| [39m        expect(screen.getByRole("combobox", { name: /company size/i })…
    [90m318| [39m      })[33m;[39m

[31m[2m⎯⎯⎯⎯⎯⎯⎯⎯⎯⎯⎯⎯⎯⎯⎯⎯⎯⎯⎯⎯⎯⎯[12/33]⎯[22m[39m

[41m[1m FAIL [22m[49m src/pages/__tests__/BoothEditor.test.tsx[2m > [22mBoothEditor[2m > [22mForm Submission[2m > [22msubmits form and creates new booth successfully
[31m[1mTestingLibraryElementError[22m[39m: Unable to find an accessible element with the role "combobox" and name `/industry/i`

Here are the accessible roles:

  button:

  Name "":
  [36m<button[39m
    [33mclass[39m=[32m"MuiButtonBase-root MuiIconButton-root MuiIconButton-sizeMedium css-j7dfm5-MuiButtonBase-root-MuiIconButton-root"[39m
    [33mtabindex[39m=[32m"0"[39m
    [33mtype[39m=[32m"button"[39m
  [36m/>[39m

  Name "Upload Logo":
  [36m<span[39m
    [33mclass[39m=[32m"MuiButtonBase-root MuiButton-root MuiButton-outlined MuiButton-outlinedPrimary MuiButton-sizeMedium MuiButton-outlinedSizeMedium MuiButton-colorPrimary MuiButton-root MuiButton-outlined MuiButton-outlinedPrimary MuiButton-sizeMedium MuiButton-outlinedSizeMedium MuiButton-colorPrimary css-x02tgp-MuiButtonBase-root-MuiButton-root"[39m
    [33mrole[39m=[32m"button"[39m
    [33mtabindex[39m=[32m"0"[39m
  [36m/>[39m

  Name "Cancel":
  [36m<button[39m
    [33mclass[39m=[32m"MuiButtonBase-root MuiButton-root MuiButton-outlined MuiButton-outlinedPrimary MuiButton-sizeMedium MuiButton-outlinedSizeMedium MuiButton-colorPrimary MuiButton-root MuiButton-outlined MuiButton-outlinedPrimary MuiButton-sizeMedium MuiButton-outlinedSizeMedium MuiButton-colorPrimary css-x02tgp-MuiButtonBase-root-MuiButton-root"[39m
    [33mtabindex[39m=[32m"0"[39m
    [33mtype[39m=[32m"button"[39m
  [36m/>[39m

  Name "Create Booth":
  [36m<button[39m
    [33mclass[39m=[32m"MuiButtonBase-root MuiButton-root MuiButton-contained MuiButton-containedPrimary MuiButton-sizeMedium MuiButton-containedSizeMedium MuiButton-colorPrimary MuiButton-root MuiButton-contained MuiButton-containedPrimary MuiButton-sizeMedium MuiButton-containedSizeMedium MuiButton-colorPrimary css-1ue27tm-MuiButtonBase-root-MuiButton-root"[39m
    [33mtabindex[39m=[32m"0"[39m
    [33mtype[39m=[32m"submit"[39m
  [36m/>[39m

  --------------------------------------------------
  heading:

  Name "Create Booth":
  [36m<h4[39m
    [33mclass[39m=[32m"MuiTypography-root MuiTypography-h4 css-g2oqeu-MuiTypography-root"[39m
  [36m/>[39m

  Name "Company Information":
  [36m<h6[39m
    [33mclass[39m=[32m"MuiTypography-root MuiTypography-h6 css-1azse-MuiTypography-root"[39m
  [36m/>[39m

  Name "Recruitment Information":
  [36m<h6[39m
    [33mclass[39m=[32m"MuiTypography-root MuiTypography-h6 css-1cwqm9s-MuiTypography-root"[39m
  [36m/>[39m

  Name "Contact Information":
  [36m<h6[39m
    [33mclass[39m=[32m"MuiTypography-root MuiTypography-h6 css-1cwqm9s-MuiTypography-root"[39m
  [36m/>[39m

  --------------------------------------------------
  paragraph:

  Name "":
  [36m<p[39m
    [33mclass[39m=[32m"MuiTypography-root MuiTypography-body2 css-ho2qrh-MuiTypography-root"[39m
  [36m/>[39m

  Name "":
  [36m<p[39m
    [33mclass[39m=[32m"MuiTypography-root MuiTypography-body2 css-1wle3ir-MuiTypography-root"[39m
  [36m/>[39m

  Name "":
  [36m<p[39m
    [33mclass[39m=[32m"MuiTypography-root MuiTypography-body2 css-1wle3ir-MuiTypography-root"[39m
  [36m/>[39m

  --------------------------------------------------
  textbox:

  Name "Company Name":
  [36m<input[39m
    [33maria-invalid[39m=[32m"false"[39m
    [33mclass[39m=[32m"MuiInputBase-input MuiOutlinedInput-input css-16wblaj-MuiInputBase-input-MuiOutlinedInput-input"[39m
    [33mid[39m=[32m"«r74»"[39m
    [33mrequired[39m=[32m""[39m
    [33mtype[39m=[32m"text"[39m
    [33mvalue[39m=[32m"Tech Company"[39m
  [36m/>[39m

  Name "Location":
  [36m<input[39m
    [33maria-invalid[39m=[32m"false"[39m
    [33mclass[39m=[32m"MuiInputBase-input MuiOutlinedInput-input css-16wblaj-MuiInputBase-input-MuiOutlinedInput-input"[39m
    [33mid[39m=[32m"«r77»"[39m
    [33mplaceholder[39m=[32m"City, State/Country"[39m
    [33mrequired[39m=[32m""[39m
    [33mtype[39m=[32m"text"[39m
    [33mvalue[39m=[32m""[39m
  [36m/>[39m

  Name "Company Description":
  [36m<textarea[39m
    [33maria-invalid[39m=[32m"false"[39m
    [33mclass[39m=[32m"MuiInputBase-input MuiOutlinedInput-input MuiInputBase-inputMultiline css-w4nesw-MuiInputBase-input-MuiOutlinedInput-input"[39m
    [33mid[39m=[32m"«r78»"[39m
    [33mplaceholder[39m=[32m"Tell us about your company, mission, and culture..."[39m
    [33mrequired[39m=[32m""[39m
    [33mrows[39m=[32m"4"[39m
    [33mstyle[39m=[32m"height: 0px; overflow: hidden;"[39m
  [36m/>[39m

  Name "Company Website":
  [36m<input[39m
    [33maria-invalid[39m=[32m"false"[39m
    [33mclass[39m=[32m"MuiInputBase-input MuiOutlinedInput-input css-16wblaj-MuiInputBase-input-MuiOutlinedInput-input"[39m
    [33mid[39m=[32m"«r7a»"[39m
    [33mplaceholder[39m=[32m"https://www.example.com"[39m
    [33mtype[39m=[32m"url"[39m
    [33mvalue[39m=[32m""[39m
  [36m/>[39m

  Name "Careers Page URL":
  [36m<input[39m
    [33maria-invalid[39m=[32m"false"[39m
    [33mclass[39m=[32m"MuiInputBase-input MuiOutlinedInput-input css-16wblaj-MuiInputBase-input-MuiOutlinedInput-input"[39m
    [33mid[39m=[32m"«r7b»"[39m
    [33mplaceholder[39m=[32m"https://www.example.com/careers"[39m
    [33mtype[39m=[32m"url"[39m
    [33mvalue[39m=[32m""[39m
  [36m/>[39m

  Name "Contact Person Name":
  [36m<input[39m
    [33maria-invalid[39m=[32m"false"[39m
    [33mclass[39m=[32m"MuiInputBase-input MuiOutlinedInput-input css-16wblaj-MuiInputBase-input-MuiOutlinedInput-input"[39m
    [33mid[39m=[32m"«r7c»"[39m
    [33mplaceholder[39m=[32m"Full name"[39m
    [33mrequired[39m=[32m""[39m
    [33mtype[39m=[32m"text"[39m
    [33mvalue[39m=[32m""[39m
  [36m/>[39m

  Name "Contact Email":
  [36m<input[39m
    [33maria-invalid[39m=[32m"false"[39m
    [33mclass[39m=[32m"MuiInputBase-input MuiOutlinedInput-input css-16wblaj-MuiInputBase-input-MuiOutlinedInput-input"[39m
    [33mid[39m=[32m"«r7d»"[39m
    [33mplaceholder[39m=[32m"contact@example.com"[39m
    [33mrequired[39m=[32m""[39m
    [33mtype[39m=[32m"email"[39m
    [33mvalue[39m=[32m""[39m
  [36m/>[39m

  Name "Contact Phone (Optional)":
  [36m<input[39m
    [33maria-invalid[39m=[32m"false"[39m
    [33mclass[39m=[32m"MuiInputBase-input MuiOutlinedInput-input css-16wblaj-MuiInputBase-input-MuiOutlinedInput-input"[39m
    [33mid[39m=[32m"«r7e»"[39m
    [33mplaceholder[39m=[32m"+1 (555) 000-0000"[39m
    [33mtype[39m=[32m"tel"[39m
    [33mvalue[39m=[32m""[39m
  [36m/>[39m

  --------------------------------------------------
  combobox:

  Name "":
  [36m<div[39m
    [33maria-expanded[39m=[32m"false"[39m
    [33maria-haspopup[39m=[32m"listbox"[39m
    [33maria-required[39m=[32m"true"[39m
    [33mclass[39m=[32m"MuiSelect-select MuiSelect-outlined MuiInputBase-input MuiOutlinedInput-input css-18jp67o-MuiNativeSelect-root-MuiSelect-select-MuiInputBase-input-MuiOutlinedInput-input"[39m
    [33mrole[39m=[32m"combobox"[39m
    [33mtabindex[39m=[32m"0"[39m
  [36m/>[39m

  Name "":
  [36m<div[39m
    [33maria-expanded[39m=[32m"false"[39m
    [33maria-haspopup[39m=[32m"listbox"[39m
    [33maria-required[39m=[32m"true"[39m
    [33mclass[39m=[32m"MuiSelect-select MuiSelect-outlined MuiInputBase-input MuiOutlinedInput-input css-18jp67o-MuiNativeSelect-root-MuiSelect-select-MuiInputBase-input-MuiOutlinedInput-input"[39m
    [33mrole[39m=[32m"combobox"[39m
    [33mtabindex[39m=[32m"0"[39m
  [36m/>[39m

  --------------------------------------------------
  separator:

  Name "":
  [36m<hr[39m
    [33mclass[39m=[32m"MuiDivider-root MuiDivider-fullWidth css-ivpth7-MuiDivider-root"[39m
  [36m/>[39m

  Name "":
  [36m<hr[39m
    [33mclass[39m=[32m"MuiDivider-root MuiDivider-fullWidth css-ivpth7-MuiDivider-root"[39m
  [36m/>[39m

  --------------------------------------------------
  link:

  Name "support@careerfair.com":
  [36m<a[39m
    [33mclass[39m=[32m"MuiTypography-root MuiTypography-body1 css-11xk5su-MuiTypography-root"[39m
    [33mhref[39m=[32m"mailto:support@careerfair.com"[39m
  [36m/>[39m

  --------------------------------------------------

Ignored nodes: comments, script, style
[36m<body>[39m
  [36m<div>[39m
    [36m<div[39m
      [33mclass[39m=[32m"MuiBox-root css-95pn59"[39m
    [36m>[39m
      [36m<div[39m
        [33mclass[39m=[32m"MuiBox-root css-kpkptg"[39m
      [36m>[39m
        [36m<div[39m
          [33mclass[39m=[32m"MuiContainer-root MuiContainer-maxWidthLg css-5c1adp-MuiContainer-root"[39m
        [36m>[39m
          [36m<div[39m
            [33mclass[39m=[32m"MuiBox-root css-69i1ev"[39m
          [36m>[39m
            [36m<div[39m
              [33mclass[39m=[32m"MuiBox-root css-18mzyok"[39m
            [36m>[39m
              [36m<button[39m
                [33mclass[39m=[32m"MuiButtonBase-root MuiIconButton-root MuiIconButton-sizeMedium css-j7dfm5-MuiButtonBase-root-MuiIconButton-root"[39m
                [33mtabindex[39m=[32m"0"[39m
                [33mtype[39m=[32m"button"[39m
              [36m>[39m
                [36m<svg[39m
                  [33maria-hidden[39m=[32m"true"[39m
                  [33mclass[39m=[32m"MuiSvgIcon-root MuiSvgIcon-fontSizeMedium css-1umw9bq-MuiSvgIcon-root"[39m
                  [33mdata-testid[39m=[32m"ArrowBackIcon"[39m
                  [33mfocusable[39m=[32m"false"[39m
                  [33mviewBox[39m=[32m"0 0 24 24"[39m
                [36m>[39m
                  [36m<path[39m
                    [33md[39m=[32m"M20 11H7.83l5.59-5.59L12 4l-8 8 8 8 1.41-1.41L7.83 13H20z"[39m
                  [36m/>[39m
                [36m</svg>[39m
              [36m</button>[39m
              [36m<svg[39m
                [33maria-hidden[39m=[32m"true"[39m
                [33mclass[39m=[32m"MuiSvgIcon-root MuiSvgIcon-fontSizeMedium css-19qoenp-MuiSvgIcon-root"[39m
                [33mdata-testid[39m=[32m"BusinessIcon"[39m
                [33mfocusable[39m=[32m"false"[39m
                [33mviewBox[39m=[32m"0 0 24 24"[39m
              [36m>[39m
                [36m<path[39m
                  [33md[39m=[32m"M12 7V3H2v18h20V7zM6 19H4v-2h2zm0-4H4v-2h2zm0-4H4V9h2zm0-4H4V5h2zm4 12H8v-2h2zm0-4H8v-2h2zm0-4H8V9h2zm0-4H8V5h2zm10 12h-8v-2h2v-2h-2v-2h2v-2h-2V9h8zm-2-8h-2v2h2zm0 4h-2v2h2z"[39m
                [36m/>[39m
              [36m</svg>[39m
              [36m<div[39m
                [33mclass[39m=[32m"MuiBox-root css-0"[39m
              [36m>[39m
                [36m<h4[39m
                  [33mclass[39m=[32m"MuiTypography-root MuiTypography-h4 css-g2oqeu-MuiTypography-root"[39m
                [36m>[39m
                  [0mCreate Booth[0m
                [36m</h4>[39m
                [36m<p[39m
                  [33mclass[39m=[32m"MuiTypography-root MuiTypography-body2 css-ho2qrh-MuiTypography-root"[39m
                [36m>[39m
                  [0mSet up your company presence at the virtual career fair[0m
                [36m</p>[39m
              [36m</div>[39m
            [36m</div>[39m
            [36m<div[39m
              [33mclass[39m=[32m"MuiBox-root css-j0ozid"[39m
            [36m>[39m
              [36m<div[39m
                [33mdata-testid[39m=[32m"profile-menu"[39m
              [36m>[39m
                [0mProfile Menu[0m
              [36m</div>[39m
            [36m</div>[39m
          [36m</div>[39m
        [36m</div>[39m
      [36m</div>[39m
      [36m<div[39m
        [33mclass[39m=[32m"MuiContainer-root MuiContainer-maxWidthMd css-ds0qfq-MuiContainer-root"[39m
      [36m>[39m
        [36m<div[39m
          [33mclass[39m=[32m"MuiPaper-root MuiPaper-elevation MuiPaper-rounded MuiPaper-elevation1 MuiCard-root css-1o5c2aq-MuiPaper-root-MuiCard-root"[39m
          [33mstyle[39m=[32m"--Paper-shadow: 0px 2px 1px -1px rgba(0,0,0,0.2),0px 1px 1px 0px rgba(0,0,0,0.14),0px 1px 3px 0px rgba(0,0,0,0.12);"[39m
        [36m>[39m
          [36m<form>[39m
            [36m<div[39m
              [33mclass[39m=[32m"MuiBox-root css-1yjvs5a"[39m
            [36m>[39m
              [36m<h6[39m
                [33mclass[39m=[32m"MuiTypography-root MuiTypography-h6 css-1azse-MuiTypography-root"[39m
              [36m>[39m
                [36m<svg[39m
                  [33maria-hidden[39m=[32m"true"[39m
                  [33mclass[39m=[32m"MuiSvgIcon-root MuiSvgIcon-fontSizeMedium css-zbvgrk-MuiSvgIcon-root"[39m
                  [33mdata-testid[39m=[32m"BusinessIcon"[39m
                  [33mfocusable[39m=[32m"false"[39m
                  [33mviewBox[39m=[32m"0 0 24 24"[39m
                [36m>[39m
                  [36m<path[39m
                    [33md[39m=[32m"M12 7V3H2v18h20V7zM6 19H4v-2h2zm0-4H4v-2h2zm0-4H4V9h2zm0-4H4V5h2zm4 12H8v-2h2zm0-4H8v-2h2zm0-4H8V9h2zm0-4H8V5h2zm10 12h-8v-2h2v-2h-2v-2h2v-2h-2V9h8zm-2-8h-2v2h2zm0 4h-2v2h2z"[39m
                  [36m/>[39m
                [36m</svg>[39m
                [0mCompany Information[0m
              [36m</h6>[39m
              [36m<div[39m
                [33mclass[39m=[32m"MuiGrid-root MuiGrid-container MuiGrid-direction-xs-row MuiGrid-spacing-xs-3 css-1u8xl8z-MuiGrid-root"[39m
              [36m>[39m
                [36m<div[39m
                  [33mclass[39m=[32m"MuiGrid-root MuiGrid-direction-xs-row MuiGrid-grid-xs-12 css-yqiqnf-MuiGrid-root"[39m
                [36m>[39m
                  [36m<div[39m
                    [33mclass[39m=[32m"MuiFormControl-root MuiFormControl-fullWidth MuiTextField-root css-cmpglg-MuiFormControl-root-MuiTextField-root"[39m
                  [36m>[39m
                    [36m<label[39m
                      [33mclass[39m=[32m"MuiFormLabel-root MuiInputLabel-root MuiInputLabel-formControl MuiInputLabel-animated MuiInputLabel-shrink MuiInputLabel-outlined MuiFormLabel-colorPrimary MuiFormLabel-filled Mui-required MuiInputLabel-root MuiInputLabel-formControl MuiInputLabel-animated MuiInputLabel-shrink MuiInputLabel-outlined css-113d811-MuiFormLabel-root-MuiInputLabel-root"[39m
                      [33mdata-shrink[39m=[32m"true"[39m
                      [33mfor[39m=[32m"«r74»"[39m
                      [33mid[39m=[32m"«r74»-label"[39m
                    [36m>[39m
                      [0mCompany Name[0m
                      [36m<span[39m
                        [33maria-hidden[39m=[32m"true"[39m
                        [33mclass[39m=[32m"MuiFormLabel-asterisk MuiInputLabel-asterisk css-1ljffdk-MuiFormLabel-asterisk"[39m
                      [36m>[39m
                        [0m [0m
                        [0m*[0m
                      [36m</span>[39m
                    [36m</label>[39m
                    [36m<div[39m
                      [33mclass[39m=[32m"MuiInputBase-root MuiOutlinedInput-root MuiInputBase-colorPrimary MuiInputBase-fullWidth MuiInputBase-formControl css-1blp12k-MuiInputBase-root-MuiOutlinedInput-root"[39m
                    [36m>[39m
                     ...
[90m [2m❯[22m Object.getElementError node_modules/@testing-library/dom/dist/config.js:[2m37:19[22m[39m
[90m [2m❯[22m node_modules/@testing-library/dom/dist/query-helpers.js:[2m76:38[22m[39m
[90m [2m❯[22m node_modules/@testing-library/dom/dist/query-helpers.js:[2m52:17[22m[39m
[90m [2m❯[22m getByRole node_modules/@testing-library/dom/dist/query-helpers.js:[2m95:19[22m[39m
[36m [2m❯[22m src/pages/__tests__/BoothEditor.test.tsx:[2m414:37[22m[39m
    [90m412| [39m
    [90m413| [39m      [90m// Fill in required fields[39m
    [90m414| [39m      const industrySelect = screen.getByRole("combobox", { name: /ind…
    [90m   | [39m                                    [31m^[39m
    [90m415| [39m      [35mawait[39m user[33m.[39m[34mclick[39m(industrySelect)[33m;[39m
    [90m416| [39m      [35mawait[39m [34mwaitFor[39m(() [33m=>[39m {

[31m[2m⎯⎯⎯⎯⎯⎯⎯⎯⎯⎯⎯⎯⎯⎯⎯⎯⎯⎯⎯⎯⎯⎯[13/33]⎯[22m[39m

[41m[1m FAIL [22m[49m src/pages/__tests__/BoothEditor.test.tsx[2m > [22mBoothEditor[2m > [22mForm Submission[2m > [22mshows error when contact email is not registered
[31m[1mTestingLibraryElementError[22m[39m: Unable to find an accessible element with the role "combobox" and name `/industry/i`

Here are the accessible roles:

  button:

  Name "":
  [36m<button[39m
    [33mclass[39m=[32m"MuiButtonBase-root MuiIconButton-root MuiIconButton-sizeMedium css-j7dfm5-MuiButtonBase-root-MuiIconButton-root"[39m
    [33mtabindex[39m=[32m"0"[39m
    [33mtype[39m=[32m"button"[39m
  [36m/>[39m

  Name "Upload Logo":
  [36m<span[39m
    [33mclass[39m=[32m"MuiButtonBase-root MuiButton-root MuiButton-outlined MuiButton-outlinedPrimary MuiButton-sizeMedium MuiButton-outlinedSizeMedium MuiButton-colorPrimary MuiButton-root MuiButton-outlined MuiButton-outlinedPrimary MuiButton-sizeMedium MuiButton-outlinedSizeMedium MuiButton-colorPrimary css-x02tgp-MuiButtonBase-root-MuiButton-root"[39m
    [33mrole[39m=[32m"button"[39m
    [33mtabindex[39m=[32m"0"[39m
  [36m/>[39m

  Name "Cancel":
  [36m<button[39m
    [33mclass[39m=[32m"MuiButtonBase-root MuiButton-root MuiButton-outlined MuiButton-outlinedPrimary MuiButton-sizeMedium MuiButton-outlinedSizeMedium MuiButton-colorPrimary MuiButton-root MuiButton-outlined MuiButton-outlinedPrimary MuiButton-sizeMedium MuiButton-outlinedSizeMedium MuiButton-colorPrimary css-x02tgp-MuiButtonBase-root-MuiButton-root"[39m
    [33mtabindex[39m=[32m"0"[39m
    [33mtype[39m=[32m"button"[39m
  [36m/>[39m

  Name "Create Booth":
  [36m<button[39m
    [33mclass[39m=[32m"MuiButtonBase-root MuiButton-root MuiButton-contained MuiButton-containedPrimary MuiButton-sizeMedium MuiButton-containedSizeMedium MuiButton-colorPrimary MuiButton-root MuiButton-contained MuiButton-containedPrimary MuiButton-sizeMedium MuiButton-containedSizeMedium MuiButton-colorPrimary css-1ue27tm-MuiButtonBase-root-MuiButton-root"[39m
    [33mtabindex[39m=[32m"0"[39m
    [33mtype[39m=[32m"submit"[39m
  [36m/>[39m

  --------------------------------------------------
  heading:

  Name "Create Booth":
  [36m<h4[39m
    [33mclass[39m=[32m"MuiTypography-root MuiTypography-h4 css-g2oqeu-MuiTypography-root"[39m
  [36m/>[39m

  Name "Company Information":
  [36m<h6[39m
    [33mclass[39m=[32m"MuiTypography-root MuiTypography-h6 css-1azse-MuiTypography-root"[39m
  [36m/>[39m

  Name "Recruitment Information":
  [36m<h6[39m
    [33mclass[39m=[32m"MuiTypography-root MuiTypography-h6 css-1cwqm9s-MuiTypography-root"[39m
  [36m/>[39m

  Name "Contact Information":
  [36m<h6[39m
    [33mclass[39m=[32m"MuiTypography-root MuiTypography-h6 css-1cwqm9s-MuiTypography-root"[39m
  [36m/>[39m

  --------------------------------------------------
  paragraph:

  Name "":
  [36m<p[39m
    [33mclass[39m=[32m"MuiTypography-root MuiTypography-body2 css-ho2qrh-MuiTypography-root"[39m
  [36m/>[39m

  Name "":
  [36m<p[39m
    [33mclass[39m=[32m"MuiTypography-root MuiTypography-body2 css-1wle3ir-MuiTypography-root"[39m
  [36m/>[39m

  Name "":
  [36m<p[39m
    [33mclass[39m=[32m"MuiTypography-root MuiTypography-body2 css-1wle3ir-MuiTypography-root"[39m
  [36m/>[39m

  --------------------------------------------------
  textbox:

  Name "Company Name":
  [36m<input[39m
    [33maria-invalid[39m=[32m"false"[39m
    [33mclass[39m=[32m"MuiInputBase-input MuiOutlinedInput-input css-16wblaj-MuiInputBase-input-MuiOutlinedInput-input"[39m
    [33mid[39m=[32m"«r81»"[39m
    [33mrequired[39m=[32m""[39m
    [33mtype[39m=[32m"text"[39m
    [33mvalue[39m=[32m"Tech Company"[39m
  [36m/>[39m

  Name "Location":
  [36m<input[39m
    [33maria-invalid[39m=[32m"false"[39m
    [33mclass[39m=[32m"MuiInputBase-input MuiOutlinedInput-input css-16wblaj-MuiInputBase-input-MuiOutlinedInput-input"[39m
    [33mid[39m=[32m"«r84»"[39m
    [33mplaceholder[39m=[32m"City, State/Country"[39m
    [33mrequired[39m=[32m""[39m
    [33mtype[39m=[32m"text"[39m
    [33mvalue[39m=[32m""[39m
  [36m/>[39m

  Name "Company Description":
  [36m<textarea[39m
    [33maria-invalid[39m=[32m"false"[39m
    [33mclass[39m=[32m"MuiInputBase-input MuiOutlinedInput-input MuiInputBase-inputMultiline css-w4nesw-MuiInputBase-input-MuiOutlinedInput-input"[39m
    [33mid[39m=[32m"«r85»"[39m
    [33mplaceholder[39m=[32m"Tell us about your company, mission, and culture..."[39m
    [33mrequired[39m=[32m""[39m
    [33mrows[39m=[32m"4"[39m
    [33mstyle[39m=[32m"height: 0px; overflow: hidden;"[39m
  [36m/>[39m

  Name "Company Website":
  [36m<input[39m
    [33maria-invalid[39m=[32m"false"[39m
    [33mclass[39m=[32m"MuiInputBase-input MuiOutlinedInput-input css-16wblaj-MuiInputBase-input-MuiOutlinedInput-input"[39m
    [33mid[39m=[32m"«r87»"[39m
    [33mplaceholder[39m=[32m"https://www.example.com"[39m
    [33mtype[39m=[32m"url"[39m
    [33mvalue[39m=[32m""[39m
  [36m/>[39m

  Name "Careers Page URL":
  [36m<input[39m
    [33maria-invalid[39m=[32m"false"[39m
    [33mclass[39m=[32m"MuiInputBase-input MuiOutlinedInput-input css-16wblaj-MuiInputBase-input-MuiOutlinedInput-input"[39m
    [33mid[39m=[32m"«r88»"[39m
    [33mplaceholder[39m=[32m"https://www.example.com/careers"[39m
    [33mtype[39m=[32m"url"[39m
    [33mvalue[39m=[32m""[39m
  [36m/>[39m

  Name "Contact Person Name":
  [36m<input[39m
    [33maria-invalid[39m=[32m"false"[39m
    [33mclass[39m=[32m"MuiInputBase-input MuiOutlinedInput-input css-16wblaj-MuiInputBase-input-MuiOutlinedInput-input"[39m
    [33mid[39m=[32m"«r89»"[39m
    [33mplaceholder[39m=[32m"Full name"[39m
    [33mrequired[39m=[32m""[39m
    [33mtype[39m=[32m"text"[39m
    [33mvalue[39m=[32m""[39m
  [36m/>[39m

  Name "Contact Email":
  [36m<input[39m
    [33maria-invalid[39m=[32m"false"[39m
    [33mclass[39m=[32m"MuiInputBase-input MuiOutlinedInput-input css-16wblaj-MuiInputBase-input-MuiOutlinedInput-input"[39m
    [33mid[39m=[32m"«r8a»"[39m
    [33mplaceholder[39m=[32m"contact@example.com"[39m
    [33mrequired[39m=[32m""[39m
    [33mtype[39m=[32m"email"[39m
    [33mvalue[39m=[32m""[39m
  [36m/>[39m

  Name "Contact Phone (Optional)":
  [36m<input[39m
    [33maria-invalid[39m=[32m"false"[39m
    [33mclass[39m=[32m"MuiInputBase-input MuiOutlinedInput-input css-16wblaj-MuiInputBase-input-MuiOutlinedInput-input"[39m
    [33mid[39m=[32m"«r8b»"[39m
    [33mplaceholder[39m=[32m"+1 (555) 000-0000"[39m
    [33mtype[39m=[32m"tel"[39m
    [33mvalue[39m=[32m""[39m
  [36m/>[39m

  --------------------------------------------------
  combobox:

  Name "":
  [36m<div[39m
    [33maria-expanded[39m=[32m"false"[39m
    [33maria-haspopup[39m=[32m"listbox"[39m
    [33maria-required[39m=[32m"true"[39m
    [33mclass[39m=[32m"MuiSelect-select MuiSelect-outlined MuiInputBase-input MuiOutlinedInput-input css-18jp67o-MuiNativeSelect-root-MuiSelect-select-MuiInputBase-input-MuiOutlinedInput-input"[39m
    [33mrole[39m=[32m"combobox"[39m
    [33mtabindex[39m=[32m"0"[39m
  [36m/>[39m

  Name "":
  [36m<div[39m
    [33maria-expanded[39m=[32m"false"[39m
    [33maria-haspopup[39m=[32m"listbox"[39m
    [33maria-required[39m=[32m"true"[39m
    [33mclass[39m=[32m"MuiSelect-select MuiSelect-outlined MuiInputBase-input MuiOutlinedInput-input css-18jp67o-MuiNativeSelect-root-MuiSelect-select-MuiInputBase-input-MuiOutlinedInput-input"[39m
    [33mrole[39m=[32m"combobox"[39m
    [33mtabindex[39m=[32m"0"[39m
  [36m/>[39m

  --------------------------------------------------
  separator:

  Name "":
  [36m<hr[39m
    [33mclass[39m=[32m"MuiDivider-root MuiDivider-fullWidth css-ivpth7-MuiDivider-root"[39m
  [36m/>[39m

  Name "":
  [36m<hr[39m
    [33mclass[39m=[32m"MuiDivider-root MuiDivider-fullWidth css-ivpth7-MuiDivider-root"[39m
  [36m/>[39m

  --------------------------------------------------
  link:

  Name "support@careerfair.com":
  [36m<a[39m
    [33mclass[39m=[32m"MuiTypography-root MuiTypography-body1 css-11xk5su-MuiTypography-root"[39m
    [33mhref[39m=[32m"mailto:support@careerfair.com"[39m
  [36m/>[39m

  --------------------------------------------------

Ignored nodes: comments, script, style
[36m<body>[39m
  [36m<div>[39m
    [36m<div[39m
      [33mclass[39m=[32m"MuiBox-root css-95pn59"[39m
    [36m>[39m
      [36m<div[39m
        [33mclass[39m=[32m"MuiBox-root css-kpkptg"[39m
      [36m>[39m
        [36m<div[39m
          [33mclass[39m=[32m"MuiContainer-root MuiContainer-maxWidthLg css-5c1adp-MuiContainer-root"[39m
        [36m>[39m
          [36m<div[39m
            [33mclass[39m=[32m"MuiBox-root css-69i1ev"[39m
          [36m>[39m
            [36m<div[39m
              [33mclass[39m=[32m"MuiBox-root css-18mzyok"[39m
            [36m>[39m
              [36m<button[39m
                [33mclass[39m=[32m"MuiButtonBase-root MuiIconButton-root MuiIconButton-sizeMedium css-j7dfm5-MuiButtonBase-root-MuiIconButton-root"[39m
                [33mtabindex[39m=[32m"0"[39m
                [33mtype[39m=[32m"button"[39m
              [36m>[39m
                [36m<svg[39m
                  [33maria-hidden[39m=[32m"true"[39m
                  [33mclass[39m=[32m"MuiSvgIcon-root MuiSvgIcon-fontSizeMedium css-1umw9bq-MuiSvgIcon-root"[39m
                  [33mdata-testid[39m=[32m"ArrowBackIcon"[39m
                  [33mfocusable[39m=[32m"false"[39m
                  [33mviewBox[39m=[32m"0 0 24 24"[39m
                [36m>[39m
                  [36m<path[39m
                    [33md[39m=[32m"M20 11H7.83l5.59-5.59L12 4l-8 8 8 8 1.41-1.41L7.83 13H20z"[39m
                  [36m/>[39m
                [36m</svg>[39m
              [36m</button>[39m
              [36m<svg[39m
                [33maria-hidden[39m=[32m"true"[39m
                [33mclass[39m=[32m"MuiSvgIcon-root MuiSvgIcon-fontSizeMedium css-19qoenp-MuiSvgIcon-root"[39m
                [33mdata-testid[39m=[32m"BusinessIcon"[39m
                [33mfocusable[39m=[32m"false"[39m
                [33mviewBox[39m=[32m"0 0 24 24"[39m
              [36m>[39m
                [36m<path[39m
                  [33md[39m=[32m"M12 7V3H2v18h20V7zM6 19H4v-2h2zm0-4H4v-2h2zm0-4H4V9h2zm0-4H4V5h2zm4 12H8v-2h2zm0-4H8v-2h2zm0-4H8V9h2zm0-4H8V5h2zm10 12h-8v-2h2v-2h-2v-2h2v-2h-2V9h8zm-2-8h-2v2h2zm0 4h-2v2h2z"[39m
                [36m/>[39m
              [36m</svg>[39m
              [36m<div[39m
                [33mclass[39m=[32m"MuiBox-root css-0"[39m
              [36m>[39m
                [36m<h4[39m
                  [33mclass[39m=[32m"MuiTypography-root MuiTypography-h4 css-g2oqeu-MuiTypography-root"[39m
                [36m>[39m
                  [0mCreate Booth[0m
                [36m</h4>[39m
                [36m<p[39m
                  [33mclass[39m=[32m"MuiTypography-root MuiTypography-body2 css-ho2qrh-MuiTypography-root"[39m
                [36m>[39m
                  [0mSet up your company presence at the virtual career fair[0m
                [36m</p>[39m
              [36m</div>[39m
            [36m</div>[39m
            [36m<div[39m
              [33mclass[39m=[32m"MuiBox-root css-j0ozid"[39m
            [36m>[39m
              [36m<div[39m
                [33mdata-testid[39m=[32m"profile-menu"[39m
              [36m>[39m
                [0mProfile Menu[0m
              [36m</div>[39m
            [36m</div>[39m
          [36m</div>[39m
        [36m</div>[39m
      [36m</div>[39m
      [36m<div[39m
        [33mclass[39m=[32m"MuiContainer-root MuiContainer-maxWidthMd css-ds0qfq-MuiContainer-root"[39m
      [36m>[39m
        [36m<div[39m
          [33mclass[39m=[32m"MuiPaper-root MuiPaper-elevation MuiPaper-rounded MuiPaper-elevation1 MuiCard-root css-1o5c2aq-MuiPaper-root-MuiCard-root"[39m
          [33mstyle[39m=[32m"--Paper-shadow: 0px 2px 1px -1px rgba(0,0,0,0.2),0px 1px 1px 0px rgba(0,0,0,0.14),0px 1px 3px 0px rgba(0,0,0,0.12);"[39m
        [36m>[39m
          [36m<form>[39m
            [36m<div[39m
              [33mclass[39m=[32m"MuiBox-root css-1yjvs5a"[39m
            [36m>[39m
              [36m<h6[39m
                [33mclass[39m=[32m"MuiTypography-root MuiTypography-h6 css-1azse-MuiTypography-root"[39m
              [36m>[39m
                [36m<svg[39m
                  [33maria-hidden[39m=[32m"true"[39m
                  [33mclass[39m=[32m"MuiSvgIcon-root MuiSvgIcon-fontSizeMedium css-zbvgrk-MuiSvgIcon-root"[39m
                  [33mdata-testid[39m=[32m"BusinessIcon"[39m
                  [33mfocusable[39m=[32m"false"[39m
                  [33mviewBox[39m=[32m"0 0 24 24"[39m
                [36m>[39m
                  [36m<path[39m
                    [33md[39m=[32m"M12 7V3H2v18h20V7zM6 19H4v-2h2zm0-4H4v-2h2zm0-4H4V9h2zm0-4H4V5h2zm4 12H8v-2h2zm0-4H8v-2h2zm0-4H8V9h2zm0-4H8V5h2zm10 12h-8v-2h2v-2h-2v-2h2v-2h-2V9h8zm-2-8h-2v2h2zm0 4h-2v2h2z"[39m
                  [36m/>[39m
                [36m</svg>[39m
                [0mCompany Information[0m
              [36m</h6>[39m
              [36m<div[39m
                [33mclass[39m=[32m"MuiGrid-root MuiGrid-container MuiGrid-direction-xs-row MuiGrid-spacing-xs-3 css-1u8xl8z-MuiGrid-root"[39m
              [36m>[39m
                [36m<div[39m
                  [33mclass[39m=[32m"MuiGrid-root MuiGrid-direction-xs-row MuiGrid-grid-xs-12 css-yqiqnf-MuiGrid-root"[39m
                [36m>[39m
                  [36m<div[39m
                    [33mclass[39m=[32m"MuiFormControl-root MuiFormControl-fullWidth MuiTextField-root css-cmpglg-MuiFormControl-root-MuiTextField-root"[39m
                  [36m>[39m
                    [36m<label[39m
                      [33mclass[39m=[32m"MuiFormLabel-root MuiInputLabel-root MuiInputLabel-formControl MuiInputLabel-animated MuiInputLabel-shrink MuiInputLabel-outlined MuiFormLabel-colorPrimary MuiFormLabel-filled Mui-required MuiInputLabel-root MuiInputLabel-formControl MuiInputLabel-animated MuiInputLabel-shrink MuiInputLabel-outlined css-113d811-MuiFormLabel-root-MuiInputLabel-root"[39m
                      [33mdata-shrink[39m=[32m"true"[39m
                      [33mfor[39m=[32m"«r81»"[39m
                      [33mid[39m=[32m"«r81»-label"[39m
                    [36m>[39m
                      [0mCompany Name[0m
                      [36m<span[39m
                        [33maria-hidden[39m=[32m"true"[39m
                        [33mclass[39m=[32m"MuiFormLabel-asterisk MuiInputLabel-asterisk css-1ljffdk-MuiFormLabel-asterisk"[39m
                      [36m>[39m
                        [0m [0m
                        [0m*[0m
                      [36m</span>[39m
                    [36m</label>[39m
                    [36m<div[39m
                      [33mclass[39m=[32m"MuiInputBase-root MuiOutlinedInput-root MuiInputBase-colorPrimary MuiInputBase-fullWidth MuiInputBase-formControl css-1blp12k-MuiInputBase-root-MuiOutlinedInput-root"[39m
                    [36m>[39m
                     ...
[90m [2m❯[22m Object.getElementError node_modules/@testing-library/dom/dist/config.js:[2m37:19[22m[39m
[90m [2m❯[22m node_modules/@testing-library/dom/dist/query-helpers.js:[2m76:38[22m[39m
[90m [2m❯[22m node_modules/@testing-library/dom/dist/query-helpers.js:[2m52:17[22m[39m
[90m [2m❯[22m getByRole node_modules/@testing-library/dom/dist/query-helpers.js:[2m95:19[22m[39m
[36m [2m❯[22m src/pages/__tests__/BoothEditor.test.tsx:[2m485:37[22m[39m
    [90m483| [39m
    [90m484| [39m      [90m// Fill in form[39m
    [90m485| [39m      const industrySelect = screen.getByRole("combobox", { name: /ind…
    [90m   | [39m                                    [31m^[39m
    [90m486| [39m      [35mawait[39m user[33m.[39m[34mclick[39m(industrySelect)[33m;[39m
    [90m487| [39m      [35mawait[39m [34mwaitFor[39m(() [33m=>[39m {

[31m[2m⎯⎯⎯⎯⎯⎯⎯⎯⎯⎯⎯⎯⎯⎯⎯⎯⎯⎯⎯⎯⎯⎯[14/33]⎯[22m[39m

[41m[1m FAIL [22m[49m src/pages/__tests__/BoothEditor.test.tsx[2m > [22mBoothEditor[2m > [22mForm Submission[2m > [22mshows error when contact is not company owner or representative
[31m[1mTestingLibraryElementError[22m[39m: Unable to find an accessible element with the role "combobox" and name `/industry/i`

Here are the accessible roles:

  button:

  Name "":
  [36m<button[39m
    [33mclass[39m=[32m"MuiButtonBase-root MuiIconButton-root MuiIconButton-sizeMedium css-j7dfm5-MuiButtonBase-root-MuiIconButton-root"[39m
    [33mtabindex[39m=[32m"0"[39m
    [33mtype[39m=[32m"button"[39m
  [36m/>[39m

  Name "Upload Logo":
  [36m<span[39m
    [33mclass[39m=[32m"MuiButtonBase-root MuiButton-root MuiButton-outlined MuiButton-outlinedPrimary MuiButton-sizeMedium MuiButton-outlinedSizeMedium MuiButton-colorPrimary MuiButton-root MuiButton-outlined MuiButton-outlinedPrimary MuiButton-sizeMedium MuiButton-outlinedSizeMedium MuiButton-colorPrimary css-x02tgp-MuiButtonBase-root-MuiButton-root"[39m
    [33mrole[39m=[32m"button"[39m
    [33mtabindex[39m=[32m"0"[39m
  [36m/>[39m

  Name "Cancel":
  [36m<button[39m
    [33mclass[39m=[32m"MuiButtonBase-root MuiButton-root MuiButton-outlined MuiButton-outlinedPrimary MuiButton-sizeMedium MuiButton-outlinedSizeMedium MuiButton-colorPrimary MuiButton-root MuiButton-outlined MuiButton-outlinedPrimary MuiButton-sizeMedium MuiButton-outlinedSizeMedium MuiButton-colorPrimary css-x02tgp-MuiButtonBase-root-MuiButton-root"[39m
    [33mtabindex[39m=[32m"0"[39m
    [33mtype[39m=[32m"button"[39m
  [36m/>[39m

  Name "Create Booth":
  [36m<button[39m
    [33mclass[39m=[32m"MuiButtonBase-root MuiButton-root MuiButton-contained MuiButton-containedPrimary MuiButton-sizeMedium MuiButton-containedSizeMedium MuiButton-colorPrimary MuiButton-root MuiButton-contained MuiButton-containedPrimary MuiButton-sizeMedium MuiButton-containedSizeMedium MuiButton-colorPrimary css-1ue27tm-MuiButtonBase-root-MuiButton-root"[39m
    [33mtabindex[39m=[32m"0"[39m
    [33mtype[39m=[32m"submit"[39m
  [36m/>[39m

  --------------------------------------------------
  heading:

  Name "Create Booth":
  [36m<h4[39m
    [33mclass[39m=[32m"MuiTypography-root MuiTypography-h4 css-g2oqeu-MuiTypography-root"[39m
  [36m/>[39m

  Name "Company Information":
  [36m<h6[39m
    [33mclass[39m=[32m"MuiTypography-root MuiTypography-h6 css-1azse-MuiTypography-root"[39m
  [36m/>[39m

  Name "Recruitment Information":
  [36m<h6[39m
    [33mclass[39m=[32m"MuiTypography-root MuiTypography-h6 css-1cwqm9s-MuiTypography-root"[39m
  [36m/>[39m

  Name "Contact Information":
  [36m<h6[39m
    [33mclass[39m=[32m"MuiTypography-root MuiTypography-h6 css-1cwqm9s-MuiTypography-root"[39m
  [36m/>[39m

  --------------------------------------------------
  paragraph:

  Name "":
  [36m<p[39m
    [33mclass[39m=[32m"MuiTypography-root MuiTypography-body2 css-ho2qrh-MuiTypography-root"[39m
  [36m/>[39m

  Name "":
  [36m<p[39m
    [33mclass[39m=[32m"MuiTypography-root MuiTypography-body2 css-1wle3ir-MuiTypography-root"[39m
  [36m/>[39m

  Name "":
  [36m<p[39m
    [33mclass[39m=[32m"MuiTypography-root MuiTypography-body2 css-1wle3ir-MuiTypography-root"[39m
  [36m/>[39m

  --------------------------------------------------
  textbox:

  Name "Company Name":
  [36m<input[39m
    [33maria-invalid[39m=[32m"false"[39m
    [33mclass[39m=[32m"MuiInputBase-input MuiOutlinedInput-input css-16wblaj-MuiInputBase-input-MuiOutlinedInput-input"[39m
    [33mid[39m=[32m"«r8f»"[39m
    [33mrequired[39m=[32m""[39m
    [33mtype[39m=[32m"text"[39m
    [33mvalue[39m=[32m"Tech Company"[39m
  [36m/>[39m

  Name "Location":
  [36m<input[39m
    [33maria-invalid[39m=[32m"false"[39m
    [33mclass[39m=[32m"MuiInputBase-input MuiOutlinedInput-input css-16wblaj-MuiInputBase-input-MuiOutlinedInput-input"[39m
    [33mid[39m=[32m"«r8i»"[39m
    [33mplaceholder[39m=[32m"City, State/Country"[39m
    [33mrequired[39m=[32m""[39m
    [33mtype[39m=[32m"text"[39m
    [33mvalue[39m=[32m""[39m
  [36m/>[39m

  Name "Company Description":
  [36m<textarea[39m
    [33maria-invalid[39m=[32m"false"[39m
    [33mclass[39m=[32m"MuiInputBase-input MuiOutlinedInput-input MuiInputBase-inputMultiline css-w4nesw-MuiInputBase-input-MuiOutlinedInput-input"[39m
    [33mid[39m=[32m"«r8j»"[39m
    [33mplaceholder[39m=[32m"Tell us about your company, mission, and culture..."[39m
    [33mrequired[39m=[32m""[39m
    [33mrows[39m=[32m"4"[39m
    [33mstyle[39m=[32m"height: 0px; overflow: hidden;"[39m
  [36m/>[39m

  Name "Company Website":
  [36m<input[39m
    [33maria-invalid[39m=[32m"false"[39m
    [33mclass[39m=[32m"MuiInputBase-input MuiOutlinedInput-input css-16wblaj-MuiInputBase-input-MuiOutlinedInput-input"[39m
    [33mid[39m=[32m"«r8l»"[39m
    [33mplaceholder[39m=[32m"https://www.example.com"[39m
    [33mtype[39m=[32m"url"[39m
    [33mvalue[39m=[32m""[39m
  [36m/>[39m

  Name "Careers Page URL":
  [36m<input[39m
    [33maria-invalid[39m=[32m"false"[39m
    [33mclass[39m=[32m"MuiInputBase-input MuiOutlinedInput-input css-16wblaj-MuiInputBase-input-MuiOutlinedInput-input"[39m
    [33mid[39m=[32m"«r8m»"[39m
    [33mplaceholder[39m=[32m"https://www.example.com/careers"[39m
    [33mtype[39m=[32m"url"[39m
    [33mvalue[39m=[32m""[39m
  [36m/>[39m

  Name "Contact Person Name":
  [36m<input[39m
    [33maria-invalid[39m=[32m"false"[39m
    [33mclass[39m=[32m"MuiInputBase-input MuiOutlinedInput-input css-16wblaj-MuiInputBase-input-MuiOutlinedInput-input"[39m
    [33mid[39m=[32m"«r8n»"[39m
    [33mplaceholder[39m=[32m"Full name"[39m
    [33mrequired[39m=[32m""[39m
    [33mtype[39m=[32m"text"[39m
    [33mvalue[39m=[32m""[39m
  [36m/>[39m

  Name "Contact Email":
  [36m<input[39m
    [33maria-invalid[39m=[32m"false"[39m
    [33mclass[39m=[32m"MuiInputBase-input MuiOutlinedInput-input css-16wblaj-MuiInputBase-input-MuiOutlinedInput-input"[39m
    [33mid[39m=[32m"«r8o»"[39m
    [33mplaceholder[39m=[32m"contact@example.com"[39m
    [33mrequired[39m=[32m""[39m
    [33mtype[39m=[32m"email"[39m
    [33mvalue[39m=[32m""[39m
  [36m/>[39m

  Name "Contact Phone (Optional)":
  [36m<input[39m
    [33maria-invalid[39m=[32m"false"[39m
    [33mclass[39m=[32m"MuiInputBase-input MuiOutlinedInput-input css-16wblaj-MuiInputBase-input-MuiOutlinedInput-input"[39m
    [33mid[39m=[32m"«r8p»"[39m
    [33mplaceholder[39m=[32m"+1 (555) 000-0000"[39m
    [33mtype[39m=[32m"tel"[39m
    [33mvalue[39m=[32m""[39m
  [36m/>[39m

  --------------------------------------------------
  combobox:

  Name "":
  [36m<div[39m
    [33maria-expanded[39m=[32m"false"[39m
    [33maria-haspopup[39m=[32m"listbox"[39m
    [33maria-required[39m=[32m"true"[39m
    [33mclass[39m=[32m"MuiSelect-select MuiSelect-outlined MuiInputBase-input MuiOutlinedInput-input css-18jp67o-MuiNativeSelect-root-MuiSelect-select-MuiInputBase-input-MuiOutlinedInput-input"[39m
    [33mrole[39m=[32m"combobox"[39m
    [33mtabindex[39m=[32m"0"[39m
  [36m/>[39m

  Name "":
  [36m<div[39m
    [33maria-expanded[39m=[32m"false"[39m
    [33maria-haspopup[39m=[32m"listbox"[39m
    [33maria-required[39m=[32m"true"[39m
    [33mclass[39m=[32m"MuiSelect-select MuiSelect-outlined MuiInputBase-input MuiOutlinedInput-input css-18jp67o-MuiNativeSelect-root-MuiSelect-select-MuiInputBase-input-MuiOutlinedInput-input"[39m
    [33mrole[39m=[32m"combobox"[39m
    [33mtabindex[39m=[32m"0"[39m
  [36m/>[39m

  --------------------------------------------------
  separator:

  Name "":
  [36m<hr[39m
    [33mclass[39m=[32m"MuiDivider-root MuiDivider-fullWidth css-ivpth7-MuiDivider-root"[39m
  [36m/>[39m

  Name "":
  [36m<hr[39m
    [33mclass[39m=[32m"MuiDivider-root MuiDivider-fullWidth css-ivpth7-MuiDivider-root"[39m
  [36m/>[39m

  --------------------------------------------------
  link:

  Name "support@careerfair.com":
  [36m<a[39m
    [33mclass[39m=[32m"MuiTypography-root MuiTypography-body1 css-11xk5su-MuiTypography-root"[39m
    [33mhref[39m=[32m"mailto:support@careerfair.com"[39m
  [36m/>[39m

  --------------------------------------------------

Ignored nodes: comments, script, style
[36m<body>[39m
  [36m<div>[39m
    [36m<div[39m
      [33mclass[39m=[32m"MuiBox-root css-95pn59"[39m
    [36m>[39m
      [36m<div[39m
        [33mclass[39m=[32m"MuiBox-root css-kpkptg"[39m
      [36m>[39m
        [36m<div[39m
          [33mclass[39m=[32m"MuiContainer-root MuiContainer-maxWidthLg css-5c1adp-MuiContainer-root"[39m
        [36m>[39m
          [36m<div[39m
            [33mclass[39m=[32m"MuiBox-root css-69i1ev"[39m
          [36m>[39m
            [36m<div[39m
              [33mclass[39m=[32m"MuiBox-root css-18mzyok"[39m
            [36m>[39m
              [36m<button[39m
                [33mclass[39m=[32m"MuiButtonBase-root MuiIconButton-root MuiIconButton-sizeMedium css-j7dfm5-MuiButtonBase-root-MuiIconButton-root"[39m
                [33mtabindex[39m=[32m"0"[39m
                [33mtype[39m=[32m"button"[39m
              [36m>[39m
                [36m<svg[39m
                  [33maria-hidden[39m=[32m"true"[39m
                  [33mclass[39m=[32m"MuiSvgIcon-root MuiSvgIcon-fontSizeMedium css-1umw9bq-MuiSvgIcon-root"[39m
                  [33mdata-testid[39m=[32m"ArrowBackIcon"[39m
                  [33mfocusable[39m=[32m"false"[39m
                  [33mviewBox[39m=[32m"0 0 24 24"[39m
                [36m>[39m
                  [36m<path[39m
                    [33md[39m=[32m"M20 11H7.83l5.59-5.59L12 4l-8 8 8 8 1.41-1.41L7.83 13H20z"[39m
                  [36m/>[39m
                [36m</svg>[39m
              [36m</button>[39m
              [36m<svg[39m
                [33maria-hidden[39m=[32m"true"[39m
                [33mclass[39m=[32m"MuiSvgIcon-root MuiSvgIcon-fontSizeMedium css-19qoenp-MuiSvgIcon-root"[39m
                [33mdata-testid[39m=[32m"BusinessIcon"[39m
                [33mfocusable[39m=[32m"false"[39m
                [33mviewBox[39m=[32m"0 0 24 24"[39m
              [36m>[39m
                [36m<path[39m
                  [33md[39m=[32m"M12 7V3H2v18h20V7zM6 19H4v-2h2zm0-4H4v-2h2zm0-4H4V9h2zm0-4H4V5h2zm4 12H8v-2h2zm0-4H8v-2h2zm0-4H8V9h2zm0-4H8V5h2zm10 12h-8v-2h2v-2h-2v-2h2v-2h-2V9h8zm-2-8h-2v2h2zm0 4h-2v2h2z"[39m
                [36m/>[39m
              [36m</svg>[39m
              [36m<div[39m
                [33mclass[39m=[32m"MuiBox-root css-0"[39m
              [36m>[39m
                [36m<h4[39m
                  [33mclass[39m=[32m"MuiTypography-root MuiTypography-h4 css-g2oqeu-MuiTypography-root"[39m
                [36m>[39m
                  [0mCreate Booth[0m
                [36m</h4>[39m
                [36m<p[39m
                  [33mclass[39m=[32m"MuiTypography-root MuiTypography-body2 css-ho2qrh-MuiTypography-root"[39m
                [36m>[39m
                  [0mSet up your company presence at the virtual career fair[0m
                [36m</p>[39m
              [36m</div>[39m
            [36m</div>[39m
            [36m<div[39m
              [33mclass[39m=[32m"MuiBox-root css-j0ozid"[39m
            [36m>[39m
              [36m<div[39m
                [33mdata-testid[39m=[32m"profile-menu"[39m
              [36m>[39m
                [0mProfile Menu[0m
              [36m</div>[39m
            [36m</div>[39m
          [36m</div>[39m
        [36m</div>[39m
      [36m</div>[39m
      [36m<div[39m
        [33mclass[39m=[32m"MuiContainer-root MuiContainer-maxWidthMd css-ds0qfq-MuiContainer-root"[39m
      [36m>[39m
        [36m<div[39m
          [33mclass[39m=[32m"MuiPaper-root MuiPaper-elevation MuiPaper-rounded MuiPaper-elevation1 MuiCard-root css-1o5c2aq-MuiPaper-root-MuiCard-root"[39m
          [33mstyle[39m=[32m"--Paper-shadow: 0px 2px 1px -1px rgba(0,0,0,0.2),0px 1px 1px 0px rgba(0,0,0,0.14),0px 1px 3px 0px rgba(0,0,0,0.12);"[39m
        [36m>[39m
          [36m<form>[39m
            [36m<div[39m
              [33mclass[39m=[32m"MuiBox-root css-1yjvs5a"[39m
            [36m>[39m
              [36m<h6[39m
                [33mclass[39m=[32m"MuiTypography-root MuiTypography-h6 css-1azse-MuiTypography-root"[39m
              [36m>[39m
                [36m<svg[39m
                  [33maria-hidden[39m=[32m"true"[39m
                  [33mclass[39m=[32m"MuiSvgIcon-root MuiSvgIcon-fontSizeMedium css-zbvgrk-MuiSvgIcon-root"[39m
                  [33mdata-testid[39m=[32m"BusinessIcon"[39m
                  [33mfocusable[39m=[32m"false"[39m
                  [33mviewBox[39m=[32m"0 0 24 24"[39m
                [36m>[39m
                  [36m<path[39m
                    [33md[39m=[32m"M12 7V3H2v18h20V7zM6 19H4v-2h2zm0-4H4v-2h2zm0-4H4V9h2zm0-4H4V5h2zm4 12H8v-2h2zm0-4H8v-2h2zm0-4H8V9h2zm0-4H8V5h2zm10 12h-8v-2h2v-2h-2v-2h2v-2h-2V9h8zm-2-8h-2v2h2zm0 4h-2v2h2z"[39m
                  [36m/>[39m
                [36m</svg>[39m
                [0mCompany Information[0m
              [36m</h6>[39m
              [36m<div[39m
                [33mclass[39m=[32m"MuiGrid-root MuiGrid-container MuiGrid-direction-xs-row MuiGrid-spacing-xs-3 css-1u8xl8z-MuiGrid-root"[39m
              [36m>[39m
                [36m<div[39m
                  [33mclass[39m=[32m"MuiGrid-root MuiGrid-direction-xs-row MuiGrid-grid-xs-12 css-yqiqnf-MuiGrid-root"[39m
                [36m>[39m
                  [36m<div[39m
                    [33mclass[39m=[32m"MuiFormControl-root MuiFormControl-fullWidth MuiTextField-root css-cmpglg-MuiFormControl-root-MuiTextField-root"[39m
                  [36m>[39m
                    [36m<label[39m
                      [33mclass[39m=[32m"MuiFormLabel-root MuiInputLabel-root MuiInputLabel-formControl MuiInputLabel-animated MuiInputLabel-shrink MuiInputLabel-outlined MuiFormLabel-colorPrimary MuiFormLabel-filled Mui-required MuiInputLabel-root MuiInputLabel-formControl MuiInputLabel-animated MuiInputLabel-shrink MuiInputLabel-outlined css-113d811-MuiFormLabel-root-MuiInputLabel-root"[39m
                      [33mdata-shrink[39m=[32m"true"[39m
                      [33mfor[39m=[32m"«r8f»"[39m
                      [33mid[39m=[32m"«r8f»-label"[39m
                    [36m>[39m
                      [0mCompany Name[0m
                      [36m<span[39m
                        [33maria-hidden[39m=[32m"true"[39m
                        [33mclass[39m=[32m"MuiFormLabel-asterisk MuiInputLabel-asterisk css-1ljffdk-MuiFormLabel-asterisk"[39m
                      [36m>[39m
                        [0m [0m
                        [0m*[0m
                      [36m</span>[39m
                    [36m</label>[39m
                    [36m<div[39m
                      [33mclass[39m=[32m"MuiInputBase-root MuiOutlinedInput-root MuiInputBase-colorPrimary MuiInputBase-fullWidth MuiInputBase-formControl css-1blp12k-MuiInputBase-root-MuiOutlinedInput-root"[39m
                    [36m>[39m
                     ...
[90m [2m❯[22m Object.getElementError node_modules/@testing-library/dom/dist/config.js:[2m37:19[22m[39m
[90m [2m❯[22m node_modules/@testing-library/dom/dist/query-helpers.js:[2m76:38[22m[39m
[90m [2m❯[22m node_modules/@testing-library/dom/dist/query-helpers.js:[2m52:17[22m[39m
[90m [2m❯[22m getByRole node_modules/@testing-library/dom/dist/query-helpers.js:[2m95:19[22m[39m
[36m [2m❯[22m src/pages/__tests__/BoothEditor.test.tsx:[2m527:37[22m[39m
    [90m525| [39m
    [90m526| [39m      [90m// Fill in form[39m
    [90m527| [39m      const industrySelect = screen.getByRole("combobox", { name: /ind…
    [90m   | [39m                                    [31m^[39m
    [90m528| [39m      [35mawait[39m user[33m.[39m[34mclick[39m(industrySelect)[33m;[39m
    [90m529| [39m      [35mawait[39m [34mwaitFor[39m(() [33m=>[39m {

[31m[2m⎯⎯⎯⎯⎯⎯⎯⎯⎯⎯⎯⎯⎯⎯⎯⎯⎯⎯⎯⎯⎯⎯[15/33]⎯[22m[39m

[41m[1m FAIL [22m[49m src/pages/__tests__/BoothEditor.test.tsx[2m > [22mBoothEditor[2m > [22mForm Submission[2m > [22mshows error when booth creation fails
[31m[1mTestingLibraryElementError[22m[39m: Unable to find an accessible element with the role "combobox" and name `/industry/i`

Here are the accessible roles:

  button:

  Name "":
  [36m<button[39m
    [33mclass[39m=[32m"MuiButtonBase-root MuiIconButton-root MuiIconButton-sizeMedium css-j7dfm5-MuiButtonBase-root-MuiIconButton-root"[39m
    [33mtabindex[39m=[32m"0"[39m
    [33mtype[39m=[32m"button"[39m
  [36m/>[39m

  Name "Upload Logo":
  [36m<span[39m
    [33mclass[39m=[32m"MuiButtonBase-root MuiButton-root MuiButton-outlined MuiButton-outlinedPrimary MuiButton-sizeMedium MuiButton-outlinedSizeMedium MuiButton-colorPrimary MuiButton-root MuiButton-outlined MuiButton-outlinedPrimary MuiButton-sizeMedium MuiButton-outlinedSizeMedium MuiButton-colorPrimary css-x02tgp-MuiButtonBase-root-MuiButton-root"[39m
    [33mrole[39m=[32m"button"[39m
    [33mtabindex[39m=[32m"0"[39m
  [36m/>[39m

  Name "Cancel":
  [36m<button[39m
    [33mclass[39m=[32m"MuiButtonBase-root MuiButton-root MuiButton-outlined MuiButton-outlinedPrimary MuiButton-sizeMedium MuiButton-outlinedSizeMedium MuiButton-colorPrimary MuiButton-root MuiButton-outlined MuiButton-outlinedPrimary MuiButton-sizeMedium MuiButton-outlinedSizeMedium MuiButton-colorPrimary css-x02tgp-MuiButtonBase-root-MuiButton-root"[39m
    [33mtabindex[39m=[32m"0"[39m
    [33mtype[39m=[32m"button"[39m
  [36m/>[39m

  Name "Create Booth":
  [36m<button[39m
    [33mclass[39m=[32m"MuiButtonBase-root MuiButton-root MuiButton-contained MuiButton-containedPrimary MuiButton-sizeMedium MuiButton-containedSizeMedium MuiButton-colorPrimary MuiButton-root MuiButton-contained MuiButton-containedPrimary MuiButton-sizeMedium MuiButton-containedSizeMedium MuiButton-colorPrimary css-1ue27tm-MuiButtonBase-root-MuiButton-root"[39m
    [33mtabindex[39m=[32m"0"[39m
    [33mtype[39m=[32m"submit"[39m
  [36m/>[39m

  --------------------------------------------------
  heading:

  Name "Create Booth":
  [36m<h4[39m
    [33mclass[39m=[32m"MuiTypography-root MuiTypography-h4 css-g2oqeu-MuiTypography-root"[39m
  [36m/>[39m

  Name "Company Information":
  [36m<h6[39m
    [33mclass[39m=[32m"MuiTypography-root MuiTypography-h6 css-1azse-MuiTypography-root"[39m
  [36m/>[39m

  Name "Recruitment Information":
  [36m<h6[39m
    [33mclass[39m=[32m"MuiTypography-root MuiTypography-h6 css-1cwqm9s-MuiTypography-root"[39m
  [36m/>[39m

  Name "Contact Information":
  [36m<h6[39m
    [33mclass[39m=[32m"MuiTypography-root MuiTypography-h6 css-1cwqm9s-MuiTypography-root"[39m
  [36m/>[39m

  --------------------------------------------------
  paragraph:

  Name "":
  [36m<p[39m
    [33mclass[39m=[32m"MuiTypography-root MuiTypography-body2 css-ho2qrh-MuiTypography-root"[39m
  [36m/>[39m

  Name "":
  [36m<p[39m
    [33mclass[39m=[32m"MuiTypography-root MuiTypography-body2 css-1wle3ir-MuiTypography-root"[39m
  [36m/>[39m

  Name "":
  [36m<p[39m
    [33mclass[39m=[32m"MuiTypography-root MuiTypography-body2 css-1wle3ir-MuiTypography-root"[39m
  [36m/>[39m

  --------------------------------------------------
  textbox:

  Name "Company Name":
  [36m<input[39m
    [33maria-invalid[39m=[32m"false"[39m
    [33mclass[39m=[32m"MuiInputBase-input MuiOutlinedInput-input css-16wblaj-MuiInputBase-input-MuiOutlinedInput-input"[39m
    [33mid[39m=[32m"«r8t»"[39m
    [33mrequired[39m=[32m""[39m
    [33mtype[39m=[32m"text"[39m
    [33mvalue[39m=[32m"Tech Company"[39m
  [36m/>[39m

  Name "Location":
  [36m<input[39m
    [33maria-invalid[39m=[32m"false"[39m
    [33mclass[39m=[32m"MuiInputBase-input MuiOutlinedInput-input css-16wblaj-MuiInputBase-input-MuiOutlinedInput-input"[39m
    [33mid[39m=[32m"«r90»"[39m
    [33mplaceholder[39m=[32m"City, State/Country"[39m
    [33mrequired[39m=[32m""[39m
    [33mtype[39m=[32m"text"[39m
    [33mvalue[39m=[32m""[39m
  [36m/>[39m

  Name "Company Description":
  [36m<textarea[39m
    [33maria-invalid[39m=[32m"false"[39m
    [33mclass[39m=[32m"MuiInputBase-input MuiOutlinedInput-input MuiInputBase-inputMultiline css-w4nesw-MuiInputBase-input-MuiOutlinedInput-input"[39m
    [33mid[39m=[32m"«r91»"[39m
    [33mplaceholder[39m=[32m"Tell us about your company, mission, and culture..."[39m
    [33mrequired[39m=[32m""[39m
    [33mrows[39m=[32m"4"[39m
    [33mstyle[39m=[32m"height: 0px; overflow: hidden;"[39m
  [36m/>[39m

  Name "Company Website":
  [36m<input[39m
    [33maria-invalid[39m=[32m"false"[39m
    [33mclass[39m=[32m"MuiInputBase-input MuiOutlinedInput-input css-16wblaj-MuiInputBase-input-MuiOutlinedInput-input"[39m
    [33mid[39m=[32m"«r93»"[39m
    [33mplaceholder[39m=[32m"https://www.example.com"[39m
    [33mtype[39m=[32m"url"[39m
    [33mvalue[39m=[32m""[39m
  [36m/>[39m

  Name "Careers Page URL":
  [36m<input[39m
    [33maria-invalid[39m=[32m"false"[39m
    [33mclass[39m=[32m"MuiInputBase-input MuiOutlinedInput-input css-16wblaj-MuiInputBase-input-MuiOutlinedInput-input"[39m
    [33mid[39m=[32m"«r94»"[39m
    [33mplaceholder[39m=[32m"https://www.example.com/careers"[39m
    [33mtype[39m=[32m"url"[39m
    [33mvalue[39m=[32m""[39m
  [36m/>[39m

  Name "Contact Person Name":
  [36m<input[39m
    [33maria-invalid[39m=[32m"false"[39m
    [33mclass[39m=[32m"MuiInputBase-input MuiOutlinedInput-input css-16wblaj-MuiInputBase-input-MuiOutlinedInput-input"[39m
    [33mid[39m=[32m"«r95»"[39m
    [33mplaceholder[39m=[32m"Full name"[39m
    [33mrequired[39m=[32m""[39m
    [33mtype[39m=[32m"text"[39m
    [33mvalue[39m=[32m""[39m
  [36m/>[39m

  Name "Contact Email":
  [36m<input[39m
    [33maria-invalid[39m=[32m"false"[39m
    [33mclass[39m=[32m"MuiInputBase-input MuiOutlinedInput-input css-16wblaj-MuiInputBase-input-MuiOutlinedInput-input"[39m
    [33mid[39m=[32m"«r96»"[39m
    [33mplaceholder[39m=[32m"contact@example.com"[39m
    [33mrequired[39m=[32m""[39m
    [33mtype[39m=[32m"email"[39m
    [33mvalue[39m=[32m""[39m
  [36m/>[39m

  Name "Contact Phone (Optional)":
  [36m<input[39m
    [33maria-invalid[39m=[32m"false"[39m
    [33mclass[39m=[32m"MuiInputBase-input MuiOutlinedInput-input css-16wblaj-MuiInputBase-input-MuiOutlinedInput-input"[39m
    [33mid[39m=[32m"«r97»"[39m
    [33mplaceholder[39m=[32m"+1 (555) 000-0000"[39m
    [33mtype[39m=[32m"tel"[39m
    [33mvalue[39m=[32m""[39m
  [36m/>[39m

  --------------------------------------------------
  combobox:

  Name "":
  [36m<div[39m
    [33maria-expanded[39m=[32m"false"[39m
    [33maria-haspopup[39m=[32m"listbox"[39m
    [33maria-required[39m=[32m"true"[39m
    [33mclass[39m=[32m"MuiSelect-select MuiSelect-outlined MuiInputBase-input MuiOutlinedInput-input css-18jp67o-MuiNativeSelect-root-MuiSelect-select-MuiInputBase-input-MuiOutlinedInput-input"[39m
    [33mrole[39m=[32m"combobox"[39m
    [33mtabindex[39m=[32m"0"[39m
  [36m/>[39m

  Name "":
  [36m<div[39m
    [33maria-expanded[39m=[32m"false"[39m
    [33maria-haspopup[39m=[32m"listbox"[39m
    [33maria-required[39m=[32m"true"[39m
    [33mclass[39m=[32m"MuiSelect-select MuiSelect-outlined MuiInputBase-input MuiOutlinedInput-input css-18jp67o-MuiNativeSelect-root-MuiSelect-select-MuiInputBase-input-MuiOutlinedInput-input"[39m
    [33mrole[39m=[32m"combobox"[39m
    [33mtabindex[39m=[32m"0"[39m
  [36m/>[39m

  --------------------------------------------------
  separator:

  Name "":
  [36m<hr[39m
    [33mclass[39m=[32m"MuiDivider-root MuiDivider-fullWidth css-ivpth7-MuiDivider-root"[39m
  [36m/>[39m

  Name "":
  [36m<hr[39m
    [33mclass[39m=[32m"MuiDivider-root MuiDivider-fullWidth css-ivpth7-MuiDivider-root"[39m
  [36m/>[39m

  --------------------------------------------------
  link:

  Name "support@careerfair.com":
  [36m<a[39m
    [33mclass[39m=[32m"MuiTypography-root MuiTypography-body1 css-11xk5su-MuiTypography-root"[39m
    [33mhref[39m=[32m"mailto:support@careerfair.com"[39m
  [36m/>[39m

  --------------------------------------------------

Ignored nodes: comments, script, style
[36m<body>[39m
  [36m<div>[39m
    [36m<div[39m
      [33mclass[39m=[32m"MuiBox-root css-95pn59"[39m
    [36m>[39m
      [36m<div[39m
        [33mclass[39m=[32m"MuiBox-root css-kpkptg"[39m
      [36m>[39m
        [36m<div[39m
          [33mclass[39m=[32m"MuiContainer-root MuiContainer-maxWidthLg css-5c1adp-MuiContainer-root"[39m
        [36m>[39m
          [36m<div[39m
            [33mclass[39m=[32m"MuiBox-root css-69i1ev"[39m
          [36m>[39m
            [36m<div[39m
              [33mclass[39m=[32m"MuiBox-root css-18mzyok"[39m
            [36m>[39m
              [36m<button[39m
                [33mclass[39m=[32m"MuiButtonBase-root MuiIconButton-root MuiIconButton-sizeMedium css-j7dfm5-MuiButtonBase-root-MuiIconButton-root"[39m
                [33mtabindex[39m=[32m"0"[39m
                [33mtype[39m=[32m"button"[39m
              [36m>[39m
                [36m<svg[39m
                  [33maria-hidden[39m=[32m"true"[39m
                  [33mclass[39m=[32m"MuiSvgIcon-root MuiSvgIcon-fontSizeMedium css-1umw9bq-MuiSvgIcon-root"[39m
                  [33mdata-testid[39m=[32m"ArrowBackIcon"[39m
                  [33mfocusable[39m=[32m"false"[39m
                  [33mviewBox[39m=[32m"0 0 24 24"[39m
                [36m>[39m
                  [36m<path[39m
                    [33md[39m=[32m"M20 11H7.83l5.59-5.59L12 4l-8 8 8 8 1.41-1.41L7.83 13H20z"[39m
                  [36m/>[39m
                [36m</svg>[39m
              [36m</button>[39m
              [36m<svg[39m
                [33maria-hidden[39m=[32m"true"[39m
                [33mclass[39m=[32m"MuiSvgIcon-root MuiSvgIcon-fontSizeMedium css-19qoenp-MuiSvgIcon-root"[39m
                [33mdata-testid[39m=[32m"BusinessIcon"[39m
                [33mfocusable[39m=[32m"false"[39m
                [33mviewBox[39m=[32m"0 0 24 24"[39m
              [36m>[39m
                [36m<path[39m
                  [33md[39m=[32m"M12 7V3H2v18h20V7zM6 19H4v-2h2zm0-4H4v-2h2zm0-4H4V9h2zm0-4H4V5h2zm4 12H8v-2h2zm0-4H8v-2h2zm0-4H8V9h2zm0-4H8V5h2zm10 12h-8v-2h2v-2h-2v-2h2v-2h-2V9h8zm-2-8h-2v2h2zm0 4h-2v2h2z"[39m
                [36m/>[39m
              [36m</svg>[39m
              [36m<div[39m
                [33mclass[39m=[32m"MuiBox-root css-0"[39m
              [36m>[39m
                [36m<h4[39m
                  [33mclass[39m=[32m"MuiTypography-root MuiTypography-h4 css-g2oqeu-MuiTypography-root"[39m
                [36m>[39m
                  [0mCreate Booth[0m
                [36m</h4>[39m
                [36m<p[39m
                  [33mclass[39m=[32m"MuiTypography-root MuiTypography-body2 css-ho2qrh-MuiTypography-root"[39m
                [36m>[39m
                  [0mSet up your company presence at the virtual career fair[0m
                [36m</p>[39m
              [36m</div>[39m
            [36m</div>[39m
            [36m<div[39m
              [33mclass[39m=[32m"MuiBox-root css-j0ozid"[39m
            [36m>[39m
              [36m<div[39m
                [33mdata-testid[39m=[32m"profile-menu"[39m
              [36m>[39m
                [0mProfile Menu[0m
              [36m</div>[39m
            [36m</div>[39m
          [36m</div>[39m
        [36m</div>[39m
      [36m</div>[39m
      [36m<div[39m
        [33mclass[39m=[32m"MuiContainer-root MuiContainer-maxWidthMd css-ds0qfq-MuiContainer-root"[39m
      [36m>[39m
        [36m<div[39m
          [33mclass[39m=[32m"MuiPaper-root MuiPaper-elevation MuiPaper-rounded MuiPaper-elevation1 MuiCard-root css-1o5c2aq-MuiPaper-root-MuiCard-root"[39m
          [33mstyle[39m=[32m"--Paper-shadow: 0px 2px 1px -1px rgba(0,0,0,0.2),0px 1px 1px 0px rgba(0,0,0,0.14),0px 1px 3px 0px rgba(0,0,0,0.12);"[39m
        [36m>[39m
          [36m<form>[39m
            [36m<div[39m
              [33mclass[39m=[32m"MuiBox-root css-1yjvs5a"[39m
            [36m>[39m
              [36m<h6[39m
                [33mclass[39m=[32m"MuiTypography-root MuiTypography-h6 css-1azse-MuiTypography-root"[39m
              [36m>[39m
                [36m<svg[39m
                  [33maria-hidden[39m=[32m"true"[39m
                  [33mclass[39m=[32m"MuiSvgIcon-root MuiSvgIcon-fontSizeMedium css-zbvgrk-MuiSvgIcon-root"[39m
                  [33mdata-testid[39m=[32m"BusinessIcon"[39m
                  [33mfocusable[39m=[32m"false"[39m
                  [33mviewBox[39m=[32m"0 0 24 24"[39m
                [36m>[39m
                  [36m<path[39m
                    [33md[39m=[32m"M12 7V3H2v18h20V7zM6 19H4v-2h2zm0-4H4v-2h2zm0-4H4V9h2zm0-4H4V5h2zm4 12H8v-2h2zm0-4H8v-2h2zm0-4H8V9h2zm0-4H8V5h2zm10 12h-8v-2h2v-2h-2v-2h2v-2h-2V9h8zm-2-8h-2v2h2zm0 4h-2v2h2z"[39m
                  [36m/>[39m
                [36m</svg>[39m
                [0mCompany Information[0m
              [36m</h6>[39m
              [36m<div[39m
                [33mclass[39m=[32m"MuiGrid-root MuiGrid-container MuiGrid-direction-xs-row MuiGrid-spacing-xs-3 css-1u8xl8z-MuiGrid-root"[39m
              [36m>[39m
                [36m<div[39m
                  [33mclass[39m=[32m"MuiGrid-root MuiGrid-direction-xs-row MuiGrid-grid-xs-12 css-yqiqnf-MuiGrid-root"[39m
                [36m>[39m
                  [36m<div[39m
                    [33mclass[39m=[32m"MuiFormControl-root MuiFormControl-fullWidth MuiTextField-root css-cmpglg-MuiFormControl-root-MuiTextField-root"[39m
                  [36m>[39m
                    [36m<label[39m
                      [33mclass[39m=[32m"MuiFormLabel-root MuiInputLabel-root MuiInputLabel-formControl MuiInputLabel-animated MuiInputLabel-shrink MuiInputLabel-outlined MuiFormLabel-colorPrimary MuiFormLabel-filled Mui-required MuiInputLabel-root MuiInputLabel-formControl MuiInputLabel-animated MuiInputLabel-shrink MuiInputLabel-outlined css-113d811-MuiFormLabel-root-MuiInputLabel-root"[39m
                      [33mdata-shrink[39m=[32m"true"[39m
                      [33mfor[39m=[32m"«r8t»"[39m
                      [33mid[39m=[32m"«r8t»-label"[39m
                    [36m>[39m
                      [0mCompany Name[0m
                      [36m<span[39m
                        [33maria-hidden[39m=[32m"true"[39m
                        [33mclass[39m=[32m"MuiFormLabel-asterisk MuiInputLabel-asterisk css-1ljffdk-MuiFormLabel-asterisk"[39m
                      [36m>[39m
                        [0m [0m
                        [0m*[0m
                      [36m</span>[39m
                    [36m</label>[39m
                    [36m<div[39m
                      [33mclass[39m=[32m"MuiInputBase-root MuiOutlinedInput-root MuiInputBase-colorPrimary MuiInputBase-fullWidth MuiInputBase-formControl css-1blp12k-MuiInputBase-root-MuiOutlinedInput-root"[39m
                    [36m>[39m
                     ...
[90m [2m❯[22m Object.getElementError node_modules/@testing-library/dom/dist/config.js:[2m37:19[22m[39m
[90m [2m❯[22m node_modules/@testing-library/dom/dist/query-helpers.js:[2m76:38[22m[39m
[90m [2m❯[22m node_modules/@testing-library/dom/dist/query-helpers.js:[2m52:17[22m[39m
[90m [2m❯[22m getByRole node_modules/@testing-library/dom/dist/query-helpers.js:[2m95:19[22m[39m
[36m [2m❯[22m src/pages/__tests__/BoothEditor.test.tsx:[2m564:37[22m[39m
    [90m562| [39m
    [90m563| [39m      [90m// Fill in form[39m
    [90m564| [39m      const industrySelect = screen.getByRole("combobox", { name: /ind…
    [90m   | [39m                                    [31m^[39m
    [90m565| [39m      [35mawait[39m user[33m.[39m[34mclick[39m(industrySelect)[33m;[39m
    [90m566| [39m      [35mawait[39m [34mwaitFor[39m(() [33m=>[39m {

[31m[2m⎯⎯⎯⎯⎯⎯⎯⎯⎯⎯⎯⎯⎯⎯⎯⎯⎯⎯⎯⎯⎯⎯[16/33]⎯[22m[39m

[41m[1m FAIL [22m[49m src/pages/__tests__/BoothEditor.test.tsx[2m > [22mBoothEditor[2m > [22mForm Submission[2m > [22mdisables submit button while saving
[31m[1mTestingLibraryElementError[22m[39m: Unable to find an accessible element with the role "combobox" and name `/industry/i`

Here are the accessible roles:

  button:

  Name "":
  [36m<button[39m
    [33mclass[39m=[32m"MuiButtonBase-root MuiIconButton-root MuiIconButton-sizeMedium css-j7dfm5-MuiButtonBase-root-MuiIconButton-root"[39m
    [33mtabindex[39m=[32m"0"[39m
    [33mtype[39m=[32m"button"[39m
  [36m/>[39m

  Name "Upload Logo":
  [36m<span[39m
    [33mclass[39m=[32m"MuiButtonBase-root MuiButton-root MuiButton-outlined MuiButton-outlinedPrimary MuiButton-sizeMedium MuiButton-outlinedSizeMedium MuiButton-colorPrimary MuiButton-root MuiButton-outlined MuiButton-outlinedPrimary MuiButton-sizeMedium MuiButton-outlinedSizeMedium MuiButton-colorPrimary css-x02tgp-MuiButtonBase-root-MuiButton-root"[39m
    [33mrole[39m=[32m"button"[39m
    [33mtabindex[39m=[32m"0"[39m
  [36m/>[39m

  Name "Cancel":
  [36m<button[39m
    [33mclass[39m=[32m"MuiButtonBase-root MuiButton-root MuiButton-outlined MuiButton-outlinedPrimary MuiButton-sizeMedium MuiButton-outlinedSizeMedium MuiButton-colorPrimary MuiButton-root MuiButton-outlined MuiButton-outlinedPrimary MuiButton-sizeMedium MuiButton-outlinedSizeMedium MuiButton-colorPrimary css-x02tgp-MuiButtonBase-root-MuiButton-root"[39m
    [33mtabindex[39m=[32m"0"[39m
    [33mtype[39m=[32m"button"[39m
  [36m/>[39m

  Name "Create Booth":
  [36m<button[39m
    [33mclass[39m=[32m"MuiButtonBase-root MuiButton-root MuiButton-contained MuiButton-containedPrimary MuiButton-sizeMedium MuiButton-containedSizeMedium MuiButton-colorPrimary MuiButton-root MuiButton-contained MuiButton-containedPrimary MuiButton-sizeMedium MuiButton-containedSizeMedium MuiButton-colorPrimary css-1ue27tm-MuiButtonBase-root-MuiButton-root"[39m
    [33mtabindex[39m=[32m"0"[39m
    [33mtype[39m=[32m"submit"[39m
  [36m/>[39m

  --------------------------------------------------
  heading:

  Name "Create Booth":
  [36m<h4[39m
    [33mclass[39m=[32m"MuiTypography-root MuiTypography-h4 css-g2oqeu-MuiTypography-root"[39m
  [36m/>[39m

  Name "Company Information":
  [36m<h6[39m
    [33mclass[39m=[32m"MuiTypography-root MuiTypography-h6 css-1azse-MuiTypography-root"[39m
  [36m/>[39m

  Name "Recruitment Information":
  [36m<h6[39m
    [33mclass[39m=[32m"MuiTypography-root MuiTypography-h6 css-1cwqm9s-MuiTypography-root"[39m
  [36m/>[39m

  Name "Contact Information":
  [36m<h6[39m
    [33mclass[39m=[32m"MuiTypography-root MuiTypography-h6 css-1cwqm9s-MuiTypography-root"[39m
  [36m/>[39m

  --------------------------------------------------
  paragraph:

  Name "":
  [36m<p[39m
    [33mclass[39m=[32m"MuiTypography-root MuiTypography-body2 css-ho2qrh-MuiTypography-root"[39m
  [36m/>[39m

  Name "":
  [36m<p[39m
    [33mclass[39m=[32m"MuiTypography-root MuiTypography-body2 css-1wle3ir-MuiTypography-root"[39m
  [36m/>[39m

  Name "":
  [36m<p[39m
    [33mclass[39m=[32m"MuiTypography-root MuiTypography-body2 css-1wle3ir-MuiTypography-root"[39m
  [36m/>[39m

  --------------------------------------------------
  textbox:

  Name "Company Name":
  [36m<input[39m
    [33maria-invalid[39m=[32m"false"[39m
    [33mclass[39m=[32m"MuiInputBase-input MuiOutlinedInput-input css-16wblaj-MuiInputBase-input-MuiOutlinedInput-input"[39m
    [33mid[39m=[32m"«r9b»"[39m
    [33mrequired[39m=[32m""[39m
    [33mtype[39m=[32m"text"[39m
    [33mvalue[39m=[32m"Tech Company"[39m
  [36m/>[39m

  Name "Location":
  [36m<input[39m
    [33maria-invalid[39m=[32m"false"[39m
    [33mclass[39m=[32m"MuiInputBase-input MuiOutlinedInput-input css-16wblaj-MuiInputBase-input-MuiOutlinedInput-input"[39m
    [33mid[39m=[32m"«r9e»"[39m
    [33mplaceholder[39m=[32m"City, State/Country"[39m
    [33mrequired[39m=[32m""[39m
    [33mtype[39m=[32m"text"[39m
    [33mvalue[39m=[32m""[39m
  [36m/>[39m

  Name "Company Description":
  [36m<textarea[39m
    [33maria-invalid[39m=[32m"false"[39m
    [33mclass[39m=[32m"MuiInputBase-input MuiOutlinedInput-input MuiInputBase-inputMultiline css-w4nesw-MuiInputBase-input-MuiOutlinedInput-input"[39m
    [33mid[39m=[32m"«r9f»"[39m
    [33mplaceholder[39m=[32m"Tell us about your company, mission, and culture..."[39m
    [33mrequired[39m=[32m""[39m
    [33mrows[39m=[32m"4"[39m
    [33mstyle[39m=[32m"height: 0px; overflow: hidden;"[39m
  [36m/>[39m

  Name "Company Website":
  [36m<input[39m
    [33maria-invalid[39m=[32m"false"[39m
    [33mclass[39m=[32m"MuiInputBase-input MuiOutlinedInput-input css-16wblaj-MuiInputBase-input-MuiOutlinedInput-input"[39m
    [33mid[39m=[32m"«r9h»"[39m
    [33mplaceholder[39m=[32m"https://www.example.com"[39m
    [33mtype[39m=[32m"url"[39m
    [33mvalue[39m=[32m""[39m
  [36m/>[39m

  Name "Careers Page URL":
  [36m<input[39m
    [33maria-invalid[39m=[32m"false"[39m
    [33mclass[39m=[32m"MuiInputBase-input MuiOutlinedInput-input css-16wblaj-MuiInputBase-input-MuiOutlinedInput-input"[39m
    [33mid[39m=[32m"«r9i»"[39m
    [33mplaceholder[39m=[32m"https://www.example.com/careers"[39m
    [33mtype[39m=[32m"url"[39m
    [33mvalue[39m=[32m""[39m
  [36m/>[39m

  Name "Contact Person Name":
  [36m<input[39m
    [33maria-invalid[39m=[32m"false"[39m
    [33mclass[39m=[32m"MuiInputBase-input MuiOutlinedInput-input css-16wblaj-MuiInputBase-input-MuiOutlinedInput-input"[39m
    [33mid[39m=[32m"«r9j»"[39m
    [33mplaceholder[39m=[32m"Full name"[39m
    [33mrequired[39m=[32m""[39m
    [33mtype[39m=[32m"text"[39m
    [33mvalue[39m=[32m""[39m
  [36m/>[39m

  Name "Contact Email":
  [36m<input[39m
    [33maria-invalid[39m=[32m"false"[39m
    [33mclass[39m=[32m"MuiInputBase-input MuiOutlinedInput-input css-16wblaj-MuiInputBase-input-MuiOutlinedInput-input"[39m
    [33mid[39m=[32m"«r9k»"[39m
    [33mplaceholder[39m=[32m"contact@example.com"[39m
    [33mrequired[39m=[32m""[39m
    [33mtype[39m=[32m"email"[39m
    [33mvalue[39m=[32m""[39m
  [36m/>[39m

  Name "Contact Phone (Optional)":
  [36m<input[39m
    [33maria-invalid[39m=[32m"false"[39m
    [33mclass[39m=[32m"MuiInputBase-input MuiOutlinedInput-input css-16wblaj-MuiInputBase-input-MuiOutlinedInput-input"[39m
    [33mid[39m=[32m"«r9l»"[39m
    [33mplaceholder[39m=[32m"+1 (555) 000-0000"[39m
    [33mtype[39m=[32m"tel"[39m
    [33mvalue[39m=[32m""[39m
  [36m/>[39m

  --------------------------------------------------
  combobox:

  Name "":
  [36m<div[39m
    [33maria-expanded[39m=[32m"false"[39m
    [33maria-haspopup[39m=[32m"listbox"[39m
    [33maria-required[39m=[32m"true"[39m
    [33mclass[39m=[32m"MuiSelect-select MuiSelect-outlined MuiInputBase-input MuiOutlinedInput-input css-18jp67o-MuiNativeSelect-root-MuiSelect-select-MuiInputBase-input-MuiOutlinedInput-input"[39m
    [33mrole[39m=[32m"combobox"[39m
    [33mtabindex[39m=[32m"0"[39m
  [36m/>[39m

  Name "":
  [36m<div[39m
    [33maria-expanded[39m=[32m"false"[39m
    [33maria-haspopup[39m=[32m"listbox"[39m
    [33maria-required[39m=[32m"true"[39m
    [33mclass[39m=[32m"MuiSelect-select MuiSelect-outlined MuiInputBase-input MuiOutlinedInput-input css-18jp67o-MuiNativeSelect-root-MuiSelect-select-MuiInputBase-input-MuiOutlinedInput-input"[39m
    [33mrole[39m=[32m"combobox"[39m
    [33mtabindex[39m=[32m"0"[39m
  [36m/>[39m

  --------------------------------------------------
  separator:

  Name "":
  [36m<hr[39m
    [33mclass[39m=[32m"MuiDivider-root MuiDivider-fullWidth css-ivpth7-MuiDivider-root"[39m
  [36m/>[39m

  Name "":
  [36m<hr[39m
    [33mclass[39m=[32m"MuiDivider-root MuiDivider-fullWidth css-ivpth7-MuiDivider-root"[39m
  [36m/>[39m

  --------------------------------------------------
  link:

  Name "support@careerfair.com":
  [36m<a[39m
    [33mclass[39m=[32m"MuiTypography-root MuiTypography-body1 css-11xk5su-MuiTypography-root"[39m
    [33mhref[39m=[32m"mailto:support@careerfair.com"[39m
  [36m/>[39m

  --------------------------------------------------

Ignored nodes: comments, script, style
[36m<body>[39m
  [36m<div>[39m
    [36m<div[39m
      [33mclass[39m=[32m"MuiBox-root css-95pn59"[39m
    [36m>[39m
      [36m<div[39m
        [33mclass[39m=[32m"MuiBox-root css-kpkptg"[39m
      [36m>[39m
        [36m<div[39m
          [33mclass[39m=[32m"MuiContainer-root MuiContainer-maxWidthLg css-5c1adp-MuiContainer-root"[39m
        [36m>[39m
          [36m<div[39m
            [33mclass[39m=[32m"MuiBox-root css-69i1ev"[39m
          [36m>[39m
            [36m<div[39m
              [33mclass[39m=[32m"MuiBox-root css-18mzyok"[39m
            [36m>[39m
              [36m<button[39m
                [33mclass[39m=[32m"MuiButtonBase-root MuiIconButton-root MuiIconButton-sizeMedium css-j7dfm5-MuiButtonBase-root-MuiIconButton-root"[39m
                [33mtabindex[39m=[32m"0"[39m
                [33mtype[39m=[32m"button"[39m
              [36m>[39m
                [36m<svg[39m
                  [33maria-hidden[39m=[32m"true"[39m
                  [33mclass[39m=[32m"MuiSvgIcon-root MuiSvgIcon-fontSizeMedium css-1umw9bq-MuiSvgIcon-root"[39m
                  [33mdata-testid[39m=[32m"ArrowBackIcon"[39m
                  [33mfocusable[39m=[32m"false"[39m
                  [33mviewBox[39m=[32m"0 0 24 24"[39m
                [36m>[39m
                  [36m<path[39m
                    [33md[39m=[32m"M20 11H7.83l5.59-5.59L12 4l-8 8 8 8 1.41-1.41L7.83 13H20z"[39m
                  [36m/>[39m
                [36m</svg>[39m
              [36m</button>[39m
              [36m<svg[39m
                [33maria-hidden[39m=[32m"true"[39m
                [33mclass[39m=[32m"MuiSvgIcon-root MuiSvgIcon-fontSizeMedium css-19qoenp-MuiSvgIcon-root"[39m
                [33mdata-testid[39m=[32m"BusinessIcon"[39m
                [33mfocusable[39m=[32m"false"[39m
                [33mviewBox[39m=[32m"0 0 24 24"[39m
              [36m>[39m
                [36m<path[39m
                  [33md[39m=[32m"M12 7V3H2v18h20V7zM6 19H4v-2h2zm0-4H4v-2h2zm0-4H4V9h2zm0-4H4V5h2zm4 12H8v-2h2zm0-4H8v-2h2zm0-4H8V9h2zm0-4H8V5h2zm10 12h-8v-2h2v-2h-2v-2h2v-2h-2V9h8zm-2-8h-2v2h2zm0 4h-2v2h2z"[39m
                [36m/>[39m
              [36m</svg>[39m
              [36m<div[39m
                [33mclass[39m=[32m"MuiBox-root css-0"[39m
              [36m>[39m
                [36m<h4[39m
                  [33mclass[39m=[32m"MuiTypography-root MuiTypography-h4 css-g2oqeu-MuiTypography-root"[39m
                [36m>[39m
                  [0mCreate Booth[0m
                [36m</h4>[39m
                [36m<p[39m
                  [33mclass[39m=[32m"MuiTypography-root MuiTypography-body2 css-ho2qrh-MuiTypography-root"[39m
                [36m>[39m
                  [0mSet up your company presence at the virtual career fair[0m
                [36m</p>[39m
              [36m</div>[39m
            [36m</div>[39m
            [36m<div[39m
              [33mclass[39m=[32m"MuiBox-root css-j0ozid"[39m
            [36m>[39m
              [36m<div[39m
                [33mdata-testid[39m=[32m"profile-menu"[39m
              [36m>[39m
                [0mProfile Menu[0m
              [36m</div>[39m
            [36m</div>[39m
          [36m</div>[39m
        [36m</div>[39m
      [36m</div>[39m
      [36m<div[39m
        [33mclass[39m=[32m"MuiContainer-root MuiContainer-maxWidthMd css-ds0qfq-MuiContainer-root"[39m
      [36m>[39m
        [36m<div[39m
          [33mclass[39m=[32m"MuiPaper-root MuiPaper-elevation MuiPaper-rounded MuiPaper-elevation1 MuiCard-root css-1o5c2aq-MuiPaper-root-MuiCard-root"[39m
          [33mstyle[39m=[32m"--Paper-shadow: 0px 2px 1px -1px rgba(0,0,0,0.2),0px 1px 1px 0px rgba(0,0,0,0.14),0px 1px 3px 0px rgba(0,0,0,0.12);"[39m
        [36m>[39m
          [36m<form>[39m
            [36m<div[39m
              [33mclass[39m=[32m"MuiBox-root css-1yjvs5a"[39m
            [36m>[39m
              [36m<h6[39m
                [33mclass[39m=[32m"MuiTypography-root MuiTypography-h6 css-1azse-MuiTypography-root"[39m
              [36m>[39m
                [36m<svg[39m
                  [33maria-hidden[39m=[32m"true"[39m
                  [33mclass[39m=[32m"MuiSvgIcon-root MuiSvgIcon-fontSizeMedium css-zbvgrk-MuiSvgIcon-root"[39m
                  [33mdata-testid[39m=[32m"BusinessIcon"[39m
                  [33mfocusable[39m=[32m"false"[39m
                  [33mviewBox[39m=[32m"0 0 24 24"[39m
                [36m>[39m
                  [36m<path[39m
                    [33md[39m=[32m"M12 7V3H2v18h20V7zM6 19H4v-2h2zm0-4H4v-2h2zm0-4H4V9h2zm0-4H4V5h2zm4 12H8v-2h2zm0-4H8v-2h2zm0-4H8V9h2zm0-4H8V5h2zm10 12h-8v-2h2v-2h-2v-2h2v-2h-2V9h8zm-2-8h-2v2h2zm0 4h-2v2h2z"[39m
                  [36m/>[39m
                [36m</svg>[39m
                [0mCompany Information[0m
              [36m</h6>[39m
              [36m<div[39m
                [33mclass[39m=[32m"MuiGrid-root MuiGrid-container MuiGrid-direction-xs-row MuiGrid-spacing-xs-3 css-1u8xl8z-MuiGrid-root"[39m
              [36m>[39m
                [36m<div[39m
                  [33mclass[39m=[32m"MuiGrid-root MuiGrid-direction-xs-row MuiGrid-grid-xs-12 css-yqiqnf-MuiGrid-root"[39m
                [36m>[39m
                  [36m<div[39m
                    [33mclass[39m=[32m"MuiFormControl-root MuiFormControl-fullWidth MuiTextField-root css-cmpglg-MuiFormControl-root-MuiTextField-root"[39m
                  [36m>[39m
                    [36m<label[39m
                      [33mclass[39m=[32m"MuiFormLabel-root MuiInputLabel-root MuiInputLabel-formControl MuiInputLabel-animated MuiInputLabel-shrink MuiInputLabel-outlined MuiFormLabel-colorPrimary MuiFormLabel-filled Mui-required MuiInputLabel-root MuiInputLabel-formControl MuiInputLabel-animated MuiInputLabel-shrink MuiInputLabel-outlined css-113d811-MuiFormLabel-root-MuiInputLabel-root"[39m
                      [33mdata-shrink[39m=[32m"true"[39m
                      [33mfor[39m=[32m"«r9b»"[39m
                      [33mid[39m=[32m"«r9b»-label"[39m
                    [36m>[39m
                      [0mCompany Name[0m
                      [36m<span[39m
                        [33maria-hidden[39m=[32m"true"[39m
                        [33mclass[39m=[32m"MuiFormLabel-asterisk MuiInputLabel-asterisk css-1ljffdk-MuiFormLabel-asterisk"[39m
                      [36m>[39m
                        [0m [0m
                        [0m*[0m
                      [36m</span>[39m
                    [36m</label>[39m
                    [36m<div[39m
                      [33mclass[39m=[32m"MuiInputBase-root MuiOutlinedInput-root MuiInputBase-colorPrimary MuiInputBase-fullWidth MuiInputBase-formControl css-1blp12k-MuiInputBase-root-MuiOutlinedInput-root"[39m
                    [36m>[39m
                     ...
[90m [2m❯[22m Object.getElementError node_modules/@testing-library/dom/dist/config.js:[2m37:19[22m[39m
[90m [2m❯[22m node_modules/@testing-library/dom/dist/query-helpers.js:[2m76:38[22m[39m
[90m [2m❯[22m node_modules/@testing-library/dom/dist/query-helpers.js:[2m52:17[22m[39m
[90m [2m❯[22m getByRole node_modules/@testing-library/dom/dist/query-helpers.js:[2m95:19[22m[39m
[36m [2m❯[22m src/pages/__tests__/BoothEditor.test.tsx:[2m602:37[22m[39m
    [90m600| [39m
    [90m601| [39m      [90m// Fill in form quickly[39m
    [90m602| [39m      const industrySelect = screen.getByRole("combobox", { name: /ind…
    [90m   | [39m                                    [31m^[39m
    [90m603| [39m      [35mawait[39m user[33m.[39m[34mclick[39m(industrySelect)[33m;[39m
    [90m604| [39m      [35mawait[39m [34mwaitFor[39m(() [33m=>[39m {

[31m[2m⎯⎯⎯⎯⎯⎯⎯⎯⎯⎯⎯⎯⎯⎯⎯⎯⎯⎯⎯⎯⎯⎯[17/33]⎯[22m[39m

[41m[1m FAIL [22m[49m src/pages/__tests__/BoothEditor.test.tsx[2m > [22mBoothEditor[2m > [22mError Handling[2m > [22mallows user to close error alerts
[31m[1mTestingLibraryElementError[22m: Unable to find an element with the title: Close.

Ignored nodes: comments, script, style
[36m<body>[31m
  [36m<div>[31m
    [36m<div[31m
      [33mclass[31m=[32m"MuiBox-root css-3ox5"[31m
    [36m>[31m
      [36m<div[31m
        [33mclass[31m=[32m"MuiPaper-root MuiPaper-elevation MuiPaper-rounded MuiPaper-elevation1 MuiCard-root css-rdanfy-MuiPaper-root-MuiCard-root"[31m
        [33mstyle[31m=[32m"--Paper-shadow: 0px 2px 1px -1px rgba(0,0,0,0.2),0px 1px 1px 0px rgba(0,0,0,0.14),0px 1px 3px 0px rgba(0,0,0,0.12);"[31m
      [36m>[31m
        [36m<div[31m
          [33mclass[31m=[32m"MuiPaper-root MuiPaper-elevation MuiPaper-rounded MuiPaper-elevation0 MuiAlert-root MuiAlert-colorError MuiAlert-standardError MuiAlert-standard css-6js25r-MuiPaper-root-MuiAlert-root"[31m
          [33mrole[31m=[32m"alert"[31m
          [33mstyle[31m=[32m"--Paper-shadow: none;"[31m
        [36m>[31m
          [36m<div[31m
            [33mclass[31m=[32m"MuiAlert-icon css-vab54s-MuiAlert-icon"[31m
          [36m>[31m
            [36m<svg[31m
              [33maria-hidden[31m=[32m"true"[31m
              [33mclass[31m=[32m"MuiSvgIcon-root MuiSvgIcon-fontSizeInherit css-1ckov0h-MuiSvgIcon-root"[31m
              [33mdata-testid[31m=[32m"ErrorOutlineIcon"[31m
              [33mfocusable[31m=[32m"false"[31m
              [33mviewBox[31m=[32m"0 0 24 24"[31m
            [36m>[31m
              [36m<path[31m
                [33md[31m=[32m"M11 15h2v2h-2zm0-8h2v6h-2zm.99-5C6.47 2 2 6.48 2 12s4.47 10 9.99 10C17.52 22 22 17.52 22 12S17.52 2 11.99 2zM12 20c-4.42 0-8-3.58-8-8s3.58-8 8-8 8 3.58 8 8-3.58 8-8 8z"[31m
              [36m/>[31m
            [36m</svg>[31m
          [36m</div>[31m
          [36m<div[31m
            [33mclass[31m=[32m"MuiAlert-message css-zioonp-MuiAlert-message"[31m
          [36m>[31m
            [0mCompany not found[0m
          [36m</div>[31m
        [36m</div>[31m
        [36m<button[31m
          [33mclass[31m=[32m"MuiButtonBase-root MuiButton-root MuiButton-contained MuiButton-containedPrimary MuiButton-sizeMedium MuiButton-containedSizeMedium MuiButton-colorPrimary MuiButton-root MuiButton-contained MuiButton-containedPrimary MuiButton-sizeMedium MuiButton-containedSizeMedium MuiButton-colorPrimary css-74d805-MuiButtonBase-root-MuiButton-root"[31m
          [33mtabindex[31m=[32m"0"[31m
          [33mtype[31m=[32m"button"[31m
        [36m>[31m
          [0mGo Back[0m
        [36m</button>[31m
      [36m</div>[31m
    [36m</div>[31m
  [36m</div>[31m
[36m</body>[31m[39m
[90m [2m❯[22m Object.getElementError node_modules/@testing-library/dom/dist/config.js:[2m37:19[22m[39m
[90m [2m❯[22m node_modules/@testing-library/dom/dist/query-helpers.js:[2m76:38[22m[39m
[90m [2m❯[22m getAllByTitle node_modules/@testing-library/dom/dist/query-helpers.js:[2m109:15[22m[39m
[36m [2m❯[22m src/pages/__tests__/BoothEditor.test.tsx:[2m657:35[22m[39m
    [90m655| [39m
    [90m656| [39m      // Find close buttons by title attribute (MUI Alert has close bu…
    [90m657| [39m      [35mconst[39m closeButtons [33m=[39m screen[33m.[39m[34mgetAllByTitle[39m([32m"Close"[39m)[33m;[39m
    [90m   | [39m                                  [31m^[39m
    [90m658| [39m      [35mawait[39m user[33m.[39m[34mclick[39m(closeButtons[[34m0[39m])[33m;[39m
    [90m659| [39m

[31m[2m⎯⎯⎯⎯⎯⎯⎯⎯⎯⎯⎯⎯⎯⎯⎯⎯⎯⎯⎯⎯⎯⎯[18/33]⎯[22m[39m

[41m[1m FAIL [22m[49m src/pages/__tests__/Company.test.tsx[2m > [22mCompany[2m > [22mdisplays company name after loading
[31m[1mTestingLibraryElementError[22m[39m: Found multiple elements with the text: /Tech Corp/i

Here are the matching elements:

Ignored nodes: comments, script, style
[36m<h4[39m
  [33mclass[39m=[32m"MuiTypography-root MuiTypography-h4 css-g2oqeu-MuiTypography-root"[39m
[36m>[39m
  [0mTech Corp[0m
[36m</h4>[39m

Ignored nodes: comments, script, style
[36m<p[39m
  [33mclass[39m=[32m"MuiTypography-root MuiTypography-body1 css-rt9437-MuiTypography-root"[39m
[36m>[39m
  [0mTech Corp[0m
[36m</p>[39m

(If this is intentional, then use the `*AllBy*` variant of the query (like `queryAllByText`, `getAllByText`, or `findAllByText`)).

Ignored nodes: comments, script, style
[36m<body>[39m
  [36m<div>[39m
    [36m<div[39m
      [33mclass[39m=[32m"MuiBox-root css-95pn59"[39m
    [36m>[39m
      [36m<div[39m
        [33mclass[39m=[32m"MuiBox-root css-kpkptg"[39m
      [36m>[39m
        [36m<div[39m
          [33mclass[39m=[32m"MuiContainer-root MuiContainer-maxWidthLg css-5c1adp-MuiContainer-root"[39m
        [36m>[39m
          [36m<div[39m
            [33mclass[39m=[32m"MuiBox-root css-69i1ev"[39m
          [36m>[39m
            [36m<div[39m
              [33mclass[39m=[32m"MuiBox-root css-18mzyok"[39m
            [36m>[39m
              [36m<button[39m
                [33mclass[39m=[32m"MuiButtonBase-root MuiIconButton-root MuiIconButton-sizeMedium css-j7dfm5-MuiButtonBase-root-MuiIconButton-root"[39m
                [33mtabindex[39m=[32m"0"[39m
                [33mtype[39m=[32m"button"[39m
              [36m>[39m
                [36m<svg[39m
                  [33maria-hidden[39m=[32m"true"[39m
                  [33mclass[39m=[32m"MuiSvgIcon-root MuiSvgIcon-fontSizeMedium css-1umw9bq-MuiSvgIcon-root"[39m
                  [33mdata-testid[39m=[32m"ArrowBackIcon"[39m
                  [33mfocusable[39m=[32m"false"[39m
                  [33mviewBox[39m=[32m"0 0 24 24"[39m
                [36m>[39m
                  [36m<path[39m
                    [33md[39m=[32m"M20 11H7.83l5.59-5.59L12 4l-8 8 8 8 1.41-1.41L7.83 13H20z"[39m
                  [36m/>[39m
                [36m</svg>[39m
              [36m</button>[39m
              [36m<svg[39m
                [33maria-hidden[39m=[32m"true"[39m
                [33mclass[39m=[32m"MuiSvgIcon-root MuiSvgIcon-fontSizeMedium css-19qoenp-MuiSvgIcon-root"[39m
                [33mdata-testid[39m=[32m"BusinessIcon"[39m
                [33mfocusable[39m=[32m"false"[39m
                [33mviewBox[39m=[32m"0 0 24 24"[39m
              [36m>[39m
                [36m<path[39m
                  [33md[39m=[32m"M12 7V3H2v18h20V7zM6 19H4v-2h2zm0-4H4v-2h2zm0-4H4V9h2zm0-4H4V5h2zm4 12H8v-2h2zm0-4H8v-2h2zm0-4H8V9h2zm0-4H8V5h2zm10 12h-8v-2h2v-2h-2v-2h2v-2h-2V9h8zm-2-8h-2v2h2zm0 4h-2v2h2z"[39m
                [36m/>[39m
              [36m</svg>[39m
              [36m<h4[39m
                [33mclass[39m=[32m"MuiTypography-root MuiTypography-h4 css-g2oqeu-MuiTypography-root"[39m
              [36m>[39m
                [0mTech Corp[0m
              [36m</h4>[39m
            [36m</div>[39m
            [36m<div[39m
              [33mclass[39m=[32m"MuiBox-root css-j0ozid"[39m
            [36m>[39m
              [36m<button[39m
                [33mclass[39m=[32m"MuiButtonBase-root MuiIconButton-root MuiIconButton-sizeMedium css-53g0n7-MuiButtonBase-root-MuiIconButton-root"[39m
                [33mtabindex[39m=[32m"0"[39m
                [33mtype[39m=[32m"button"[39m
              [36m>[39m
                [36m<div[39m
                  [33mclass[39m=[32m"MuiAvatar-root MuiAvatar-circular MuiAvatar-colorDefault css-kdbbge-MuiAvatar-root"[39m
                [36m>[39m
                  [0mU[0m
                [36m</div>[39m
              [36m</button>[39m
            [36m</div>[39m
          [36m</div>[39m
        [36m</div>[39m
      [36m</div>[39m
      [36m<div[39m
        [33mclass[39m=[32m"MuiContainer-root MuiContainer-maxWidthLg css-xsov46-MuiContainer-root"[39m
      [36m>[39m
        [36m<div[39m
          [33mclass[39m=[32m"MuiGrid-root MuiGrid-container MuiGrid-direction-xs-row MuiGrid-spacing-xs-3 css-1u8xl8z-MuiGrid-root"[39m
        [36m>[39m
          [36m<div[39m
            [33mclass[39m=[32m"MuiGrid-root MuiGrid-direction-xs-row MuiGrid-grid-xs-12 MuiGrid-grid-md-6 css-204a8q-MuiGrid-root"[39m
          [36m>[39m
            [36m<div[39m
              [33mclass[39m=[32m"MuiPaper-root MuiPaper-elevation MuiPaper-rounded MuiPaper-elevation1 MuiCard-root css-uuwznv-MuiPaper-root-MuiCard-root"[39m
              [33mstyle[39m=[32m"--Paper-shadow: 0px 2px 1px -1px rgba(0,0,0,0.2),0px 1px 1px 0px rgba(0,0,0,0.14),0px 1px 3px 0px rgba(0,0,0,0.12);"[39m
            [36m>[39m
              [36m<div[39m
                [33mclass[39m=[32m"MuiCardContent-root css-j4isg9-MuiCardContent-root"[39m
              [36m>[39m
                [36m<h6[39m
                  [33mclass[39m=[32m"MuiTypography-root MuiTypography-h6 css-1azse-MuiTypography-root"[39m
                [36m>[39m
                  [36m<svg[39m
                    [33maria-hidden[39m=[32m"true"[39m
                    [33mclass[39m=[32m"MuiSvgIcon-root MuiSvgIcon-fontSizeMedium css-zbvgrk-MuiSvgIcon-root"[39m
                    [33mdata-testid[39m=[32m"BusinessIcon"[39m
                    [33mfocusable[39m=[32m"false"[39m
                    [33mviewBox[39m=[32m"0 0 24 24"[39m
                  [36m>[39m
                    [36m<path[39m
                      [33md[39m=[32m"M12 7V3H2v18h20V7zM6 19H4v-2h2zm0-4H4v-2h2zm0-4H4V9h2zm0-4H4V5h2zm4 12H8v-2h2zm0-4H8v-2h2zm0-4H8V9h2zm0-4H8V5h2zm10 12h-8v-2h2v-2h-2v-2h2v-2h-2V9h8zm-2-8h-2v2h2zm0 4h-2v2h2z"[39m
                    [36m/>[39m
                  [36m</svg>[39m
                  [0mCompany Information[0m
                [36m</h6>[39m
                [36m<div[39m
                  [33mclass[39m=[32m"MuiBox-root css-i3pbo"[39m
                [36m>[39m
                  [36m<p[39m
                    [33mclass[39m=[32m"MuiTypography-root MuiTypography-body2 css-kj4ytl-MuiTypography-root"[39m
                  [36m>[39m
                    [0mCompany Name[0m
                  [36m</p>[39m
                  [36m<p[39m
                    [33mclass[39m=[32m"MuiTypography-root MuiTypography-body1 css-rt9437-MuiTypography-root"[39m
                  [36m>[39m
                    [0mTech Corp[0m
                  [36m</p>[39m
                [36m</div>[39m
                [36m<div[39m
                  [33mclass[39m=[32m"MuiBox-root css-i3pbo"[39m
                [36m>[39m
                  [36m<div[39m
                    [33mclass[39m=[32m"MuiBox-root css-pcqfzb"[39m
                  [36m>[39m
                    [36m<p[39m
                      [33mclass[39m=[32m"MuiTypography-root MuiTypography-body2 css-1wle3ir-MuiTypography-root"[39m
                    [36m>[39m
                      [0mInvite Code[0m
                    [36m</p>[39m
                    [36m<div[39m
                      [33mclass[39m=[32m"MuiBox-root css-1utx3w7"[39m
                    [36m>[39m
                      [36m<button[39m
                        [33maria-label[39m=[32m"Regenerate invite code"[39m
                        [33mclass[39m=[32m"MuiButtonBase-root MuiIconButton-root MuiIconButton-sizeSmall css-ip1af5-MuiButtonBase-root-MuiIconButton-root"[39m
                   ...

Ignored nodes: comments, script, style
[36m<body>[39m
  [36m<div>[39m
    [36m<div[39m
      [33mclass[39m=[32m"MuiBox-root css-95pn59"[39m
    [36m>[39m
      [36m<div[39m
        [33mclass[39m=[32m"MuiBox-root css-kpkptg"[39m
      [36m>[39m
        [36m<div[39m
          [33mclass[39m=[32m"MuiContainer-root MuiContainer-maxWidthLg css-5c1adp-MuiContainer-root"[39m
        [36m>[39m
          [36m<div[39m
            [33mclass[39m=[32m"MuiBox-root css-69i1ev"[39m
          [36m>[39m
            [36m<div[39m
              [33mclass[39m=[32m"MuiBox-root css-18mzyok"[39m
            [36m>[39m
              [36m<button[39m
                [33mclass[39m=[32m"MuiButtonBase-root MuiIconButton-root MuiIconButton-sizeMedium css-j7dfm5-MuiButtonBase-root-MuiIconButton-root"[39m
                [33mtabindex[39m=[32m"0"[39m
                [33mtype[39m=[32m"button"[39m
              [36m>[39m
                [36m<svg[39m
                  [33maria-hidden[39m=[32m"true"[39m
                  [33mclass[39m=[32m"MuiSvgIcon-root MuiSvgIcon-fontSizeMedium css-1umw9bq-MuiSvgIcon-root"[39m
                  [33mdata-testid[39m=[32m"ArrowBackIcon"[39m
                  [33mfocusable[39m=[32m"false"[39m
                  [33mviewBox[39m=[32m"0 0 24 24"[39m
                [36m>[39m
                  [36m<path[39m
                    [33md[39m=[32m"M20 11H7.83l5.59-5.59L12 4l-8 8 8 8 1.41-1.41L7.83 13H20z"[39m
                  [36m/>[39m
                [36m</svg>[39m
              [36m</button>[39m
              [36m<svg[39m
                [33maria-hidden[39m=[32m"true"[39m
                [33mclass[39m=[32m"MuiSvgIcon-root MuiSvgIcon-fontSizeMedium css-19qoenp-MuiSvgIcon-root"[39m
                [33mdata-testid[39m=[32m"BusinessIcon"[39m
                [33mfocusable[39m=[32m"false"[39m
                [33mviewBox[39m=[32m"0 0 24 24"[39m
              [36m>[39m
                [36m<path[39m
                  [33md[39m=[32m"M12 7V3H2v18h20V7zM6 19H4v-2h2zm0-4H4v-2h2zm0-4H4V9h2zm0-4H4V5h2zm4 12H8v-2h2zm0-4H8v-2h2zm0-4H8V9h2zm0-4H8V5h2zm10 12h-8v-2h2v-2h-2v-2h2v-2h-2V9h8zm-2-8h-2v2h2zm0 4h-2v2h2z"[39m
                [36m/>[39m
              [36m</svg>[39m
              [36m<h4[39m
                [33mclass[39m=[32m"MuiTypography-root MuiTypography-h4 css-g2oqeu-MuiTypography-root"[39m
              [36m>[39m
                [0mTech Corp[0m
              [36m</h4>[39m
            [36m</div>[39m
            [36m<div[39m
              [33mclass[39m=[32m"MuiBox-root css-j0ozid"[39m
            [36m>[39m
              [36m<button[39m
                [33mclass[39m=[32m"MuiButtonBase-root MuiIconButton-root MuiIconButton-sizeMedium css-53g0n7-MuiButtonBase-root-MuiIconButton-root"[39m
                [33mtabindex[39m=[32m"0"[39m
                [33mtype[39m=[32m"button"[39m
              [36m>[39m
                [36m<div[39m
                  [33mclass[39m=[32m"MuiAvatar-root MuiAvatar-circular MuiAvatar-colorDefault css-kdbbge-MuiAvatar-root"[39m
                [36m>[39m
                  [0mU[0m
                [36m</div>[39m
              [36m</button>[39m
            [36m</div>[39m
          [36m</div>[39m
        [36m</div>[39m
      [36m</div>[39m
      [36m<div[39m
        [33mclass[39m=[32m"MuiContainer-root MuiContainer-maxWidthLg css-xsov46-MuiContainer-root"[39m
      [36m>[39m
        [36m<div[39m
          [33mclass[39m=[32m"MuiGrid-root MuiGrid-container MuiGrid-direction-xs-row MuiGrid-spacing-xs-3 css-1u8xl8z-MuiGrid-root"[39m
        [36m>[39m
          [36m<div[39m
            [33mclass[39m=[32m"MuiGrid-root MuiGrid-direction-xs-row MuiGrid-grid-xs-12 MuiGrid-grid-md-6 css-204a8q-MuiGrid-root"[39m
          [36m>[39m
            [36m<div[39m
              [33mclass[39m=[32m"MuiPaper-root MuiPaper-elevation MuiPaper-rounded MuiPaper-elevation1 MuiCard-root css-uuwznv-MuiPaper-root-MuiCard-root"[39m
              [33mstyle[39m=[32m"--Paper-shadow: 0px 2px 1px -1px rgba(0,0,0,0.2),0px 1px 1px 0px rgba(0,0,0,0.14),0px 1px 3px 0px rgba(0,0,0,0.12);"[39m
            [36m>[39m
              [36m<div[39m
                [33mclass[39m=[32m"MuiCardContent-root css-j4isg9-MuiCardContent-root"[39m
              [36m>[39m
                [36m<h6[39m
                  [33mclass[39m=[32m"MuiTypography-root MuiTypography-h6 css-1azse-MuiTypography-root"[39m
                [36m>[39m
                  [36m<svg[39m
                    [33maria-hidden[39m=[32m"true"[39m
                    [33mclass[39m=[32m"MuiSvgIcon-root MuiSvgIcon-fontSizeMedium css-zbvgrk-MuiSvgIcon-root"[39m
                    [33mdata-testid[39m=[32m"BusinessIcon"[39m
                    [33mfocusable[39m=[32m"false"[39m
                    [33mviewBox[39m=[32m"0 0 24 24"[39m
                  [36m>[39m
                    [36m<path[39m
                      [33md[39m=[32m"M12 7V3H2v18h20V7zM6 19H4v-2h2zm0-4H4v-2h2zm0-4H4V9h2zm0-4H4V5h2zm4 12H8v-2h2zm0-4H8v-2h2zm0-4H8V9h2zm0-4H8V5h2zm10 12h-8v-2h2v-2h-2v-2h2v-2h-2V9h8zm-2-8h-2v2h2zm0 4h-2v2h2z"[39m
                    [36m/>[39m
                  [36m</svg>[39m
                  [0mCompany Information[0m
                [36m</h6>[39m
                [36m<div[39m
                  [33mclass[39m=[32m"MuiBox-root css-i3pbo"[39m
                [36m>[39m
                  [36m<p[39m
                    [33mclass[39m=[32m"MuiTypography-root MuiTypography-body2 css-kj4ytl-MuiTypography-root"[39m
                  [36m>[39m
                    [0mCompany Name[0m
                  [36m</p>[39m
                  [36m<p[39m
                    [33mclass[39m=[32m"MuiTypography-root MuiTypography-body1 css-rt9437-MuiTypography-root"[39m
                  [36m>[39m
                    [0mTech Corp[0m
                  [36m</p>[39m
                [36m</div>[39m
                [36m<div[39m
                  [33mclass[39m=[32m"MuiBox-root css-i3pbo"[39m
                [36m>[39m
                  [36m<div[39m
                    [33mclass[39m=[32m"MuiBox-root css-pcqfzb"[39m
                  [36m>[39m
                    [36m<p[39m
                      [33mclass[39m=[32m"MuiTypography-root MuiTypography-body2 css-1wle3ir-MuiTypography-root"[39m
                    [36m>[39m
                      [0mInvite Code[0m
                    [36m</p>[39m
                    [36m<div[39m
                      [33mclass[39m=[32m"MuiBox-root css-1utx3w7"[39m
                    [36m>[39m
                      [36m<button[39m
                        [33maria-label[39m=[32m"Regenerate invite code"[39m
                        [33mclass[39m=[32m"MuiButtonBase-root MuiIconButton-root MuiIconButton-sizeSmall css-ip1af5-MuiButtonBase-root-MuiIconButton-root"[39m
                   ...
[90m [2m❯[22m waitForWrapper node_modules/@testing-library/dom/dist/wait-for.js:[2m163:27[22m[39m
[90m [2m❯[22m findByText node_modules/@testing-library/dom/dist/query-helpers.js:[2m86:33[22m[39m
[36m [2m❯[22m src/pages/__tests__/Company.test.tsx:[2m178:25[22m[39m
    [90m176| [39m  [34mit[39m([32m"displays company name after loading"[39m[33m,[39m [35masync[39m () [33m=>[39m {
    [90m177| [39m    [34mrenderComp[39m()[33m;[39m
    [90m178| [39m    expect(await screen.findByText(/Tech Corp/i, {}, { timeout: 3000 }…
    [90m   | [39m                        [31m^[39m
    [90m179| [39m  })[33m;[39m
    [90m180| [39m

[31m[2m⎯⎯⎯⎯⎯⎯⎯⎯⎯⎯⎯⎯⎯⎯⎯⎯⎯⎯⎯⎯⎯⎯[19/33]⎯[22m[39m

[41m[1m FAIL [22m[49m src/pages/__tests__/Company.test.tsx[2m > [22mCompany[2m > [22mopens add job dialog
[31m[1mTestingLibraryElementError[22m[39m: Found multiple elements with the text: /Tech Corp/i

Here are the matching elements:

Ignored nodes: comments, script, style
[36m<h4[39m
  [33mclass[39m=[32m"MuiTypography-root MuiTypography-h4 css-g2oqeu-MuiTypography-root"[39m
[36m>[39m
  [0mTech Corp[0m
[36m</h4>[39m

Ignored nodes: comments, script, style
[36m<p[39m
  [33mclass[39m=[32m"MuiTypography-root MuiTypography-body1 css-rt9437-MuiTypography-root"[39m
[36m>[39m
  [0mTech Corp[0m
[36m</p>[39m

(If this is intentional, then use the `*AllBy*` variant of the query (like `queryAllByText`, `getAllByText`, or `findAllByText`)).

Ignored nodes: comments, script, style
[36m<body[39m
  [33mstyle[39m=[32m""[39m
[36m>[39m
  [36m<div>[39m
    [36m<div[39m
      [33mclass[39m=[32m"MuiBox-root css-95pn59"[39m
    [36m>[39m
      [36m<div[39m
        [33mclass[39m=[32m"MuiBox-root css-kpkptg"[39m
      [36m>[39m
        [36m<div[39m
          [33mclass[39m=[32m"MuiContainer-root MuiContainer-maxWidthLg css-5c1adp-MuiContainer-root"[39m
        [36m>[39m
          [36m<div[39m
            [33mclass[39m=[32m"MuiBox-root css-69i1ev"[39m
          [36m>[39m
            [36m<div[39m
              [33mclass[39m=[32m"MuiBox-root css-18mzyok"[39m
            [36m>[39m
              [36m<button[39m
                [33mclass[39m=[32m"MuiButtonBase-root MuiIconButton-root MuiIconButton-sizeMedium css-j7dfm5-MuiButtonBase-root-MuiIconButton-root"[39m
                [33mtabindex[39m=[32m"0"[39m
                [33mtype[39m=[32m"button"[39m
              [36m>[39m
                [36m<svg[39m
                  [33maria-hidden[39m=[32m"true"[39m
                  [33mclass[39m=[32m"MuiSvgIcon-root MuiSvgIcon-fontSizeMedium css-1umw9bq-MuiSvgIcon-root"[39m
                  [33mdata-testid[39m=[32m"ArrowBackIcon"[39m
                  [33mfocusable[39m=[32m"false"[39m
                  [33mviewBox[39m=[32m"0 0 24 24"[39m
                [36m>[39m
                  [36m<path[39m
                    [33md[39m=[32m"M20 11H7.83l5.59-5.59L12 4l-8 8 8 8 1.41-1.41L7.83 13H20z"[39m
                  [36m/>[39m
                [36m</svg>[39m
              [36m</button>[39m
              [36m<svg[39m
                [33maria-hidden[39m=[32m"true"[39m
                [33mclass[39m=[32m"MuiSvgIcon-root MuiSvgIcon-fontSizeMedium css-19qoenp-MuiSvgIcon-root"[39m
                [33mdata-testid[39m=[32m"BusinessIcon"[39m
                [33mfocusable[39m=[32m"false"[39m
                [33mviewBox[39m=[32m"0 0 24 24"[39m
              [36m>[39m
                [36m<path[39m
                  [33md[39m=[32m"M12 7V3H2v18h20V7zM6 19H4v-2h2zm0-4H4v-2h2zm0-4H4V9h2zm0-4H4V5h2zm4 12H8v-2h2zm0-4H8v-2h2zm0-4H8V9h2zm0-4H8V5h2zm10 12h-8v-2h2v-2h-2v-2h2v-2h-2V9h8zm-2-8h-2v2h2zm0 4h-2v2h2z"[39m
                [36m/>[39m
              [36m</svg>[39m
              [36m<h4[39m
                [33mclass[39m=[32m"MuiTypography-root MuiTypography-h4 css-g2oqeu-MuiTypography-root"[39m
              [36m>[39m
                [0mTech Corp[0m
              [36m</h4>[39m
            [36m</div>[39m
            [36m<div[39m
              [33mclass[39m=[32m"MuiBox-root css-j0ozid"[39m
            [36m>[39m
              [36m<button[39m
                [33mclass[39m=[32m"MuiButtonBase-root MuiIconButton-root MuiIconButton-sizeMedium css-53g0n7-MuiButtonBase-root-MuiIconButton-root"[39m
                [33mtabindex[39m=[32m"0"[39m
                [33mtype[39m=[32m"button"[39m
              [36m>[39m
                [36m<div[39m
                  [33mclass[39m=[32m"MuiAvatar-root MuiAvatar-circular MuiAvatar-colorDefault css-kdbbge-MuiAvatar-root"[39m
                [36m>[39m
                  [0mU[0m
                [36m</div>[39m
              [36m</button>[39m
            [36m</div>[39m
          [36m</div>[39m
        [36m</div>[39m
      [36m</div>[39m
      [36m<div[39m
        [33mclass[39m=[32m"MuiContainer-root MuiContainer-maxWidthLg css-xsov46-MuiContainer-root"[39m
      [36m>[39m
        [36m<div[39m
          [33mclass[39m=[32m"MuiGrid-root MuiGrid-container MuiGrid-direction-xs-row MuiGrid-spacing-xs-3 css-1u8xl8z-MuiGrid-root"[39m
        [36m>[39m
          [36m<div[39m
            [33mclass[39m=[32m"MuiGrid-root MuiGrid-direction-xs-row MuiGrid-grid-xs-12 MuiGrid-grid-md-6 css-204a8q-MuiGrid-root"[39m
          [36m>[39m
            [36m<div[39m
              [33mclass[39m=[32m"MuiPaper-root MuiPaper-elevation MuiPaper-rounded MuiPaper-elevation1 MuiCard-root css-uuwznv-MuiPaper-root-MuiCard-root"[39m
              [33mstyle[39m=[32m"--Paper-shadow: 0px 2px 1px -1px rgba(0,0,0,0.2),0px 1px 1px 0px rgba(0,0,0,0.14),0px 1px 3px 0px rgba(0,0,0,0.12);"[39m
            [36m>[39m
              [36m<div[39m
                [33mclass[39m=[32m"MuiCardContent-root css-j4isg9-MuiCardContent-root"[39m
              [36m>[39m
                [36m<h6[39m
                  [33mclass[39m=[32m"MuiTypography-root MuiTypography-h6 css-1azse-MuiTypography-root"[39m
                [36m>[39m
                  [36m<svg[39m
                    [33maria-hidden[39m=[32m"true"[39m
                    [33mclass[39m=[32m"MuiSvgIcon-root MuiSvgIcon-fontSizeMedium css-zbvgrk-MuiSvgIcon-root"[39m
                    [33mdata-testid[39m=[32m"BusinessIcon"[39m
                    [33mfocusable[39m=[32m"false"[39m
                    [33mviewBox[39m=[32m"0 0 24 24"[39m
                  [36m>[39m
                    [36m<path[39m
                      [33md[39m=[32m"M12 7V3H2v18h20V7zM6 19H4v-2h2zm0-4H4v-2h2zm0-4H4V9h2zm0-4H4V5h2zm4 12H8v-2h2zm0-4H8v-2h2zm0-4H8V9h2zm0-4H8V5h2zm10 12h-8v-2h2v-2h-2v-2h2v-2h-2V9h8zm-2-8h-2v2h2zm0 4h-2v2h2z"[39m
                    [36m/>[39m
                  [36m</svg>[39m
                  [0mCompany Information[0m
                [36m</h6>[39m
                [36m<div[39m
                  [33mclass[39m=[32m"MuiBox-root css-i3pbo"[39m
                [36m>[39m
                  [36m<p[39m
                    [33mclass[39m=[32m"MuiTypography-root MuiTypography-body2 css-kj4ytl-MuiTypography-root"[39m
                  [36m>[39m
                    [0mCompany Name[0m
                  [36m</p>[39m
                  [36m<p[39m
                    [33mclass[39m=[32m"MuiTypography-root MuiTypography-body1 css-rt9437-MuiTypography-root"[39m
                  [36m>[39m
                    [0mTech Corp[0m
                  [36m</p>[39m
                [36m</div>[39m
                [36m<div[39m
                  [33mclass[39m=[32m"MuiBox-root css-i3pbo"[39m
                [36m>[39m
                  [36m<div[39m
                    [33mclass[39m=[32m"MuiBox-root css-pcqfzb"[39m
                  [36m>[39m
                    [36m<p[39m
                      [33mclass[39m=[32m"MuiTypography-root MuiTypography-body2 css-1wle3ir-MuiTypography-root"[39m
                    [36m>[39m
                      [0mInvite Code[0m
                    [36m</p>[39m
                    [36m<div[39m
                      [33mclass[39m=[32m"MuiBox-root css-1utx3w7"[39m
                    [36m>[39m
                      [36m<button[39m
                        [33maria-label[39m=[32m"Regenerate invite code"[39m
                        [33mclass[39m=[32m"MuiButtonBase-root MuiIconButton-root MuiIconButton-sizeSmall css-ip1af5-MuiButtonBase-root-Mu...

Ignored nodes: comments, script, style
[36m<body[39m
  [33mstyle[39m=[32m""[39m
[36m>[39m
  [36m<div>[39m
    [36m<div[39m
      [33mclass[39m=[32m"MuiBox-root css-95pn59"[39m
    [36m>[39m
      [36m<div[39m
        [33mclass[39m=[32m"MuiBox-root css-kpkptg"[39m
      [36m>[39m
        [36m<div[39m
          [33mclass[39m=[32m"MuiContainer-root MuiContainer-maxWidthLg css-5c1adp-MuiContainer-root"[39m
        [36m>[39m
          [36m<div[39m
            [33mclass[39m=[32m"MuiBox-root css-69i1ev"[39m
          [36m>[39m
            [36m<div[39m
              [33mclass[39m=[32m"MuiBox-root css-18mzyok"[39m
            [36m>[39m
              [36m<button[39m
                [33mclass[39m=[32m"MuiButtonBase-root MuiIconButton-root MuiIconButton-sizeMedium css-j7dfm5-MuiButtonBase-root-MuiIconButton-root"[39m
                [33mtabindex[39m=[32m"0"[39m
                [33mtype[39m=[32m"button"[39m
              [36m>[39m
                [36m<svg[39m
                  [33maria-hidden[39m=[32m"true"[39m
                  [33mclass[39m=[32m"MuiSvgIcon-root MuiSvgIcon-fontSizeMedium css-1umw9bq-MuiSvgIcon-root"[39m
                  [33mdata-testid[39m=[32m"ArrowBackIcon"[39m
                  [33mfocusable[39m=[32m"false"[39m
                  [33mviewBox[39m=[32m"0 0 24 24"[39m
                [36m>[39m
                  [36m<path[39m
                    [33md[39m=[32m"M20 11H7.83l5.59-5.59L12 4l-8 8 8 8 1.41-1.41L7.83 13H20z"[39m
                  [36m/>[39m
                [36m</svg>[39m
              [36m</button>[39m
              [36m<svg[39m
                [33maria-hidden[39m=[32m"true"[39m
                [33mclass[39m=[32m"MuiSvgIcon-root MuiSvgIcon-fontSizeMedium css-19qoenp-MuiSvgIcon-root"[39m
                [33mdata-testid[39m=[32m"BusinessIcon"[39m
                [33mfocusable[39m=[32m"false"[39m
                [33mviewBox[39m=[32m"0 0 24 24"[39m
              [36m>[39m
                [36m<path[39m
                  [33md[39m=[32m"M12 7V3H2v18h20V7zM6 19H4v-2h2zm0-4H4v-2h2zm0-4H4V9h2zm0-4H4V5h2zm4 12H8v-2h2zm0-4H8v-2h2zm0-4H8V9h2zm0-4H8V5h2zm10 12h-8v-2h2v-2h-2v-2h2v-2h-2V9h8zm-2-8h-2v2h2zm0 4h-2v2h2z"[39m
                [36m/>[39m
              [36m</svg>[39m
              [36m<h4[39m
                [33mclass[39m=[32m"MuiTypography-root MuiTypography-h4 css-g2oqeu-MuiTypography-root"[39m
              [36m>[39m
                [0mTech Corp[0m
              [36m</h4>[39m
            [36m</div>[39m
            [36m<div[39m
              [33mclass[39m=[32m"MuiBox-root css-j0ozid"[39m
            [36m>[39m
              [36m<button[39m
                [33mclass[39m=[32m"MuiButtonBase-root MuiIconButton-root MuiIconButton-sizeMedium css-53g0n7-MuiButtonBase-root-MuiIconButton-root"[39m
                [33mtabindex[39m=[32m"0"[39m
                [33mtype[39m=[32m"button"[39m
              [36m>[39m
                [36m<div[39m
                  [33mclass[39m=[32m"MuiAvatar-root MuiAvatar-circular MuiAvatar-colorDefault css-kdbbge-MuiAvatar-root"[39m
                [36m>[39m
                  [0mU[0m
                [36m</div>[39m
              [36m</button>[39m
            [36m</div>[39m
          [36m</div>[39m
        [36m</div>[39m
      [36m</div>[39m
      [36m<div[39m
        [33mclass[39m=[32m"MuiContainer-root MuiContainer-maxWidthLg css-xsov46-MuiContainer-root"[39m
      [36m>[39m
        [36m<div[39m
          [33mclass[39m=[32m"MuiGrid-root MuiGrid-container MuiGrid-direction-xs-row MuiGrid-spacing-xs-3 css-1u8xl8z-MuiGrid-root"[39m
        [36m>[39m
          [36m<div[39m
            [33mclass[39m=[32m"MuiGrid-root MuiGrid-direction-xs-row MuiGrid-grid-xs-12 MuiGrid-grid-md-6 css-204a8q-MuiGrid-root"[39m
          [36m>[39m
            [36m<div[39m
              [33mclass[39m=[32m"MuiPaper-root MuiPaper-elevation MuiPaper-rounded MuiPaper-elevation1 MuiCard-root css-uuwznv-MuiPaper-root-MuiCard-root"[39m
              [33mstyle[39m=[32m"--Paper-shadow: 0px 2px 1px -1px rgba(0,0,0,0.2),0px 1px 1px 0px rgba(0,0,0,0.14),0px 1px 3px 0px rgba(0,0,0,0.12);"[39m
            [36m>[39m
              [36m<div[39m
                [33mclass[39m=[32m"MuiCardContent-root css-j4isg9-MuiCardContent-root"[39m
              [36m>[39m
                [36m<h6[39m
                  [33mclass[39m=[32m"MuiTypography-root MuiTypography-h6 css-1azse-MuiTypography-root"[39m
                [36m>[39m
                  [36m<svg[39m
                    [33maria-hidden[39m=[32m"true"[39m
                    [33mclass[39m=[32m"MuiSvgIcon-root MuiSvgIcon-fontSizeMedium css-zbvgrk-MuiSvgIcon-root"[39m
                    [33mdata-testid[39m=[32m"BusinessIcon"[39m
                    [33mfocusable[39m=[32m"false"[39m
                    [33mviewBox[39m=[32m"0 0 24 24"[39m
                  [36m>[39m
                    [36m<path[39m
                      [33md[39m=[32m"M12 7V3H2v18h20V7zM6 19H4v-2h2zm0-4H4v-2h2zm0-4H4V9h2zm0-4H4V5h2zm4 12H8v-2h2zm0-4H8v-2h2zm0-4H8V9h2zm0-4H8V5h2zm10 12h-8v-2h2v-2h-2v-2h2v-2h-2V9h8zm-2-8h-2v2h2zm0 4h-2v2h2z"[39m
                    [36m/>[39m
                  [36m</svg>[39m
                  [0mCompany Information[0m
                [36m</h6>[39m
                [36m<div[39m
                  [33mclass[39m=[32m"MuiBox-root css-i3pbo"[39m
                [36m>[39m
                  [36m<p[39m
                    [33mclass[39m=[32m"MuiTypography-root MuiTypography-body2 css-kj4ytl-MuiTypography-root"[39m
                  [36m>[39m
                    [0mCompany Name[0m
                  [36m</p>[39m
                  [36m<p[39m
                    [33mclass[39m=[32m"MuiTypography-root MuiTypography-body1 css-rt9437-MuiTypography-root"[39m
                  [36m>[39m
                    [0mTech Corp[0m
                  [36m</p>[39m
                [36m</div>[39m
                [36m<div[39m
                  [33mclass[39m=[32m"MuiBox-root css-i3pbo"[39m
                [36m>[39m
                  [36m<div[39m
                    [33mclass[39m=[32m"MuiBox-root css-pcqfzb"[39m
                  [36m>[39m
                    [36m<p[39m
                      [33mclass[39m=[32m"MuiTypography-root MuiTypography-body2 css-1wle3ir-MuiTypography-root"[39m
                    [36m>[39m
                      [0mInvite Code[0m
                    [36m</p>[39m
                    [36m<div[39m
                      [33mclass[39m=[32m"MuiBox-root css-1utx3w7"[39m
                    [36m>[39m
                      [36m<button[39m
                        [33maria-label[39m=[32m"Regenerate invite code"[39m
                        [33mclass[39m=[32m"MuiButtonBase-root MuiIconButton-root MuiIconButton-sizeSmall css-ip1af5-MuiButtonBase-root-Mu...
[90m [2m❯[22m waitForWrapper node_modules/@testing-library/dom/dist/wait-for.js:[2m163:27[22m[39m
[90m [2m❯[22m findByText node_modules/@testing-library/dom/dist/query-helpers.js:[2m86:33[22m[39m
[36m [2m❯[22m src/pages/__tests__/Company.test.tsx:[2m314:18[22m[39m
    [90m312| [39m    [35mconst[39m user [33m=[39m userEvent[33m.[39m[34msetup[39m()[33m;[39m
    [90m313| [39m    [34mrenderComp[39m()[33m;[39m
    [90m314| [39m    [35mawait[39m screen[33m.[39m[34mfindByText[39m([36m/Tech Corp/i[39m[33m,[39m {}[33m,[39m { timeout[33m:[39m [34m3000[39m })[33m;[39m
    [90m   | [39m                 [31m^[39m
    [90m315| [39m
    [90m316| [39m    const addButtons = screen.queryAllByRole("button").filter(b => b.t…

[31m[2m⎯⎯⎯⎯⎯⎯⎯⎯⎯⎯⎯⎯⎯⎯⎯⎯⎯⎯⎯⎯⎯⎯[20/33]⎯[22m[39m

[41m[1m FAIL [22m[49m src/pages/__tests__/Company.test.tsx[2m > [22mCompany[2m > [22mcreates new job
[31m[1mTestingLibraryElementError[22m[39m: Found multiple elements with the text: /Tech Corp/i

Here are the matching elements:

Ignored nodes: comments, script, style
[36m<h4[39m
  [33mclass[39m=[32m"MuiTypography-root MuiTypography-h4 css-g2oqeu-MuiTypography-root"[39m
[36m>[39m
  [0mTech Corp[0m
[36m</h4>[39m

Ignored nodes: comments, script, style
[36m<p[39m
  [33mclass[39m=[32m"MuiTypography-root MuiTypography-body1 css-rt9437-MuiTypography-root"[39m
[36m>[39m
  [0mTech Corp[0m
[36m</p>[39m

(If this is intentional, then use the `*AllBy*` variant of the query (like `queryAllByText`, `getAllByText`, or `findAllByText`)).

Ignored nodes: comments, script, style
[36m<body[39m
  [33mstyle[39m=[32m""[39m
[36m>[39m
  [36m<div>[39m
    [36m<div[39m
      [33mclass[39m=[32m"MuiBox-root css-95pn59"[39m
    [36m>[39m
      [36m<div[39m
        [33mclass[39m=[32m"MuiBox-root css-kpkptg"[39m
      [36m>[39m
        [36m<div[39m
          [33mclass[39m=[32m"MuiContainer-root MuiContainer-maxWidthLg css-5c1adp-MuiContainer-root"[39m
        [36m>[39m
          [36m<div[39m
            [33mclass[39m=[32m"MuiBox-root css-69i1ev"[39m
          [36m>[39m
            [36m<div[39m
              [33mclass[39m=[32m"MuiBox-root css-18mzyok"[39m
            [36m>[39m
              [36m<button[39m
                [33mclass[39m=[32m"MuiButtonBase-root MuiIconButton-root MuiIconButton-sizeMedium css-j7dfm5-MuiButtonBase-root-MuiIconButton-root"[39m
                [33mtabindex[39m=[32m"0"[39m
                [33mtype[39m=[32m"button"[39m
              [36m>[39m
                [36m<svg[39m
                  [33maria-hidden[39m=[32m"true"[39m
                  [33mclass[39m=[32m"MuiSvgIcon-root MuiSvgIcon-fontSizeMedium css-1umw9bq-MuiSvgIcon-root"[39m
                  [33mdata-testid[39m=[32m"ArrowBackIcon"[39m
                  [33mfocusable[39m=[32m"false"[39m
                  [33mviewBox[39m=[32m"0 0 24 24"[39m
                [36m>[39m
                  [36m<path[39m
                    [33md[39m=[32m"M20 11H7.83l5.59-5.59L12 4l-8 8 8 8 1.41-1.41L7.83 13H20z"[39m
                  [36m/>[39m
                [36m</svg>[39m
              [36m</button>[39m
              [36m<svg[39m
                [33maria-hidden[39m=[32m"true"[39m
                [33mclass[39m=[32m"MuiSvgIcon-root MuiSvgIcon-fontSizeMedium css-19qoenp-MuiSvgIcon-root"[39m
                [33mdata-testid[39m=[32m"BusinessIcon"[39m
                [33mfocusable[39m=[32m"false"[39m
                [33mviewBox[39m=[32m"0 0 24 24"[39m
              [36m>[39m
                [36m<path[39m
                  [33md[39m=[32m"M12 7V3H2v18h20V7zM6 19H4v-2h2zm0-4H4v-2h2zm0-4H4V9h2zm0-4H4V5h2zm4 12H8v-2h2zm0-4H8v-2h2zm0-4H8V9h2zm0-4H8V5h2zm10 12h-8v-2h2v-2h-2v-2h2v-2h-2V9h8zm-2-8h-2v2h2zm0 4h-2v2h2z"[39m
                [36m/>[39m
              [36m</svg>[39m
              [36m<h4[39m
                [33mclass[39m=[32m"MuiTypography-root MuiTypography-h4 css-g2oqeu-MuiTypography-root"[39m
              [36m>[39m
                [0mTech Corp[0m
              [36m</h4>[39m
            [36m</div>[39m
            [36m<div[39m
              [33mclass[39m=[32m"MuiBox-root css-j0ozid"[39m
            [36m>[39m
              [36m<button[39m
                [33mclass[39m=[32m"MuiButtonBase-root MuiIconButton-root MuiIconButton-sizeMedium css-53g0n7-MuiButtonBase-root-MuiIconButton-root"[39m
                [33mtabindex[39m=[32m"0"[39m
                [33mtype[39m=[32m"button"[39m
              [36m>[39m
                [36m<div[39m
                  [33mclass[39m=[32m"MuiAvatar-root MuiAvatar-circular MuiAvatar-colorDefault css-kdbbge-MuiAvatar-root"[39m
                [36m>[39m
                  [0mU[0m
                [36m</div>[39m
              [36m</button>[39m
            [36m</div>[39m
          [36m</div>[39m
        [36m</div>[39m
      [36m</div>[39m
      [36m<div[39m
        [33mclass[39m=[32m"MuiContainer-root MuiContainer-maxWidthLg css-xsov46-MuiContainer-root"[39m
      [36m>[39m
        [36m<div[39m
          [33mclass[39m=[32m"MuiGrid-root MuiGrid-container MuiGrid-direction-xs-row MuiGrid-spacing-xs-3 css-1u8xl8z-MuiGrid-root"[39m
        [36m>[39m
          [36m<div[39m
            [33mclass[39m=[32m"MuiGrid-root MuiGrid-direction-xs-row MuiGrid-grid-xs-12 MuiGrid-grid-md-6 css-204a8q-MuiGrid-root"[39m
          [36m>[39m
            [36m<div[39m
              [33mclass[39m=[32m"MuiPaper-root MuiPaper-elevation MuiPaper-rounded MuiPaper-elevation1 MuiCard-root css-uuwznv-MuiPaper-root-MuiCard-root"[39m
              [33mstyle[39m=[32m"--Paper-shadow: 0px 2px 1px -1px rgba(0,0,0,0.2),0px 1px 1px 0px rgba(0,0,0,0.14),0px 1px 3px 0px rgba(0,0,0,0.12);"[39m
            [36m>[39m
              [36m<div[39m
                [33mclass[39m=[32m"MuiCardContent-root css-j4isg9-MuiCardContent-root"[39m
              [36m>[39m
                [36m<h6[39m
                  [33mclass[39m=[32m"MuiTypography-root MuiTypography-h6 css-1azse-MuiTypography-root"[39m
                [36m>[39m
                  [36m<svg[39m
                    [33maria-hidden[39m=[32m"true"[39m
                    [33mclass[39m=[32m"MuiSvgIcon-root MuiSvgIcon-fontSizeMedium css-zbvgrk-MuiSvgIcon-root"[39m
                    [33mdata-testid[39m=[32m"BusinessIcon"[39m
                    [33mfocusable[39m=[32m"false"[39m
                    [33mviewBox[39m=[32m"0 0 24 24"[39m
                  [36m>[39m
                    [36m<path[39m
                      [33md[39m=[32m"M12 7V3H2v18h20V7zM6 19H4v-2h2zm0-4H4v-2h2zm0-4H4V9h2zm0-4H4V5h2zm4 12H8v-2h2zm0-4H8v-2h2zm0-4H8V9h2zm0-4H8V5h2zm10 12h-8v-2h2v-2h-2v-2h2v-2h-2V9h8zm-2-8h-2v2h2zm0 4h-2v2h2z"[39m
                    [36m/>[39m
                  [36m</svg>[39m
                  [0mCompany Information[0m
                [36m</h6>[39m
                [36m<div[39m
                  [33mclass[39m=[32m"MuiBox-root css-i3pbo"[39m
                [36m>[39m
                  [36m<p[39m
                    [33mclass[39m=[32m"MuiTypography-root MuiTypography-body2 css-kj4ytl-MuiTypography-root"[39m
                  [36m>[39m
                    [0mCompany Name[0m
                  [36m</p>[39m
                  [36m<p[39m
                    [33mclass[39m=[32m"MuiTypography-root MuiTypography-body1 css-rt9437-MuiTypography-root"[39m
                  [36m>[39m
                    [0mTech Corp[0m
                  [36m</p>[39m
                [36m</div>[39m
                [36m<div[39m
                  [33mclass[39m=[32m"MuiBox-root css-i3pbo"[39m
                [36m>[39m
                  [36m<div[39m
                    [33mclass[39m=[32m"MuiBox-root css-pcqfzb"[39m
                  [36m>[39m
                    [36m<p[39m
                      [33mclass[39m=[32m"MuiTypography-root MuiTypography-body2 css-1wle3ir-MuiTypography-root"[39m
                    [36m>[39m
                      [0mInvite Code[0m
                    [36m</p>[39m
                    [36m<div[39m
                      [33mclass[39m=[32m"MuiBox-root css-1utx3w7"[39m
                    [36m>[39m
                      [36m<button[39m
                        [33maria-label[39m=[32m"Regenerate invite code"[39m
                        [33mclass[39m=[32m"MuiButtonBase-root MuiIconButton-root MuiIconButton-sizeSmall css-ip1af5-MuiButtonBase-root-Mu...

Ignored nodes: comments, script, style
[36m<body[39m
  [33mstyle[39m=[32m""[39m
[36m>[39m
  [36m<div>[39m
    [36m<div[39m
      [33mclass[39m=[32m"MuiBox-root css-95pn59"[39m
    [36m>[39m
      [36m<div[39m
        [33mclass[39m=[32m"MuiBox-root css-kpkptg"[39m
      [36m>[39m
        [36m<div[39m
          [33mclass[39m=[32m"MuiContainer-root MuiContainer-maxWidthLg css-5c1adp-MuiContainer-root"[39m
        [36m>[39m
          [36m<div[39m
            [33mclass[39m=[32m"MuiBox-root css-69i1ev"[39m
          [36m>[39m
            [36m<div[39m
              [33mclass[39m=[32m"MuiBox-root css-18mzyok"[39m
            [36m>[39m
              [36m<button[39m
                [33mclass[39m=[32m"MuiButtonBase-root MuiIconButton-root MuiIconButton-sizeMedium css-j7dfm5-MuiButtonBase-root-MuiIconButton-root"[39m
                [33mtabindex[39m=[32m"0"[39m
                [33mtype[39m=[32m"button"[39m
              [36m>[39m
                [36m<svg[39m
                  [33maria-hidden[39m=[32m"true"[39m
                  [33mclass[39m=[32m"MuiSvgIcon-root MuiSvgIcon-fontSizeMedium css-1umw9bq-MuiSvgIcon-root"[39m
                  [33mdata-testid[39m=[32m"ArrowBackIcon"[39m
                  [33mfocusable[39m=[32m"false"[39m
                  [33mviewBox[39m=[32m"0 0 24 24"[39m
                [36m>[39m
                  [36m<path[39m
                    [33md[39m=[32m"M20 11H7.83l5.59-5.59L12 4l-8 8 8 8 1.41-1.41L7.83 13H20z"[39m
                  [36m/>[39m
                [36m</svg>[39m
              [36m</button>[39m
              [36m<svg[39m
                [33maria-hidden[39m=[32m"true"[39m
                [33mclass[39m=[32m"MuiSvgIcon-root MuiSvgIcon-fontSizeMedium css-19qoenp-MuiSvgIcon-root"[39m
                [33mdata-testid[39m=[32m"BusinessIcon"[39m
                [33mfocusable[39m=[32m"false"[39m
                [33mviewBox[39m=[32m"0 0 24 24"[39m
              [36m>[39m
                [36m<path[39m
                  [33md[39m=[32m"M12 7V3H2v18h20V7zM6 19H4v-2h2zm0-4H4v-2h2zm0-4H4V9h2zm0-4H4V5h2zm4 12H8v-2h2zm0-4H8v-2h2zm0-4H8V9h2zm0-4H8V5h2zm10 12h-8v-2h2v-2h-2v-2h2v-2h-2V9h8zm-2-8h-2v2h2zm0 4h-2v2h2z"[39m
                [36m/>[39m
              [36m</svg>[39m
              [36m<h4[39m
                [33mclass[39m=[32m"MuiTypography-root MuiTypography-h4 css-g2oqeu-MuiTypography-root"[39m
              [36m>[39m
                [0mTech Corp[0m
              [36m</h4>[39m
            [36m</div>[39m
            [36m<div[39m
              [33mclass[39m=[32m"MuiBox-root css-j0ozid"[39m
            [36m>[39m
              [36m<button[39m
                [33mclass[39m=[32m"MuiButtonBase-root MuiIconButton-root MuiIconButton-sizeMedium css-53g0n7-MuiButtonBase-root-MuiIconButton-root"[39m
                [33mtabindex[39m=[32m"0"[39m
                [33mtype[39m=[32m"button"[39m
              [36m>[39m
                [36m<div[39m
                  [33mclass[39m=[32m"MuiAvatar-root MuiAvatar-circular MuiAvatar-colorDefault css-kdbbge-MuiAvatar-root"[39m
                [36m>[39m
                  [0mU[0m
                [36m</div>[39m
              [36m</button>[39m
            [36m</div>[39m
          [36m</div>[39m
        [36m</div>[39m
      [36m</div>[39m
      [36m<div[39m
        [33mclass[39m=[32m"MuiContainer-root MuiContainer-maxWidthLg css-xsov46-MuiContainer-root"[39m
      [36m>[39m
        [36m<div[39m
          [33mclass[39m=[32m"MuiGrid-root MuiGrid-container MuiGrid-direction-xs-row MuiGrid-spacing-xs-3 css-1u8xl8z-MuiGrid-root"[39m
        [36m>[39m
          [36m<div[39m
            [33mclass[39m=[32m"MuiGrid-root MuiGrid-direction-xs-row MuiGrid-grid-xs-12 MuiGrid-grid-md-6 css-204a8q-MuiGrid-root"[39m
          [36m>[39m
            [36m<div[39m
              [33mclass[39m=[32m"MuiPaper-root MuiPaper-elevation MuiPaper-rounded MuiPaper-elevation1 MuiCard-root css-uuwznv-MuiPaper-root-MuiCard-root"[39m
              [33mstyle[39m=[32m"--Paper-shadow: 0px 2px 1px -1px rgba(0,0,0,0.2),0px 1px 1px 0px rgba(0,0,0,0.14),0px 1px 3px 0px rgba(0,0,0,0.12);"[39m
            [36m>[39m
              [36m<div[39m
                [33mclass[39m=[32m"MuiCardContent-root css-j4isg9-MuiCardContent-root"[39m
              [36m>[39m
                [36m<h6[39m
                  [33mclass[39m=[32m"MuiTypography-root MuiTypography-h6 css-1azse-MuiTypography-root"[39m
                [36m>[39m
                  [36m<svg[39m
                    [33maria-hidden[39m=[32m"true"[39m
                    [33mclass[39m=[32m"MuiSvgIcon-root MuiSvgIcon-fontSizeMedium css-zbvgrk-MuiSvgIcon-root"[39m
                    [33mdata-testid[39m=[32m"BusinessIcon"[39m
                    [33mfocusable[39m=[32m"false"[39m
                    [33mviewBox[39m=[32m"0 0 24 24"[39m
                  [36m>[39m
                    [36m<path[39m
                      [33md[39m=[32m"M12 7V3H2v18h20V7zM6 19H4v-2h2zm0-4H4v-2h2zm0-4H4V9h2zm0-4H4V5h2zm4 12H8v-2h2zm0-4H8v-2h2zm0-4H8V9h2zm0-4H8V5h2zm10 12h-8v-2h2v-2h-2v-2h2v-2h-2V9h8zm-2-8h-2v2h2zm0 4h-2v2h2z"[39m
                    [36m/>[39m
                  [36m</svg>[39m
                  [0mCompany Information[0m
                [36m</h6>[39m
                [36m<div[39m
                  [33mclass[39m=[32m"MuiBox-root css-i3pbo"[39m
                [36m>[39m
                  [36m<p[39m
                    [33mclass[39m=[32m"MuiTypography-root MuiTypography-body2 css-kj4ytl-MuiTypography-root"[39m
                  [36m>[39m
                    [0mCompany Name[0m
                  [36m</p>[39m
                  [36m<p[39m
                    [33mclass[39m=[32m"MuiTypography-root MuiTypography-body1 css-rt9437-MuiTypography-root"[39m
                  [36m>[39m
                    [0mTech Corp[0m
                  [36m</p>[39m
                [36m</div>[39m
                [36m<div[39m
                  [33mclass[39m=[32m"MuiBox-root css-i3pbo"[39m
                [36m>[39m
                  [36m<div[39m
                    [33mclass[39m=[32m"MuiBox-root css-pcqfzb"[39m
                  [36m>[39m
                    [36m<p[39m
                      [33mclass[39m=[32m"MuiTypography-root MuiTypography-body2 css-1wle3ir-MuiTypography-root"[39m
                    [36m>[39m
                      [0mInvite Code[0m
                    [36m</p>[39m
                    [36m<div[39m
                      [33mclass[39m=[32m"MuiBox-root css-1utx3w7"[39m
                    [36m>[39m
                      [36m<button[39m
                        [33maria-label[39m=[32m"Regenerate invite code"[39m
                        [33mclass[39m=[32m"MuiButtonBase-root MuiIconButton-root MuiIconButton-sizeSmall css-ip1af5-MuiButtonBase-root-Mu...
[90m [2m❯[22m waitForWrapper node_modules/@testing-library/dom/dist/wait-for.js:[2m163:27[22m[39m
[90m [2m❯[22m findByText node_modules/@testing-library/dom/dist/query-helpers.js:[2m86:33[22m[39m
[36m [2m❯[22m src/pages/__tests__/Company.test.tsx:[2m326:18[22m[39m
    [90m324| [39m    [35mconst[39m user [33m=[39m userEvent[33m.[39m[34msetup[39m()[33m;[39m
    [90m325| [39m    [34mrenderComp[39m()[33m;[39m
    [90m326| [39m    [35mawait[39m screen[33m.[39m[34mfindByText[39m([36m/Tech Corp/i[39m[33m,[39m {}[33m,[39m { timeout[33m:[39m [34m3000[39m })[33m;[39m
    [90m   | [39m                 [31m^[39m
    [90m327| [39m
    [90m328| [39m    const addButtons = screen.queryAllByRole("button").filter(b => b.t…

[31m[2m⎯⎯⎯⎯⎯⎯⎯⎯⎯⎯⎯⎯⎯⎯⎯⎯⎯⎯⎯⎯⎯⎯[21/33]⎯[22m[39m

[41m[1m FAIL [22m[49m src/pages/__tests__/Company.test.tsx[2m > [22mCompany[2m > [22mvalidates job title required
[31m[1mTestingLibraryElementError[22m[39m: Found multiple elements with the text: /Tech Corp/i

Here are the matching elements:

Ignored nodes: comments, script, style
[36m<h4[39m
  [33mclass[39m=[32m"MuiTypography-root MuiTypography-h4 css-g2oqeu-MuiTypography-root"[39m
[36m>[39m
  [0mTech Corp[0m
[36m</h4>[39m

Ignored nodes: comments, script, style
[36m<p[39m
  [33mclass[39m=[32m"MuiTypography-root MuiTypography-body1 css-rt9437-MuiTypography-root"[39m
[36m>[39m
  [0mTech Corp[0m
[36m</p>[39m

(If this is intentional, then use the `*AllBy*` variant of the query (like `queryAllByText`, `getAllByText`, or `findAllByText`)).

Ignored nodes: comments, script, style
[36m<body[39m
  [33mstyle[39m=[32m""[39m
[36m>[39m
  [36m<div>[39m
    [36m<div[39m
      [33mclass[39m=[32m"MuiBox-root css-95pn59"[39m
    [36m>[39m
      [36m<div[39m
        [33mclass[39m=[32m"MuiBox-root css-kpkptg"[39m
      [36m>[39m
        [36m<div[39m
          [33mclass[39m=[32m"MuiContainer-root MuiContainer-maxWidthLg css-5c1adp-MuiContainer-root"[39m
        [36m>[39m
          [36m<div[39m
            [33mclass[39m=[32m"MuiBox-root css-69i1ev"[39m
          [36m>[39m
            [36m<div[39m
              [33mclass[39m=[32m"MuiBox-root css-18mzyok"[39m
            [36m>[39m
              [36m<button[39m
                [33mclass[39m=[32m"MuiButtonBase-root MuiIconButton-root MuiIconButton-sizeMedium css-j7dfm5-MuiButtonBase-root-MuiIconButton-root"[39m
                [33mtabindex[39m=[32m"0"[39m
                [33mtype[39m=[32m"button"[39m
              [36m>[39m
                [36m<svg[39m
                  [33maria-hidden[39m=[32m"true"[39m
                  [33mclass[39m=[32m"MuiSvgIcon-root MuiSvgIcon-fontSizeMedium css-1umw9bq-MuiSvgIcon-root"[39m
                  [33mdata-testid[39m=[32m"ArrowBackIcon"[39m
                  [33mfocusable[39m=[32m"false"[39m
                  [33mviewBox[39m=[32m"0 0 24 24"[39m
                [36m>[39m
                  [36m<path[39m
                    [33md[39m=[32m"M20 11H7.83l5.59-5.59L12 4l-8 8 8 8 1.41-1.41L7.83 13H20z"[39m
                  [36m/>[39m
                [36m</svg>[39m
              [36m</button>[39m
              [36m<svg[39m
                [33maria-hidden[39m=[32m"true"[39m
                [33mclass[39m=[32m"MuiSvgIcon-root MuiSvgIcon-fontSizeMedium css-19qoenp-MuiSvgIcon-root"[39m
                [33mdata-testid[39m=[32m"BusinessIcon"[39m
                [33mfocusable[39m=[32m"false"[39m
                [33mviewBox[39m=[32m"0 0 24 24"[39m
              [36m>[39m
                [36m<path[39m
                  [33md[39m=[32m"M12 7V3H2v18h20V7zM6 19H4v-2h2zm0-4H4v-2h2zm0-4H4V9h2zm0-4H4V5h2zm4 12H8v-2h2zm0-4H8v-2h2zm0-4H8V9h2zm0-4H8V5h2zm10 12h-8v-2h2v-2h-2v-2h2v-2h-2V9h8zm-2-8h-2v2h2zm0 4h-2v2h2z"[39m
                [36m/>[39m
              [36m</svg>[39m
              [36m<h4[39m
                [33mclass[39m=[32m"MuiTypography-root MuiTypography-h4 css-g2oqeu-MuiTypography-root"[39m
              [36m>[39m
                [0mTech Corp[0m
              [36m</h4>[39m
            [36m</div>[39m
            [36m<div[39m
              [33mclass[39m=[32m"MuiBox-root css-j0ozid"[39m
            [36m>[39m
              [36m<button[39m
                [33mclass[39m=[32m"MuiButtonBase-root MuiIconButton-root MuiIconButton-sizeMedium css-53g0n7-MuiButtonBase-root-MuiIconButton-root"[39m
                [33mtabindex[39m=[32m"0"[39m
                [33mtype[39m=[32m"button"[39m
              [36m>[39m
                [36m<div[39m
                  [33mclass[39m=[32m"MuiAvatar-root MuiAvatar-circular MuiAvatar-colorDefault css-kdbbge-MuiAvatar-root"[39m
                [36m>[39m
                  [0mU[0m
                [36m</div>[39m
              [36m</button>[39m
            [36m</div>[39m
          [36m</div>[39m
        [36m</div>[39m
      [36m</div>[39m
      [36m<div[39m
        [33mclass[39m=[32m"MuiContainer-root MuiContainer-maxWidthLg css-xsov46-MuiContainer-root"[39m
      [36m>[39m
        [36m<div[39m
          [33mclass[39m=[32m"MuiGrid-root MuiGrid-container MuiGrid-direction-xs-row MuiGrid-spacing-xs-3 css-1u8xl8z-MuiGrid-root"[39m
        [36m>[39m
          [36m<div[39m
            [33mclass[39m=[32m"MuiGrid-root MuiGrid-direction-xs-row MuiGrid-grid-xs-12 MuiGrid-grid-md-6 css-204a8q-MuiGrid-root"[39m
          [36m>[39m
            [36m<div[39m
              [33mclass[39m=[32m"MuiPaper-root MuiPaper-elevation MuiPaper-rounded MuiPaper-elevation1 MuiCard-root css-uuwznv-MuiPaper-root-MuiCard-root"[39m
              [33mstyle[39m=[32m"--Paper-shadow: 0px 2px 1px -1px rgba(0,0,0,0.2),0px 1px 1px 0px rgba(0,0,0,0.14),0px 1px 3px 0px rgba(0,0,0,0.12);"[39m
            [36m>[39m
              [36m<div[39m
                [33mclass[39m=[32m"MuiCardContent-root css-j4isg9-MuiCardContent-root"[39m
              [36m>[39m
                [36m<h6[39m
                  [33mclass[39m=[32m"MuiTypography-root MuiTypography-h6 css-1azse-MuiTypography-root"[39m
                [36m>[39m
                  [36m<svg[39m
                    [33maria-hidden[39m=[32m"true"[39m
                    [33mclass[39m=[32m"MuiSvgIcon-root MuiSvgIcon-fontSizeMedium css-zbvgrk-MuiSvgIcon-root"[39m
                    [33mdata-testid[39m=[32m"BusinessIcon"[39m
                    [33mfocusable[39m=[32m"false"[39m
                    [33mviewBox[39m=[32m"0 0 24 24"[39m
                  [36m>[39m
                    [36m<path[39m
                      [33md[39m=[32m"M12 7V3H2v18h20V7zM6 19H4v-2h2zm0-4H4v-2h2zm0-4H4V9h2zm0-4H4V5h2zm4 12H8v-2h2zm0-4H8v-2h2zm0-4H8V9h2zm0-4H8V5h2zm10 12h-8v-2h2v-2h-2v-2h2v-2h-2V9h8zm-2-8h-2v2h2zm0 4h-2v2h2z"[39m
                    [36m/>[39m
                  [36m</svg>[39m
                  [0mCompany Information[0m
                [36m</h6>[39m
                [36m<div[39m
                  [33mclass[39m=[32m"MuiBox-root css-i3pbo"[39m
                [36m>[39m
                  [36m<p[39m
                    [33mclass[39m=[32m"MuiTypography-root MuiTypography-body2 css-kj4ytl-MuiTypography-root"[39m
                  [36m>[39m
                    [0mCompany Name[0m
                  [36m</p>[39m
                  [36m<p[39m
                    [33mclass[39m=[32m"MuiTypography-root MuiTypography-body1 css-rt9437-MuiTypography-root"[39m
                  [36m>[39m
                    [0mTech Corp[0m
                  [36m</p>[39m
                [36m</div>[39m
                [36m<div[39m
                  [33mclass[39m=[32m"MuiBox-root css-i3pbo"[39m
                [36m>[39m
                  [36m<div[39m
                    [33mclass[39m=[32m"MuiBox-root css-pcqfzb"[39m
                  [36m>[39m
                    [36m<p[39m
                      [33mclass[39m=[32m"MuiTypography-root MuiTypography-body2 css-1wle3ir-MuiTypography-root"[39m
                    [36m>[39m
                      [0mInvite Code[0m
                    [36m</p>[39m
                    [36m<div[39m
                      [33mclass[39m=[32m"MuiBox-root css-1utx3w7"[39m
                    [36m>[39m
                      [36m<button[39m
                        [33maria-label[39m=[32m"Regenerate invite code"[39m
                        [33mclass[39m=[32m"MuiButtonBase-root MuiIconButton-root MuiIconButton-sizeSmall css-ip1af5-MuiButtonBase-root-Mu...

Ignored nodes: comments, script, style
[36m<body[39m
  [33mstyle[39m=[32m""[39m
[36m>[39m
  [36m<div>[39m
    [36m<div[39m
      [33mclass[39m=[32m"MuiBox-root css-95pn59"[39m
    [36m>[39m
      [36m<div[39m
        [33mclass[39m=[32m"MuiBox-root css-kpkptg"[39m
      [36m>[39m
        [36m<div[39m
          [33mclass[39m=[32m"MuiContainer-root MuiContainer-maxWidthLg css-5c1adp-MuiContainer-root"[39m
        [36m>[39m
          [36m<div[39m
            [33mclass[39m=[32m"MuiBox-root css-69i1ev"[39m
          [36m>[39m
            [36m<div[39m
              [33mclass[39m=[32m"MuiBox-root css-18mzyok"[39m
            [36m>[39m
              [36m<button[39m
                [33mclass[39m=[32m"MuiButtonBase-root MuiIconButton-root MuiIconButton-sizeMedium css-j7dfm5-MuiButtonBase-root-MuiIconButton-root"[39m
                [33mtabindex[39m=[32m"0"[39m
                [33mtype[39m=[32m"button"[39m
              [36m>[39m
                [36m<svg[39m
                  [33maria-hidden[39m=[32m"true"[39m
                  [33mclass[39m=[32m"MuiSvgIcon-root MuiSvgIcon-fontSizeMedium css-1umw9bq-MuiSvgIcon-root"[39m
                  [33mdata-testid[39m=[32m"ArrowBackIcon"[39m
                  [33mfocusable[39m=[32m"false"[39m
                  [33mviewBox[39m=[32m"0 0 24 24"[39m
                [36m>[39m
                  [36m<path[39m
                    [33md[39m=[32m"M20 11H7.83l5.59-5.59L12 4l-8 8 8 8 1.41-1.41L7.83 13H20z"[39m
                  [36m/>[39m
                [36m</svg>[39m
              [36m</button>[39m
              [36m<svg[39m
                [33maria-hidden[39m=[32m"true"[39m
                [33mclass[39m=[32m"MuiSvgIcon-root MuiSvgIcon-fontSizeMedium css-19qoenp-MuiSvgIcon-root"[39m
                [33mdata-testid[39m=[32m"BusinessIcon"[39m
                [33mfocusable[39m=[32m"false"[39m
                [33mviewBox[39m=[32m"0 0 24 24"[39m
              [36m>[39m
                [36m<path[39m
                  [33md[39m=[32m"M12 7V3H2v18h20V7zM6 19H4v-2h2zm0-4H4v-2h2zm0-4H4V9h2zm0-4H4V5h2zm4 12H8v-2h2zm0-4H8v-2h2zm0-4H8V9h2zm0-4H8V5h2zm10 12h-8v-2h2v-2h-2v-2h2v-2h-2V9h8zm-2-8h-2v2h2zm0 4h-2v2h2z"[39m
                [36m/>[39m
              [36m</svg>[39m
              [36m<h4[39m
                [33mclass[39m=[32m"MuiTypography-root MuiTypography-h4 css-g2oqeu-MuiTypography-root"[39m
              [36m>[39m
                [0mTech Corp[0m
              [36m</h4>[39m
            [36m</div>[39m
            [36m<div[39m
              [33mclass[39m=[32m"MuiBox-root css-j0ozid"[39m
            [36m>[39m
              [36m<button[39m
                [33mclass[39m=[32m"MuiButtonBase-root MuiIconButton-root MuiIconButton-sizeMedium css-53g0n7-MuiButtonBase-root-MuiIconButton-root"[39m
                [33mtabindex[39m=[32m"0"[39m
                [33mtype[39m=[32m"button"[39m
              [36m>[39m
                [36m<div[39m
                  [33mclass[39m=[32m"MuiAvatar-root MuiAvatar-circular MuiAvatar-colorDefault css-kdbbge-MuiAvatar-root"[39m
                [36m>[39m
                  [0mU[0m
                [36m</div>[39m
              [36m</button>[39m
            [36m</div>[39m
          [36m</div>[39m
        [36m</div>[39m
      [36m</div>[39m
      [36m<div[39m
        [33mclass[39m=[32m"MuiContainer-root MuiContainer-maxWidthLg css-xsov46-MuiContainer-root"[39m
      [36m>[39m
        [36m<div[39m
          [33mclass[39m=[32m"MuiGrid-root MuiGrid-container MuiGrid-direction-xs-row MuiGrid-spacing-xs-3 css-1u8xl8z-MuiGrid-root"[39m
        [36m>[39m
          [36m<div[39m
            [33mclass[39m=[32m"MuiGrid-root MuiGrid-direction-xs-row MuiGrid-grid-xs-12 MuiGrid-grid-md-6 css-204a8q-MuiGrid-root"[39m
          [36m>[39m
            [36m<div[39m
              [33mclass[39m=[32m"MuiPaper-root MuiPaper-elevation MuiPaper-rounded MuiPaper-elevation1 MuiCard-root css-uuwznv-MuiPaper-root-MuiCard-root"[39m
              [33mstyle[39m=[32m"--Paper-shadow: 0px 2px 1px -1px rgba(0,0,0,0.2),0px 1px 1px 0px rgba(0,0,0,0.14),0px 1px 3px 0px rgba(0,0,0,0.12);"[39m
            [36m>[39m
              [36m<div[39m
                [33mclass[39m=[32m"MuiCardContent-root css-j4isg9-MuiCardContent-root"[39m
              [36m>[39m
                [36m<h6[39m
                  [33mclass[39m=[32m"MuiTypography-root MuiTypography-h6 css-1azse-MuiTypography-root"[39m
                [36m>[39m
                  [36m<svg[39m
                    [33maria-hidden[39m=[32m"true"[39m
                    [33mclass[39m=[32m"MuiSvgIcon-root MuiSvgIcon-fontSizeMedium css-zbvgrk-MuiSvgIcon-root"[39m
                    [33mdata-testid[39m=[32m"BusinessIcon"[39m
                    [33mfocusable[39m=[32m"false"[39m
                    [33mviewBox[39m=[32m"0 0 24 24"[39m
                  [36m>[39m
                    [36m<path[39m
                      [33md[39m=[32m"M12 7V3H2v18h20V7zM6 19H4v-2h2zm0-4H4v-2h2zm0-4H4V9h2zm0-4H4V5h2zm4 12H8v-2h2zm0-4H8v-2h2zm0-4H8V9h2zm0-4H8V5h2zm10 12h-8v-2h2v-2h-2v-2h2v-2h-2V9h8zm-2-8h-2v2h2zm0 4h-2v2h2z"[39m
                    [36m/>[39m
                  [36m</svg>[39m
                  [0mCompany Information[0m
                [36m</h6>[39m
                [36m<div[39m
                  [33mclass[39m=[32m"MuiBox-root css-i3pbo"[39m
                [36m>[39m
                  [36m<p[39m
                    [33mclass[39m=[32m"MuiTypography-root MuiTypography-body2 css-kj4ytl-MuiTypography-root"[39m
                  [36m>[39m
                    [0mCompany Name[0m
                  [36m</p>[39m
                  [36m<p[39m
                    [33mclass[39m=[32m"MuiTypography-root MuiTypography-body1 css-rt9437-MuiTypography-root"[39m
                  [36m>[39m
                    [0mTech Corp[0m
                  [36m</p>[39m
                [36m</div>[39m
                [36m<div[39m
                  [33mclass[39m=[32m"MuiBox-root css-i3pbo"[39m
                [36m>[39m
                  [36m<div[39m
                    [33mclass[39m=[32m"MuiBox-root css-pcqfzb"[39m
                  [36m>[39m
                    [36m<p[39m
                      [33mclass[39m=[32m"MuiTypography-root MuiTypography-body2 css-1wle3ir-MuiTypography-root"[39m
                    [36m>[39m
                      [0mInvite Code[0m
                    [36m</p>[39m
                    [36m<div[39m
                      [33mclass[39m=[32m"MuiBox-root css-1utx3w7"[39m
                    [36m>[39m
                      [36m<button[39m
                        [33maria-label[39m=[32m"Regenerate invite code"[39m
                        [33mclass[39m=[32m"MuiButtonBase-root MuiIconButton-root MuiIconButton-sizeSmall css-ip1af5-MuiButtonBase-root-Mu...
[90m [2m❯[22m waitForWrapper node_modules/@testing-library/dom/dist/wait-for.js:[2m163:27[22m[39m
[90m [2m❯[22m findByText node_modules/@testing-library/dom/dist/query-helpers.js:[2m86:33[22m[39m
[36m [2m❯[22m src/pages/__tests__/Company.test.tsx:[2m351:18[22m[39m
    [90m349| [39m    [35mconst[39m user [33m=[39m userEvent[33m.[39m[34msetup[39m()[33m;[39m
    [90m350| [39m    [34mrenderComp[39m()[33m;[39m
    [90m351| [39m    [35mawait[39m screen[33m.[39m[34mfindByText[39m([36m/Tech Corp/i[39m[33m,[39m {}[33m,[39m { timeout[33m:[39m [34m3000[39m })[33m;[39m
    [90m   | [39m                 [31m^[39m
    [90m352| [39m
    [90m353| [39m    const addButtons = screen.queryAllByRole("button").filter(b => b.t…

[31m[2m⎯⎯⎯⎯⎯⎯⎯⎯⎯⎯⎯⎯⎯⎯⎯⎯⎯⎯⎯⎯⎯⎯[22/33]⎯[22m[39m

[41m[1m FAIL [22m[49m src/pages/__tests__/Company.test.tsx[2m > [22mCompany[2m > [22mvalidates application link URL
[31m[1mTestingLibraryElementError[22m[39m: Found multiple elements with the text: /Tech Corp/i

Here are the matching elements:

Ignored nodes: comments, script, style
[36m<h4[39m
  [33mclass[39m=[32m"MuiTypography-root MuiTypography-h4 css-g2oqeu-MuiTypography-root"[39m
[36m>[39m
  [0mTech Corp[0m
[36m</h4>[39m

Ignored nodes: comments, script, style
[36m<p[39m
  [33mclass[39m=[32m"MuiTypography-root MuiTypography-body1 css-rt9437-MuiTypography-root"[39m
[36m>[39m
  [0mTech Corp[0m
[36m</p>[39m

(If this is intentional, then use the `*AllBy*` variant of the query (like `queryAllByText`, `getAllByText`, or `findAllByText`)).

Ignored nodes: comments, script, style
[36m<body[39m
  [33mstyle[39m=[32m""[39m
[36m>[39m
  [36m<div>[39m
    [36m<div[39m
      [33mclass[39m=[32m"MuiBox-root css-95pn59"[39m
    [36m>[39m
      [36m<div[39m
        [33mclass[39m=[32m"MuiBox-root css-kpkptg"[39m
      [36m>[39m
        [36m<div[39m
          [33mclass[39m=[32m"MuiContainer-root MuiContainer-maxWidthLg css-5c1adp-MuiContainer-root"[39m
        [36m>[39m
          [36m<div[39m
            [33mclass[39m=[32m"MuiBox-root css-69i1ev"[39m
          [36m>[39m
            [36m<div[39m
              [33mclass[39m=[32m"MuiBox-root css-18mzyok"[39m
            [36m>[39m
              [36m<button[39m
                [33mclass[39m=[32m"MuiButtonBase-root MuiIconButton-root MuiIconButton-sizeMedium css-j7dfm5-MuiButtonBase-root-MuiIconButton-root"[39m
                [33mtabindex[39m=[32m"0"[39m
                [33mtype[39m=[32m"button"[39m
              [36m>[39m
                [36m<svg[39m
                  [33maria-hidden[39m=[32m"true"[39m
                  [33mclass[39m=[32m"MuiSvgIcon-root MuiSvgIcon-fontSizeMedium css-1umw9bq-MuiSvgIcon-root"[39m
                  [33mdata-testid[39m=[32m"ArrowBackIcon"[39m
                  [33mfocusable[39m=[32m"false"[39m
                  [33mviewBox[39m=[32m"0 0 24 24"[39m
                [36m>[39m
                  [36m<path[39m
                    [33md[39m=[32m"M20 11H7.83l5.59-5.59L12 4l-8 8 8 8 1.41-1.41L7.83 13H20z"[39m
                  [36m/>[39m
                [36m</svg>[39m
              [36m</button>[39m
              [36m<svg[39m
                [33maria-hidden[39m=[32m"true"[39m
                [33mclass[39m=[32m"MuiSvgIcon-root MuiSvgIcon-fontSizeMedium css-19qoenp-MuiSvgIcon-root"[39m
                [33mdata-testid[39m=[32m"BusinessIcon"[39m
                [33mfocusable[39m=[32m"false"[39m
                [33mviewBox[39m=[32m"0 0 24 24"[39m
              [36m>[39m
                [36m<path[39m
                  [33md[39m=[32m"M12 7V3H2v18h20V7zM6 19H4v-2h2zm0-4H4v-2h2zm0-4H4V9h2zm0-4H4V5h2zm4 12H8v-2h2zm0-4H8v-2h2zm0-4H8V9h2zm0-4H8V5h2zm10 12h-8v-2h2v-2h-2v-2h2v-2h-2V9h8zm-2-8h-2v2h2zm0 4h-2v2h2z"[39m
                [36m/>[39m
              [36m</svg>[39m
              [36m<h4[39m
                [33mclass[39m=[32m"MuiTypography-root MuiTypography-h4 css-g2oqeu-MuiTypography-root"[39m
              [36m>[39m
                [0mTech Corp[0m
              [36m</h4>[39m
            [36m</div>[39m
            [36m<div[39m
              [33mclass[39m=[32m"MuiBox-root css-j0ozid"[39m
            [36m>[39m
              [36m<button[39m
                [33mclass[39m=[32m"MuiButtonBase-root MuiIconButton-root MuiIconButton-sizeMedium css-53g0n7-MuiButtonBase-root-MuiIconButton-root"[39m
                [33mtabindex[39m=[32m"0"[39m
                [33mtype[39m=[32m"button"[39m
              [36m>[39m
                [36m<div[39m
                  [33mclass[39m=[32m"MuiAvatar-root MuiAvatar-circular MuiAvatar-colorDefault css-kdbbge-MuiAvatar-root"[39m
                [36m>[39m
                  [0mU[0m
                [36m</div>[39m
              [36m</button>[39m
            [36m</div>[39m
          [36m</div>[39m
        [36m</div>[39m
      [36m</div>[39m
      [36m<div[39m
        [33mclass[39m=[32m"MuiContainer-root MuiContainer-maxWidthLg css-xsov46-MuiContainer-root"[39m
      [36m>[39m
        [36m<div[39m
          [33mclass[39m=[32m"MuiGrid-root MuiGrid-container MuiGrid-direction-xs-row MuiGrid-spacing-xs-3 css-1u8xl8z-MuiGrid-root"[39m
        [36m>[39m
          [36m<div[39m
            [33mclass[39m=[32m"MuiGrid-root MuiGrid-direction-xs-row MuiGrid-grid-xs-12 MuiGrid-grid-md-6 css-204a8q-MuiGrid-root"[39m
          [36m>[39m
            [36m<div[39m
              [33mclass[39m=[32m"MuiPaper-root MuiPaper-elevation MuiPaper-rounded MuiPaper-elevation1 MuiCard-root css-uuwznv-MuiPaper-root-MuiCard-root"[39m
              [33mstyle[39m=[32m"--Paper-shadow: 0px 2px 1px -1px rgba(0,0,0,0.2),0px 1px 1px 0px rgba(0,0,0,0.14),0px 1px 3px 0px rgba(0,0,0,0.12);"[39m
            [36m>[39m
              [36m<div[39m
                [33mclass[39m=[32m"MuiCardContent-root css-j4isg9-MuiCardContent-root"[39m
              [36m>[39m
                [36m<h6[39m
                  [33mclass[39m=[32m"MuiTypography-root MuiTypography-h6 css-1azse-MuiTypography-root"[39m
                [36m>[39m
                  [36m<svg[39m
                    [33maria-hidden[39m=[32m"true"[39m
                    [33mclass[39m=[32m"MuiSvgIcon-root MuiSvgIcon-fontSizeMedium css-zbvgrk-MuiSvgIcon-root"[39m
                    [33mdata-testid[39m=[32m"BusinessIcon"[39m
                    [33mfocusable[39m=[32m"false"[39m
                    [33mviewBox[39m=[32m"0 0 24 24"[39m
                  [36m>[39m
                    [36m<path[39m
                      [33md[39m=[32m"M12 7V3H2v18h20V7zM6 19H4v-2h2zm0-4H4v-2h2zm0-4H4V9h2zm0-4H4V5h2zm4 12H8v-2h2zm0-4H8v-2h2zm0-4H8V9h2zm0-4H8V5h2zm10 12h-8v-2h2v-2h-2v-2h2v-2h-2V9h8zm-2-8h-2v2h2zm0 4h-2v2h2z"[39m
                    [36m/>[39m
                  [36m</svg>[39m
                  [0mCompany Information[0m
                [36m</h6>[39m
                [36m<div[39m
                  [33mclass[39m=[32m"MuiBox-root css-i3pbo"[39m
                [36m>[39m
                  [36m<p[39m
                    [33mclass[39m=[32m"MuiTypography-root MuiTypography-body2 css-kj4ytl-MuiTypography-root"[39m
                  [36m>[39m
                    [0mCompany Name[0m
                  [36m</p>[39m
                  [36m<p[39m
                    [33mclass[39m=[32m"MuiTypography-root MuiTypography-body1 css-rt9437-MuiTypography-root"[39m
                  [36m>[39m
                    [0mTech Corp[0m
                  [36m</p>[39m
                [36m</div>[39m
                [36m<div[39m
                  [33mclass[39m=[32m"MuiBox-root css-i3pbo"[39m
                [36m>[39m
                  [36m<div[39m
                    [33mclass[39m=[32m"MuiBox-root css-pcqfzb"[39m
                  [36m>[39m
                    [36m<p[39m
                      [33mclass[39m=[32m"MuiTypography-root MuiTypography-body2 css-1wle3ir-MuiTypography-root"[39m
                    [36m>[39m
                      [0mInvite Code[0m
                    [36m</p>[39m
                    [36m<div[39m
                      [33mclass[39m=[32m"MuiBox-root css-1utx3w7"[39m
                    [36m>[39m
                      [36m<button[39m
                        [33maria-label[39m=[32m"Regenerate invite code"[39m
                        [33mclass[39m=[32m"MuiButtonBase-root MuiIconButton-root MuiIconButton-sizeSmall css-ip1af5-MuiButtonBase-root-Mu...

Ignored nodes: comments, script, style
[36m<body[39m
  [33mstyle[39m=[32m""[39m
[36m>[39m
  [36m<div>[39m
    [36m<div[39m
      [33mclass[39m=[32m"MuiBox-root css-95pn59"[39m
    [36m>[39m
      [36m<div[39m
        [33mclass[39m=[32m"MuiBox-root css-kpkptg"[39m
      [36m>[39m
        [36m<div[39m
          [33mclass[39m=[32m"MuiContainer-root MuiContainer-maxWidthLg css-5c1adp-MuiContainer-root"[39m
        [36m>[39m
          [36m<div[39m
            [33mclass[39m=[32m"MuiBox-root css-69i1ev"[39m
          [36m>[39m
            [36m<div[39m
              [33mclass[39m=[32m"MuiBox-root css-18mzyok"[39m
            [36m>[39m
              [36m<button[39m
                [33mclass[39m=[32m"MuiButtonBase-root MuiIconButton-root MuiIconButton-sizeMedium css-j7dfm5-MuiButtonBase-root-MuiIconButton-root"[39m
                [33mtabindex[39m=[32m"0"[39m
                [33mtype[39m=[32m"button"[39m
              [36m>[39m
                [36m<svg[39m
                  [33maria-hidden[39m=[32m"true"[39m
                  [33mclass[39m=[32m"MuiSvgIcon-root MuiSvgIcon-fontSizeMedium css-1umw9bq-MuiSvgIcon-root"[39m
                  [33mdata-testid[39m=[32m"ArrowBackIcon"[39m
                  [33mfocusable[39m=[32m"false"[39m
                  [33mviewBox[39m=[32m"0 0 24 24"[39m
                [36m>[39m
                  [36m<path[39m
                    [33md[39m=[32m"M20 11H7.83l5.59-5.59L12 4l-8 8 8 8 1.41-1.41L7.83 13H20z"[39m
                  [36m/>[39m
                [36m</svg>[39m
              [36m</button>[39m
              [36m<svg[39m
                [33maria-hidden[39m=[32m"true"[39m
                [33mclass[39m=[32m"MuiSvgIcon-root MuiSvgIcon-fontSizeMedium css-19qoenp-MuiSvgIcon-root"[39m
                [33mdata-testid[39m=[32m"BusinessIcon"[39m
                [33mfocusable[39m=[32m"false"[39m
                [33mviewBox[39m=[32m"0 0 24 24"[39m
              [36m>[39m
                [36m<path[39m
                  [33md[39m=[32m"M12 7V3H2v18h20V7zM6 19H4v-2h2zm0-4H4v-2h2zm0-4H4V9h2zm0-4H4V5h2zm4 12H8v-2h2zm0-4H8v-2h2zm0-4H8V9h2zm0-4H8V5h2zm10 12h-8v-2h2v-2h-2v-2h2v-2h-2V9h8zm-2-8h-2v2h2zm0 4h-2v2h2z"[39m
                [36m/>[39m
              [36m</svg>[39m
              [36m<h4[39m
                [33mclass[39m=[32m"MuiTypography-root MuiTypography-h4 css-g2oqeu-MuiTypography-root"[39m
              [36m>[39m
                [0mTech Corp[0m
              [36m</h4>[39m
            [36m</div>[39m
            [36m<div[39m
              [33mclass[39m=[32m"MuiBox-root css-j0ozid"[39m
            [36m>[39m
              [36m<button[39m
                [33mclass[39m=[32m"MuiButtonBase-root MuiIconButton-root MuiIconButton-sizeMedium css-53g0n7-MuiButtonBase-root-MuiIconButton-root"[39m
                [33mtabindex[39m=[32m"0"[39m
                [33mtype[39m=[32m"button"[39m
              [36m>[39m
                [36m<div[39m
                  [33mclass[39m=[32m"MuiAvatar-root MuiAvatar-circular MuiAvatar-colorDefault css-kdbbge-MuiAvatar-root"[39m
                [36m>[39m
                  [0mU[0m
                [36m</div>[39m
              [36m</button>[39m
            [36m</div>[39m
          [36m</div>[39m
        [36m</div>[39m
      [36m</div>[39m
      [36m<div[39m
        [33mclass[39m=[32m"MuiContainer-root MuiContainer-maxWidthLg css-xsov46-MuiContainer-root"[39m
      [36m>[39m
        [36m<div[39m
          [33mclass[39m=[32m"MuiGrid-root MuiGrid-container MuiGrid-direction-xs-row MuiGrid-spacing-xs-3 css-1u8xl8z-MuiGrid-root"[39m
        [36m>[39m
          [36m<div[39m
            [33mclass[39m=[32m"MuiGrid-root MuiGrid-direction-xs-row MuiGrid-grid-xs-12 MuiGrid-grid-md-6 css-204a8q-MuiGrid-root"[39m
          [36m>[39m
            [36m<div[39m
              [33mclass[39m=[32m"MuiPaper-root MuiPaper-elevation MuiPaper-rounded MuiPaper-elevation1 MuiCard-root css-uuwznv-MuiPaper-root-MuiCard-root"[39m
              [33mstyle[39m=[32m"--Paper-shadow: 0px 2px 1px -1px rgba(0,0,0,0.2),0px 1px 1px 0px rgba(0,0,0,0.14),0px 1px 3px 0px rgba(0,0,0,0.12);"[39m
            [36m>[39m
              [36m<div[39m
                [33mclass[39m=[32m"MuiCardContent-root css-j4isg9-MuiCardContent-root"[39m
              [36m>[39m
                [36m<h6[39m
                  [33mclass[39m=[32m"MuiTypography-root MuiTypography-h6 css-1azse-MuiTypography-root"[39m
                [36m>[39m
                  [36m<svg[39m
                    [33maria-hidden[39m=[32m"true"[39m
                    [33mclass[39m=[32m"MuiSvgIcon-root MuiSvgIcon-fontSizeMedium css-zbvgrk-MuiSvgIcon-root"[39m
                    [33mdata-testid[39m=[32m"BusinessIcon"[39m
                    [33mfocusable[39m=[32m"false"[39m
                    [33mviewBox[39m=[32m"0 0 24 24"[39m
                  [36m>[39m
                    [36m<path[39m
                      [33md[39m=[32m"M12 7V3H2v18h20V7zM6 19H4v-2h2zm0-4H4v-2h2zm0-4H4V9h2zm0-4H4V5h2zm4 12H8v-2h2zm0-4H8v-2h2zm0-4H8V9h2zm0-4H8V5h2zm10 12h-8v-2h2v-2h-2v-2h2v-2h-2V9h8zm-2-8h-2v2h2zm0 4h-2v2h2z"[39m
                    [36m/>[39m
                  [36m</svg>[39m
                  [0mCompany Information[0m
                [36m</h6>[39m
                [36m<div[39m
                  [33mclass[39m=[32m"MuiBox-root css-i3pbo"[39m
                [36m>[39m
                  [36m<p[39m
                    [33mclass[39m=[32m"MuiTypography-root MuiTypography-body2 css-kj4ytl-MuiTypography-root"[39m
                  [36m>[39m
                    [0mCompany Name[0m
                  [36m</p>[39m
                  [36m<p[39m
                    [33mclass[39m=[32m"MuiTypography-root MuiTypography-body1 css-rt9437-MuiTypography-root"[39m
                  [36m>[39m
                    [0mTech Corp[0m
                  [36m</p>[39m
                [36m</div>[39m
                [36m<div[39m
                  [33mclass[39m=[32m"MuiBox-root css-i3pbo"[39m
                [36m>[39m
                  [36m<div[39m
                    [33mclass[39m=[32m"MuiBox-root css-pcqfzb"[39m
                  [36m>[39m
                    [36m<p[39m
                      [33mclass[39m=[32m"MuiTypography-root MuiTypography-body2 css-1wle3ir-MuiTypography-root"[39m
                    [36m>[39m
                      [0mInvite Code[0m
                    [36m</p>[39m
                    [36m<div[39m
                      [33mclass[39m=[32m"MuiBox-root css-1utx3w7"[39m
                    [36m>[39m
                      [36m<button[39m
                        [33maria-label[39m=[32m"Regenerate invite code"[39m
                        [33mclass[39m=[32m"MuiButtonBase-root MuiIconButton-root MuiIconButton-sizeSmall css-ip1af5-MuiButtonBase-root-Mu...
[90m [2m❯[22m waitForWrapper node_modules/@testing-library/dom/dist/wait-for.js:[2m163:27[22m[39m
[90m [2m❯[22m findByText node_modules/@testing-library/dom/dist/query-helpers.js:[2m86:33[22m[39m
[36m [2m❯[22m src/pages/__tests__/Company.test.tsx:[2m368:18[22m[39m
    [90m366| [39m    [35mconst[39m user [33m=[39m userEvent[33m.[39m[34msetup[39m()[33m;[39m
    [90m367| [39m    [34mrenderComp[39m()[33m;[39m
    [90m368| [39m    [35mawait[39m screen[33m.[39m[34mfindByText[39m([36m/Tech Corp/i[39m[33m,[39m {}[33m,[39m { timeout[33m:[39m [34m3000[39m })[33m;[39m
    [90m   | [39m                 [31m^[39m
    [90m369| [39m
    [90m370| [39m    const addButtons = screen.queryAllByRole("button").filter(b => b.t…

[31m[2m⎯⎯⎯⎯⎯⎯⎯⎯⎯⎯⎯⎯⎯⎯⎯⎯⎯⎯⎯⎯⎯⎯[23/33]⎯[22m[39m

[41m[1m FAIL [22m[49m src/pages/__tests__/Company.test.tsx[2m > [22mCompany[2m > [22mnavigates to booth when booth ID exists
[31m[1mTestingLibraryElementError[22m[39m: Found multiple elements with the text: /Tech Corp/i

Here are the matching elements:

Ignored nodes: comments, script, style
[36m<h4[39m
  [33mclass[39m=[32m"MuiTypography-root MuiTypography-h4 css-g2oqeu-MuiTypography-root"[39m
[36m>[39m
  [0mTech Corp[0m
[36m</h4>[39m

Ignored nodes: comments, script, style
[36m<p[39m
  [33mclass[39m=[32m"MuiTypography-root MuiTypography-body1 css-rt9437-MuiTypography-root"[39m
[36m>[39m
  [0mTech Corp[0m
[36m</p>[39m

(If this is intentional, then use the `*AllBy*` variant of the query (like `queryAllByText`, `getAllByText`, or `findAllByText`)).

Ignored nodes: comments, script, style
[36m<body[39m
  [33mstyle[39m=[32m""[39m
[36m>[39m
  [36m<div>[39m
    [36m<div[39m
      [33mclass[39m=[32m"MuiBox-root css-95pn59"[39m
    [36m>[39m
      [36m<div[39m
        [33mclass[39m=[32m"MuiBox-root css-kpkptg"[39m
      [36m>[39m
        [36m<div[39m
          [33mclass[39m=[32m"MuiContainer-root MuiContainer-maxWidthLg css-5c1adp-MuiContainer-root"[39m
        [36m>[39m
          [36m<div[39m
            [33mclass[39m=[32m"MuiBox-root css-69i1ev"[39m
          [36m>[39m
            [36m<div[39m
              [33mclass[39m=[32m"MuiBox-root css-18mzyok"[39m
            [36m>[39m
              [36m<button[39m
                [33mclass[39m=[32m"MuiButtonBase-root MuiIconButton-root MuiIconButton-sizeMedium css-j7dfm5-MuiButtonBase-root-MuiIconButton-root"[39m
                [33mtabindex[39m=[32m"0"[39m
                [33mtype[39m=[32m"button"[39m
              [36m>[39m
                [36m<svg[39m
                  [33maria-hidden[39m=[32m"true"[39m
                  [33mclass[39m=[32m"MuiSvgIcon-root MuiSvgIcon-fontSizeMedium css-1umw9bq-MuiSvgIcon-root"[39m
                  [33mdata-testid[39m=[32m"ArrowBackIcon"[39m
                  [33mfocusable[39m=[32m"false"[39m
                  [33mviewBox[39m=[32m"0 0 24 24"[39m
                [36m>[39m
                  [36m<path[39m
                    [33md[39m=[32m"M20 11H7.83l5.59-5.59L12 4l-8 8 8 8 1.41-1.41L7.83 13H20z"[39m
                  [36m/>[39m
                [36m</svg>[39m
              [36m</button>[39m
              [36m<svg[39m
                [33maria-hidden[39m=[32m"true"[39m
                [33mclass[39m=[32m"MuiSvgIcon-root MuiSvgIcon-fontSizeMedium css-19qoenp-MuiSvgIcon-root"[39m
                [33mdata-testid[39m=[32m"BusinessIcon"[39m
                [33mfocusable[39m=[32m"false"[39m
                [33mviewBox[39m=[32m"0 0 24 24"[39m
              [36m>[39m
                [36m<path[39m
                  [33md[39m=[32m"M12 7V3H2v18h20V7zM6 19H4v-2h2zm0-4H4v-2h2zm0-4H4V9h2zm0-4H4V5h2zm4 12H8v-2h2zm0-4H8v-2h2zm0-4H8V9h2zm0-4H8V5h2zm10 12h-8v-2h2v-2h-2v-2h2v-2h-2V9h8zm-2-8h-2v2h2zm0 4h-2v2h2z"[39m
                [36m/>[39m
              [36m</svg>[39m
              [36m<h4[39m
                [33mclass[39m=[32m"MuiTypography-root MuiTypography-h4 css-g2oqeu-MuiTypography-root"[39m
              [36m>[39m
                [0mTech Corp[0m
              [36m</h4>[39m
            [36m</div>[39m
            [36m<div[39m
              [33mclass[39m=[32m"MuiBox-root css-j0ozid"[39m
            [36m>[39m
              [36m<button[39m
                [33mclass[39m=[32m"MuiButtonBase-root MuiIconButton-root MuiIconButton-sizeMedium css-53g0n7-MuiButtonBase-root-MuiIconButton-root"[39m
                [33mtabindex[39m=[32m"0"[39m
                [33mtype[39m=[32m"button"[39m
              [36m>[39m
                [36m<div[39m
                  [33mclass[39m=[32m"MuiAvatar-root MuiAvatar-circular MuiAvatar-colorDefault css-kdbbge-MuiAvatar-root"[39m
                [36m>[39m
                  [0mU[0m
                [36m</div>[39m
              [36m</button>[39m
            [36m</div>[39m
          [36m</div>[39m
        [36m</div>[39m
      [36m</div>[39m
      [36m<div[39m
        [33mclass[39m=[32m"MuiContainer-root MuiContainer-maxWidthLg css-xsov46-MuiContainer-root"[39m
      [36m>[39m
        [36m<div[39m
          [33mclass[39m=[32m"MuiGrid-root MuiGrid-container MuiGrid-direction-xs-row MuiGrid-spacing-xs-3 css-1u8xl8z-MuiGrid-root"[39m
        [36m>[39m
          [36m<div[39m
            [33mclass[39m=[32m"MuiGrid-root MuiGrid-direction-xs-row MuiGrid-grid-xs-12 MuiGrid-grid-md-6 css-204a8q-MuiGrid-root"[39m
          [36m>[39m
            [36m<div[39m
              [33mclass[39m=[32m"MuiPaper-root MuiPaper-elevation MuiPaper-rounded MuiPaper-elevation1 MuiCard-root css-uuwznv-MuiPaper-root-MuiCard-root"[39m
              [33mstyle[39m=[32m"--Paper-shadow: 0px 2px 1px -1px rgba(0,0,0,0.2),0px 1px 1px 0px rgba(0,0,0,0.14),0px 1px 3px 0px rgba(0,0,0,0.12);"[39m
            [36m>[39m
              [36m<div[39m
                [33mclass[39m=[32m"MuiCardContent-root css-j4isg9-MuiCardContent-root"[39m
              [36m>[39m
                [36m<h6[39m
                  [33mclass[39m=[32m"MuiTypography-root MuiTypography-h6 css-1azse-MuiTypography-root"[39m
                [36m>[39m
                  [36m<svg[39m
                    [33maria-hidden[39m=[32m"true"[39m
                    [33mclass[39m=[32m"MuiSvgIcon-root MuiSvgIcon-fontSizeMedium css-zbvgrk-MuiSvgIcon-root"[39m
                    [33mdata-testid[39m=[32m"BusinessIcon"[39m
                    [33mfocusable[39m=[32m"false"[39m
                    [33mviewBox[39m=[32m"0 0 24 24"[39m
                  [36m>[39m
                    [36m<path[39m
                      [33md[39m=[32m"M12 7V3H2v18h20V7zM6 19H4v-2h2zm0-4H4v-2h2zm0-4H4V9h2zm0-4H4V5h2zm4 12H8v-2h2zm0-4H8v-2h2zm0-4H8V9h2zm0-4H8V5h2zm10 12h-8v-2h2v-2h-2v-2h2v-2h-2V9h8zm-2-8h-2v2h2zm0 4h-2v2h2z"[39m
                    [36m/>[39m
                  [36m</svg>[39m
                  [0mCompany Information[0m
                [36m</h6>[39m
                [36m<div[39m
                  [33mclass[39m=[32m"MuiBox-root css-i3pbo"[39m
                [36m>[39m
                  [36m<p[39m
                    [33mclass[39m=[32m"MuiTypography-root MuiTypography-body2 css-kj4ytl-MuiTypography-root"[39m
                  [36m>[39m
                    [0mCompany Name[0m
                  [36m</p>[39m
                  [36m<p[39m
                    [33mclass[39m=[32m"MuiTypography-root MuiTypography-body1 css-rt9437-MuiTypography-root"[39m
                  [36m>[39m
                    [0mTech Corp[0m
                  [36m</p>[39m
                [36m</div>[39m
                [36m<div[39m
                  [33mclass[39m=[32m"MuiBox-root css-i3pbo"[39m
                [36m>[39m
                  [36m<div[39m
                    [33mclass[39m=[32m"MuiBox-root css-pcqfzb"[39m
                  [36m>[39m
                    [36m<p[39m
                      [33mclass[39m=[32m"MuiTypography-root MuiTypography-body2 css-1wle3ir-MuiTypography-root"[39m
                    [36m>[39m
                      [0mInvite Code[0m
                    [36m</p>[39m
                    [36m<div[39m
                      [33mclass[39m=[32m"MuiBox-root css-1utx3w7"[39m
                    [36m>[39m
                      [36m<button[39m
                        [33maria-label[39m=[32m"Regenerate invite code"[39m
                        [33mclass[39m=[32m"MuiButtonBase-root MuiIconButton-root MuiIconButton-sizeSmall css-ip1af5-MuiButtonBase-root-Mu...

Ignored nodes: comments, script, style
[36m<body[39m
  [33mstyle[39m=[32m""[39m
[36m>[39m
  [36m<div>[39m
    [36m<div[39m
      [33mclass[39m=[32m"MuiBox-root css-95pn59"[39m
    [36m>[39m
      [36m<div[39m
        [33mclass[39m=[32m"MuiBox-root css-kpkptg"[39m
      [36m>[39m
        [36m<div[39m
          [33mclass[39m=[32m"MuiContainer-root MuiContainer-maxWidthLg css-5c1adp-MuiContainer-root"[39m
        [36m>[39m
          [36m<div[39m
            [33mclass[39m=[32m"MuiBox-root css-69i1ev"[39m
          [36m>[39m
            [36m<div[39m
              [33mclass[39m=[32m"MuiBox-root css-18mzyok"[39m
            [36m>[39m
              [36m<button[39m
                [33mclass[39m=[32m"MuiButtonBase-root MuiIconButton-root MuiIconButton-sizeMedium css-j7dfm5-MuiButtonBase-root-MuiIconButton-root"[39m
                [33mtabindex[39m=[32m"0"[39m
                [33mtype[39m=[32m"button"[39m
              [36m>[39m
                [36m<svg[39m
                  [33maria-hidden[39m=[32m"true"[39m
                  [33mclass[39m=[32m"MuiSvgIcon-root MuiSvgIcon-fontSizeMedium css-1umw9bq-MuiSvgIcon-root"[39m
                  [33mdata-testid[39m=[32m"ArrowBackIcon"[39m
                  [33mfocusable[39m=[32m"false"[39m
                  [33mviewBox[39m=[32m"0 0 24 24"[39m
                [36m>[39m
                  [36m<path[39m
                    [33md[39m=[32m"M20 11H7.83l5.59-5.59L12 4l-8 8 8 8 1.41-1.41L7.83 13H20z"[39m
                  [36m/>[39m
                [36m</svg>[39m
              [36m</button>[39m
              [36m<svg[39m
                [33maria-hidden[39m=[32m"true"[39m
                [33mclass[39m=[32m"MuiSvgIcon-root MuiSvgIcon-fontSizeMedium css-19qoenp-MuiSvgIcon-root"[39m
                [33mdata-testid[39m=[32m"BusinessIcon"[39m
                [33mfocusable[39m=[32m"false"[39m
                [33mviewBox[39m=[32m"0 0 24 24"[39m
              [36m>[39m
                [36m<path[39m
                  [33md[39m=[32m"M12 7V3H2v18h20V7zM6 19H4v-2h2zm0-4H4v-2h2zm0-4H4V9h2zm0-4H4V5h2zm4 12H8v-2h2zm0-4H8v-2h2zm0-4H8V9h2zm0-4H8V5h2zm10 12h-8v-2h2v-2h-2v-2h2v-2h-2V9h8zm-2-8h-2v2h2zm0 4h-2v2h2z"[39m
                [36m/>[39m
              [36m</svg>[39m
              [36m<h4[39m
                [33mclass[39m=[32m"MuiTypography-root MuiTypography-h4 css-g2oqeu-MuiTypography-root"[39m
              [36m>[39m
                [0mTech Corp[0m
              [36m</h4>[39m
            [36m</div>[39m
            [36m<div[39m
              [33mclass[39m=[32m"MuiBox-root css-j0ozid"[39m
            [36m>[39m
              [36m<button[39m
                [33mclass[39m=[32m"MuiButtonBase-root MuiIconButton-root MuiIconButton-sizeMedium css-53g0n7-MuiButtonBase-root-MuiIconButton-root"[39m
                [33mtabindex[39m=[32m"0"[39m
                [33mtype[39m=[32m"button"[39m
              [36m>[39m
                [36m<div[39m
                  [33mclass[39m=[32m"MuiAvatar-root MuiAvatar-circular MuiAvatar-colorDefault css-kdbbge-MuiAvatar-root"[39m
                [36m>[39m
                  [0mU[0m
                [36m</div>[39m
              [36m</button>[39m
            [36m</div>[39m
          [36m</div>[39m
        [36m</div>[39m
      [36m</div>[39m
      [36m<div[39m
        [33mclass[39m=[32m"MuiContainer-root MuiContainer-maxWidthLg css-xsov46-MuiContainer-root"[39m
      [36m>[39m
        [36m<div[39m
          [33mclass[39m=[32m"MuiGrid-root MuiGrid-container MuiGrid-direction-xs-row MuiGrid-spacing-xs-3 css-1u8xl8z-MuiGrid-root"[39m
        [36m>[39m
          [36m<div[39m
            [33mclass[39m=[32m"MuiGrid-root MuiGrid-direction-xs-row MuiGrid-grid-xs-12 MuiGrid-grid-md-6 css-204a8q-MuiGrid-root"[39m
          [36m>[39m
            [36m<div[39m
              [33mclass[39m=[32m"MuiPaper-root MuiPaper-elevation MuiPaper-rounded MuiPaper-elevation1 MuiCard-root css-uuwznv-MuiPaper-root-MuiCard-root"[39m
              [33mstyle[39m=[32m"--Paper-shadow: 0px 2px 1px -1px rgba(0,0,0,0.2),0px 1px 1px 0px rgba(0,0,0,0.14),0px 1px 3px 0px rgba(0,0,0,0.12);"[39m
            [36m>[39m
              [36m<div[39m
                [33mclass[39m=[32m"MuiCardContent-root css-j4isg9-MuiCardContent-root"[39m
              [36m>[39m
                [36m<h6[39m
                  [33mclass[39m=[32m"MuiTypography-root MuiTypography-h6 css-1azse-MuiTypography-root"[39m
                [36m>[39m
                  [36m<svg[39m
                    [33maria-hidden[39m=[32m"true"[39m
                    [33mclass[39m=[32m"MuiSvgIcon-root MuiSvgIcon-fontSizeMedium css-zbvgrk-MuiSvgIcon-root"[39m
                    [33mdata-testid[39m=[32m"BusinessIcon"[39m
                    [33mfocusable[39m=[32m"false"[39m
                    [33mviewBox[39m=[32m"0 0 24 24"[39m
                  [36m>[39m
                    [36m<path[39m
                      [33md[39m=[32m"M12 7V3H2v18h20V7zM6 19H4v-2h2zm0-4H4v-2h2zm0-4H4V9h2zm0-4H4V5h2zm4 12H8v-2h2zm0-4H8v-2h2zm0-4H8V9h2zm0-4H8V5h2zm10 12h-8v-2h2v-2h-2v-2h2v-2h-2V9h8zm-2-8h-2v2h2zm0 4h-2v2h2z"[39m
                    [36m/>[39m
                  [36m</svg>[39m
                  [0mCompany Information[0m
                [36m</h6>[39m
                [36m<div[39m
                  [33mclass[39m=[32m"MuiBox-root css-i3pbo"[39m
                [36m>[39m
                  [36m<p[39m
                    [33mclass[39m=[32m"MuiTypography-root MuiTypography-body2 css-kj4ytl-MuiTypography-root"[39m
                  [36m>[39m
                    [0mCompany Name[0m
                  [36m</p>[39m
                  [36m<p[39m
                    [33mclass[39m=[32m"MuiTypography-root MuiTypography-body1 css-rt9437-MuiTypography-root"[39m
                  [36m>[39m
                    [0mTech Corp[0m
                  [36m</p>[39m
                [36m</div>[39m
                [36m<div[39m
                  [33mclass[39m=[32m"MuiBox-root css-i3pbo"[39m
                [36m>[39m
                  [36m<div[39m
                    [33mclass[39m=[32m"MuiBox-root css-pcqfzb"[39m
                  [36m>[39m
                    [36m<p[39m
                      [33mclass[39m=[32m"MuiTypography-root MuiTypography-body2 css-1wle3ir-MuiTypography-root"[39m
                    [36m>[39m
                      [0mInvite Code[0m
                    [36m</p>[39m
                    [36m<div[39m
                      [33mclass[39m=[32m"MuiBox-root css-1utx3w7"[39m
                    [36m>[39m
                      [36m<button[39m
                        [33maria-label[39m=[32m"Regenerate invite code"[39m
                        [33mclass[39m=[32m"MuiButtonBase-root MuiIconButton-root MuiIconButton-sizeSmall css-ip1af5-MuiButtonBase-root-Mu...
[90m [2m❯[22m waitForWrapper node_modules/@testing-library/dom/dist/wait-for.js:[2m163:27[22m[39m
[90m [2m❯[22m findByText node_modules/@testing-library/dom/dist/query-helpers.js:[2m86:33[22m[39m
[36m [2m❯[22m src/pages/__tests__/Company.test.tsx:[2m421:18[22m[39m
    [90m419| [39m    [35mconst[39m user [33m=[39m userEvent[33m.[39m[34msetup[39m()[33m;[39m
    [90m420| [39m    [34mrenderComp[39m()[33m;[39m
    [90m421| [39m    [35mawait[39m screen[33m.[39m[34mfindByText[39m([36m/Tech Corp/i[39m[33m,[39m {}[33m,[39m { timeout[33m:[39m [34m3000[39m })[33m;[39m
    [90m   | [39m                 [31m^[39m
    [90m422| [39m
    [90m423| [39m    const boothButtons = screen.queryAllByRole("button").filter(b => b…

[31m[2m⎯⎯⎯⎯⎯⎯⎯⎯⎯⎯⎯⎯⎯⎯⎯⎯⎯⎯⎯⎯⎯⎯[24/33]⎯[22m[39m

[41m[1m FAIL [22m[49m src/pages/__tests__/Company.test.tsx[2m > [22mCompany[2m > [22mnavigates back on back button
[31m[1mTestingLibraryElementError[22m[39m: Found multiple elements with the text: /Tech Corp/i

Here are the matching elements:

Ignored nodes: comments, script, style
[36m<h4[39m
  [33mclass[39m=[32m"MuiTypography-root MuiTypography-h4 css-g2oqeu-MuiTypography-root"[39m
[36m>[39m
  [0mTech Corp[0m
[36m</h4>[39m

Ignored nodes: comments, script, style
[36m<p[39m
  [33mclass[39m=[32m"MuiTypography-root MuiTypography-body1 css-rt9437-MuiTypography-root"[39m
[36m>[39m
  [0mTech Corp[0m
[36m</p>[39m

(If this is intentional, then use the `*AllBy*` variant of the query (like `queryAllByText`, `getAllByText`, or `findAllByText`)).

Ignored nodes: comments, script, style
[36m<body[39m
  [33mstyle[39m=[32m""[39m
[36m>[39m
  [36m<div>[39m
    [36m<div[39m
      [33mclass[39m=[32m"MuiBox-root css-95pn59"[39m
    [36m>[39m
      [36m<div[39m
        [33mclass[39m=[32m"MuiBox-root css-kpkptg"[39m
      [36m>[39m
        [36m<div[39m
          [33mclass[39m=[32m"MuiContainer-root MuiContainer-maxWidthLg css-5c1adp-MuiContainer-root"[39m
        [36m>[39m
          [36m<div[39m
            [33mclass[39m=[32m"MuiBox-root css-69i1ev"[39m
          [36m>[39m
            [36m<div[39m
              [33mclass[39m=[32m"MuiBox-root css-18mzyok"[39m
            [36m>[39m
              [36m<button[39m
                [33mclass[39m=[32m"MuiButtonBase-root MuiIconButton-root MuiIconButton-sizeMedium css-j7dfm5-MuiButtonBase-root-MuiIconButton-root"[39m
                [33mtabindex[39m=[32m"0"[39m
                [33mtype[39m=[32m"button"[39m
              [36m>[39m
                [36m<svg[39m
                  [33maria-hidden[39m=[32m"true"[39m
                  [33mclass[39m=[32m"MuiSvgIcon-root MuiSvgIcon-fontSizeMedium css-1umw9bq-MuiSvgIcon-root"[39m
                  [33mdata-testid[39m=[32m"ArrowBackIcon"[39m
                  [33mfocusable[39m=[32m"false"[39m
                  [33mviewBox[39m=[32m"0 0 24 24"[39m
                [36m>[39m
                  [36m<path[39m
                    [33md[39m=[32m"M20 11H7.83l5.59-5.59L12 4l-8 8 8 8 1.41-1.41L7.83 13H20z"[39m
                  [36m/>[39m
                [36m</svg>[39m
              [36m</button>[39m
              [36m<svg[39m
                [33maria-hidden[39m=[32m"true"[39m
                [33mclass[39m=[32m"MuiSvgIcon-root MuiSvgIcon-fontSizeMedium css-19qoenp-MuiSvgIcon-root"[39m
                [33mdata-testid[39m=[32m"BusinessIcon"[39m
                [33mfocusable[39m=[32m"false"[39m
                [33mviewBox[39m=[32m"0 0 24 24"[39m
              [36m>[39m
                [36m<path[39m
                  [33md[39m=[32m"M12 7V3H2v18h20V7zM6 19H4v-2h2zm0-4H4v-2h2zm0-4H4V9h2zm0-4H4V5h2zm4 12H8v-2h2zm0-4H8v-2h2zm0-4H8V9h2zm0-4H8V5h2zm10 12h-8v-2h2v-2h-2v-2h2v-2h-2V9h8zm-2-8h-2v2h2zm0 4h-2v2h2z"[39m
                [36m/>[39m
              [36m</svg>[39m
              [36m<h4[39m
                [33mclass[39m=[32m"MuiTypography-root MuiTypography-h4 css-g2oqeu-MuiTypography-root"[39m
              [36m>[39m
                [0mTech Corp[0m
              [36m</h4>[39m
            [36m</div>[39m
            [36m<div[39m
              [33mclass[39m=[32m"MuiBox-root css-j0ozid"[39m
            [36m>[39m
              [36m<button[39m
                [33mclass[39m=[32m"MuiButtonBase-root MuiIconButton-root MuiIconButton-sizeMedium css-53g0n7-MuiButtonBase-root-MuiIconButton-root"[39m
                [33mtabindex[39m=[32m"0"[39m
                [33mtype[39m=[32m"button"[39m
              [36m>[39m
                [36m<div[39m
                  [33mclass[39m=[32m"MuiAvatar-root MuiAvatar-circular MuiAvatar-colorDefault css-kdbbge-MuiAvatar-root"[39m
                [36m>[39m
                  [0mU[0m
                [36m</div>[39m
              [36m</button>[39m
            [36m</div>[39m
          [36m</div>[39m
        [36m</div>[39m
      [36m</div>[39m
      [36m<div[39m
        [33mclass[39m=[32m"MuiContainer-root MuiContainer-maxWidthLg css-xsov46-MuiContainer-root"[39m
      [36m>[39m
        [36m<div[39m
          [33mclass[39m=[32m"MuiGrid-root MuiGrid-container MuiGrid-direction-xs-row MuiGrid-spacing-xs-3 css-1u8xl8z-MuiGrid-root"[39m
        [36m>[39m
          [36m<div[39m
            [33mclass[39m=[32m"MuiGrid-root MuiGrid-direction-xs-row MuiGrid-grid-xs-12 MuiGrid-grid-md-6 css-204a8q-MuiGrid-root"[39m
          [36m>[39m
            [36m<div[39m
              [33mclass[39m=[32m"MuiPaper-root MuiPaper-elevation MuiPaper-rounded MuiPaper-elevation1 MuiCard-root css-uuwznv-MuiPaper-root-MuiCard-root"[39m
              [33mstyle[39m=[32m"--Paper-shadow: 0px 2px 1px -1px rgba(0,0,0,0.2),0px 1px 1px 0px rgba(0,0,0,0.14),0px 1px 3px 0px rgba(0,0,0,0.12);"[39m
            [36m>[39m
              [36m<div[39m
                [33mclass[39m=[32m"MuiCardContent-root css-j4isg9-MuiCardContent-root"[39m
              [36m>[39m
                [36m<h6[39m
                  [33mclass[39m=[32m"MuiTypography-root MuiTypography-h6 css-1azse-MuiTypography-root"[39m
                [36m>[39m
                  [36m<svg[39m
                    [33maria-hidden[39m=[32m"true"[39m
                    [33mclass[39m=[32m"MuiSvgIcon-root MuiSvgIcon-fontSizeMedium css-zbvgrk-MuiSvgIcon-root"[39m
                    [33mdata-testid[39m=[32m"BusinessIcon"[39m
                    [33mfocusable[39m=[32m"false"[39m
                    [33mviewBox[39m=[32m"0 0 24 24"[39m
                  [36m>[39m
                    [36m<path[39m
                      [33md[39m=[32m"M12 7V3H2v18h20V7zM6 19H4v-2h2zm0-4H4v-2h2zm0-4H4V9h2zm0-4H4V5h2zm4 12H8v-2h2zm0-4H8v-2h2zm0-4H8V9h2zm0-4H8V5h2zm10 12h-8v-2h2v-2h-2v-2h2v-2h-2V9h8zm-2-8h-2v2h2zm0 4h-2v2h2z"[39m
                    [36m/>[39m
                  [36m</svg>[39m
                  [0mCompany Information[0m
                [36m</h6>[39m
                [36m<div[39m
                  [33mclass[39m=[32m"MuiBox-root css-i3pbo"[39m
                [36m>[39m
                  [36m<p[39m
                    [33mclass[39m=[32m"MuiTypography-root MuiTypography-body2 css-kj4ytl-MuiTypography-root"[39m
                  [36m>[39m
                    [0mCompany Name[0m
                  [36m</p>[39m
                  [36m<p[39m
                    [33mclass[39m=[32m"MuiTypography-root MuiTypography-body1 css-rt9437-MuiTypography-root"[39m
                  [36m>[39m
                    [0mTech Corp[0m
                  [36m</p>[39m
                [36m</div>[39m
                [36m<div[39m
                  [33mclass[39m=[32m"MuiBox-root css-i3pbo"[39m
                [36m>[39m
                  [36m<div[39m
                    [33mclass[39m=[32m"MuiBox-root css-pcqfzb"[39m
                  [36m>[39m
                    [36m<p[39m
                      [33mclass[39m=[32m"MuiTypography-root MuiTypography-body2 css-1wle3ir-MuiTypography-root"[39m
                    [36m>[39m
                      [0mInvite Code[0m
                    [36m</p>[39m
                    [36m<div[39m
                      [33mclass[39m=[32m"MuiBox-root css-1utx3w7"[39m
                    [36m>[39m
                      [36m<button[39m
                        [33maria-label[39m=[32m"Regenerate invite code"[39m
                        [33mclass[39m=[32m"MuiButtonBase-root MuiIconButton-root MuiIconButton-sizeSmall css-ip1af5-MuiButtonBase-root-Mu...

Ignored nodes: comments, script, style
[36m<body[39m
  [33mstyle[39m=[32m""[39m
[36m>[39m
  [36m<div>[39m
    [36m<div[39m
      [33mclass[39m=[32m"MuiBox-root css-95pn59"[39m
    [36m>[39m
      [36m<div[39m
        [33mclass[39m=[32m"MuiBox-root css-kpkptg"[39m
      [36m>[39m
        [36m<div[39m
          [33mclass[39m=[32m"MuiContainer-root MuiContainer-maxWidthLg css-5c1adp-MuiContainer-root"[39m
        [36m>[39m
          [36m<div[39m
            [33mclass[39m=[32m"MuiBox-root css-69i1ev"[39m
          [36m>[39m
            [36m<div[39m
              [33mclass[39m=[32m"MuiBox-root css-18mzyok"[39m
            [36m>[39m
              [36m<button[39m
                [33mclass[39m=[32m"MuiButtonBase-root MuiIconButton-root MuiIconButton-sizeMedium css-j7dfm5-MuiButtonBase-root-MuiIconButton-root"[39m
                [33mtabindex[39m=[32m"0"[39m
                [33mtype[39m=[32m"button"[39m
              [36m>[39m
                [36m<svg[39m
                  [33maria-hidden[39m=[32m"true"[39m
                  [33mclass[39m=[32m"MuiSvgIcon-root MuiSvgIcon-fontSizeMedium css-1umw9bq-MuiSvgIcon-root"[39m
                  [33mdata-testid[39m=[32m"ArrowBackIcon"[39m
                  [33mfocusable[39m=[32m"false"[39m
                  [33mviewBox[39m=[32m"0 0 24 24"[39m
                [36m>[39m
                  [36m<path[39m
                    [33md[39m=[32m"M20 11H7.83l5.59-5.59L12 4l-8 8 8 8 1.41-1.41L7.83 13H20z"[39m
                  [36m/>[39m
                [36m</svg>[39m
              [36m</button>[39m
              [36m<svg[39m
                [33maria-hidden[39m=[32m"true"[39m
                [33mclass[39m=[32m"MuiSvgIcon-root MuiSvgIcon-fontSizeMedium css-19qoenp-MuiSvgIcon-root"[39m
                [33mdata-testid[39m=[32m"BusinessIcon"[39m
                [33mfocusable[39m=[32m"false"[39m
                [33mviewBox[39m=[32m"0 0 24 24"[39m
              [36m>[39m
                [36m<path[39m
                  [33md[39m=[32m"M12 7V3H2v18h20V7zM6 19H4v-2h2zm0-4H4v-2h2zm0-4H4V9h2zm0-4H4V5h2zm4 12H8v-2h2zm0-4H8v-2h2zm0-4H8V9h2zm0-4H8V5h2zm10 12h-8v-2h2v-2h-2v-2h2v-2h-2V9h8zm-2-8h-2v2h2zm0 4h-2v2h2z"[39m
                [36m/>[39m
              [36m</svg>[39m
              [36m<h4[39m
                [33mclass[39m=[32m"MuiTypography-root MuiTypography-h4 css-g2oqeu-MuiTypography-root"[39m
              [36m>[39m
                [0mTech Corp[0m
              [36m</h4>[39m
            [36m</div>[39m
            [36m<div[39m
              [33mclass[39m=[32m"MuiBox-root css-j0ozid"[39m
            [36m>[39m
              [36m<button[39m
                [33mclass[39m=[32m"MuiButtonBase-root MuiIconButton-root MuiIconButton-sizeMedium css-53g0n7-MuiButtonBase-root-MuiIconButton-root"[39m
                [33mtabindex[39m=[32m"0"[39m
                [33mtype[39m=[32m"button"[39m
              [36m>[39m
                [36m<div[39m
                  [33mclass[39m=[32m"MuiAvatar-root MuiAvatar-circular MuiAvatar-colorDefault css-kdbbge-MuiAvatar-root"[39m
                [36m>[39m
                  [0mU[0m
                [36m</div>[39m
              [36m</button>[39m
            [36m</div>[39m
          [36m</div>[39m
        [36m</div>[39m
      [36m</div>[39m
      [36m<div[39m
        [33mclass[39m=[32m"MuiContainer-root MuiContainer-maxWidthLg css-xsov46-MuiContainer-root"[39m
      [36m>[39m
        [36m<div[39m
          [33mclass[39m=[32m"MuiGrid-root MuiGrid-container MuiGrid-direction-xs-row MuiGrid-spacing-xs-3 css-1u8xl8z-MuiGrid-root"[39m
        [36m>[39m
          [36m<div[39m
            [33mclass[39m=[32m"MuiGrid-root MuiGrid-direction-xs-row MuiGrid-grid-xs-12 MuiGrid-grid-md-6 css-204a8q-MuiGrid-root"[39m
          [36m>[39m
            [36m<div[39m
              [33mclass[39m=[32m"MuiPaper-root MuiPaper-elevation MuiPaper-rounded MuiPaper-elevation1 MuiCard-root css-uuwznv-MuiPaper-root-MuiCard-root"[39m
              [33mstyle[39m=[32m"--Paper-shadow: 0px 2px 1px -1px rgba(0,0,0,0.2),0px 1px 1px 0px rgba(0,0,0,0.14),0px 1px 3px 0px rgba(0,0,0,0.12);"[39m
            [36m>[39m
              [36m<div[39m
                [33mclass[39m=[32m"MuiCardContent-root css-j4isg9-MuiCardContent-root"[39m
              [36m>[39m
                [36m<h6[39m
                  [33mclass[39m=[32m"MuiTypography-root MuiTypography-h6 css-1azse-MuiTypography-root"[39m
                [36m>[39m
                  [36m<svg[39m
                    [33maria-hidden[39m=[32m"true"[39m
                    [33mclass[39m=[32m"MuiSvgIcon-root MuiSvgIcon-fontSizeMedium css-zbvgrk-MuiSvgIcon-root"[39m
                    [33mdata-testid[39m=[32m"BusinessIcon"[39m
                    [33mfocusable[39m=[32m"false"[39m
                    [33mviewBox[39m=[32m"0 0 24 24"[39m
                  [36m>[39m
                    [36m<path[39m
                      [33md[39m=[32m"M12 7V3H2v18h20V7zM6 19H4v-2h2zm0-4H4v-2h2zm0-4H4V9h2zm0-4H4V5h2zm4 12H8v-2h2zm0-4H8v-2h2zm0-4H8V9h2zm0-4H8V5h2zm10 12h-8v-2h2v-2h-2v-2h2v-2h-2V9h8zm-2-8h-2v2h2zm0 4h-2v2h2z"[39m
                    [36m/>[39m
                  [36m</svg>[39m
                  [0mCompany Information[0m
                [36m</h6>[39m
                [36m<div[39m
                  [33mclass[39m=[32m"MuiBox-root css-i3pbo"[39m
                [36m>[39m
                  [36m<p[39m
                    [33mclass[39m=[32m"MuiTypography-root MuiTypography-body2 css-kj4ytl-MuiTypography-root"[39m
                  [36m>[39m
                    [0mCompany Name[0m
                  [36m</p>[39m
                  [36m<p[39m
                    [33mclass[39m=[32m"MuiTypography-root MuiTypography-body1 css-rt9437-MuiTypography-root"[39m
                  [36m>[39m
                    [0mTech Corp[0m
                  [36m</p>[39m
                [36m</div>[39m
                [36m<div[39m
                  [33mclass[39m=[32m"MuiBox-root css-i3pbo"[39m
                [36m>[39m
                  [36m<div[39m
                    [33mclass[39m=[32m"MuiBox-root css-pcqfzb"[39m
                  [36m>[39m
                    [36m<p[39m
                      [33mclass[39m=[32m"MuiTypography-root MuiTypography-body2 css-1wle3ir-MuiTypography-root"[39m
                    [36m>[39m
                      [0mInvite Code[0m
                    [36m</p>[39m
                    [36m<div[39m
                      [33mclass[39m=[32m"MuiBox-root css-1utx3w7"[39m
                    [36m>[39m
                      [36m<button[39m
                        [33maria-label[39m=[32m"Regenerate invite code"[39m
                        [33mclass[39m=[32m"MuiButtonBase-root MuiIconButton-root MuiIconButton-sizeSmall css-ip1af5-MuiButtonBase-root-Mu...
[90m [2m❯[22m waitForWrapper node_modules/@testing-library/dom/dist/wait-for.js:[2m163:27[22m[39m
[90m [2m❯[22m findByText node_modules/@testing-library/dom/dist/query-helpers.js:[2m86:33[22m[39m
[36m [2m❯[22m src/pages/__tests__/Company.test.tsx:[2m433:18[22m[39m
    [90m431| [39m    [35mconst[39m user [33m=[39m userEvent[33m.[39m[34msetup[39m()[33m;[39m
    [90m432| [39m    [34mrenderComp[39m()[33m;[39m
    [90m433| [39m    [35mawait[39m screen[33m.[39m[34mfindByText[39m([36m/Tech Corp/i[39m[33m,[39m {}[33m,[39m { timeout[33m:[39m [34m3000[39m })[33m;[39m
    [90m   | [39m                 [31m^[39m
    [90m434| [39m
    [90m435| [39m    const backButtons = screen.queryAllByRole("button").filter(b => b.…

[31m[2m⎯⎯⎯⎯⎯⎯⎯⎯⎯⎯⎯⎯⎯⎯⎯⎯⎯⎯⎯⎯⎯⎯[25/33]⎯[22m[39m

[41m[1m FAIL [22m[49m src/pages/__tests__/Company.test.tsx[2m > [22mCompany[2m > [22mopens delete company dialog
[31m[1mTestingLibraryElementError[22m[39m: Found multiple elements with the text: /Tech Corp/i

Here are the matching elements:

Ignored nodes: comments, script, style
[36m<h4[39m
  [33mclass[39m=[32m"MuiTypography-root MuiTypography-h4 css-g2oqeu-MuiTypography-root"[39m
[36m>[39m
  [0mTech Corp[0m
[36m</h4>[39m

Ignored nodes: comments, script, style
[36m<p[39m
  [33mclass[39m=[32m"MuiTypography-root MuiTypography-body1 css-rt9437-MuiTypography-root"[39m
[36m>[39m
  [0mTech Corp[0m
[36m</p>[39m

(If this is intentional, then use the `*AllBy*` variant of the query (like `queryAllByText`, `getAllByText`, or `findAllByText`)).

Ignored nodes: comments, script, style
[36m<body[39m
  [33mstyle[39m=[32m""[39m
[36m>[39m
  [36m<div>[39m
    [36m<div[39m
      [33mclass[39m=[32m"MuiBox-root css-95pn59"[39m
    [36m>[39m
      [36m<div[39m
        [33mclass[39m=[32m"MuiBox-root css-kpkptg"[39m
      [36m>[39m
        [36m<div[39m
          [33mclass[39m=[32m"MuiContainer-root MuiContainer-maxWidthLg css-5c1adp-MuiContainer-root"[39m
        [36m>[39m
          [36m<div[39m
            [33mclass[39m=[32m"MuiBox-root css-69i1ev"[39m
          [36m>[39m
            [36m<div[39m
              [33mclass[39m=[32m"MuiBox-root css-18mzyok"[39m
            [36m>[39m
              [36m<button[39m
                [33mclass[39m=[32m"MuiButtonBase-root MuiIconButton-root MuiIconButton-sizeMedium css-j7dfm5-MuiButtonBase-root-MuiIconButton-root"[39m
                [33mtabindex[39m=[32m"0"[39m
                [33mtype[39m=[32m"button"[39m
              [36m>[39m
                [36m<svg[39m
                  [33maria-hidden[39m=[32m"true"[39m
                  [33mclass[39m=[32m"MuiSvgIcon-root MuiSvgIcon-fontSizeMedium css-1umw9bq-MuiSvgIcon-root"[39m
                  [33mdata-testid[39m=[32m"ArrowBackIcon"[39m
                  [33mfocusable[39m=[32m"false"[39m
                  [33mviewBox[39m=[32m"0 0 24 24"[39m
                [36m>[39m
                  [36m<path[39m
                    [33md[39m=[32m"M20 11H7.83l5.59-5.59L12 4l-8 8 8 8 1.41-1.41L7.83 13H20z"[39m
                  [36m/>[39m
                [36m</svg>[39m
              [36m</button>[39m
              [36m<svg[39m
                [33maria-hidden[39m=[32m"true"[39m
                [33mclass[39m=[32m"MuiSvgIcon-root MuiSvgIcon-fontSizeMedium css-19qoenp-MuiSvgIcon-root"[39m
                [33mdata-testid[39m=[32m"BusinessIcon"[39m
                [33mfocusable[39m=[32m"false"[39m
                [33mviewBox[39m=[32m"0 0 24 24"[39m
              [36m>[39m
                [36m<path[39m
                  [33md[39m=[32m"M12 7V3H2v18h20V7zM6 19H4v-2h2zm0-4H4v-2h2zm0-4H4V9h2zm0-4H4V5h2zm4 12H8v-2h2zm0-4H8v-2h2zm0-4H8V9h2zm0-4H8V5h2zm10 12h-8v-2h2v-2h-2v-2h2v-2h-2V9h8zm-2-8h-2v2h2zm0 4h-2v2h2z"[39m
                [36m/>[39m
              [36m</svg>[39m
              [36m<h4[39m
                [33mclass[39m=[32m"MuiTypography-root MuiTypography-h4 css-g2oqeu-MuiTypography-root"[39m
              [36m>[39m
                [0mTech Corp[0m
              [36m</h4>[39m
            [36m</div>[39m
            [36m<div[39m
              [33mclass[39m=[32m"MuiBox-root css-j0ozid"[39m
            [36m>[39m
              [36m<button[39m
                [33mclass[39m=[32m"MuiButtonBase-root MuiIconButton-root MuiIconButton-sizeMedium css-53g0n7-MuiButtonBase-root-MuiIconButton-root"[39m
                [33mtabindex[39m=[32m"0"[39m
                [33mtype[39m=[32m"button"[39m
              [36m>[39m
                [36m<div[39m
                  [33mclass[39m=[32m"MuiAvatar-root MuiAvatar-circular MuiAvatar-colorDefault css-kdbbge-MuiAvatar-root"[39m
                [36m>[39m
                  [0mU[0m
                [36m</div>[39m
              [36m</button>[39m
            [36m</div>[39m
          [36m</div>[39m
        [36m</div>[39m
      [36m</div>[39m
      [36m<div[39m
        [33mclass[39m=[32m"MuiContainer-root MuiContainer-maxWidthLg css-xsov46-MuiContainer-root"[39m
      [36m>[39m
        [36m<div[39m
          [33mclass[39m=[32m"MuiGrid-root MuiGrid-container MuiGrid-direction-xs-row MuiGrid-spacing-xs-3 css-1u8xl8z-MuiGrid-root"[39m
        [36m>[39m
          [36m<div[39m
            [33mclass[39m=[32m"MuiGrid-root MuiGrid-direction-xs-row MuiGrid-grid-xs-12 MuiGrid-grid-md-6 css-204a8q-MuiGrid-root"[39m
          [36m>[39m
            [36m<div[39m
              [33mclass[39m=[32m"MuiPaper-root MuiPaper-elevation MuiPaper-rounded MuiPaper-elevation1 MuiCard-root css-uuwznv-MuiPaper-root-MuiCard-root"[39m
              [33mstyle[39m=[32m"--Paper-shadow: 0px 2px 1px -1px rgba(0,0,0,0.2),0px 1px 1px 0px rgba(0,0,0,0.14),0px 1px 3px 0px rgba(0,0,0,0.12);"[39m
            [36m>[39m
              [36m<div[39m
                [33mclass[39m=[32m"MuiCardContent-root css-j4isg9-MuiCardContent-root"[39m
              [36m>[39m
                [36m<h6[39m
                  [33mclass[39m=[32m"MuiTypography-root MuiTypography-h6 css-1azse-MuiTypography-root"[39m
                [36m>[39m
                  [36m<svg[39m
                    [33maria-hidden[39m=[32m"true"[39m
                    [33mclass[39m=[32m"MuiSvgIcon-root MuiSvgIcon-fontSizeMedium css-zbvgrk-MuiSvgIcon-root"[39m
                    [33mdata-testid[39m=[32m"BusinessIcon"[39m
                    [33mfocusable[39m=[32m"false"[39m
                    [33mviewBox[39m=[32m"0 0 24 24"[39m
                  [36m>[39m
                    [36m<path[39m
                      [33md[39m=[32m"M12 7V3H2v18h20V7zM6 19H4v-2h2zm0-4H4v-2h2zm0-4H4V9h2zm0-4H4V5h2zm4 12H8v-2h2zm0-4H8v-2h2zm0-4H8V9h2zm0-4H8V5h2zm10 12h-8v-2h2v-2h-2v-2h2v-2h-2V9h8zm-2-8h-2v2h2zm0 4h-2v2h2z"[39m
                    [36m/>[39m
                  [36m</svg>[39m
                  [0mCompany Information[0m
                [36m</h6>[39m
                [36m<div[39m
                  [33mclass[39m=[32m"MuiBox-root css-i3pbo"[39m
                [36m>[39m
                  [36m<p[39m
                    [33mclass[39m=[32m"MuiTypography-root MuiTypography-body2 css-kj4ytl-MuiTypography-root"[39m
                  [36m>[39m
                    [0mCompany Name[0m
                  [36m</p>[39m
                  [36m<p[39m
                    [33mclass[39m=[32m"MuiTypography-root MuiTypography-body1 css-rt9437-MuiTypography-root"[39m
                  [36m>[39m
                    [0mTech Corp[0m
                  [36m</p>[39m
                [36m</div>[39m
                [36m<div[39m
                  [33mclass[39m=[32m"MuiBox-root css-i3pbo"[39m
                [36m>[39m
                  [36m<div[39m
                    [33mclass[39m=[32m"MuiBox-root css-pcqfzb"[39m
                  [36m>[39m
                    [36m<p[39m
                      [33mclass[39m=[32m"MuiTypography-root MuiTypography-body2 css-1wle3ir-MuiTypography-root"[39m
                    [36m>[39m
                      [0mInvite Code[0m
                    [36m</p>[39m
                    [36m<div[39m
                      [33mclass[39m=[32m"MuiBox-root css-1utx3w7"[39m
                    [36m>[39m
                      [36m<button[39m
                        [33maria-label[39m=[32m"Regenerate invite code"[39m
                        [33mclass[39m=[32m"MuiButtonBase-root MuiIconButton-root MuiIconButton-sizeSmall css-ip1af5-MuiButtonBase-root-Mu...

Ignored nodes: comments, script, style
[36m<body[39m
  [33mstyle[39m=[32m""[39m
[36m>[39m
  [36m<div>[39m
    [36m<div[39m
      [33mclass[39m=[32m"MuiBox-root css-95pn59"[39m
    [36m>[39m
      [36m<div[39m
        [33mclass[39m=[32m"MuiBox-root css-kpkptg"[39m
      [36m>[39m
        [36m<div[39m
          [33mclass[39m=[32m"MuiContainer-root MuiContainer-maxWidthLg css-5c1adp-MuiContainer-root"[39m
        [36m>[39m
          [36m<div[39m
            [33mclass[39m=[32m"MuiBox-root css-69i1ev"[39m
          [36m>[39m
            [36m<div[39m
              [33mclass[39m=[32m"MuiBox-root css-18mzyok"[39m
            [36m>[39m
              [36m<button[39m
                [33mclass[39m=[32m"MuiButtonBase-root MuiIconButton-root MuiIconButton-sizeMedium css-j7dfm5-MuiButtonBase-root-MuiIconButton-root"[39m
                [33mtabindex[39m=[32m"0"[39m
                [33mtype[39m=[32m"button"[39m
              [36m>[39m
                [36m<svg[39m
                  [33maria-hidden[39m=[32m"true"[39m
                  [33mclass[39m=[32m"MuiSvgIcon-root MuiSvgIcon-fontSizeMedium css-1umw9bq-MuiSvgIcon-root"[39m
                  [33mdata-testid[39m=[32m"ArrowBackIcon"[39m
                  [33mfocusable[39m=[32m"false"[39m
                  [33mviewBox[39m=[32m"0 0 24 24"[39m
                [36m>[39m
                  [36m<path[39m
                    [33md[39m=[32m"M20 11H7.83l5.59-5.59L12 4l-8 8 8 8 1.41-1.41L7.83 13H20z"[39m
                  [36m/>[39m
                [36m</svg>[39m
              [36m</button>[39m
              [36m<svg[39m
                [33maria-hidden[39m=[32m"true"[39m
                [33mclass[39m=[32m"MuiSvgIcon-root MuiSvgIcon-fontSizeMedium css-19qoenp-MuiSvgIcon-root"[39m
                [33mdata-testid[39m=[32m"BusinessIcon"[39m
                [33mfocusable[39m=[32m"false"[39m
                [33mviewBox[39m=[32m"0 0 24 24"[39m
              [36m>[39m
                [36m<path[39m
                  [33md[39m=[32m"M12 7V3H2v18h20V7zM6 19H4v-2h2zm0-4H4v-2h2zm0-4H4V9h2zm0-4H4V5h2zm4 12H8v-2h2zm0-4H8v-2h2zm0-4H8V9h2zm0-4H8V5h2zm10 12h-8v-2h2v-2h-2v-2h2v-2h-2V9h8zm-2-8h-2v2h2zm0 4h-2v2h2z"[39m
                [36m/>[39m
              [36m</svg>[39m
              [36m<h4[39m
                [33mclass[39m=[32m"MuiTypography-root MuiTypography-h4 css-g2oqeu-MuiTypography-root"[39m
              [36m>[39m
                [0mTech Corp[0m
              [36m</h4>[39m
            [36m</div>[39m
            [36m<div[39m
              [33mclass[39m=[32m"MuiBox-root css-j0ozid"[39m
            [36m>[39m
              [36m<button[39m
                [33mclass[39m=[32m"MuiButtonBase-root MuiIconButton-root MuiIconButton-sizeMedium css-53g0n7-MuiButtonBase-root-MuiIconButton-root"[39m
                [33mtabindex[39m=[32m"0"[39m
                [33mtype[39m=[32m"button"[39m
              [36m>[39m
                [36m<div[39m
                  [33mclass[39m=[32m"MuiAvatar-root MuiAvatar-circular MuiAvatar-colorDefault css-kdbbge-MuiAvatar-root"[39m
                [36m>[39m
                  [0mU[0m
                [36m</div>[39m
              [36m</button>[39m
            [36m</div>[39m
          [36m</div>[39m
        [36m</div>[39m
      [36m</div>[39m
      [36m<div[39m
        [33mclass[39m=[32m"MuiContainer-root MuiContainer-maxWidthLg css-xsov46-MuiContainer-root"[39m
      [36m>[39m
        [36m<div[39m
          [33mclass[39m=[32m"MuiGrid-root MuiGrid-container MuiGrid-direction-xs-row MuiGrid-spacing-xs-3 css-1u8xl8z-MuiGrid-root"[39m
        [36m>[39m
          [36m<div[39m
            [33mclass[39m=[32m"MuiGrid-root MuiGrid-direction-xs-row MuiGrid-grid-xs-12 MuiGrid-grid-md-6 css-204a8q-MuiGrid-root"[39m
          [36m>[39m
            [36m<div[39m
              [33mclass[39m=[32m"MuiPaper-root MuiPaper-elevation MuiPaper-rounded MuiPaper-elevation1 MuiCard-root css-uuwznv-MuiPaper-root-MuiCard-root"[39m
              [33mstyle[39m=[32m"--Paper-shadow: 0px 2px 1px -1px rgba(0,0,0,0.2),0px 1px 1px 0px rgba(0,0,0,0.14),0px 1px 3px 0px rgba(0,0,0,0.12);"[39m
            [36m>[39m
              [36m<div[39m
                [33mclass[39m=[32m"MuiCardContent-root css-j4isg9-MuiCardContent-root"[39m
              [36m>[39m
                [36m<h6[39m
                  [33mclass[39m=[32m"MuiTypography-root MuiTypography-h6 css-1azse-MuiTypography-root"[39m
                [36m>[39m
                  [36m<svg[39m
                    [33maria-hidden[39m=[32m"true"[39m
                    [33mclass[39m=[32m"MuiSvgIcon-root MuiSvgIcon-fontSizeMedium css-zbvgrk-MuiSvgIcon-root"[39m
                    [33mdata-testid[39m=[32m"BusinessIcon"[39m
                    [33mfocusable[39m=[32m"false"[39m
                    [33mviewBox[39m=[32m"0 0 24 24"[39m
                  [36m>[39m
                    [36m<path[39m
                      [33md[39m=[32m"M12 7V3H2v18h20V7zM6 19H4v-2h2zm0-4H4v-2h2zm0-4H4V9h2zm0-4H4V5h2zm4 12H8v-2h2zm0-4H8v-2h2zm0-4H8V9h2zm0-4H8V5h2zm10 12h-8v-2h2v-2h-2v-2h2v-2h-2V9h8zm-2-8h-2v2h2zm0 4h-2v2h2z"[39m
                    [36m/>[39m
                  [36m</svg>[39m
                  [0mCompany Information[0m
                [36m</h6>[39m
                [36m<div[39m
                  [33mclass[39m=[32m"MuiBox-root css-i3pbo"[39m
                [36m>[39m
                  [36m<p[39m
                    [33mclass[39m=[32m"MuiTypography-root MuiTypography-body2 css-kj4ytl-MuiTypography-root"[39m
                  [36m>[39m
                    [0mCompany Name[0m
                  [36m</p>[39m
                  [36m<p[39m
                    [33mclass[39m=[32m"MuiTypography-root MuiTypography-body1 css-rt9437-MuiTypography-root"[39m
                  [36m>[39m
                    [0mTech Corp[0m
                  [36m</p>[39m
                [36m</div>[39m
                [36m<div[39m
                  [33mclass[39m=[32m"MuiBox-root css-i3pbo"[39m
                [36m>[39m
                  [36m<div[39m
                    [33mclass[39m=[32m"MuiBox-root css-pcqfzb"[39m
                  [36m>[39m
                    [36m<p[39m
                      [33mclass[39m=[32m"MuiTypography-root MuiTypography-body2 css-1wle3ir-MuiTypography-root"[39m
                    [36m>[39m
                      [0mInvite Code[0m
                    [36m</p>[39m
                    [36m<div[39m
                      [33mclass[39m=[32m"MuiBox-root css-1utx3w7"[39m
                    [36m>[39m
                      [36m<button[39m
                        [33maria-label[39m=[32m"Regenerate invite code"[39m
                        [33mclass[39m=[32m"MuiButtonBase-root MuiIconButton-root MuiIconButton-sizeSmall css-ip1af5-MuiButtonBase-root-Mu...
[90m [2m❯[22m waitForWrapper node_modules/@testing-library/dom/dist/wait-for.js:[2m163:27[22m[39m
[90m [2m❯[22m findByText node_modules/@testing-library/dom/dist/query-helpers.js:[2m86:33[22m[39m
[36m [2m❯[22m src/pages/__tests__/Company.test.tsx:[2m445:18[22m[39m
    [90m443| [39m    [35mconst[39m user [33m=[39m userEvent[33m.[39m[34msetup[39m()[33m;[39m
    [90m444| [39m    [34mrenderComp[39m()[33m;[39m
    [90m445| [39m    [35mawait[39m screen[33m.[39m[34mfindByText[39m([36m/Tech Corp/i[39m[33m,[39m {}[33m,[39m { timeout[33m:[39m [34m3000[39m })[33m;[39m
    [90m   | [39m                 [31m^[39m
    [90m446| [39m
    [90m447| [39m   const deleteButtons = screen.queryAllByRole("button").filter(b => b…

[31m[2m⎯⎯⎯⎯⎯⎯⎯⎯⎯⎯⎯⎯⎯⎯⎯⎯⎯⎯⎯⎯⎯⎯[26/33]⎯[22m[39m

[41m[1m FAIL [22m[49m src/pages/__tests__/Company.test.tsx[2m > [22mCompany[2m > [22mdeletes company
[31m[1mTestingLibraryElementError[22m[39m: Found multiple elements with the text: /Tech Corp/i

Here are the matching elements:

Ignored nodes: comments, script, style
[36m<h4[39m
  [33mclass[39m=[32m"MuiTypography-root MuiTypography-h4 css-g2oqeu-MuiTypography-root"[39m
[36m>[39m
  [0mTech Corp[0m
[36m</h4>[39m

Ignored nodes: comments, script, style
[36m<p[39m
  [33mclass[39m=[32m"MuiTypography-root MuiTypography-body1 css-rt9437-MuiTypography-root"[39m
[36m>[39m
  [0mTech Corp[0m
[36m</p>[39m

(If this is intentional, then use the `*AllBy*` variant of the query (like `queryAllByText`, `getAllByText`, or `findAllByText`)).

Ignored nodes: comments, script, style
[36m<body[39m
  [33mstyle[39m=[32m""[39m
[36m>[39m
  [36m<div>[39m
    [36m<div[39m
      [33mclass[39m=[32m"MuiBox-root css-95pn59"[39m
    [36m>[39m
      [36m<div[39m
        [33mclass[39m=[32m"MuiBox-root css-kpkptg"[39m
      [36m>[39m
        [36m<div[39m
          [33mclass[39m=[32m"MuiContainer-root MuiContainer-maxWidthLg css-5c1adp-MuiContainer-root"[39m
        [36m>[39m
          [36m<div[39m
            [33mclass[39m=[32m"MuiBox-root css-69i1ev"[39m
          [36m>[39m
            [36m<div[39m
              [33mclass[39m=[32m"MuiBox-root css-18mzyok"[39m
            [36m>[39m
              [36m<button[39m
                [33mclass[39m=[32m"MuiButtonBase-root MuiIconButton-root MuiIconButton-sizeMedium css-j7dfm5-MuiButtonBase-root-MuiIconButton-root"[39m
                [33mtabindex[39m=[32m"0"[39m
                [33mtype[39m=[32m"button"[39m
              [36m>[39m
                [36m<svg[39m
                  [33maria-hidden[39m=[32m"true"[39m
                  [33mclass[39m=[32m"MuiSvgIcon-root MuiSvgIcon-fontSizeMedium css-1umw9bq-MuiSvgIcon-root"[39m
                  [33mdata-testid[39m=[32m"ArrowBackIcon"[39m
                  [33mfocusable[39m=[32m"false"[39m
                  [33mviewBox[39m=[32m"0 0 24 24"[39m
                [36m>[39m
                  [36m<path[39m
                    [33md[39m=[32m"M20 11H7.83l5.59-5.59L12 4l-8 8 8 8 1.41-1.41L7.83 13H20z"[39m
                  [36m/>[39m
                [36m</svg>[39m
              [36m</button>[39m
              [36m<svg[39m
                [33maria-hidden[39m=[32m"true"[39m
                [33mclass[39m=[32m"MuiSvgIcon-root MuiSvgIcon-fontSizeMedium css-19qoenp-MuiSvgIcon-root"[39m
                [33mdata-testid[39m=[32m"BusinessIcon"[39m
                [33mfocusable[39m=[32m"false"[39m
                [33mviewBox[39m=[32m"0 0 24 24"[39m
              [36m>[39m
                [36m<path[39m
                  [33md[39m=[32m"M12 7V3H2v18h20V7zM6 19H4v-2h2zm0-4H4v-2h2zm0-4H4V9h2zm0-4H4V5h2zm4 12H8v-2h2zm0-4H8v-2h2zm0-4H8V9h2zm0-4H8V5h2zm10 12h-8v-2h2v-2h-2v-2h2v-2h-2V9h8zm-2-8h-2v2h2zm0 4h-2v2h2z"[39m
                [36m/>[39m
              [36m</svg>[39m
              [36m<h4[39m
                [33mclass[39m=[32m"MuiTypography-root MuiTypography-h4 css-g2oqeu-MuiTypography-root"[39m
              [36m>[39m
                [0mTech Corp[0m
              [36m</h4>[39m
            [36m</div>[39m
            [36m<div[39m
              [33mclass[39m=[32m"MuiBox-root css-j0ozid"[39m
            [36m>[39m
              [36m<button[39m
                [33mclass[39m=[32m"MuiButtonBase-root MuiIconButton-root MuiIconButton-sizeMedium css-53g0n7-MuiButtonBase-root-MuiIconButton-root"[39m
                [33mtabindex[39m=[32m"0"[39m
                [33mtype[39m=[32m"button"[39m
              [36m>[39m
                [36m<div[39m
                  [33mclass[39m=[32m"MuiAvatar-root MuiAvatar-circular MuiAvatar-colorDefault css-kdbbge-MuiAvatar-root"[39m
                [36m>[39m
                  [0mU[0m
                [36m</div>[39m
              [36m</button>[39m
            [36m</div>[39m
          [36m</div>[39m
        [36m</div>[39m
      [36m</div>[39m
      [36m<div[39m
        [33mclass[39m=[32m"MuiContainer-root MuiContainer-maxWidthLg css-xsov46-MuiContainer-root"[39m
      [36m>[39m
        [36m<div[39m
          [33mclass[39m=[32m"MuiGrid-root MuiGrid-container MuiGrid-direction-xs-row MuiGrid-spacing-xs-3 css-1u8xl8z-MuiGrid-root"[39m
        [36m>[39m
          [36m<div[39m
            [33mclass[39m=[32m"MuiGrid-root MuiGrid-direction-xs-row MuiGrid-grid-xs-12 MuiGrid-grid-md-6 css-204a8q-MuiGrid-root"[39m
          [36m>[39m
            [36m<div[39m
              [33mclass[39m=[32m"MuiPaper-root MuiPaper-elevation MuiPaper-rounded MuiPaper-elevation1 MuiCard-root css-uuwznv-MuiPaper-root-MuiCard-root"[39m
              [33mstyle[39m=[32m"--Paper-shadow: 0px 2px 1px -1px rgba(0,0,0,0.2),0px 1px 1px 0px rgba(0,0,0,0.14),0px 1px 3px 0px rgba(0,0,0,0.12);"[39m
            [36m>[39m
              [36m<div[39m
                [33mclass[39m=[32m"MuiCardContent-root css-j4isg9-MuiCardContent-root"[39m
              [36m>[39m
                [36m<h6[39m
                  [33mclass[39m=[32m"MuiTypography-root MuiTypography-h6 css-1azse-MuiTypography-root"[39m
                [36m>[39m
                  [36m<svg[39m
                    [33maria-hidden[39m=[32m"true"[39m
                    [33mclass[39m=[32m"MuiSvgIcon-root MuiSvgIcon-fontSizeMedium css-zbvgrk-MuiSvgIcon-root"[39m
                    [33mdata-testid[39m=[32m"BusinessIcon"[39m
                    [33mfocusable[39m=[32m"false"[39m
                    [33mviewBox[39m=[32m"0 0 24 24"[39m
                  [36m>[39m
                    [36m<path[39m
                      [33md[39m=[32m"M12 7V3H2v18h20V7zM6 19H4v-2h2zm0-4H4v-2h2zm0-4H4V9h2zm0-4H4V5h2zm4 12H8v-2h2zm0-4H8v-2h2zm0-4H8V9h2zm0-4H8V5h2zm10 12h-8v-2h2v-2h-2v-2h2v-2h-2V9h8zm-2-8h-2v2h2zm0 4h-2v2h2z"[39m
                    [36m/>[39m
                  [36m</svg>[39m
                  [0mCompany Information[0m
                [36m</h6>[39m
                [36m<div[39m
                  [33mclass[39m=[32m"MuiBox-root css-i3pbo"[39m
                [36m>[39m
                  [36m<p[39m
                    [33mclass[39m=[32m"MuiTypography-root MuiTypography-body2 css-kj4ytl-MuiTypography-root"[39m
                  [36m>[39m
                    [0mCompany Name[0m
                  [36m</p>[39m
                  [36m<p[39m
                    [33mclass[39m=[32m"MuiTypography-root MuiTypography-body1 css-rt9437-MuiTypography-root"[39m
                  [36m>[39m
                    [0mTech Corp[0m
                  [36m</p>[39m
                [36m</div>[39m
                [36m<div[39m
                  [33mclass[39m=[32m"MuiBox-root css-i3pbo"[39m
                [36m>[39m
                  [36m<div[39m
                    [33mclass[39m=[32m"MuiBox-root css-pcqfzb"[39m
                  [36m>[39m
                    [36m<p[39m
                      [33mclass[39m=[32m"MuiTypography-root MuiTypography-body2 css-1wle3ir-MuiTypography-root"[39m
                    [36m>[39m
                      [0mInvite Code[0m
                    [36m</p>[39m
                    [36m<div[39m
                      [33mclass[39m=[32m"MuiBox-root css-1utx3w7"[39m
                    [36m>[39m
                      [36m<button[39m
                        [33maria-label[39m=[32m"Regenerate invite code"[39m
                        [33mclass[39m=[32m"MuiButtonBase-root MuiIconButton-root MuiIconButton-sizeSmall css-ip1af5-MuiButtonBase-root-Mu...

Ignored nodes: comments, script, style
[36m<body[39m
  [33mstyle[39m=[32m""[39m
[36m>[39m
  [36m<div>[39m
    [36m<div[39m
      [33mclass[39m=[32m"MuiBox-root css-95pn59"[39m
    [36m>[39m
      [36m<div[39m
        [33mclass[39m=[32m"MuiBox-root css-kpkptg"[39m
      [36m>[39m
        [36m<div[39m
          [33mclass[39m=[32m"MuiContainer-root MuiContainer-maxWidthLg css-5c1adp-MuiContainer-root"[39m
        [36m>[39m
          [36m<div[39m
            [33mclass[39m=[32m"MuiBox-root css-69i1ev"[39m
          [36m>[39m
            [36m<div[39m
              [33mclass[39m=[32m"MuiBox-root css-18mzyok"[39m
            [36m>[39m
              [36m<button[39m
                [33mclass[39m=[32m"MuiButtonBase-root MuiIconButton-root MuiIconButton-sizeMedium css-j7dfm5-MuiButtonBase-root-MuiIconButton-root"[39m
                [33mtabindex[39m=[32m"0"[39m
                [33mtype[39m=[32m"button"[39m
              [36m>[39m
                [36m<svg[39m
                  [33maria-hidden[39m=[32m"true"[39m
                  [33mclass[39m=[32m"MuiSvgIcon-root MuiSvgIcon-fontSizeMedium css-1umw9bq-MuiSvgIcon-root"[39m
                  [33mdata-testid[39m=[32m"ArrowBackIcon"[39m
                  [33mfocusable[39m=[32m"false"[39m
                  [33mviewBox[39m=[32m"0 0 24 24"[39m
                [36m>[39m
                  [36m<path[39m
                    [33md[39m=[32m"M20 11H7.83l5.59-5.59L12 4l-8 8 8 8 1.41-1.41L7.83 13H20z"[39m
                  [36m/>[39m
                [36m</svg>[39m
              [36m</button>[39m
              [36m<svg[39m
                [33maria-hidden[39m=[32m"true"[39m
                [33mclass[39m=[32m"MuiSvgIcon-root MuiSvgIcon-fontSizeMedium css-19qoenp-MuiSvgIcon-root"[39m
                [33mdata-testid[39m=[32m"BusinessIcon"[39m
                [33mfocusable[39m=[32m"false"[39m
                [33mviewBox[39m=[32m"0 0 24 24"[39m
              [36m>[39m
                [36m<path[39m
                  [33md[39m=[32m"M12 7V3H2v18h20V7zM6 19H4v-2h2zm0-4H4v-2h2zm0-4H4V9h2zm0-4H4V5h2zm4 12H8v-2h2zm0-4H8v-2h2zm0-4H8V9h2zm0-4H8V5h2zm10 12h-8v-2h2v-2h-2v-2h2v-2h-2V9h8zm-2-8h-2v2h2zm0 4h-2v2h2z"[39m
                [36m/>[39m
              [36m</svg>[39m
              [36m<h4[39m
                [33mclass[39m=[32m"MuiTypography-root MuiTypography-h4 css-g2oqeu-MuiTypography-root"[39m
              [36m>[39m
                [0mTech Corp[0m
              [36m</h4>[39m
            [36m</div>[39m
            [36m<div[39m
              [33mclass[39m=[32m"MuiBox-root css-j0ozid"[39m
            [36m>[39m
              [36m<button[39m
                [33mclass[39m=[32m"MuiButtonBase-root MuiIconButton-root MuiIconButton-sizeMedium css-53g0n7-MuiButtonBase-root-MuiIconButton-root"[39m
                [33mtabindex[39m=[32m"0"[39m
                [33mtype[39m=[32m"button"[39m
              [36m>[39m
                [36m<div[39m
                  [33mclass[39m=[32m"MuiAvatar-root MuiAvatar-circular MuiAvatar-colorDefault css-kdbbge-MuiAvatar-root"[39m
                [36m>[39m
                  [0mU[0m
                [36m</div>[39m
              [36m</button>[39m
            [36m</div>[39m
          [36m</div>[39m
        [36m</div>[39m
      [36m</div>[39m
      [36m<div[39m
        [33mclass[39m=[32m"MuiContainer-root MuiContainer-maxWidthLg css-xsov46-MuiContainer-root"[39m
      [36m>[39m
        [36m<div[39m
          [33mclass[39m=[32m"MuiGrid-root MuiGrid-container MuiGrid-direction-xs-row MuiGrid-spacing-xs-3 css-1u8xl8z-MuiGrid-root"[39m
        [36m>[39m
          [36m<div[39m
            [33mclass[39m=[32m"MuiGrid-root MuiGrid-direction-xs-row MuiGrid-grid-xs-12 MuiGrid-grid-md-6 css-204a8q-MuiGrid-root"[39m
          [36m>[39m
            [36m<div[39m
              [33mclass[39m=[32m"MuiPaper-root MuiPaper-elevation MuiPaper-rounded MuiPaper-elevation1 MuiCard-root css-uuwznv-MuiPaper-root-MuiCard-root"[39m
              [33mstyle[39m=[32m"--Paper-shadow: 0px 2px 1px -1px rgba(0,0,0,0.2),0px 1px 1px 0px rgba(0,0,0,0.14),0px 1px 3px 0px rgba(0,0,0,0.12);"[39m
            [36m>[39m
              [36m<div[39m
                [33mclass[39m=[32m"MuiCardContent-root css-j4isg9-MuiCardContent-root"[39m
              [36m>[39m
                [36m<h6[39m
                  [33mclass[39m=[32m"MuiTypography-root MuiTypography-h6 css-1azse-MuiTypography-root"[39m
                [36m>[39m
                  [36m<svg[39m
                    [33maria-hidden[39m=[32m"true"[39m
                    [33mclass[39m=[32m"MuiSvgIcon-root MuiSvgIcon-fontSizeMedium css-zbvgrk-MuiSvgIcon-root"[39m
                    [33mdata-testid[39m=[32m"BusinessIcon"[39m
                    [33mfocusable[39m=[32m"false"[39m
                    [33mviewBox[39m=[32m"0 0 24 24"[39m
                  [36m>[39m
                    [36m<path[39m
                      [33md[39m=[32m"M12 7V3H2v18h20V7zM6 19H4v-2h2zm0-4H4v-2h2zm0-4H4V9h2zm0-4H4V5h2zm4 12H8v-2h2zm0-4H8v-2h2zm0-4H8V9h2zm0-4H8V5h2zm10 12h-8v-2h2v-2h-2v-2h2v-2h-2V9h8zm-2-8h-2v2h2zm0 4h-2v2h2z"[39m
                    [36m/>[39m
                  [36m</svg>[39m
                  [0mCompany Information[0m
                [36m</h6>[39m
                [36m<div[39m
                  [33mclass[39m=[32m"MuiBox-root css-i3pbo"[39m
                [36m>[39m
                  [36m<p[39m
                    [33mclass[39m=[32m"MuiTypography-root MuiTypography-body2 css-kj4ytl-MuiTypography-root"[39m
                  [36m>[39m
                    [0mCompany Name[0m
                  [36m</p>[39m
                  [36m<p[39m
                    [33mclass[39m=[32m"MuiTypography-root MuiTypography-body1 css-rt9437-MuiTypography-root"[39m
                  [36m>[39m
                    [0mTech Corp[0m
                  [36m</p>[39m
                [36m</div>[39m
                [36m<div[39m
                  [33mclass[39m=[32m"MuiBox-root css-i3pbo"[39m
                [36m>[39m
                  [36m<div[39m
                    [33mclass[39m=[32m"MuiBox-root css-pcqfzb"[39m
                  [36m>[39m
                    [36m<p[39m
                      [33mclass[39m=[32m"MuiTypography-root MuiTypography-body2 css-1wle3ir-MuiTypography-root"[39m
                    [36m>[39m
                      [0mInvite Code[0m
                    [36m</p>[39m
                    [36m<div[39m
                      [33mclass[39m=[32m"MuiBox-root css-1utx3w7"[39m
                    [36m>[39m
                      [36m<button[39m
                        [33maria-label[39m=[32m"Regenerate invite code"[39m
                        [33mclass[39m=[32m"MuiButtonBase-root MuiIconButton-root MuiIconButton-sizeSmall css-ip1af5-MuiButtonBase-root-Mu...
[90m [2m❯[22m waitForWrapper node_modules/@testing-library/dom/dist/wait-for.js:[2m163:27[22m[39m
[90m [2m❯[22m findByText node_modules/@testing-library/dom/dist/query-helpers.js:[2m86:33[22m[39m
[36m [2m❯[22m src/pages/__tests__/Company.test.tsx:[2m458:18[22m[39m
    [90m456| [39m    (authUtils.deleteCompany as any).mockResolvedValue({ success: true…
    [90m457| [39m    [34mrenderComp[39m()[33m;[39m
    [90m458| [39m    [35mawait[39m screen[33m.[39m[34mfindByText[39m([36m/Tech Corp/i[39m[33m,[39m {}[33m,[39m { timeout[33m:[39m [34m3000[39m })[33m;[39m
    [90m   | [39m                 [31m^[39m
    [90m459| [39m
    [90m460| [39m    const deleteButtons = screen.queryAllByRole("button").filter(b => …

[31m[2m⎯⎯⎯⎯⎯⎯⎯⎯⎯⎯⎯⎯⎯⎯⎯⎯⎯⎯⎯⎯⎯⎯[27/33]⎯[22m[39m

[41m[1m FAIL [22m[49m src/pages/__tests__/Company.test.tsx[2m > [22mCompany[2m > [22mhandles company deletion error
[31m[1mTestingLibraryElementError[22m[39m: Found multiple elements with the text: /Tech Corp/i

Here are the matching elements:

Ignored nodes: comments, script, style
[36m<h4[39m
  [33mclass[39m=[32m"MuiTypography-root MuiTypography-h4 css-g2oqeu-MuiTypography-root"[39m
[36m>[39m
  [0mTech Corp[0m
[36m</h4>[39m

Ignored nodes: comments, script, style
[36m<p[39m
  [33mclass[39m=[32m"MuiTypography-root MuiTypography-body1 css-rt9437-MuiTypography-root"[39m
[36m>[39m
  [0mTech Corp[0m
[36m</p>[39m

(If this is intentional, then use the `*AllBy*` variant of the query (like `queryAllByText`, `getAllByText`, or `findAllByText`)).

Ignored nodes: comments, script, style
[36m<body[39m
  [33mstyle[39m=[32m""[39m
[36m>[39m
  [36m<div>[39m
    [36m<div[39m
      [33mclass[39m=[32m"MuiBox-root css-95pn59"[39m
    [36m>[39m
      [36m<div[39m
        [33mclass[39m=[32m"MuiBox-root css-kpkptg"[39m
      [36m>[39m
        [36m<div[39m
          [33mclass[39m=[32m"MuiContainer-root MuiContainer-maxWidthLg css-5c1adp-MuiContainer-root"[39m
        [36m>[39m
          [36m<div[39m
            [33mclass[39m=[32m"MuiBox-root css-69i1ev"[39m
          [36m>[39m
            [36m<div[39m
              [33mclass[39m=[32m"MuiBox-root css-18mzyok"[39m
            [36m>[39m
              [36m<button[39m
                [33mclass[39m=[32m"MuiButtonBase-root MuiIconButton-root MuiIconButton-sizeMedium css-j7dfm5-MuiButtonBase-root-MuiIconButton-root"[39m
                [33mtabindex[39m=[32m"0"[39m
                [33mtype[39m=[32m"button"[39m
              [36m>[39m
                [36m<svg[39m
                  [33maria-hidden[39m=[32m"true"[39m
                  [33mclass[39m=[32m"MuiSvgIcon-root MuiSvgIcon-fontSizeMedium css-1umw9bq-MuiSvgIcon-root"[39m
                  [33mdata-testid[39m=[32m"ArrowBackIcon"[39m
                  [33mfocusable[39m=[32m"false"[39m
                  [33mviewBox[39m=[32m"0 0 24 24"[39m
                [36m>[39m
                  [36m<path[39m
                    [33md[39m=[32m"M20 11H7.83l5.59-5.59L12 4l-8 8 8 8 1.41-1.41L7.83 13H20z"[39m
                  [36m/>[39m
                [36m</svg>[39m
              [36m</button>[39m
              [36m<svg[39m
                [33maria-hidden[39m=[32m"true"[39m
                [33mclass[39m=[32m"MuiSvgIcon-root MuiSvgIcon-fontSizeMedium css-19qoenp-MuiSvgIcon-root"[39m
                [33mdata-testid[39m=[32m"BusinessIcon"[39m
                [33mfocusable[39m=[32m"false"[39m
                [33mviewBox[39m=[32m"0 0 24 24"[39m
              [36m>[39m
                [36m<path[39m
                  [33md[39m=[32m"M12 7V3H2v18h20V7zM6 19H4v-2h2zm0-4H4v-2h2zm0-4H4V9h2zm0-4H4V5h2zm4 12H8v-2h2zm0-4H8v-2h2zm0-4H8V9h2zm0-4H8V5h2zm10 12h-8v-2h2v-2h-2v-2h2v-2h-2V9h8zm-2-8h-2v2h2zm0 4h-2v2h2z"[39m
                [36m/>[39m
              [36m</svg>[39m
              [36m<h4[39m
                [33mclass[39m=[32m"MuiTypography-root MuiTypography-h4 css-g2oqeu-MuiTypography-root"[39m
              [36m>[39m
                [0mTech Corp[0m
              [36m</h4>[39m
            [36m</div>[39m
            [36m<div[39m
              [33mclass[39m=[32m"MuiBox-root css-j0ozid"[39m
            [36m>[39m
              [36m<button[39m
                [33mclass[39m=[32m"MuiButtonBase-root MuiIconButton-root MuiIconButton-sizeMedium css-53g0n7-MuiButtonBase-root-MuiIconButton-root"[39m
                [33mtabindex[39m=[32m"0"[39m
                [33mtype[39m=[32m"button"[39m
              [36m>[39m
                [36m<div[39m
                  [33mclass[39m=[32m"MuiAvatar-root MuiAvatar-circular MuiAvatar-colorDefault css-kdbbge-MuiAvatar-root"[39m
                [36m>[39m
                  [0mU[0m
                [36m</div>[39m
              [36m</button>[39m
            [36m</div>[39m
          [36m</div>[39m
        [36m</div>[39m
      [36m</div>[39m
      [36m<div[39m
        [33mclass[39m=[32m"MuiContainer-root MuiContainer-maxWidthLg css-xsov46-MuiContainer-root"[39m
      [36m>[39m
        [36m<div[39m
          [33mclass[39m=[32m"MuiGrid-root MuiGrid-container MuiGrid-direction-xs-row MuiGrid-spacing-xs-3 css-1u8xl8z-MuiGrid-root"[39m
        [36m>[39m
          [36m<div[39m
            [33mclass[39m=[32m"MuiGrid-root MuiGrid-direction-xs-row MuiGrid-grid-xs-12 MuiGrid-grid-md-6 css-204a8q-MuiGrid-root"[39m
          [36m>[39m
            [36m<div[39m
              [33mclass[39m=[32m"MuiPaper-root MuiPaper-elevation MuiPaper-rounded MuiPaper-elevation1 MuiCard-root css-uuwznv-MuiPaper-root-MuiCard-root"[39m
              [33mstyle[39m=[32m"--Paper-shadow: 0px 2px 1px -1px rgba(0,0,0,0.2),0px 1px 1px 0px rgba(0,0,0,0.14),0px 1px 3px 0px rgba(0,0,0,0.12);"[39m
            [36m>[39m
              [36m<div[39m
                [33mclass[39m=[32m"MuiCardContent-root css-j4isg9-MuiCardContent-root"[39m
              [36m>[39m
                [36m<h6[39m
                  [33mclass[39m=[32m"MuiTypography-root MuiTypography-h6 css-1azse-MuiTypography-root"[39m
                [36m>[39m
                  [36m<svg[39m
                    [33maria-hidden[39m=[32m"true"[39m
                    [33mclass[39m=[32m"MuiSvgIcon-root MuiSvgIcon-fontSizeMedium css-zbvgrk-MuiSvgIcon-root"[39m
                    [33mdata-testid[39m=[32m"BusinessIcon"[39m
                    [33mfocusable[39m=[32m"false"[39m
                    [33mviewBox[39m=[32m"0 0 24 24"[39m
                  [36m>[39m
                    [36m<path[39m
                      [33md[39m=[32m"M12 7V3H2v18h20V7zM6 19H4v-2h2zm0-4H4v-2h2zm0-4H4V9h2zm0-4H4V5h2zm4 12H8v-2h2zm0-4H8v-2h2zm0-4H8V9h2zm0-4H8V5h2zm10 12h-8v-2h2v-2h-2v-2h2v-2h-2V9h8zm-2-8h-2v2h2zm0 4h-2v2h2z"[39m
                    [36m/>[39m
                  [36m</svg>[39m
                  [0mCompany Information[0m
                [36m</h6>[39m
                [36m<div[39m
                  [33mclass[39m=[32m"MuiBox-root css-i3pbo"[39m
                [36m>[39m
                  [36m<p[39m
                    [33mclass[39m=[32m"MuiTypography-root MuiTypography-body2 css-kj4ytl-MuiTypography-root"[39m
                  [36m>[39m
                    [0mCompany Name[0m
                  [36m</p>[39m
                  [36m<p[39m
                    [33mclass[39m=[32m"MuiTypography-root MuiTypography-body1 css-rt9437-MuiTypography-root"[39m
                  [36m>[39m
                    [0mTech Corp[0m
                  [36m</p>[39m
                [36m</div>[39m
                [36m<div[39m
                  [33mclass[39m=[32m"MuiBox-root css-i3pbo"[39m
                [36m>[39m
                  [36m<div[39m
                    [33mclass[39m=[32m"MuiBox-root css-pcqfzb"[39m
                  [36m>[39m
                    [36m<p[39m
                      [33mclass[39m=[32m"MuiTypography-root MuiTypography-body2 css-1wle3ir-MuiTypography-root"[39m
                    [36m>[39m
                      [0mInvite Code[0m
                    [36m</p>[39m
                    [36m<div[39m
                      [33mclass[39m=[32m"MuiBox-root css-1utx3w7"[39m
                    [36m>[39m
                      [36m<button[39m
                        [33maria-label[39m=[32m"Regenerate invite code"[39m
                        [33mclass[39m=[32m"MuiButtonBase-root MuiIconButton-root MuiIconButton-sizeSmall css-ip1af5-MuiButtonBase-root-Mu...

Ignored nodes: comments, script, style
[36m<body[39m
  [33mstyle[39m=[32m""[39m
[36m>[39m
  [36m<div>[39m
    [36m<div[39m
      [33mclass[39m=[32m"MuiBox-root css-95pn59"[39m
    [36m>[39m
      [36m<div[39m
        [33mclass[39m=[32m"MuiBox-root css-kpkptg"[39m
      [36m>[39m
        [36m<div[39m
          [33mclass[39m=[32m"MuiContainer-root MuiContainer-maxWidthLg css-5c1adp-MuiContainer-root"[39m
        [36m>[39m
          [36m<div[39m
            [33mclass[39m=[32m"MuiBox-root css-69i1ev"[39m
          [36m>[39m
            [36m<div[39m
              [33mclass[39m=[32m"MuiBox-root css-18mzyok"[39m
            [36m>[39m
              [36m<button[39m
                [33mclass[39m=[32m"MuiButtonBase-root MuiIconButton-root MuiIconButton-sizeMedium css-j7dfm5-MuiButtonBase-root-MuiIconButton-root"[39m
                [33mtabindex[39m=[32m"0"[39m
                [33mtype[39m=[32m"button"[39m
              [36m>[39m
                [36m<svg[39m
                  [33maria-hidden[39m=[32m"true"[39m
                  [33mclass[39m=[32m"MuiSvgIcon-root MuiSvgIcon-fontSizeMedium css-1umw9bq-MuiSvgIcon-root"[39m
                  [33mdata-testid[39m=[32m"ArrowBackIcon"[39m
                  [33mfocusable[39m=[32m"false"[39m
                  [33mviewBox[39m=[32m"0 0 24 24"[39m
                [36m>[39m
                  [36m<path[39m
                    [33md[39m=[32m"M20 11H7.83l5.59-5.59L12 4l-8 8 8 8 1.41-1.41L7.83 13H20z"[39m
                  [36m/>[39m
                [36m</svg>[39m
              [36m</button>[39m
              [36m<svg[39m
                [33maria-hidden[39m=[32m"true"[39m
                [33mclass[39m=[32m"MuiSvgIcon-root MuiSvgIcon-fontSizeMedium css-19qoenp-MuiSvgIcon-root"[39m
                [33mdata-testid[39m=[32m"BusinessIcon"[39m
                [33mfocusable[39m=[32m"false"[39m
                [33mviewBox[39m=[32m"0 0 24 24"[39m
              [36m>[39m
                [36m<path[39m
                  [33md[39m=[32m"M12 7V3H2v18h20V7zM6 19H4v-2h2zm0-4H4v-2h2zm0-4H4V9h2zm0-4H4V5h2zm4 12H8v-2h2zm0-4H8v-2h2zm0-4H8V9h2zm0-4H8V5h2zm10 12h-8v-2h2v-2h-2v-2h2v-2h-2V9h8zm-2-8h-2v2h2zm0 4h-2v2h2z"[39m
                [36m/>[39m
              [36m</svg>[39m
              [36m<h4[39m
                [33mclass[39m=[32m"MuiTypography-root MuiTypography-h4 css-g2oqeu-MuiTypography-root"[39m
              [36m>[39m
                [0mTech Corp[0m
              [36m</h4>[39m
            [36m</div>[39m
            [36m<div[39m
              [33mclass[39m=[32m"MuiBox-root css-j0ozid"[39m
            [36m>[39m
              [36m<button[39m
                [33mclass[39m=[32m"MuiButtonBase-root MuiIconButton-root MuiIconButton-sizeMedium css-53g0n7-MuiButtonBase-root-MuiIconButton-root"[39m
                [33mtabindex[39m=[32m"0"[39m
                [33mtype[39m=[32m"button"[39m
              [36m>[39m
                [36m<div[39m
                  [33mclass[39m=[32m"MuiAvatar-root MuiAvatar-circular MuiAvatar-colorDefault css-kdbbge-MuiAvatar-root"[39m
                [36m>[39m
                  [0mU[0m
                [36m</div>[39m
              [36m</button>[39m
            [36m</div>[39m
          [36m</div>[39m
        [36m</div>[39m
      [36m</div>[39m
      [36m<div[39m
        [33mclass[39m=[32m"MuiContainer-root MuiContainer-maxWidthLg css-xsov46-MuiContainer-root"[39m
      [36m>[39m
        [36m<div[39m
          [33mclass[39m=[32m"MuiGrid-root MuiGrid-container MuiGrid-direction-xs-row MuiGrid-spacing-xs-3 css-1u8xl8z-MuiGrid-root"[39m
        [36m>[39m
          [36m<div[39m
            [33mclass[39m=[32m"MuiGrid-root MuiGrid-direction-xs-row MuiGrid-grid-xs-12 MuiGrid-grid-md-6 css-204a8q-MuiGrid-root"[39m
          [36m>[39m
            [36m<div[39m
              [33mclass[39m=[32m"MuiPaper-root MuiPaper-elevation MuiPaper-rounded MuiPaper-elevation1 MuiCard-root css-uuwznv-MuiPaper-root-MuiCard-root"[39m
              [33mstyle[39m=[32m"--Paper-shadow: 0px 2px 1px -1px rgba(0,0,0,0.2),0px 1px 1px 0px rgba(0,0,0,0.14),0px 1px 3px 0px rgba(0,0,0,0.12);"[39m
            [36m>[39m
              [36m<div[39m
                [33mclass[39m=[32m"MuiCardContent-root css-j4isg9-MuiCardContent-root"[39m
              [36m>[39m
                [36m<h6[39m
                  [33mclass[39m=[32m"MuiTypography-root MuiTypography-h6 css-1azse-MuiTypography-root"[39m
                [36m>[39m
                  [36m<svg[39m
                    [33maria-hidden[39m=[32m"true"[39m
                    [33mclass[39m=[32m"MuiSvgIcon-root MuiSvgIcon-fontSizeMedium css-zbvgrk-MuiSvgIcon-root"[39m
                    [33mdata-testid[39m=[32m"BusinessIcon"[39m
                    [33mfocusable[39m=[32m"false"[39m
                    [33mviewBox[39m=[32m"0 0 24 24"[39m
                  [36m>[39m
                    [36m<path[39m
                      [33md[39m=[32m"M12 7V3H2v18h20V7zM6 19H4v-2h2zm0-4H4v-2h2zm0-4H4V9h2zm0-4H4V5h2zm4 12H8v-2h2zm0-4H8v-2h2zm0-4H8V9h2zm0-4H8V5h2zm10 12h-8v-2h2v-2h-2v-2h2v-2h-2V9h8zm-2-8h-2v2h2zm0 4h-2v2h2z"[39m
                    [36m/>[39m
                  [36m</svg>[39m
                  [0mCompany Information[0m
                [36m</h6>[39m
                [36m<div[39m
                  [33mclass[39m=[32m"MuiBox-root css-i3pbo"[39m
                [36m>[39m
                  [36m<p[39m
                    [33mclass[39m=[32m"MuiTypography-root MuiTypography-body2 css-kj4ytl-MuiTypography-root"[39m
                  [36m>[39m
                    [0mCompany Name[0m
                  [36m</p>[39m
                  [36m<p[39m
                    [33mclass[39m=[32m"MuiTypography-root MuiTypography-body1 css-rt9437-MuiTypography-root"[39m
                  [36m>[39m
                    [0mTech Corp[0m
                  [36m</p>[39m
                [36m</div>[39m
                [36m<div[39m
                  [33mclass[39m=[32m"MuiBox-root css-i3pbo"[39m
                [36m>[39m
                  [36m<div[39m
                    [33mclass[39m=[32m"MuiBox-root css-pcqfzb"[39m
                  [36m>[39m
                    [36m<p[39m
                      [33mclass[39m=[32m"MuiTypography-root MuiTypography-body2 css-1wle3ir-MuiTypography-root"[39m
                    [36m>[39m
                      [0mInvite Code[0m
                    [36m</p>[39m
                    [36m<div[39m
                      [33mclass[39m=[32m"MuiBox-root css-1utx3w7"[39m
                    [36m>[39m
                      [36m<button[39m
                        [33maria-label[39m=[32m"Regenerate invite code"[39m
                        [33mclass[39m=[32m"MuiButtonBase-root MuiIconButton-root MuiIconButton-sizeSmall css-ip1af5-MuiButtonBase-root-Mu...
[90m [2m❯[22m waitForWrapper node_modules/@testing-library/dom/dist/wait-for.js:[2m163:27[22m[39m
[90m [2m❯[22m findByText node_modules/@testing-library/dom/dist/query-helpers.js:[2m86:33[22m[39m
[36m [2m❯[22m src/pages/__tests__/Company.test.tsx:[2m481:18[22m[39m
    [90m479| [39m    })[33m;[39m
    [90m480| [39m    [34mrenderComp[39m()[33m;[39m
    [90m481| [39m    [35mawait[39m screen[33m.[39m[34mfindByText[39m([36m/Tech Corp/i[39m[33m,[39m {}[33m,[39m { timeout[33m:[39m [34m3000[39m })[33m;[39m
    [90m   | [39m                 [31m^[39m
    [90m482| [39m
    [90m483| [39m    const deleteButtons = screen.queryAllByRole("button").filter(b => …

[31m[2m⎯⎯⎯⎯⎯⎯⎯⎯⎯⎯⎯⎯⎯⎯⎯⎯⎯⎯⎯⎯⎯⎯[28/33]⎯[22m[39m

[41m[1m FAIL [22m[49m src/pages/__tests__/Company.test.tsx[2m > [22mCompany[2m > [22mhandles job fetch errors
[31m[1mTestingLibraryElementError[22m[39m: Found multiple elements with the text: /Tech Corp/i

Here are the matching elements:

Ignored nodes: comments, script, style
[36m<h4[39m
  [33mclass[39m=[32m"MuiTypography-root MuiTypography-h4 css-g2oqeu-MuiTypography-root"[39m
[36m>[39m
  [0mTech Corp[0m
[36m</h4>[39m

Ignored nodes: comments, script, style
[36m<p[39m
  [33mclass[39m=[32m"MuiTypography-root MuiTypography-body1 css-rt9437-MuiTypography-root"[39m
[36m>[39m
  [0mTech Corp[0m
[36m</p>[39m

(If this is intentional, then use the `*AllBy*` variant of the query (like `queryAllByText`, `getAllByText`, or `findAllByText`)).

Ignored nodes: comments, script, style
[36m<body[39m
  [33mstyle[39m=[32m""[39m
[36m>[39m
  [36m<div>[39m
    [36m<div[39m
      [33mclass[39m=[32m"MuiBox-root css-95pn59"[39m
    [36m>[39m
      [36m<div[39m
        [33mclass[39m=[32m"MuiBox-root css-kpkptg"[39m
      [36m>[39m
        [36m<div[39m
          [33mclass[39m=[32m"MuiContainer-root MuiContainer-maxWidthLg css-5c1adp-MuiContainer-root"[39m
        [36m>[39m
          [36m<div[39m
            [33mclass[39m=[32m"MuiBox-root css-69i1ev"[39m
          [36m>[39m
            [36m<div[39m
              [33mclass[39m=[32m"MuiBox-root css-18mzyok"[39m
            [36m>[39m
              [36m<button[39m
                [33mclass[39m=[32m"MuiButtonBase-root MuiIconButton-root MuiIconButton-sizeMedium css-j7dfm5-MuiButtonBase-root-MuiIconButton-root"[39m
                [33mtabindex[39m=[32m"0"[39m
                [33mtype[39m=[32m"button"[39m
              [36m>[39m
                [36m<svg[39m
                  [33maria-hidden[39m=[32m"true"[39m
                  [33mclass[39m=[32m"MuiSvgIcon-root MuiSvgIcon-fontSizeMedium css-1umw9bq-MuiSvgIcon-root"[39m
                  [33mdata-testid[39m=[32m"ArrowBackIcon"[39m
                  [33mfocusable[39m=[32m"false"[39m
                  [33mviewBox[39m=[32m"0 0 24 24"[39m
                [36m>[39m
                  [36m<path[39m
                    [33md[39m=[32m"M20 11H7.83l5.59-5.59L12 4l-8 8 8 8 1.41-1.41L7.83 13H20z"[39m
                  [36m/>[39m
                [36m</svg>[39m
              [36m</button>[39m
              [36m<svg[39m
                [33maria-hidden[39m=[32m"true"[39m
                [33mclass[39m=[32m"MuiSvgIcon-root MuiSvgIcon-fontSizeMedium css-19qoenp-MuiSvgIcon-root"[39m
                [33mdata-testid[39m=[32m"BusinessIcon"[39m
                [33mfocusable[39m=[32m"false"[39m
                [33mviewBox[39m=[32m"0 0 24 24"[39m
              [36m>[39m
                [36m<path[39m
                  [33md[39m=[32m"M12 7V3H2v18h20V7zM6 19H4v-2h2zm0-4H4v-2h2zm0-4H4V9h2zm0-4H4V5h2zm4 12H8v-2h2zm0-4H8v-2h2zm0-4H8V9h2zm0-4H8V5h2zm10 12h-8v-2h2v-2h-2v-2h2v-2h-2V9h8zm-2-8h-2v2h2zm0 4h-2v2h2z"[39m
                [36m/>[39m
              [36m</svg>[39m
              [36m<h4[39m
                [33mclass[39m=[32m"MuiTypography-root MuiTypography-h4 css-g2oqeu-MuiTypography-root"[39m
              [36m>[39m
                [0mTech Corp[0m
              [36m</h4>[39m
            [36m</div>[39m
            [36m<div[39m
              [33mclass[39m=[32m"MuiBox-root css-j0ozid"[39m
            [36m>[39m
              [36m<button[39m
                [33mclass[39m=[32m"MuiButtonBase-root MuiIconButton-root MuiIconButton-sizeMedium css-53g0n7-MuiButtonBase-root-MuiIconButton-root"[39m
                [33mtabindex[39m=[32m"0"[39m
                [33mtype[39m=[32m"button"[39m
              [36m>[39m
                [36m<div[39m
                  [33mclass[39m=[32m"MuiAvatar-root MuiAvatar-circular MuiAvatar-colorDefault css-kdbbge-MuiAvatar-root"[39m
                [36m>[39m
                  [0mU[0m
                [36m</div>[39m
              [36m</button>[39m
            [36m</div>[39m
          [36m</div>[39m
        [36m</div>[39m
      [36m</div>[39m
      [36m<div[39m
        [33mclass[39m=[32m"MuiContainer-root MuiContainer-maxWidthLg css-xsov46-MuiContainer-root"[39m
      [36m>[39m
        [36m<div[39m
          [33mclass[39m=[32m"MuiPaper-root MuiPaper-elevation MuiPaper-rounded MuiPaper-elevation0 MuiAlert-root MuiAlert-colorError MuiAlert-standardError MuiAlert-standard css-lvjvof-MuiPaper-root-MuiAlert-root"[39m
          [33mrole[39m=[32m"alert"[39m
          [33mstyle[39m=[32m"--Paper-shadow: none;"[39m
        [36m>[39m
          [36m<div[39m
            [33mclass[39m=[32m"MuiAlert-icon css-vab54s-MuiAlert-icon"[39m
          [36m>[39m
            [36m<svg[39m
              [33maria-hidden[39m=[32m"true"[39m
              [33mclass[39m=[32m"MuiSvgIcon-root MuiSvgIcon-fontSizeInherit css-1ckov0h-MuiSvgIcon-root"[39m
              [33mdata-testid[39m=[32m"ErrorOutlineIcon"[39m
              [33mfocusable[39m=[32m"false"[39m
              [33mviewBox[39m=[32m"0 0 24 24"[39m
            [36m>[39m
              [36m<path[39m
                [33md[39m=[32m"M11 15h2v2h-2zm0-8h2v6h-2zm.99-5C6.47 2 2 6.48 2 12s4.47 10 9.99 10C17.52 22 22 17.52 22 12S17.52 2 11.99 2zM12 20c-4.42 0-8-3.58-8-8s3.58-8 8-8 8 3.58 8 8-3.58 8-8 8z"[39m
              [36m/>[39m
            [36m</svg>[39m
          [36m</div>[39m
          [36m<div[39m
            [33mclass[39m=[32m"MuiAlert-message css-zioonp-MuiAlert-message"[39m
          [36m>[39m
            [0mFailed to load job postings: Job fetch error[0m
          [36m</div>[39m
          [36m<div[39m
            [33mclass[39m=[32m"MuiAlert-action css-rgppqo-MuiAlert-action"[39m
          [36m>[39m
            [36m<button[39m
              [33maria-label[39m=[32m"Close"[39m
              [33mclass[39m=[32m"MuiButtonBase-root MuiIconButton-root MuiIconButton-colorInherit MuiIconButton-sizeSmall css-38cjb0-MuiButtonBase-root-MuiIconButton-root"[39m
              [33mtabindex[39m=[32m"0"[39m
              [33mtitle[39m=[32m"Close"[39m
              [33mtype[39m=[32m"button"[39m
            [36m>[39m
              [36m<svg[39m
                [33maria-hidden[39m=[32m"true"[39m
                [33mclass[39m=[32m"MuiSvgIcon-root MuiSvgIcon-fontSizeSmall css-120dh41-MuiSvgIcon-root"[39m
                [33mdata-testid[39m=[32m"CloseIcon"[39m
                [33mfocusable[39m=[32m"false"[39m
                [33mviewBox[39m=[32m"0 0 24 24"[39m
              [36m>[39m
                [36m<path[39m
                  [33md[39m=[32m"M19 6.41L17.59 5 12 10.59 6.41 5 5 6.41 10.59 12 5 17.59 6.41 19 12 13.41 17.59 19 19 17.59 13.41 12z"[39m
                [36m/>[39m
              [36m</svg>[39m
            [36m</button>[39m
          [36m</div>[39m
        [36m</div>[39m
        [36m<div[39m
          [33mclass[39m=[32m"MuiGrid-root MuiGrid-container MuiGrid-direction-xs-row MuiGrid-spacing-xs-3 css-1u8xl8z-MuiGrid-root"[39m
        [36m>[39m
          [36m<div[39m
            [33mclass[39m=[32m"MuiGrid-root MuiGrid-direction-xs-row MuiGrid-grid-xs-12 MuiGrid-grid-md-6 css-204a8q-MuiGrid-root"[39m
          [36m>[39m
            [36m<div[39m
              [33mclass[39m=[32m"MuiPaper-root MuiPaper-elevation MuiPaper-rounded MuiPaper-elevation1 MuiCard-root css-uuwznv-MuiPaper-root-MuiCard-root"[39m
              [33mstyle[39m=[32m"--Paper-shadow: 0px 2px 1px -1px rgba(0,0,0,0.2),0px 1px 1px 0px rgba(0,0,0,0.14),0px 1px 3px 0px rgba(0,0,0,0.12);"[39m
            [36m>[39m
              [36m<div[39m
 ...

Ignored nodes: comments, script, style
[36m<body[39m
  [33mstyle[39m=[32m""[39m
[36m>[39m
  [36m<div>[39m
    [36m<div[39m
      [33mclass[39m=[32m"MuiBox-root css-95pn59"[39m
    [36m>[39m
      [36m<div[39m
        [33mclass[39m=[32m"MuiBox-root css-kpkptg"[39m
      [36m>[39m
        [36m<div[39m
          [33mclass[39m=[32m"MuiContainer-root MuiContainer-maxWidthLg css-5c1adp-MuiContainer-root"[39m
        [36m>[39m
          [36m<div[39m
            [33mclass[39m=[32m"MuiBox-root css-69i1ev"[39m
          [36m>[39m
            [36m<div[39m
              [33mclass[39m=[32m"MuiBox-root css-18mzyok"[39m
            [36m>[39m
              [36m<button[39m
                [33mclass[39m=[32m"MuiButtonBase-root MuiIconButton-root MuiIconButton-sizeMedium css-j7dfm5-MuiButtonBase-root-MuiIconButton-root"[39m
                [33mtabindex[39m=[32m"0"[39m
                [33mtype[39m=[32m"button"[39m
              [36m>[39m
                [36m<svg[39m
                  [33maria-hidden[39m=[32m"true"[39m
                  [33mclass[39m=[32m"MuiSvgIcon-root MuiSvgIcon-fontSizeMedium css-1umw9bq-MuiSvgIcon-root"[39m
                  [33mdata-testid[39m=[32m"ArrowBackIcon"[39m
                  [33mfocusable[39m=[32m"false"[39m
                  [33mviewBox[39m=[32m"0 0 24 24"[39m
                [36m>[39m
                  [36m<path[39m
                    [33md[39m=[32m"M20 11H7.83l5.59-5.59L12 4l-8 8 8 8 1.41-1.41L7.83 13H20z"[39m
                  [36m/>[39m
                [36m</svg>[39m
              [36m</button>[39m
              [36m<svg[39m
                [33maria-hidden[39m=[32m"true"[39m
                [33mclass[39m=[32m"MuiSvgIcon-root MuiSvgIcon-fontSizeMedium css-19qoenp-MuiSvgIcon-root"[39m
                [33mdata-testid[39m=[32m"BusinessIcon"[39m
                [33mfocusable[39m=[32m"false"[39m
                [33mviewBox[39m=[32m"0 0 24 24"[39m
              [36m>[39m
                [36m<path[39m
                  [33md[39m=[32m"M12 7V3H2v18h20V7zM6 19H4v-2h2zm0-4H4v-2h2zm0-4H4V9h2zm0-4H4V5h2zm4 12H8v-2h2zm0-4H8v-2h2zm0-4H8V9h2zm0-4H8V5h2zm10 12h-8v-2h2v-2h-2v-2h2v-2h-2V9h8zm-2-8h-2v2h2zm0 4h-2v2h2z"[39m
                [36m/>[39m
              [36m</svg>[39m
              [36m<h4[39m
                [33mclass[39m=[32m"MuiTypography-root MuiTypography-h4 css-g2oqeu-MuiTypography-root"[39m
              [36m>[39m
                [0mTech Corp[0m
              [36m</h4>[39m
            [36m</div>[39m
            [36m<div[39m
              [33mclass[39m=[32m"MuiBox-root css-j0ozid"[39m
            [36m>[39m
              [36m<button[39m
                [33mclass[39m=[32m"MuiButtonBase-root MuiIconButton-root MuiIconButton-sizeMedium css-53g0n7-MuiButtonBase-root-MuiIconButton-root"[39m
                [33mtabindex[39m=[32m"0"[39m
                [33mtype[39m=[32m"button"[39m
              [36m>[39m
                [36m<div[39m
                  [33mclass[39m=[32m"MuiAvatar-root MuiAvatar-circular MuiAvatar-colorDefault css-kdbbge-MuiAvatar-root"[39m
                [36m>[39m
                  [0mU[0m
                [36m</div>[39m
              [36m</button>[39m
            [36m</div>[39m
          [36m</div>[39m
        [36m</div>[39m
      [36m</div>[39m
      [36m<div[39m
        [33mclass[39m=[32m"MuiContainer-root MuiContainer-maxWidthLg css-xsov46-MuiContainer-root"[39m
      [36m>[39m
        [36m<div[39m
          [33mclass[39m=[32m"MuiPaper-root MuiPaper-elevation MuiPaper-rounded MuiPaper-elevation0 MuiAlert-root MuiAlert-colorError MuiAlert-standardError MuiAlert-standard css-lvjvof-MuiPaper-root-MuiAlert-root"[39m
          [33mrole[39m=[32m"alert"[39m
          [33mstyle[39m=[32m"--Paper-shadow: none;"[39m
        [36m>[39m
          [36m<div[39m
            [33mclass[39m=[32m"MuiAlert-icon css-vab54s-MuiAlert-icon"[39m
          [36m>[39m
            [36m<svg[39m
              [33maria-hidden[39m=[32m"true"[39m
              [33mclass[39m=[32m"MuiSvgIcon-root MuiSvgIcon-fontSizeInherit css-1ckov0h-MuiSvgIcon-root"[39m
              [33mdata-testid[39m=[32m"ErrorOutlineIcon"[39m
              [33mfocusable[39m=[32m"false"[39m
              [33mviewBox[39m=[32m"0 0 24 24"[39m
            [36m>[39m
              [36m<path[39m
                [33md[39m=[32m"M11 15h2v2h-2zm0-8h2v6h-2zm.99-5C6.47 2 2 6.48 2 12s4.47 10 9.99 10C17.52 22 22 17.52 22 12S17.52 2 11.99 2zM12 20c-4.42 0-8-3.58-8-8s3.58-8 8-8 8 3.58 8 8-3.58 8-8 8z"[39m
              [36m/>[39m
            [36m</svg>[39m
          [36m</div>[39m
          [36m<div[39m
            [33mclass[39m=[32m"MuiAlert-message css-zioonp-MuiAlert-message"[39m
          [36m>[39m
            [0mFailed to load job postings: Job fetch error[0m
          [36m</div>[39m
          [36m<div[39m
            [33mclass[39m=[32m"MuiAlert-action css-rgppqo-MuiAlert-action"[39m
          [36m>[39m
            [36m<button[39m
              [33maria-label[39m=[32m"Close"[39m
              [33mclass[39m=[32m"MuiButtonBase-root MuiIconButton-root MuiIconButton-colorInherit MuiIconButton-sizeSmall css-38cjb0-MuiButtonBase-root-MuiIconButton-root"[39m
              [33mtabindex[39m=[32m"0"[39m
              [33mtitle[39m=[32m"Close"[39m
              [33mtype[39m=[32m"button"[39m
            [36m>[39m
              [36m<svg[39m
                [33maria-hidden[39m=[32m"true"[39m
                [33mclass[39m=[32m"MuiSvgIcon-root MuiSvgIcon-fontSizeSmall css-120dh41-MuiSvgIcon-root"[39m
                [33mdata-testid[39m=[32m"CloseIcon"[39m
                [33mfocusable[39m=[32m"false"[39m
                [33mviewBox[39m=[32m"0 0 24 24"[39m
              [36m>[39m
                [36m<path[39m
                  [33md[39m=[32m"M19 6.41L17.59 5 12 10.59 6.41 5 5 6.41 10.59 12 5 17.59 6.41 19 12 13.41 17.59 19 19 17.59 13.41 12z"[39m
                [36m/>[39m
              [36m</svg>[39m
            [36m</button>[39m
          [36m</div>[39m
        [36m</div>[39m
        [36m<div[39m
          [33mclass[39m=[32m"MuiGrid-root MuiGrid-container MuiGrid-direction-xs-row MuiGrid-spacing-xs-3 css-1u8xl8z-MuiGrid-root"[39m
        [36m>[39m
          [36m<div[39m
            [33mclass[39m=[32m"MuiGrid-root MuiGrid-direction-xs-row MuiGrid-grid-xs-12 MuiGrid-grid-md-6 css-204a8q-MuiGrid-root"[39m
          [36m>[39m
            [36m<div[39m
              [33mclass[39m=[32m"MuiPaper-root MuiPaper-elevation MuiPaper-rounded MuiPaper-elevation1 MuiCard-root css-uuwznv-MuiPaper-root-MuiCard-root"[39m
              [33mstyle[39m=[32m"--Paper-shadow: 0px 2px 1px -1px rgba(0,0,0,0.2),0px 1px 1px 0px rgba(0,0,0,0.14),0px 1px 3px 0px rgba(0,0,0,0.12);"[39m
            [36m>[39m
              [36m<div[39m
 ...
[90m [2m❯[22m waitForWrapper node_modules/@testing-library/dom/dist/wait-for.js:[2m163:27[22m[39m
[90m [2m❯[22m findByText node_modules/@testing-library/dom/dist/query-helpers.js:[2m86:33[22m[39m
[36m [2m❯[22m src/pages/__tests__/Company.test.tsx:[2m505:25[22m[39m
    [90m503| [39m    [34mrenderComp[39m()[33m;[39m
    [90m504| [39m    [90m// Company should still load[39m
    [90m505| [39m    expect(await screen.findByText(/Tech Corp/i, {}, { timeout: 3000 }…
    [90m   | [39m                        [31m^[39m
    [90m506| [39m  })[33m;[39m
    [90m507| [39m

[31m[2m⎯⎯⎯⎯⎯⎯⎯⎯⎯⎯⎯⎯⎯⎯⎯⎯⎯⎯⎯⎯⎯⎯[29/33]⎯[22m[39m

[41m[1m FAIL [22m[49m src/pages/__tests__/Company.test.tsx[2m > [22mCompany[2m > [22mallows representatives to view company
[31m[1mTestingLibraryElementError[22m[39m: Found multiple elements with the text: /Tech Corp/i

Here are the matching elements:

Ignored nodes: comments, script, style
[36m<h4[39m
  [33mclass[39m=[32m"MuiTypography-root MuiTypography-h4 css-g2oqeu-MuiTypography-root"[39m
[36m>[39m
  [0mTech Corp[0m
[36m</h4>[39m

Ignored nodes: comments, script, style
[36m<p[39m
  [33mclass[39m=[32m"MuiTypography-root MuiTypography-body1 css-rt9437-MuiTypography-root"[39m
[36m>[39m
  [0mTech Corp[0m
[36m</p>[39m

(If this is intentional, then use the `*AllBy*` variant of the query (like `queryAllByText`, `getAllByText`, or `findAllByText`)).

Ignored nodes: comments, script, style
[36m<body[39m
  [33mstyle[39m=[32m""[39m
[36m>[39m
  [36m<div>[39m
    [36m<div[39m
      [33mclass[39m=[32m"MuiBox-root css-95pn59"[39m
    [36m>[39m
      [36m<div[39m
        [33mclass[39m=[32m"MuiBox-root css-kpkptg"[39m
      [36m>[39m
        [36m<div[39m
          [33mclass[39m=[32m"MuiContainer-root MuiContainer-maxWidthLg css-5c1adp-MuiContainer-root"[39m
        [36m>[39m
          [36m<div[39m
            [33mclass[39m=[32m"MuiBox-root css-69i1ev"[39m
          [36m>[39m
            [36m<div[39m
              [33mclass[39m=[32m"MuiBox-root css-18mzyok"[39m
            [36m>[39m
              [36m<button[39m
                [33mclass[39m=[32m"MuiButtonBase-root MuiIconButton-root MuiIconButton-sizeMedium css-j7dfm5-MuiButtonBase-root-MuiIconButton-root"[39m
                [33mtabindex[39m=[32m"0"[39m
                [33mtype[39m=[32m"button"[39m
              [36m>[39m
                [36m<svg[39m
                  [33maria-hidden[39m=[32m"true"[39m
                  [33mclass[39m=[32m"MuiSvgIcon-root MuiSvgIcon-fontSizeMedium css-1umw9bq-MuiSvgIcon-root"[39m
                  [33mdata-testid[39m=[32m"ArrowBackIcon"[39m
                  [33mfocusable[39m=[32m"false"[39m
                  [33mviewBox[39m=[32m"0 0 24 24"[39m
                [36m>[39m
                  [36m<path[39m
                    [33md[39m=[32m"M20 11H7.83l5.59-5.59L12 4l-8 8 8 8 1.41-1.41L7.83 13H20z"[39m
                  [36m/>[39m
                [36m</svg>[39m
              [36m</button>[39m
              [36m<svg[39m
                [33maria-hidden[39m=[32m"true"[39m
                [33mclass[39m=[32m"MuiSvgIcon-root MuiSvgIcon-fontSizeMedium css-19qoenp-MuiSvgIcon-root"[39m
                [33mdata-testid[39m=[32m"BusinessIcon"[39m
                [33mfocusable[39m=[32m"false"[39m
                [33mviewBox[39m=[32m"0 0 24 24"[39m
              [36m>[39m
                [36m<path[39m
                  [33md[39m=[32m"M12 7V3H2v18h20V7zM6 19H4v-2h2zm0-4H4v-2h2zm0-4H4V9h2zm0-4H4V5h2zm4 12H8v-2h2zm0-4H8v-2h2zm0-4H8V9h2zm0-4H8V5h2zm10 12h-8v-2h2v-2h-2v-2h2v-2h-2V9h8zm-2-8h-2v2h2zm0 4h-2v2h2z"[39m
                [36m/>[39m
              [36m</svg>[39m
              [36m<h4[39m
                [33mclass[39m=[32m"MuiTypography-root MuiTypography-h4 css-g2oqeu-MuiTypography-root"[39m
              [36m>[39m
                [0mTech Corp[0m
              [36m</h4>[39m
            [36m</div>[39m
            [36m<div[39m
              [33mclass[39m=[32m"MuiBox-root css-j0ozid"[39m
            [36m>[39m
              [36m<button[39m
                [33mclass[39m=[32m"MuiButtonBase-root MuiIconButton-root MuiIconButton-sizeMedium css-53g0n7-MuiButtonBase-root-MuiIconButton-root"[39m
                [33mtabindex[39m=[32m"0"[39m
                [33mtype[39m=[32m"button"[39m
              [36m>[39m
                [36m<div[39m
                  [33mclass[39m=[32m"MuiAvatar-root MuiAvatar-circular MuiAvatar-colorDefault css-kdbbge-MuiAvatar-root"[39m
                [36m>[39m
                  [0mU[0m
                [36m</div>[39m
              [36m</button>[39m
            [36m</div>[39m
          [36m</div>[39m
        [36m</div>[39m
      [36m</div>[39m
      [36m<div[39m
        [33mclass[39m=[32m"MuiContainer-root MuiContainer-maxWidthLg css-xsov46-MuiContainer-root"[39m
      [36m>[39m
        [36m<div[39m
          [33mclass[39m=[32m"MuiGrid-root MuiGrid-container MuiGrid-direction-xs-row MuiGrid-spacing-xs-3 css-1u8xl8z-MuiGrid-root"[39m
        [36m>[39m
          [36m<div[39m
            [33mclass[39m=[32m"MuiGrid-root MuiGrid-direction-xs-row MuiGrid-grid-xs-12 MuiGrid-grid-md-6 css-204a8q-MuiGrid-root"[39m
          [36m>[39m
            [36m<div[39m
              [33mclass[39m=[32m"MuiPaper-root MuiPaper-elevation MuiPaper-rounded MuiPaper-elevation1 MuiCard-root css-uuwznv-MuiPaper-root-MuiCard-root"[39m
              [33mstyle[39m=[32m"--Paper-shadow: 0px 2px 1px -1px rgba(0,0,0,0.2),0px 1px 1px 0px rgba(0,0,0,0.14),0px 1px 3px 0px rgba(0,0,0,0.12);"[39m
            [36m>[39m
              [36m<div[39m
                [33mclass[39m=[32m"MuiCardContent-root css-j4isg9-MuiCardContent-root"[39m
              [36m>[39m
                [36m<h6[39m
                  [33mclass[39m=[32m"MuiTypography-root MuiTypography-h6 css-1azse-MuiTypography-root"[39m
                [36m>[39m
                  [36m<svg[39m
                    [33maria-hidden[39m=[32m"true"[39m
                    [33mclass[39m=[32m"MuiSvgIcon-root MuiSvgIcon-fontSizeMedium css-zbvgrk-MuiSvgIcon-root"[39m
                    [33mdata-testid[39m=[32m"BusinessIcon"[39m
                    [33mfocusable[39m=[32m"false"[39m
                    [33mviewBox[39m=[32m"0 0 24 24"[39m
                  [36m>[39m
                    [36m<path[39m
                      [33md[39m=[32m"M12 7V3H2v18h20V7zM6 19H4v-2h2zm0-4H4v-2h2zm0-4H4V9h2zm0-4H4V5h2zm4 12H8v-2h2zm0-4H8v-2h2zm0-4H8V9h2zm0-4H8V5h2zm10 12h-8v-2h2v-2h-2v-2h2v-2h-2V9h8zm-2-8h-2v2h2zm0 4h-2v2h2z"[39m
                    [36m/>[39m
                  [36m</svg>[39m
                  [0mCompany Information[0m
                [36m</h6>[39m
                [36m<div[39m
                  [33mclass[39m=[32m"MuiBox-root css-i3pbo"[39m
                [36m>[39m
                  [36m<p[39m
                    [33mclass[39m=[32m"MuiTypography-root MuiTypography-body2 css-kj4ytl-MuiTypography-root"[39m
                  [36m>[39m
                    [0mCompany Name[0m
                  [36m</p>[39m
                  [36m<p[39m
                    [33mclass[39m=[32m"MuiTypography-root MuiTypography-body1 css-rt9437-MuiTypography-root"[39m
                  [36m>[39m
                    [0mTech Corp[0m
                  [36m</p>[39m
                [36m</div>[39m
                [36m<hr[39m
                  [33mclass[39m=[32m"MuiDivider-root MuiDivider-fullWidth css-zzw4lh-MuiDivider-root"[39m
                [36m/>[39m
                [36m<div[39m
                  [33mclass[39m=[32m"MuiBox-root css-1amc7ct"[39m
                [36m>[39m
                  [36m<svg[39m
                    [33maria-hidden[39m=[32m"true"[39m
                    [33mclass[39m=[32m"MuiSvgIcon-root MuiSvgIcon-fontSizeMedium css-1csxkwy-MuiSvgIcon-root"[39m
                    [33mdata-testid[39m=[32m"PeopleIcon"[39m
                    [33mfocusable[39m=[32m"false"[39m
                    [33mviewBox[39m=[32m"0 0 24 24"[39m
                  [36m>[39m
                    [36m<path[39m
                      [33md[39m=[32m"M16 11c1.66 0 2.99-1.34 2.99-3S17.66 5 16 5s-3 1.34-3 3 1.34 3 3 3m-8 0c1.66 0 2.99-1.34 2.99-3S9.66 5 8 5 5 6.34 5 8s1.34 3 3 ...

Ignored nodes: comments, script, style
[36m<body[39m
  [33mstyle[39m=[32m""[39m
[36m>[39m
  [36m<div>[39m
    [36m<div[39m
      [33mclass[39m=[32m"MuiBox-root css-95pn59"[39m
    [36m>[39m
      [36m<div[39m
        [33mclass[39m=[32m"MuiBox-root css-kpkptg"[39m
      [36m>[39m
        [36m<div[39m
          [33mclass[39m=[32m"MuiContainer-root MuiContainer-maxWidthLg css-5c1adp-MuiContainer-root"[39m
        [36m>[39m
          [36m<div[39m
            [33mclass[39m=[32m"MuiBox-root css-69i1ev"[39m
          [36m>[39m
            [36m<div[39m
              [33mclass[39m=[32m"MuiBox-root css-18mzyok"[39m
            [36m>[39m
              [36m<button[39m
                [33mclass[39m=[32m"MuiButtonBase-root MuiIconButton-root MuiIconButton-sizeMedium css-j7dfm5-MuiButtonBase-root-MuiIconButton-root"[39m
                [33mtabindex[39m=[32m"0"[39m
                [33mtype[39m=[32m"button"[39m
              [36m>[39m
                [36m<svg[39m
                  [33maria-hidden[39m=[32m"true"[39m
                  [33mclass[39m=[32m"MuiSvgIcon-root MuiSvgIcon-fontSizeMedium css-1umw9bq-MuiSvgIcon-root"[39m
                  [33mdata-testid[39m=[32m"ArrowBackIcon"[39m
                  [33mfocusable[39m=[32m"false"[39m
                  [33mviewBox[39m=[32m"0 0 24 24"[39m
                [36m>[39m
                  [36m<path[39m
                    [33md[39m=[32m"M20 11H7.83l5.59-5.59L12 4l-8 8 8 8 1.41-1.41L7.83 13H20z"[39m
                  [36m/>[39m
                [36m</svg>[39m
              [36m</button>[39m
              [36m<svg[39m
                [33maria-hidden[39m=[32m"true"[39m
                [33mclass[39m=[32m"MuiSvgIcon-root MuiSvgIcon-fontSizeMedium css-19qoenp-MuiSvgIcon-root"[39m
                [33mdata-testid[39m=[32m"BusinessIcon"[39m
                [33mfocusable[39m=[32m"false"[39m
                [33mviewBox[39m=[32m"0 0 24 24"[39m
              [36m>[39m
                [36m<path[39m
                  [33md[39m=[32m"M12 7V3H2v18h20V7zM6 19H4v-2h2zm0-4H4v-2h2zm0-4H4V9h2zm0-4H4V5h2zm4 12H8v-2h2zm0-4H8v-2h2zm0-4H8V9h2zm0-4H8V5h2zm10 12h-8v-2h2v-2h-2v-2h2v-2h-2V9h8zm-2-8h-2v2h2zm0 4h-2v2h2z"[39m
                [36m/>[39m
              [36m</svg>[39m
              [36m<h4[39m
                [33mclass[39m=[32m"MuiTypography-root MuiTypography-h4 css-g2oqeu-MuiTypography-root"[39m
              [36m>[39m
                [0mTech Corp[0m
              [36m</h4>[39m
            [36m</div>[39m
            [36m<div[39m
              [33mclass[39m=[32m"MuiBox-root css-j0ozid"[39m
            [36m>[39m
              [36m<button[39m
                [33mclass[39m=[32m"MuiButtonBase-root MuiIconButton-root MuiIconButton-sizeMedium css-53g0n7-MuiButtonBase-root-MuiIconButton-root"[39m
                [33mtabindex[39m=[32m"0"[39m
                [33mtype[39m=[32m"button"[39m
              [36m>[39m
                [36m<div[39m
                  [33mclass[39m=[32m"MuiAvatar-root MuiAvatar-circular MuiAvatar-colorDefault css-kdbbge-MuiAvatar-root"[39m
                [36m>[39m
                  [0mU[0m
                [36m</div>[39m
              [36m</button>[39m
            [36m</div>[39m
          [36m</div>[39m
        [36m</div>[39m
      [36m</div>[39m
      [36m<div[39m
        [33mclass[39m=[32m"MuiContainer-root MuiContainer-maxWidthLg css-xsov46-MuiContainer-root"[39m
      [36m>[39m
        [36m<div[39m
          [33mclass[39m=[32m"MuiGrid-root MuiGrid-container MuiGrid-direction-xs-row MuiGrid-spacing-xs-3 css-1u8xl8z-MuiGrid-root"[39m
        [36m>[39m
          [36m<div[39m
            [33mclass[39m=[32m"MuiGrid-root MuiGrid-direction-xs-row MuiGrid-grid-xs-12 MuiGrid-grid-md-6 css-204a8q-MuiGrid-root"[39m
          [36m>[39m
            [36m<div[39m
              [33mclass[39m=[32m"MuiPaper-root MuiPaper-elevation MuiPaper-rounded MuiPaper-elevation1 MuiCard-root css-uuwznv-MuiPaper-root-MuiCard-root"[39m
              [33mstyle[39m=[32m"--Paper-shadow: 0px 2px 1px -1px rgba(0,0,0,0.2),0px 1px 1px 0px rgba(0,0,0,0.14),0px 1px 3px 0px rgba(0,0,0,0.12);"[39m
            [36m>[39m
              [36m<div[39m
                [33mclass[39m=[32m"MuiCardContent-root css-j4isg9-MuiCardContent-root"[39m
              [36m>[39m
                [36m<h6[39m
                  [33mclass[39m=[32m"MuiTypography-root MuiTypography-h6 css-1azse-MuiTypography-root"[39m
                [36m>[39m
                  [36m<svg[39m
                    [33maria-hidden[39m=[32m"true"[39m
                    [33mclass[39m=[32m"MuiSvgIcon-root MuiSvgIcon-fontSizeMedium css-zbvgrk-MuiSvgIcon-root"[39m
                    [33mdata-testid[39m=[32m"BusinessIcon"[39m
                    [33mfocusable[39m=[32m"false"[39m
                    [33mviewBox[39m=[32m"0 0 24 24"[39m
                  [36m>[39m
                    [36m<path[39m
                      [33md[39m=[32m"M12 7V3H2v18h20V7zM6 19H4v-2h2zm0-4H4v-2h2zm0-4H4V9h2zm0-4H4V5h2zm4 12H8v-2h2zm0-4H8v-2h2zm0-4H8V9h2zm0-4H8V5h2zm10 12h-8v-2h2v-2h-2v-2h2v-2h-2V9h8zm-2-8h-2v2h2zm0 4h-2v2h2z"[39m
                    [36m/>[39m
                  [36m</svg>[39m
                  [0mCompany Information[0m
                [36m</h6>[39m
                [36m<div[39m
                  [33mclass[39m=[32m"MuiBox-root css-i3pbo"[39m
                [36m>[39m
                  [36m<p[39m
                    [33mclass[39m=[32m"MuiTypography-root MuiTypography-body2 css-kj4ytl-MuiTypography-root"[39m
                  [36m>[39m
                    [0mCompany Name[0m
                  [36m</p>[39m
                  [36m<p[39m
                    [33mclass[39m=[32m"MuiTypography-root MuiTypography-body1 css-rt9437-MuiTypography-root"[39m
                  [36m>[39m
                    [0mTech Corp[0m
                  [36m</p>[39m
                [36m</div>[39m
                [36m<hr[39m
                  [33mclass[39m=[32m"MuiDivider-root MuiDivider-fullWidth css-zzw4lh-MuiDivider-root"[39m
                [36m/>[39m
                [36m<div[39m
                  [33mclass[39m=[32m"MuiBox-root css-1amc7ct"[39m
                [36m>[39m
                  [36m<svg[39m
                    [33maria-hidden[39m=[32m"true"[39m
                    [33mclass[39m=[32m"MuiSvgIcon-root MuiSvgIcon-fontSizeMedium css-1csxkwy-MuiSvgIcon-root"[39m
                    [33mdata-testid[39m=[32m"PeopleIcon"[39m
                    [33mfocusable[39m=[32m"false"[39m
                    [33mviewBox[39m=[32m"0 0 24 24"[39m
                  [36m>[39m
                    [36m<path[39m
                      [33md[39m=[32m"M16 11c1.66 0 2.99-1.34 2.99-3S17.66 5 16 5s-3 1.34-3 3 1.34 3 3 3m-8 0c1.66 0 2.99-1.34 2.99-3S9.66 5 8 5 5 6.34 5 8s1.34 3 3 ...
[90m [2m❯[22m waitForWrapper node_modules/@testing-library/dom/dist/wait-for.js:[2m163:27[22m[39m
[90m [2m❯[22m findByText node_modules/@testing-library/dom/dist/query-helpers.js:[2m86:33[22m[39m
[36m [2m❯[22m src/pages/__tests__/Company.test.tsx:[2m514:25[22m[39m
    [90m512| [39m    })[33m;[39m
    [90m513| [39m    [34mrenderComp[39m()[33m;[39m
    [90m514| [39m    expect(await screen.findByText(/Tech Corp/i, {}, { timeout: 3000 }…
    [90m   | [39m                        [31m^[39m
    [90m515| [39m  })[33m;[39m
    [90m516| [39m

[31m[2m⎯⎯⎯⎯⎯⎯⎯⎯⎯⎯⎯⎯⎯⎯⎯⎯⎯⎯⎯⎯⎯⎯[30/33]⎯[22m[39m

[41m[1m FAIL [22m[49m src/pages/__tests__/Company.test.tsx[2m > [22mCompany[2m > [22mallows empty application link in job
[31m[1mTestingLibraryElementError[22m[39m: Found multiple elements with the text: /Tech Corp/i

Here are the matching elements:

Ignored nodes: comments, script, style
[36m<h4[39m
  [33mclass[39m=[32m"MuiTypography-root MuiTypography-h4 css-g2oqeu-MuiTypography-root"[39m
[36m>[39m
  [0mTech Corp[0m
[36m</h4>[39m

Ignored nodes: comments, script, style
[36m<p[39m
  [33mclass[39m=[32m"MuiTypography-root MuiTypography-body1 css-rt9437-MuiTypography-root"[39m
[36m>[39m
  [0mTech Corp[0m
[36m</p>[39m

(If this is intentional, then use the `*AllBy*` variant of the query (like `queryAllByText`, `getAllByText`, or `findAllByText`)).

Ignored nodes: comments, script, style
[36m<body[39m
  [33mstyle[39m=[32m""[39m
[36m>[39m
  [36m<div>[39m
    [36m<div[39m
      [33mclass[39m=[32m"MuiBox-root css-95pn59"[39m
    [36m>[39m
      [36m<div[39m
        [33mclass[39m=[32m"MuiBox-root css-kpkptg"[39m
      [36m>[39m
        [36m<div[39m
          [33mclass[39m=[32m"MuiContainer-root MuiContainer-maxWidthLg css-5c1adp-MuiContainer-root"[39m
        [36m>[39m
          [36m<div[39m
            [33mclass[39m=[32m"MuiBox-root css-69i1ev"[39m
          [36m>[39m
            [36m<div[39m
              [33mclass[39m=[32m"MuiBox-root css-18mzyok"[39m
            [36m>[39m
              [36m<button[39m
                [33mclass[39m=[32m"MuiButtonBase-root MuiIconButton-root MuiIconButton-sizeMedium css-j7dfm5-MuiButtonBase-root-MuiIconButton-root"[39m
                [33mtabindex[39m=[32m"0"[39m
                [33mtype[39m=[32m"button"[39m
              [36m>[39m
                [36m<svg[39m
                  [33maria-hidden[39m=[32m"true"[39m
                  [33mclass[39m=[32m"MuiSvgIcon-root MuiSvgIcon-fontSizeMedium css-1umw9bq-MuiSvgIcon-root"[39m
                  [33mdata-testid[39m=[32m"ArrowBackIcon"[39m
                  [33mfocusable[39m=[32m"false"[39m
                  [33mviewBox[39m=[32m"0 0 24 24"[39m
                [36m>[39m
                  [36m<path[39m
                    [33md[39m=[32m"M20 11H7.83l5.59-5.59L12 4l-8 8 8 8 1.41-1.41L7.83 13H20z"[39m
                  [36m/>[39m
                [36m</svg>[39m
              [36m</button>[39m
              [36m<svg[39m
                [33maria-hidden[39m=[32m"true"[39m
                [33mclass[39m=[32m"MuiSvgIcon-root MuiSvgIcon-fontSizeMedium css-19qoenp-MuiSvgIcon-root"[39m
                [33mdata-testid[39m=[32m"BusinessIcon"[39m
                [33mfocusable[39m=[32m"false"[39m
                [33mviewBox[39m=[32m"0 0 24 24"[39m
              [36m>[39m
                [36m<path[39m
                  [33md[39m=[32m"M12 7V3H2v18h20V7zM6 19H4v-2h2zm0-4H4v-2h2zm0-4H4V9h2zm0-4H4V5h2zm4 12H8v-2h2zm0-4H8v-2h2zm0-4H8V9h2zm0-4H8V5h2zm10 12h-8v-2h2v-2h-2v-2h2v-2h-2V9h8zm-2-8h-2v2h2zm0 4h-2v2h2z"[39m
                [36m/>[39m
              [36m</svg>[39m
              [36m<h4[39m
                [33mclass[39m=[32m"MuiTypography-root MuiTypography-h4 css-g2oqeu-MuiTypography-root"[39m
              [36m>[39m
                [0mTech Corp[0m
              [36m</h4>[39m
            [36m</div>[39m
            [36m<div[39m
              [33mclass[39m=[32m"MuiBox-root css-j0ozid"[39m
            [36m>[39m
              [36m<button[39m
                [33mclass[39m=[32m"MuiButtonBase-root MuiIconButton-root MuiIconButton-sizeMedium css-53g0n7-MuiButtonBase-root-MuiIconButton-root"[39m
                [33mtabindex[39m=[32m"0"[39m
                [33mtype[39m=[32m"button"[39m
              [36m>[39m
                [36m<div[39m
                  [33mclass[39m=[32m"MuiAvatar-root MuiAvatar-circular MuiAvatar-colorDefault css-kdbbge-MuiAvatar-root"[39m
                [36m>[39m
                  [0mU[0m
                [36m</div>[39m
              [36m</button>[39m
            [36m</div>[39m
          [36m</div>[39m
        [36m</div>[39m
      [36m</div>[39m
      [36m<div[39m
        [33mclass[39m=[32m"MuiContainer-root MuiContainer-maxWidthLg css-xsov46-MuiContainer-root"[39m
      [36m>[39m
        [36m<div[39m
          [33mclass[39m=[32m"MuiGrid-root MuiGrid-container MuiGrid-direction-xs-row MuiGrid-spacing-xs-3 css-1u8xl8z-MuiGrid-root"[39m
        [36m>[39m
          [36m<div[39m
            [33mclass[39m=[32m"MuiGrid-root MuiGrid-direction-xs-row MuiGrid-grid-xs-12 MuiGrid-grid-md-6 css-204a8q-MuiGrid-root"[39m
          [36m>[39m
            [36m<div[39m
              [33mclass[39m=[32m"MuiPaper-root MuiPaper-elevation MuiPaper-rounded MuiPaper-elevation1 MuiCard-root css-uuwznv-MuiPaper-root-MuiCard-root"[39m
              [33mstyle[39m=[32m"--Paper-shadow: 0px 2px 1px -1px rgba(0,0,0,0.2),0px 1px 1px 0px rgba(0,0,0,0.14),0px 1px 3px 0px rgba(0,0,0,0.12);"[39m
            [36m>[39m
              [36m<div[39m
                [33mclass[39m=[32m"MuiCardContent-root css-j4isg9-MuiCardContent-root"[39m
              [36m>[39m
                [36m<h6[39m
                  [33mclass[39m=[32m"MuiTypography-root MuiTypography-h6 css-1azse-MuiTypography-root"[39m
                [36m>[39m
                  [36m<svg[39m
                    [33maria-hidden[39m=[32m"true"[39m
                    [33mclass[39m=[32m"MuiSvgIcon-root MuiSvgIcon-fontSizeMedium css-zbvgrk-MuiSvgIcon-root"[39m
                    [33mdata-testid[39m=[32m"BusinessIcon"[39m
                    [33mfocusable[39m=[32m"false"[39m
                    [33mviewBox[39m=[32m"0 0 24 24"[39m
                  [36m>[39m
                    [36m<path[39m
                      [33md[39m=[32m"M12 7V3H2v18h20V7zM6 19H4v-2h2zm0-4H4v-2h2zm0-4H4V9h2zm0-4H4V5h2zm4 12H8v-2h2zm0-4H8v-2h2zm0-4H8V9h2zm0-4H8V5h2zm10 12h-8v-2h2v-2h-2v-2h2v-2h-2V9h8zm-2-8h-2v2h2zm0 4h-2v2h2z"[39m
                    [36m/>[39m
                  [36m</svg>[39m
                  [0mCompany Information[0m
                [36m</h6>[39m
                [36m<div[39m
                  [33mclass[39m=[32m"MuiBox-root css-i3pbo"[39m
                [36m>[39m
                  [36m<p[39m
                    [33mclass[39m=[32m"MuiTypography-root MuiTypography-body2 css-kj4ytl-MuiTypography-root"[39m
                  [36m>[39m
                    [0mCompany Name[0m
                  [36m</p>[39m
                  [36m<p[39m
                    [33mclass[39m=[32m"MuiTypography-root MuiTypography-body1 css-rt9437-MuiTypography-root"[39m
                  [36m>[39m
                    [0mTech Corp[0m
                  [36m</p>[39m
                [36m</div>[39m
                [36m<div[39m
                  [33mclass[39m=[32m"MuiBox-root css-i3pbo"[39m
                [36m>[39m
                  [36m<div[39m
                    [33mclass[39m=[32m"MuiBox-root css-pcqfzb"[39m
                  [36m>[39m
                    [36m<p[39m
                      [33mclass[39m=[32m"MuiTypography-root MuiTypography-body2 css-1wle3ir-MuiTypography-root"[39m
                    [36m>[39m
                      [0mInvite Code[0m
                    [36m</p>[39m
                    [36m<div[39m
                      [33mclass[39m=[32m"MuiBox-root css-1utx3w7"[39m
                    [36m>[39m
                      [36m<button[39m
                        [33maria-label[39m=[32m"Regenerate invite code"[39m
                        [33mclass[39m=[32m"MuiButtonBase-root MuiIconButton-root MuiIconButton-sizeSmall css-ip1af5-MuiButtonBase-root-Mu...

Ignored nodes: comments, script, style
[36m<body[39m
  [33mstyle[39m=[32m""[39m
[36m>[39m
  [36m<div>[39m
    [36m<div[39m
      [33mclass[39m=[32m"MuiBox-root css-95pn59"[39m
    [36m>[39m
      [36m<div[39m
        [33mclass[39m=[32m"MuiBox-root css-kpkptg"[39m
      [36m>[39m
        [36m<div[39m
          [33mclass[39m=[32m"MuiContainer-root MuiContainer-maxWidthLg css-5c1adp-MuiContainer-root"[39m
        [36m>[39m
          [36m<div[39m
            [33mclass[39m=[32m"MuiBox-root css-69i1ev"[39m
          [36m>[39m
            [36m<div[39m
              [33mclass[39m=[32m"MuiBox-root css-18mzyok"[39m
            [36m>[39m
              [36m<button[39m
                [33mclass[39m=[32m"MuiButtonBase-root MuiIconButton-root MuiIconButton-sizeMedium css-j7dfm5-MuiButtonBase-root-MuiIconButton-root"[39m
                [33mtabindex[39m=[32m"0"[39m
                [33mtype[39m=[32m"button"[39m
              [36m>[39m
                [36m<svg[39m
                  [33maria-hidden[39m=[32m"true"[39m
                  [33mclass[39m=[32m"MuiSvgIcon-root MuiSvgIcon-fontSizeMedium css-1umw9bq-MuiSvgIcon-root"[39m
                  [33mdata-testid[39m=[32m"ArrowBackIcon"[39m
                  [33mfocusable[39m=[32m"false"[39m
                  [33mviewBox[39m=[32m"0 0 24 24"[39m
                [36m>[39m
                  [36m<path[39m
                    [33md[39m=[32m"M20 11H7.83l5.59-5.59L12 4l-8 8 8 8 1.41-1.41L7.83 13H20z"[39m
                  [36m/>[39m
                [36m</svg>[39m
              [36m</button>[39m
              [36m<svg[39m
                [33maria-hidden[39m=[32m"true"[39m
                [33mclass[39m=[32m"MuiSvgIcon-root MuiSvgIcon-fontSizeMedium css-19qoenp-MuiSvgIcon-root"[39m
                [33mdata-testid[39m=[32m"BusinessIcon"[39m
                [33mfocusable[39m=[32m"false"[39m
                [33mviewBox[39m=[32m"0 0 24 24"[39m
              [36m>[39m
                [36m<path[39m
                  [33md[39m=[32m"M12 7V3H2v18h20V7zM6 19H4v-2h2zm0-4H4v-2h2zm0-4H4V9h2zm0-4H4V5h2zm4 12H8v-2h2zm0-4H8v-2h2zm0-4H8V9h2zm0-4H8V5h2zm10 12h-8v-2h2v-2h-2v-2h2v-2h-2V9h8zm-2-8h-2v2h2zm0 4h-2v2h2z"[39m
                [36m/>[39m
              [36m</svg>[39m
              [36m<h4[39m
                [33mclass[39m=[32m"MuiTypography-root MuiTypography-h4 css-g2oqeu-MuiTypography-root"[39m
              [36m>[39m
                [0mTech Corp[0m
              [36m</h4>[39m
            [36m</div>[39m
            [36m<div[39m
              [33mclass[39m=[32m"MuiBox-root css-j0ozid"[39m
            [36m>[39m
              [36m<button[39m
                [33mclass[39m=[32m"MuiButtonBase-root MuiIconButton-root MuiIconButton-sizeMedium css-53g0n7-MuiButtonBase-root-MuiIconButton-root"[39m
                [33mtabindex[39m=[32m"0"[39m
                [33mtype[39m=[32m"button"[39m
              [36m>[39m
                [36m<div[39m
                  [33mclass[39m=[32m"MuiAvatar-root MuiAvatar-circular MuiAvatar-colorDefault css-kdbbge-MuiAvatar-root"[39m
                [36m>[39m
                  [0mU[0m
                [36m</div>[39m
              [36m</button>[39m
            [36m</div>[39m
          [36m</div>[39m
        [36m</div>[39m
      [36m</div>[39m
      [36m<div[39m
        [33mclass[39m=[32m"MuiContainer-root MuiContainer-maxWidthLg css-xsov46-MuiContainer-root"[39m
      [36m>[39m
        [36m<div[39m
          [33mclass[39m=[32m"MuiGrid-root MuiGrid-container MuiGrid-direction-xs-row MuiGrid-spacing-xs-3 css-1u8xl8z-MuiGrid-root"[39m
        [36m>[39m
          [36m<div[39m
            [33mclass[39m=[32m"MuiGrid-root MuiGrid-direction-xs-row MuiGrid-grid-xs-12 MuiGrid-grid-md-6 css-204a8q-MuiGrid-root"[39m
          [36m>[39m
            [36m<div[39m
              [33mclass[39m=[32m"MuiPaper-root MuiPaper-elevation MuiPaper-rounded MuiPaper-elevation1 MuiCard-root css-uuwznv-MuiPaper-root-MuiCard-root"[39m
              [33mstyle[39m=[32m"--Paper-shadow: 0px 2px 1px -1px rgba(0,0,0,0.2),0px 1px 1px 0px rgba(0,0,0,0.14),0px 1px 3px 0px rgba(0,0,0,0.12);"[39m
            [36m>[39m
              [36m<div[39m
                [33mclass[39m=[32m"MuiCardContent-root css-j4isg9-MuiCardContent-root"[39m
              [36m>[39m
                [36m<h6[39m
                  [33mclass[39m=[32m"MuiTypography-root MuiTypography-h6 css-1azse-MuiTypography-root"[39m
                [36m>[39m
                  [36m<svg[39m
                    [33maria-hidden[39m=[32m"true"[39m
                    [33mclass[39m=[32m"MuiSvgIcon-root MuiSvgIcon-fontSizeMedium css-zbvgrk-MuiSvgIcon-root"[39m
                    [33mdata-testid[39m=[32m"BusinessIcon"[39m
                    [33mfocusable[39m=[32m"false"[39m
                    [33mviewBox[39m=[32m"0 0 24 24"[39m
                  [36m>[39m
                    [36m<path[39m
                      [33md[39m=[32m"M12 7V3H2v18h20V7zM6 19H4v-2h2zm0-4H4v-2h2zm0-4H4V9h2zm0-4H4V5h2zm4 12H8v-2h2zm0-4H8v-2h2zm0-4H8V9h2zm0-4H8V5h2zm10 12h-8v-2h2v-2h-2v-2h2v-2h-2V9h8zm-2-8h-2v2h2zm0 4h-2v2h2z"[39m
                    [36m/>[39m
                  [36m</svg>[39m
                  [0mCompany Information[0m
                [36m</h6>[39m
                [36m<div[39m
                  [33mclass[39m=[32m"MuiBox-root css-i3pbo"[39m
                [36m>[39m
                  [36m<p[39m
                    [33mclass[39m=[32m"MuiTypography-root MuiTypography-body2 css-kj4ytl-MuiTypography-root"[39m
                  [36m>[39m
                    [0mCompany Name[0m
                  [36m</p>[39m
                  [36m<p[39m
                    [33mclass[39m=[32m"MuiTypography-root MuiTypography-body1 css-rt9437-MuiTypography-root"[39m
                  [36m>[39m
                    [0mTech Corp[0m
                  [36m</p>[39m
                [36m</div>[39m
                [36m<div[39m
                  [33mclass[39m=[32m"MuiBox-root css-i3pbo"[39m
                [36m>[39m
                  [36m<div[39m
                    [33mclass[39m=[32m"MuiBox-root css-pcqfzb"[39m
                  [36m>[39m
                    [36m<p[39m
                      [33mclass[39m=[32m"MuiTypography-root MuiTypography-body2 css-1wle3ir-MuiTypography-root"[39m
                    [36m>[39m
                      [0mInvite Code[0m
                    [36m</p>[39m
                    [36m<div[39m
                      [33mclass[39m=[32m"MuiBox-root css-1utx3w7"[39m
                    [36m>[39m
                      [36m<button[39m
                        [33maria-label[39m=[32m"Regenerate invite code"[39m
                        [33mclass[39m=[32m"MuiButtonBase-root MuiIconButton-root MuiIconButton-sizeSmall css-ip1af5-MuiButtonBase-root-Mu...
[90m [2m❯[22m waitForWrapper node_modules/@testing-library/dom/dist/wait-for.js:[2m163:27[22m[39m
[90m [2m❯[22m findByText node_modules/@testing-library/dom/dist/query-helpers.js:[2m86:33[22m[39m
[36m [2m❯[22m src/pages/__tests__/Company.test.tsx:[2m520:18[22m[39m
    [90m518| [39m    [35mconst[39m user [33m=[39m userEvent[33m.[39m[34msetup[39m()[33m;[39m
    [90m519| [39m    [34mrenderComp[39m()[33m;[39m
    [90m520| [39m    [35mawait[39m screen[33m.[39m[34mfindByText[39m([36m/Tech Corp/i[39m[33m,[39m {}[33m,[39m { timeout[33m:[39m [34m3000[39m })[33m;[39m
    [90m   | [39m                 [31m^[39m
    [90m521| [39m
    [90m522| [39m    const addButtons = screen.queryAllByRole("button").filter(b => b.t…

[31m[2m⎯⎯⎯⎯⎯⎯⎯⎯⎯⎯⎯⎯⎯⎯⎯⎯⎯⎯⎯⎯⎯⎯[31/33]⎯[22m[39m

[41m[1m FAIL [22m[49m src/pages/__tests__/Company.test.tsx[2m > [22mCompany[2m > [22msorts jobs by creation date
[31m[1mTestingLibraryElementError[22m[39m: Found multiple elements with the text: /Tech Corp/i

Here are the matching elements:

Ignored nodes: comments, script, style
[36m<h4[39m
  [33mclass[39m=[32m"MuiTypography-root MuiTypography-h4 css-g2oqeu-MuiTypography-root"[39m
[36m>[39m
  [0mTech Corp[0m
[36m</h4>[39m

Ignored nodes: comments, script, style
[36m<p[39m
  [33mclass[39m=[32m"MuiTypography-root MuiTypography-body1 css-rt9437-MuiTypography-root"[39m
[36m>[39m
  [0mTech Corp[0m
[36m</p>[39m

(If this is intentional, then use the `*AllBy*` variant of the query (like `queryAllByText`, `getAllByText`, or `findAllByText`)).

Ignored nodes: comments, script, style
[36m<body[39m
  [33mstyle[39m=[32m""[39m
[36m>[39m
  [36m<div>[39m
    [36m<div[39m
      [33mclass[39m=[32m"MuiBox-root css-95pn59"[39m
    [36m>[39m
      [36m<div[39m
        [33mclass[39m=[32m"MuiBox-root css-kpkptg"[39m
      [36m>[39m
        [36m<div[39m
          [33mclass[39m=[32m"MuiContainer-root MuiContainer-maxWidthLg css-5c1adp-MuiContainer-root"[39m
        [36m>[39m
          [36m<div[39m
            [33mclass[39m=[32m"MuiBox-root css-69i1ev"[39m
          [36m>[39m
            [36m<div[39m
              [33mclass[39m=[32m"MuiBox-root css-18mzyok"[39m
            [36m>[39m
              [36m<button[39m
                [33mclass[39m=[32m"MuiButtonBase-root MuiIconButton-root MuiIconButton-sizeMedium css-j7dfm5-MuiButtonBase-root-MuiIconButton-root"[39m
                [33mtabindex[39m=[32m"0"[39m
                [33mtype[39m=[32m"button"[39m
              [36m>[39m
                [36m<svg[39m
                  [33maria-hidden[39m=[32m"true"[39m
                  [33mclass[39m=[32m"MuiSvgIcon-root MuiSvgIcon-fontSizeMedium css-1umw9bq-MuiSvgIcon-root"[39m
                  [33mdata-testid[39m=[32m"ArrowBackIcon"[39m
                  [33mfocusable[39m=[32m"false"[39m
                  [33mviewBox[39m=[32m"0 0 24 24"[39m
                [36m>[39m
                  [36m<path[39m
                    [33md[39m=[32m"M20 11H7.83l5.59-5.59L12 4l-8 8 8 8 1.41-1.41L7.83 13H20z"[39m
                  [36m/>[39m
                [36m</svg>[39m
              [36m</button>[39m
              [36m<svg[39m
                [33maria-hidden[39m=[32m"true"[39m
                [33mclass[39m=[32m"MuiSvgIcon-root MuiSvgIcon-fontSizeMedium css-19qoenp-MuiSvgIcon-root"[39m
                [33mdata-testid[39m=[32m"BusinessIcon"[39m
                [33mfocusable[39m=[32m"false"[39m
                [33mviewBox[39m=[32m"0 0 24 24"[39m
              [36m>[39m
                [36m<path[39m
                  [33md[39m=[32m"M12 7V3H2v18h20V7zM6 19H4v-2h2zm0-4H4v-2h2zm0-4H4V9h2zm0-4H4V5h2zm4 12H8v-2h2zm0-4H8v-2h2zm0-4H8V9h2zm0-4H8V5h2zm10 12h-8v-2h2v-2h-2v-2h2v-2h-2V9h8zm-2-8h-2v2h2zm0 4h-2v2h2z"[39m
                [36m/>[39m
              [36m</svg>[39m
              [36m<h4[39m
                [33mclass[39m=[32m"MuiTypography-root MuiTypography-h4 css-g2oqeu-MuiTypography-root"[39m
              [36m>[39m
                [0mTech Corp[0m
              [36m</h4>[39m
            [36m</div>[39m
            [36m<div[39m
              [33mclass[39m=[32m"MuiBox-root css-j0ozid"[39m
            [36m>[39m
              [36m<button[39m
                [33mclass[39m=[32m"MuiButtonBase-root MuiIconButton-root MuiIconButton-sizeMedium css-53g0n7-MuiButtonBase-root-MuiIconButton-root"[39m
                [33mtabindex[39m=[32m"0"[39m
                [33mtype[39m=[32m"button"[39m
              [36m>[39m
                [36m<div[39m
                  [33mclass[39m=[32m"MuiAvatar-root MuiAvatar-circular MuiAvatar-colorDefault css-kdbbge-MuiAvatar-root"[39m
                [36m>[39m
                  [0mU[0m
                [36m</div>[39m
              [36m</button>[39m
            [36m</div>[39m
          [36m</div>[39m
        [36m</div>[39m
      [36m</div>[39m
      [36m<div[39m
        [33mclass[39m=[32m"MuiContainer-root MuiContainer-maxWidthLg css-xsov46-MuiContainer-root"[39m
      [36m>[39m
        [36m<div[39m
          [33mclass[39m=[32m"MuiGrid-root MuiGrid-container MuiGrid-direction-xs-row MuiGrid-spacing-xs-3 css-1u8xl8z-MuiGrid-root"[39m
        [36m>[39m
          [36m<div[39m
            [33mclass[39m=[32m"MuiGrid-root MuiGrid-direction-xs-row MuiGrid-grid-xs-12 MuiGrid-grid-md-6 css-204a8q-MuiGrid-root"[39m
          [36m>[39m
            [36m<div[39m
              [33mclass[39m=[32m"MuiPaper-root MuiPaper-elevation MuiPaper-rounded MuiPaper-elevation1 MuiCard-root css-uuwznv-MuiPaper-root-MuiCard-root"[39m
              [33mstyle[39m=[32m"--Paper-shadow: 0px 2px 1px -1px rgba(0,0,0,0.2),0px 1px 1px 0px rgba(0,0,0,0.14),0px 1px 3px 0px rgba(0,0,0,0.12);"[39m
            [36m>[39m
              [36m<div[39m
                [33mclass[39m=[32m"MuiCardContent-root css-j4isg9-MuiCardContent-root"[39m
              [36m>[39m
                [36m<h6[39m
                  [33mclass[39m=[32m"MuiTypography-root MuiTypography-h6 css-1azse-MuiTypography-root"[39m
                [36m>[39m
                  [36m<svg[39m
                    [33maria-hidden[39m=[32m"true"[39m
                    [33mclass[39m=[32m"MuiSvgIcon-root MuiSvgIcon-fontSizeMedium css-zbvgrk-MuiSvgIcon-root"[39m
                    [33mdata-testid[39m=[32m"BusinessIcon"[39m
                    [33mfocusable[39m=[32m"false"[39m
                    [33mviewBox[39m=[32m"0 0 24 24"[39m
                  [36m>[39m
                    [36m<path[39m
                      [33md[39m=[32m"M12 7V3H2v18h20V7zM6 19H4v-2h2zm0-4H4v-2h2zm0-4H4V9h2zm0-4H4V5h2zm4 12H8v-2h2zm0-4H8v-2h2zm0-4H8V9h2zm0-4H8V5h2zm10 12h-8v-2h2v-2h-2v-2h2v-2h-2V9h8zm-2-8h-2v2h2zm0 4h-2v2h2z"[39m
                    [36m/>[39m
                  [36m</svg>[39m
                  [0mCompany Information[0m
                [36m</h6>[39m
                [36m<div[39m
                  [33mclass[39m=[32m"MuiBox-root css-i3pbo"[39m
                [36m>[39m
                  [36m<p[39m
                    [33mclass[39m=[32m"MuiTypography-root MuiTypography-body2 css-kj4ytl-MuiTypography-root"[39m
                  [36m>[39m
                    [0mCompany Name[0m
                  [36m</p>[39m
                  [36m<p[39m
                    [33mclass[39m=[32m"MuiTypography-root MuiTypography-body1 css-rt9437-MuiTypography-root"[39m
                  [36m>[39m
                    [0mTech Corp[0m
                  [36m</p>[39m
                [36m</div>[39m
                [36m<div[39m
                  [33mclass[39m=[32m"MuiBox-root css-i3pbo"[39m
                [36m>[39m
                  [36m<div[39m
                    [33mclass[39m=[32m"MuiBox-root css-pcqfzb"[39m
                  [36m>[39m
                    [36m<p[39m
                      [33mclass[39m=[32m"MuiTypography-root MuiTypography-body2 css-1wle3ir-MuiTypography-root"[39m
                    [36m>[39m
                      [0mInvite Code[0m
                    [36m</p>[39m
                    [36m<div[39m
                      [33mclass[39m=[32m"MuiBox-root css-1utx3w7"[39m
                    [36m>[39m
                      [36m<button[39m
                        [33maria-label[39m=[32m"Regenerate invite code"[39m
                        [33mclass[39m=[32m"MuiButtonBase-root MuiIconButton-root MuiIconButton-sizeSmall css-ip1af5-MuiButtonBase-root-Mu...

Ignored nodes: comments, script, style
[36m<body[39m
  [33mstyle[39m=[32m""[39m
[36m>[39m
  [36m<div>[39m
    [36m<div[39m
      [33mclass[39m=[32m"MuiBox-root css-95pn59"[39m
    [36m>[39m
      [36m<div[39m
        [33mclass[39m=[32m"MuiBox-root css-kpkptg"[39m
      [36m>[39m
        [36m<div[39m
          [33mclass[39m=[32m"MuiContainer-root MuiContainer-maxWidthLg css-5c1adp-MuiContainer-root"[39m
        [36m>[39m
          [36m<div[39m
            [33mclass[39m=[32m"MuiBox-root css-69i1ev"[39m
          [36m>[39m
            [36m<div[39m
              [33mclass[39m=[32m"MuiBox-root css-18mzyok"[39m
            [36m>[39m
              [36m<button[39m
                [33mclass[39m=[32m"MuiButtonBase-root MuiIconButton-root MuiIconButton-sizeMedium css-j7dfm5-MuiButtonBase-root-MuiIconButton-root"[39m
                [33mtabindex[39m=[32m"0"[39m
                [33mtype[39m=[32m"button"[39m
              [36m>[39m
                [36m<svg[39m
                  [33maria-hidden[39m=[32m"true"[39m
                  [33mclass[39m=[32m"MuiSvgIcon-root MuiSvgIcon-fontSizeMedium css-1umw9bq-MuiSvgIcon-root"[39m
                  [33mdata-testid[39m=[32m"ArrowBackIcon"[39m
                  [33mfocusable[39m=[32m"false"[39m
                  [33mviewBox[39m=[32m"0 0 24 24"[39m
                [36m>[39m
                  [36m<path[39m
                    [33md[39m=[32m"M20 11H7.83l5.59-5.59L12 4l-8 8 8 8 1.41-1.41L7.83 13H20z"[39m
                  [36m/>[39m
                [36m</svg>[39m
              [36m</button>[39m
              [36m<svg[39m
                [33maria-hidden[39m=[32m"true"[39m
                [33mclass[39m=[32m"MuiSvgIcon-root MuiSvgIcon-fontSizeMedium css-19qoenp-MuiSvgIcon-root"[39m
                [33mdata-testid[39m=[32m"BusinessIcon"[39m
                [33mfocusable[39m=[32m"false"[39m
                [33mviewBox[39m=[32m"0 0 24 24"[39m
              [36m>[39m
                [36m<path[39m
                  [33md[39m=[32m"M12 7V3H2v18h20V7zM6 19H4v-2h2zm0-4H4v-2h2zm0-4H4V9h2zm0-4H4V5h2zm4 12H8v-2h2zm0-4H8v-2h2zm0-4H8V9h2zm0-4H8V5h2zm10 12h-8v-2h2v-2h-2v-2h2v-2h-2V9h8zm-2-8h-2v2h2zm0 4h-2v2h2z"[39m
                [36m/>[39m
              [36m</svg>[39m
              [36m<h4[39m
                [33mclass[39m=[32m"MuiTypography-root MuiTypography-h4 css-g2oqeu-MuiTypography-root"[39m
              [36m>[39m
                [0mTech Corp[0m
              [36m</h4>[39m
            [36m</div>[39m
            [36m<div[39m
              [33mclass[39m=[32m"MuiBox-root css-j0ozid"[39m
            [36m>[39m
              [36m<button[39m
                [33mclass[39m=[32m"MuiButtonBase-root MuiIconButton-root MuiIconButton-sizeMedium css-53g0n7-MuiButtonBase-root-MuiIconButton-root"[39m
                [33mtabindex[39m=[32m"0"[39m
                [33mtype[39m=[32m"button"[39m
              [36m>[39m
                [36m<div[39m
                  [33mclass[39m=[32m"MuiAvatar-root MuiAvatar-circular MuiAvatar-colorDefault css-kdbbge-MuiAvatar-root"[39m
                [36m>[39m
                  [0mU[0m
                [36m</div>[39m
              [36m</button>[39m
            [36m</div>[39m
          [36m</div>[39m
        [36m</div>[39m
      [36m</div>[39m
      [36m<div[39m
        [33mclass[39m=[32m"MuiContainer-root MuiContainer-maxWidthLg css-xsov46-MuiContainer-root"[39m
      [36m>[39m
        [36m<div[39m
          [33mclass[39m=[32m"MuiGrid-root MuiGrid-container MuiGrid-direction-xs-row MuiGrid-spacing-xs-3 css-1u8xl8z-MuiGrid-root"[39m
        [36m>[39m
          [36m<div[39m
            [33mclass[39m=[32m"MuiGrid-root MuiGrid-direction-xs-row MuiGrid-grid-xs-12 MuiGrid-grid-md-6 css-204a8q-MuiGrid-root"[39m
          [36m>[39m
            [36m<div[39m
              [33mclass[39m=[32m"MuiPaper-root MuiPaper-elevation MuiPaper-rounded MuiPaper-elevation1 MuiCard-root css-uuwznv-MuiPaper-root-MuiCard-root"[39m
              [33mstyle[39m=[32m"--Paper-shadow: 0px 2px 1px -1px rgba(0,0,0,0.2),0px 1px 1px 0px rgba(0,0,0,0.14),0px 1px 3px 0px rgba(0,0,0,0.12);"[39m
            [36m>[39m
              [36m<div[39m
                [33mclass[39m=[32m"MuiCardContent-root css-j4isg9-MuiCardContent-root"[39m
              [36m>[39m
                [36m<h6[39m
                  [33mclass[39m=[32m"MuiTypography-root MuiTypography-h6 css-1azse-MuiTypography-root"[39m
                [36m>[39m
                  [36m<svg[39m
                    [33maria-hidden[39m=[32m"true"[39m
                    [33mclass[39m=[32m"MuiSvgIcon-root MuiSvgIcon-fontSizeMedium css-zbvgrk-MuiSvgIcon-root"[39m
                    [33mdata-testid[39m=[32m"BusinessIcon"[39m
                    [33mfocusable[39m=[32m"false"[39m
                    [33mviewBox[39m=[32m"0 0 24 24"[39m
                  [36m>[39m
                    [36m<path[39m
                      [33md[39m=[32m"M12 7V3H2v18h20V7zM6 19H4v-2h2zm0-4H4v-2h2zm0-4H4V9h2zm0-4H4V5h2zm4 12H8v-2h2zm0-4H8v-2h2zm0-4H8V9h2zm0-4H8V5h2zm10 12h-8v-2h2v-2h-2v-2h2v-2h-2V9h8zm-2-8h-2v2h2zm0 4h-2v2h2z"[39m
                    [36m/>[39m
                  [36m</svg>[39m
                  [0mCompany Information[0m
                [36m</h6>[39m
                [36m<div[39m
                  [33mclass[39m=[32m"MuiBox-root css-i3pbo"[39m
                [36m>[39m
                  [36m<p[39m
                    [33mclass[39m=[32m"MuiTypography-root MuiTypography-body2 css-kj4ytl-MuiTypography-root"[39m
                  [36m>[39m
                    [0mCompany Name[0m
                  [36m</p>[39m
                  [36m<p[39m
                    [33mclass[39m=[32m"MuiTypography-root MuiTypography-body1 css-rt9437-MuiTypography-root"[39m
                  [36m>[39m
                    [0mTech Corp[0m
                  [36m</p>[39m
                [36m</div>[39m
                [36m<div[39m
                  [33mclass[39m=[32m"MuiBox-root css-i3pbo"[39m
                [36m>[39m
                  [36m<div[39m
                    [33mclass[39m=[32m"MuiBox-root css-pcqfzb"[39m
                  [36m>[39m
                    [36m<p[39m
                      [33mclass[39m=[32m"MuiTypography-root MuiTypography-body2 css-1wle3ir-MuiTypography-root"[39m
                    [36m>[39m
                      [0mInvite Code[0m
                    [36m</p>[39m
                    [36m<div[39m
                      [33mclass[39m=[32m"MuiBox-root css-1utx3w7"[39m
                    [36m>[39m
                      [36m<button[39m
                        [33maria-label[39m=[32m"Regenerate invite code"[39m
                        [33mclass[39m=[32m"MuiButtonBase-root MuiIconButton-root MuiIconButton-sizeSmall css-ip1af5-MuiButtonBase-root-Mu...
[90m [2m❯[22m waitForWrapper node_modules/@testing-library/dom/dist/wait-for.js:[2m163:27[22m[39m
[90m [2m❯[22m findByText node_modules/@testing-library/dom/dist/query-helpers.js:[2m86:33[22m[39m
[36m [2m❯[22m src/pages/__tests__/Company.test.tsx:[2m549:18[22m[39m
    [90m547| [39m    
    [90m548| [39m    [34mrenderComp[39m()[33m;[39m
    [90m549| [39m    [35mawait[39m screen[33m.[39m[34mfindByText[39m([36m/Tech Corp/i[39m[33m,[39m {}[33m,[39m { timeout[33m:[39m [34m3000[39m })[33m;[39m
    [90m   | [39m                 [31m^[39m
    [90m550| [39m    [90m// Jobs should be displayed (sorted order tested in component)[39m
    [90m551| [39m  })[33m;[39m

[31m[2m⎯⎯⎯⎯⎯⎯⎯⎯⎯⎯⎯⎯⎯⎯⎯⎯⎯⎯⎯⎯⎯⎯[32/33]⎯[22m[39m

[41m[1m FAIL [22m[49m src/pages/__tests__/Company.test.tsx[2m > [22mCompany[2m > [22mdisplays success message on job creation
[31m[1mTestingLibraryElementError[22m[39m: Found multiple elements with the text: /Tech Corp/i

Here are the matching elements:

Ignored nodes: comments, script, style
[36m<h4[39m
  [33mclass[39m=[32m"MuiTypography-root MuiTypography-h4 css-g2oqeu-MuiTypography-root"[39m
[36m>[39m
  [0mTech Corp[0m
[36m</h4>[39m

Ignored nodes: comments, script, style
[36m<p[39m
  [33mclass[39m=[32m"MuiTypography-root MuiTypography-body1 css-rt9437-MuiTypography-root"[39m
[36m>[39m
  [0mTech Corp[0m
[36m</p>[39m

(If this is intentional, then use the `*AllBy*` variant of the query (like `queryAllByText`, `getAllByText`, or `findAllByText`)).

Ignored nodes: comments, script, style
[36m<body[39m
  [33mstyle[39m=[32m""[39m
[36m>[39m
  [36m<div>[39m
    [36m<div[39m
      [33mclass[39m=[32m"MuiBox-root css-95pn59"[39m
    [36m>[39m
      [36m<div[39m
        [33mclass[39m=[32m"MuiBox-root css-kpkptg"[39m
      [36m>[39m
        [36m<div[39m
          [33mclass[39m=[32m"MuiContainer-root MuiContainer-maxWidthLg css-5c1adp-MuiContainer-root"[39m
        [36m>[39m
          [36m<div[39m
            [33mclass[39m=[32m"MuiBox-root css-69i1ev"[39m
          [36m>[39m
            [36m<div[39m
              [33mclass[39m=[32m"MuiBox-root css-18mzyok"[39m
            [36m>[39m
              [36m<button[39m
                [33mclass[39m=[32m"MuiButtonBase-root MuiIconButton-root MuiIconButton-sizeMedium css-j7dfm5-MuiButtonBase-root-MuiIconButton-root"[39m
                [33mtabindex[39m=[32m"0"[39m
                [33mtype[39m=[32m"button"[39m
              [36m>[39m
                [36m<svg[39m
                  [33maria-hidden[39m=[32m"true"[39m
                  [33mclass[39m=[32m"MuiSvgIcon-root MuiSvgIcon-fontSizeMedium css-1umw9bq-MuiSvgIcon-root"[39m
                  [33mdata-testid[39m=[32m"ArrowBackIcon"[39m
                  [33mfocusable[39m=[32m"false"[39m
                  [33mviewBox[39m=[32m"0 0 24 24"[39m
                [36m>[39m
                  [36m<path[39m
                    [33md[39m=[32m"M20 11H7.83l5.59-5.59L12 4l-8 8 8 8 1.41-1.41L7.83 13H20z"[39m
                  [36m/>[39m
                [36m</svg>[39m
              [36m</button>[39m
              [36m<svg[39m
                [33maria-hidden[39m=[32m"true"[39m
                [33mclass[39m=[32m"MuiSvgIcon-root MuiSvgIcon-fontSizeMedium css-19qoenp-MuiSvgIcon-root"[39m
                [33mdata-testid[39m=[32m"BusinessIcon"[39m
                [33mfocusable[39m=[32m"false"[39m
                [33mviewBox[39m=[32m"0 0 24 24"[39m
              [36m>[39m
                [36m<path[39m
                  [33md[39m=[32m"M12 7V3H2v18h20V7zM6 19H4v-2h2zm0-4H4v-2h2zm0-4H4V9h2zm0-4H4V5h2zm4 12H8v-2h2zm0-4H8v-2h2zm0-4H8V9h2zm0-4H8V5h2zm10 12h-8v-2h2v-2h-2v-2h2v-2h-2V9h8zm-2-8h-2v2h2zm0 4h-2v2h2z"[39m
                [36m/>[39m
              [36m</svg>[39m
              [36m<h4[39m
                [33mclass[39m=[32m"MuiTypography-root MuiTypography-h4 css-g2oqeu-MuiTypography-root"[39m
              [36m>[39m
                [0mTech Corp[0m
              [36m</h4>[39m
            [36m</div>[39m
            [36m<div[39m
              [33mclass[39m=[32m"MuiBox-root css-j0ozid"[39m
            [36m>[39m
              [36m<button[39m
                [33mclass[39m=[32m"MuiButtonBase-root MuiIconButton-root MuiIconButton-sizeMedium css-53g0n7-MuiButtonBase-root-MuiIconButton-root"[39m
                [33mtabindex[39m=[32m"0"[39m
                [33mtype[39m=[32m"button"[39m
              [36m>[39m
                [36m<div[39m
                  [33mclass[39m=[32m"MuiAvatar-root MuiAvatar-circular MuiAvatar-colorDefault css-kdbbge-MuiAvatar-root"[39m
                [36m>[39m
                  [0mU[0m
                [36m</div>[39m
              [36m</button>[39m
            [36m</div>[39m
          [36m</div>[39m
        [36m</div>[39m
      [36m</div>[39m
      [36m<div[39m
        [33mclass[39m=[32m"MuiContainer-root MuiContainer-maxWidthLg css-xsov46-MuiContainer-root"[39m
      [36m>[39m
        [36m<div[39m
          [33mclass[39m=[32m"MuiGrid-root MuiGrid-container MuiGrid-direction-xs-row MuiGrid-spacing-xs-3 css-1u8xl8z-MuiGrid-root"[39m
        [36m>[39m
          [36m<div[39m
            [33mclass[39m=[32m"MuiGrid-root MuiGrid-direction-xs-row MuiGrid-grid-xs-12 MuiGrid-grid-md-6 css-204a8q-MuiGrid-root"[39m
          [36m>[39m
            [36m<div[39m
              [33mclass[39m=[32m"MuiPaper-root MuiPaper-elevation MuiPaper-rounded MuiPaper-elevation1 MuiCard-root css-uuwznv-MuiPaper-root-MuiCard-root"[39m
              [33mstyle[39m=[32m"--Paper-shadow: 0px 2px 1px -1px rgba(0,0,0,0.2),0px 1px 1px 0px rgba(0,0,0,0.14),0px 1px 3px 0px rgba(0,0,0,0.12);"[39m
            [36m>[39m
              [36m<div[39m
                [33mclass[39m=[32m"MuiCardContent-root css-j4isg9-MuiCardContent-root"[39m
              [36m>[39m
                [36m<h6[39m
                  [33mclass[39m=[32m"MuiTypography-root MuiTypography-h6 css-1azse-MuiTypography-root"[39m
                [36m>[39m
                  [36m<svg[39m
                    [33maria-hidden[39m=[32m"true"[39m
                    [33mclass[39m=[32m"MuiSvgIcon-root MuiSvgIcon-fontSizeMedium css-zbvgrk-MuiSvgIcon-root"[39m
                    [33mdata-testid[39m=[32m"BusinessIcon"[39m
                    [33mfocusable[39m=[32m"false"[39m
                    [33mviewBox[39m=[32m"0 0 24 24"[39m
                  [36m>[39m
                    [36m<path[39m
                      [33md[39m=[32m"M12 7V3H2v18h20V7zM6 19H4v-2h2zm0-4H4v-2h2zm0-4H4V9h2zm0-4H4V5h2zm4 12H8v-2h2zm0-4H8v-2h2zm0-4H8V9h2zm0-4H8V5h2zm10 12h-8v-2h2v-2h-2v-2h2v-2h-2V9h8zm-2-8h-2v2h2zm0 4h-2v2h2z"[39m
                    [36m/>[39m
                  [36m</svg>[39m
                  [0mCompany Information[0m
                [36m</h6>[39m
                [36m<div[39m
                  [33mclass[39m=[32m"MuiBox-root css-i3pbo"[39m
                [36m>[39m
                  [36m<p[39m
                    [33mclass[39m=[32m"MuiTypography-root MuiTypography-body2 css-kj4ytl-MuiTypography-root"[39m
                  [36m>[39m
                    [0mCompany Name[0m
                  [36m</p>[39m
                  [36m<p[39m
                    [33mclass[39m=[32m"MuiTypography-root MuiTypography-body1 css-rt9437-MuiTypography-root"[39m
                  [36m>[39m
                    [0mTech Corp[0m
                  [36m</p>[39m
                [36m</div>[39m
                [36m<div[39m
                  [33mclass[39m=[32m"MuiBox-root css-i3pbo"[39m
                [36m>[39m
                  [36m<div[39m
                    [33mclass[39m=[32m"MuiBox-root css-pcqfzb"[39m
                  [36m>[39m
                    [36m<p[39m
                      [33mclass[39m=[32m"MuiTypography-root MuiTypography-body2 css-1wle3ir-MuiTypography-root"[39m
                    [36m>[39m
                      [0mInvite Code[0m
                    [36m</p>[39m
                    [36m<div[39m
                      [33mclass[39m=[32m"MuiBox-root css-1utx3w7"[39m
                    [36m>[39m
                      [36m<button[39m
                        [33maria-label[39m=[32m"Regenerate invite code"[39m
                        [33mclass[39m=[32m"MuiButtonBase-root MuiIconButton-root MuiIconButton-sizeSmall css-ip1af5-MuiButtonBase-root-Mu...

Ignored nodes: comments, script, style
[36m<body[39m
  [33mstyle[39m=[32m""[39m
[36m>[39m
  [36m<div>[39m
    [36m<div[39m
      [33mclass[39m=[32m"MuiBox-root css-95pn59"[39m
    [36m>[39m
      [36m<div[39m
        [33mclass[39m=[32m"MuiBox-root css-kpkptg"[39m
      [36m>[39m
        [36m<div[39m
          [33mclass[39m=[32m"MuiContainer-root MuiContainer-maxWidthLg css-5c1adp-MuiContainer-root"[39m
        [36m>[39m
          [36m<div[39m
            [33mclass[39m=[32m"MuiBox-root css-69i1ev"[39m
          [36m>[39m
            [36m<div[39m
              [33mclass[39m=[32m"MuiBox-root css-18mzyok"[39m
            [36m>[39m
              [36m<button[39m
                [33mclass[39m=[32m"MuiButtonBase-root MuiIconButton-root MuiIconButton-sizeMedium css-j7dfm5-MuiButtonBase-root-MuiIconButton-root"[39m
                [33mtabindex[39m=[32m"0"[39m
                [33mtype[39m=[32m"button"[39m
              [36m>[39m
                [36m<svg[39m
                  [33maria-hidden[39m=[32m"true"[39m
                  [33mclass[39m=[32m"MuiSvgIcon-root MuiSvgIcon-fontSizeMedium css-1umw9bq-MuiSvgIcon-root"[39m
                  [33mdata-testid[39m=[32m"ArrowBackIcon"[39m
                  [33mfocusable[39m=[32m"false"[39m
                  [33mviewBox[39m=[32m"0 0 24 24"[39m
                [36m>[39m
                  [36m<path[39m
                    [33md[39m=[32m"M20 11H7.83l5.59-5.59L12 4l-8 8 8 8 1.41-1.41L7.83 13H20z"[39m
                  [36m/>[39m
                [36m</svg>[39m
              [36m</button>[39m
              [36m<svg[39m
                [33maria-hidden[39m=[32m"true"[39m
                [33mclass[39m=[32m"MuiSvgIcon-root MuiSvgIcon-fontSizeMedium css-19qoenp-MuiSvgIcon-root"[39m
                [33mdata-testid[39m=[32m"BusinessIcon"[39m
                [33mfocusable[39m=[32m"false"[39m
                [33mviewBox[39m=[32m"0 0 24 24"[39m
              [36m>[39m
                [36m<path[39m
                  [33md[39m=[32m"M12 7V3H2v18h20V7zM6 19H4v-2h2zm0-4H4v-2h2zm0-4H4V9h2zm0-4H4V5h2zm4 12H8v-2h2zm0-4H8v-2h2zm0-4H8V9h2zm0-4H8V5h2zm10 12h-8v-2h2v-2h-2v-2h2v-2h-2V9h8zm-2-8h-2v2h2zm0 4h-2v2h2z"[39m
                [36m/>[39m
              [36m</svg>[39m
              [36m<h4[39m
                [33mclass[39m=[32m"MuiTypography-root MuiTypography-h4 css-g2oqeu-MuiTypography-root"[39m
              [36m>[39m
                [0mTech Corp[0m
              [36m</h4>[39m
            [36m</div>[39m
            [36m<div[39m
              [33mclass[39m=[32m"MuiBox-root css-j0ozid"[39m
            [36m>[39m
              [36m<button[39m
                [33mclass[39m=[32m"MuiButtonBase-root MuiIconButton-root MuiIconButton-sizeMedium css-53g0n7-MuiButtonBase-root-MuiIconButton-root"[39m
                [33mtabindex[39m=[32m"0"[39m
                [33mtype[39m=[32m"button"[39m
              [36m>[39m
                [36m<div[39m
                  [33mclass[39m=[32m"MuiAvatar-root MuiAvatar-circular MuiAvatar-colorDefault css-kdbbge-MuiAvatar-root"[39m
                [36m>[39m
                  [0mU[0m
                [36m</div>[39m
              [36m</button>[39m
            [36m</div>[39m
          [36m</div>[39m
        [36m</div>[39m
      [36m</div>[39m
      [36m<div[39m
        [33mclass[39m=[32m"MuiContainer-root MuiContainer-maxWidthLg css-xsov46-MuiContainer-root"[39m
      [36m>[39m
        [36m<div[39m
          [33mclass[39m=[32m"MuiGrid-root MuiGrid-container MuiGrid-direction-xs-row MuiGrid-spacing-xs-3 css-1u8xl8z-MuiGrid-root"[39m
        [36m>[39m
          [36m<div[39m
            [33mclass[39m=[32m"MuiGrid-root MuiGrid-direction-xs-row MuiGrid-grid-xs-12 MuiGrid-grid-md-6 css-204a8q-MuiGrid-root"[39m
          [36m>[39m
            [36m<div[39m
              [33mclass[39m=[32m"MuiPaper-root MuiPaper-elevation MuiPaper-rounded MuiPaper-elevation1 MuiCard-root css-uuwznv-MuiPaper-root-MuiCard-root"[39m
              [33mstyle[39m=[32m"--Paper-shadow: 0px 2px 1px -1px rgba(0,0,0,0.2),0px 1px 1px 0px rgba(0,0,0,0.14),0px 1px 3px 0px rgba(0,0,0,0.12);"[39m
            [36m>[39m
              [36m<div[39m
                [33mclass[39m=[32m"MuiCardContent-root css-j4isg9-MuiCardContent-root"[39m
              [36m>[39m
                [36m<h6[39m
                  [33mclass[39m=[32m"MuiTypography-root MuiTypography-h6 css-1azse-MuiTypography-root"[39m
                [36m>[39m
                  [36m<svg[39m
                    [33maria-hidden[39m=[32m"true"[39m
                    [33mclass[39m=[32m"MuiSvgIcon-root MuiSvgIcon-fontSizeMedium css-zbvgrk-MuiSvgIcon-root"[39m
                    [33mdata-testid[39m=[32m"BusinessIcon"[39m
                    [33mfocusable[39m=[32m"false"[39m
                    [33mviewBox[39m=[32m"0 0 24 24"[39m
                  [36m>[39m
                    [36m<path[39m
                      [33md[39m=[32m"M12 7V3H2v18h20V7zM6 19H4v-2h2zm0-4H4v-2h2zm0-4H4V9h2zm0-4H4V5h2zm4 12H8v-2h2zm0-4H8v-2h2zm0-4H8V9h2zm0-4H8V5h2zm10 12h-8v-2h2v-2h-2v-2h2v-2h-2V9h8zm-2-8h-2v2h2zm0 4h-2v2h2z"[39m
                    [36m/>[39m
                  [36m</svg>[39m
                  [0mCompany Information[0m
                [36m</h6>[39m
                [36m<div[39m
                  [33mclass[39m=[32m"MuiBox-root css-i3pbo"[39m
                [36m>[39m
                  [36m<p[39m
                    [33mclass[39m=[32m"MuiTypography-root MuiTypography-body2 css-kj4ytl-MuiTypography-root"[39m
                  [36m>[39m
                    [0mCompany Name[0m
                  [36m</p>[39m
                  [36m<p[39m
                    [33mclass[39m=[32m"MuiTypography-root MuiTypography-body1 css-rt9437-MuiTypography-root"[39m
                  [36m>[39m
                    [0mTech Corp[0m
                  [36m</p>[39m
                [36m</div>[39m
                [36m<div[39m
                  [33mclass[39m=[32m"MuiBox-root css-i3pbo"[39m
                [36m>[39m
                  [36m<div[39m
                    [33mclass[39m=[32m"MuiBox-root css-pcqfzb"[39m
                  [36m>[39m
                    [36m<p[39m
                      [33mclass[39m=[32m"MuiTypography-root MuiTypography-body2 css-1wle3ir-MuiTypography-root"[39m
                    [36m>[39m
                      [0mInvite Code[0m
                    [36m</p>[39m
                    [36m<div[39m
                      [33mclass[39m=[32m"MuiBox-root css-1utx3w7"[39m
                    [36m>[39m
                      [36m<button[39m
                        [33maria-label[39m=[32m"Regenerate invite code"[39m
                        [33mclass[39m=[32m"MuiButtonBase-root MuiIconButton-root MuiIconButton-sizeSmall css-ip1af5-MuiButtonBase-root-Mu...
[90m [2m❯[22m waitForWrapper node_modules/@testing-library/dom/dist/wait-for.js:[2m163:27[22m[39m
[90m [2m❯[22m findByText node_modules/@testing-library/dom/dist/query-helpers.js:[2m86:33[22m[39m
[36m [2m❯[22m src/pages/__tests__/Company.test.tsx:[2m587:18[22m[39m
    [90m585| [39m    [35mconst[39m user [33m=[39m userEvent[33m.[39m[34msetup[39m()[33m;[39m
    [90m586| [39m    [34mrenderComp[39m()[33m;[39m
    [90m587| [39m    [35mawait[39m screen[33m.[39m[34mfindByText[39m([36m/Tech Corp/i[39m[33m,[39m {}[33m,[39m { timeout[33m:[39m [34m3000[39m })[33m;[39m
    [90m   | [39m                 [31m^[39m
    [90m588| [39m
    [90m589| [39m    const addButtons = screen.queryAllByRole("button").filter(b => b.t…

[31m[2m⎯⎯⎯⎯⎯⎯⎯⎯⎯⎯⎯⎯⎯⎯⎯⎯⎯⎯⎯⎯⎯⎯[33/33]⎯[22m[39m


[2m Test Files [22m [1m[31m3 failed[39m[22m[2m | [22m[1m[32m23 passed[39m[22m[90m (26)[39m
[2m      Tests [22m [1m[31m33 failed[39m[22m[2m | [22m[1m[32m443 passed[39m[22m[90m (476)[39m
[2m   Start at [22m 21:16:34
[2m   Duration [22m 59.64s[2m (transform 20.32s, setup 2.97s, import 51.67s, tests 156.54s, environment 18.87s)[22m

